21:49:50 **** Incremental Build of configuration Debug for project mmRISC_SampleFPU ****
make all 
Building file: ../src/float.c
Invoking: GNU RISC-V Cross C Compiler
riscv64-unknown-elf-gcc -march=rv32imafc -mabi=ilp32f -msmall-data-limit=8 -mno-save-restore -O0 -fmessage-length=0 -fsigned-char -ffunction-sections -fdata-sections  -g3 -ggdb -DFLOAT_HARD -O0 -fno-common -fno-builtin-printf -nostartfiles -nostdlib -MMD -MP -MF"src/float.d" -MT"src/float.o" -c -o "src/float.o" "../src/float.c"
../src/float.c:22: warning: "STRING" redefined
   22 | #define STRING(frn) #frn
      | 
In file included from ../src/float.c:16:
../src/csr.h:16: note: this is the location of the previous definition
   16 | #define STRING(str) #str
      | 
Finished building: ../src/float.c
 
Building file: ../src/gpio.c
Invoking: GNU RISC-V Cross C Compiler
riscv64-unknown-elf-gcc -march=rv32imafc -mabi=ilp32f -msmall-data-limit=8 -mno-save-restore -O0 -fmessage-length=0 -fsigned-char -ffunction-sections -fdata-sections  -g3 -ggdb -DFLOAT_HARD -O0 -fno-common -fno-builtin-printf -nostartfiles -nostdlib -MMD -MP -MF"src/gpio.d" -MT"src/gpio.o" -c -o "src/gpio.o" "../src/gpio.c"
Finished building: ../src/gpio.c
 
Building file: ../src/interrupt.c
Invoking: GNU RISC-V Cross C Compiler
riscv64-unknown-elf-gcc -march=rv32imafc -mabi=ilp32f -msmall-data-limit=8 -mno-save-restore -O0 -fmessage-length=0 -fsigned-char -ffunction-sections -fdata-sections  -g3 -ggdb -DFLOAT_HARD -O0 -fno-common -fno-builtin-printf -nostartfiles -nostdlib -MMD -MP -MF"src/interrupt.d" -MT"src/interrupt.o" -c -o "src/interrupt.o" "../src/interrupt.c"
Finished building: ../src/interrupt.c
 
Building file: ../src/libc-hooks.c
Invoking: GNU RISC-V Cross C Compiler
riscv64-unknown-elf-gcc -march=rv32imafc -mabi=ilp32f -msmall-data-limit=8 -mno-save-restore -O0 -fmessage-length=0 -fsigned-char -ffunction-sections -fdata-sections  -g3 -ggdb -DFLOAT_HARD -O0 -fno-common -fno-builtin-printf -nostartfiles -nostdlib -MMD -MP -MF"src/libc-hooks.d" -MT"src/libc-hooks.o" -c -o "src/libc-hooks.o" "../src/libc-hooks.c"
Finished building: ../src/libc-hooks.c
 
Building file: ../src/main.c
Invoking: GNU RISC-V Cross C Compiler
riscv64-unknown-elf-gcc -march=rv32imafc -mabi=ilp32f -msmall-data-limit=8 -mno-save-restore -O0 -fmessage-length=0 -fsigned-char -ffunction-sections -fdata-sections  -g3 -ggdb -DFLOAT_HARD -O0 -fno-common -fno-builtin-printf -nostartfiles -nostdlib -MMD -MP -MF"src/main.d" -MT"src/main.o" -c -o "src/main.o" "../src/main.c"
Finished building: ../src/main.c
 
Building file: ../src/startup.S
Invoking: GNU RISC-V Cross Assembler
riscv64-unknown-elf-gcc -march=rv32imafc -mabi=ilp32f -msmall-data-limit=8 -mno-save-restore -O0 -fmessage-length=0 -fsigned-char -ffunction-sections -fdata-sections  -g3 -ggdb -x assembler-with-cpp -MMD -MP -MF"src/startup.d" -MT"src/startup.o" -c -o "src/startup.o" "../src/startup.S"
Finished building: ../src/startup.S
 
Building file: ../src/system.c
Invoking: GNU RISC-V Cross C Compiler
riscv64-unknown-elf-gcc -march=rv32imafc -mabi=ilp32f -msmall-data-limit=8 -mno-save-restore -O0 -fmessage-length=0 -fsigned-char -ffunction-sections -fdata-sections  -g3 -ggdb -DFLOAT_HARD -O0 -fno-common -fno-builtin-printf -nostartfiles -nostdlib -MMD -MP -MF"src/system.d" -MT"src/system.o" -c -o "src/system.o" "../src/system.c"
Finished building: ../src/system.c
 
Building file: ../src/uart.c
Invoking: GNU RISC-V Cross C Compiler
riscv64-unknown-elf-gcc -march=rv32imafc -mabi=ilp32f -msmall-data-limit=8 -mno-save-restore -O0 -fmessage-length=0 -fsigned-char -ffunction-sections -fdata-sections  -g3 -ggdb -DFLOAT_HARD -O0 -fno-common -fno-builtin-printf -nostartfiles -nostdlib -MMD -MP -MF"src/uart.d" -MT"src/uart.o" -c -o "src/uart.o" "../src/uart.c"
Finished building: ../src/uart.c
 
Building file: ../src/xprintf.c
Invoking: GNU RISC-V Cross C Compiler
riscv64-unknown-elf-gcc -march=rv32imafc -mabi=ilp32f -msmall-data-limit=8 -mno-save-restore -O0 -fmessage-length=0 -fsigned-char -ffunction-sections -fdata-sections  -g3 -ggdb -DFLOAT_HARD -O0 -fno-common -fno-builtin-printf -nostartfiles -nostdlib -MMD -MP -MF"src/xprintf.d" -MT"src/xprintf.o" -c -o "src/xprintf.o" "../src/xprintf.c"
Finished building: ../src/xprintf.c
 
Building target: mmRISC_SampleFPU.elf
Invoking: GNU RISC-V Cross C Linker
riscv64-unknown-elf-gcc -march=rv32imafc -mabi=ilp32f -msmall-data-limit=8 -mno-save-restore -O0 -fmessage-length=0 -fsigned-char -ffunction-sections -fdata-sections  -g3 -ggdb -T "/home/taka/RISCV/mmRISC-1/workspace/mmRISC_SampleFPU/link.ld" -nostartfiles -Xlinker --gc-sections -Wl,-Map,"mmRISC_SampleFPU.map" -nostartfiles -nostdlib -o "mmRISC_SampleFPU.elf"  ./src/float.o ./src/gpio.o ./src/interrupt.o ./src/libc-hooks.o ./src/main.o ./src/startup.o ./src/system.o ./src/uart.o ./src/xprintf.o   -lm -lc -lgcc
Finished building target: mmRISC_SampleFPU.elf
 
Invoking: GNU RISC-V Cross Create Flash Image
riscv64-unknown-elf-objcopy -O ihex "mmRISC_SampleFPU.elf"  "mmRISC_SampleFPU.hex"
Finished building: mmRISC_SampleFPU.hex
 
Invoking: GNU RISC-V Cross Print Size
riscv64-unknown-elf-size --format=berkeley "mmRISC_SampleFPU.elf"
   text	   data	    bss	    dec	    hex	filename
  11174	      0	  32792	  43966	   abbe	mmRISC_SampleFPU.elf
Finished building: mmRISC_SampleFPU.siz
 

21:49:51 Build Finished. 0 errors, 1 warnings. (took 681ms)

