21:42:00 **** Incremental Build of configuration Debug for project mmRISC_SampleCPU ****
make all 
Building file: ../src/gpio.c
Invoking: GNU RISC-V Cross C Compiler
riscv64-unknown-elf-gcc -march=rv32imac -mabi=ilp32 -msmall-data-limit=8 -mno-save-restore -O0 -fmessage-length=0 -fsigned-char -ffunction-sections -fdata-sections  -g3 -ggdb -O0 -fno-common -fno-builtin-printf -nostartfiles -nostdlib -MMD -MP -MF"src/gpio.d" -MT"src/gpio.o" -c -o "src/gpio.o" "../src/gpio.c"
Finished building: ../src/gpio.c
 
Building file: ../src/interrupt.c
Invoking: GNU RISC-V Cross C Compiler
riscv64-unknown-elf-gcc -march=rv32imac -mabi=ilp32 -msmall-data-limit=8 -mno-save-restore -O0 -fmessage-length=0 -fsigned-char -ffunction-sections -fdata-sections  -g3 -ggdb -O0 -fno-common -fno-builtin-printf -nostartfiles -nostdlib -MMD -MP -MF"src/interrupt.d" -MT"src/interrupt.o" -c -o "src/interrupt.o" "../src/interrupt.c"
Finished building: ../src/interrupt.c
 
Building file: ../src/libc-hooks.c
Invoking: GNU RISC-V Cross C Compiler
riscv64-unknown-elf-gcc -march=rv32imac -mabi=ilp32 -msmall-data-limit=8 -mno-save-restore -O0 -fmessage-length=0 -fsigned-char -ffunction-sections -fdata-sections  -g3 -ggdb -O0 -fno-common -fno-builtin-printf -nostartfiles -nostdlib -MMD -MP -MF"src/libc-hooks.d" -MT"src/libc-hooks.o" -c -o "src/libc-hooks.o" "../src/libc-hooks.c"
Finished building: ../src/libc-hooks.c
 
Building file: ../src/main.c
Invoking: GNU RISC-V Cross C Compiler
riscv64-unknown-elf-gcc -march=rv32imac -mabi=ilp32 -msmall-data-limit=8 -mno-save-restore -O0 -fmessage-length=0 -fsigned-char -ffunction-sections -fdata-sections  -g3 -ggdb -O0 -fno-common -fno-builtin-printf -nostartfiles -nostdlib -MMD -MP -MF"src/main.d" -MT"src/main.o" -c -o "src/main.o" "../src/main.c"
Finished building: ../src/main.c
 
Building file: ../src/startup.S
Invoking: GNU RISC-V Cross Assembler
riscv64-unknown-elf-gcc -march=rv32imac -mabi=ilp32 -msmall-data-limit=8 -mno-save-restore -O0 -fmessage-length=0 -fsigned-char -ffunction-sections -fdata-sections  -g3 -ggdb -x assembler-with-cpp -MMD -MP -MF"src/startup.d" -MT"src/startup.o" -c -o "src/startup.o" "../src/startup.S"
Finished building: ../src/startup.S
 
Building file: ../src/system.c
Invoking: GNU RISC-V Cross C Compiler
riscv64-unknown-elf-gcc -march=rv32imac -mabi=ilp32 -msmall-data-limit=8 -mno-save-restore -O0 -fmessage-length=0 -fsigned-char -ffunction-sections -fdata-sections  -g3 -ggdb -O0 -fno-common -fno-builtin-printf -nostartfiles -nostdlib -MMD -MP -MF"src/system.d" -MT"src/system.o" -c -o "src/system.o" "../src/system.c"
Finished building: ../src/system.c
 
Building file: ../src/uart.c
Invoking: GNU RISC-V Cross C Compiler
riscv64-unknown-elf-gcc -march=rv32imac -mabi=ilp32 -msmall-data-limit=8 -mno-save-restore -O0 -fmessage-length=0 -fsigned-char -ffunction-sections -fdata-sections  -g3 -ggdb -O0 -fno-common -fno-builtin-printf -nostartfiles -nostdlib -MMD -MP -MF"src/uart.d" -MT"src/uart.o" -c -o "src/uart.o" "../src/uart.c"
Finished building: ../src/uart.c
 
Building file: ../src/xprintf.c
Invoking: GNU RISC-V Cross C Compiler
riscv64-unknown-elf-gcc -march=rv32imac -mabi=ilp32 -msmall-data-limit=8 -mno-save-restore -O0 -fmessage-length=0 -fsigned-char -ffunction-sections -fdata-sections  -g3 -ggdb -O0 -fno-common -fno-builtin-printf -nostartfiles -nostdlib -MMD -MP -MF"src/xprintf.d" -MT"src/xprintf.o" -c -o "src/xprintf.o" "../src/xprintf.c"
Finished building: ../src/xprintf.c
 
Building target: mmRISC_SampleCPU.elf
Invoking: GNU RISC-V Cross C Linker
riscv64-unknown-elf-gcc -march=rv32imac -mabi=ilp32 -msmall-data-limit=8 -mno-save-restore -O0 -fmessage-length=0 -fsigned-char -ffunction-sections -fdata-sections  -g3 -ggdb -T "/home/taka/RISCV/mmRISC-1/workspace/mmRISC_SampleCPU/link.ld" -nostartfiles -Xlinker --gc-sections -Wl,-Map,"mmRISC_SampleCPU.map" -nostartfiles -nostdlib -o "mmRISC_SampleCPU.elf"  ./src/gpio.o ./src/interrupt.o ./src/libc-hooks.o ./src/main.o ./src/startup.o ./src/system.o ./src/uart.o ./src/xprintf.o   -lm -lc -lgcc
Finished building target: mmRISC_SampleCPU.elf
 
Invoking: GNU RISC-V Cross Create Flash Image
riscv64-unknown-elf-objcopy -O ihex "mmRISC_SampleCPU.elf"  "mmRISC_SampleCPU.hex"
Finished building: mmRISC_SampleCPU.hex
 
Invoking: GNU RISC-V Cross Print Size
riscv64-unknown-elf-size --format=berkeley "mmRISC_SampleCPU.elf"
   text	   data	    bss	    dec	    hex	filename
  15598	      0	  32796	  48394	   bd0a	mmRISC_SampleCPU.elf
Finished building: mmRISC_SampleCPU.siz
 

21:42:01 Build Finished. 0 errors, 0 warnings. (took 631ms)

