00:25:22 **** Build of configuration Debug for project mmRISC_Coremark ****
make all 
Building file: ../src/core_list_join.c
Invoking: GNU RISC-V Cross C Compiler
riscv64-unknown-elf-gcc -march=rv32imc -mabi=ilp32 -msmall-data-limit=8 -mno-save-restore -O0 -fmessage-length=0 -fsigned-char -ffunction-sections -fdata-sections  -g3 -ggdb -O3 -funroll-loops -fpeel-loops -fgcse-sm -fgcse-las -fno-common -fno-builtin-printf -nostartfiles -nostdlib -MMD -MP -MF"src/core_list_join.d" -MT"src/core_list_join.o" -c -o "src/core_list_join.o" "../src/core_list_join.c"
Finished building: ../src/core_list_join.c
 
Building file: ../src/core_main.c
Invoking: GNU RISC-V Cross C Compiler
riscv64-unknown-elf-gcc -march=rv32imc -mabi=ilp32 -msmall-data-limit=8 -mno-save-restore -O0 -fmessage-length=0 -fsigned-char -ffunction-sections -fdata-sections  -g3 -ggdb -O3 -funroll-loops -fpeel-loops -fgcse-sm -fgcse-las -fno-common -fno-builtin-printf -nostartfiles -nostdlib -MMD -MP -MF"src/core_main.d" -MT"src/core_main.o" -c -o "src/core_main.o" "../src/core_main.c"
Finished building: ../src/core_main.c
 
Building file: ../src/core_matrix.c
Invoking: GNU RISC-V Cross C Compiler
riscv64-unknown-elf-gcc -march=rv32imc -mabi=ilp32 -msmall-data-limit=8 -mno-save-restore -O0 -fmessage-length=0 -fsigned-char -ffunction-sections -fdata-sections  -g3 -ggdb -O3 -funroll-loops -fpeel-loops -fgcse-sm -fgcse-las -fno-common -fno-builtin-printf -nostartfiles -nostdlib -MMD -MP -MF"src/core_matrix.d" -MT"src/core_matrix.o" -c -o "src/core_matrix.o" "../src/core_matrix.c"
Finished building: ../src/core_matrix.c
 
Building file: ../src/core_portme.c
Invoking: GNU RISC-V Cross C Compiler
riscv64-unknown-elf-gcc -march=rv32imc -mabi=ilp32 -msmall-data-limit=8 -mno-save-restore -O0 -fmessage-length=0 -fsigned-char -ffunction-sections -fdata-sections  -g3 -ggdb -O3 -funroll-loops -fpeel-loops -fgcse-sm -fgcse-las -fno-common -fno-builtin-printf -nostartfiles -nostdlib -MMD -MP -MF"src/core_portme.d" -MT"src/core_portme.o" -c -o "src/core_portme.o" "../src/core_portme.c"
Finished building: ../src/core_portme.c
 
Building file: ../src/core_state.c
Invoking: GNU RISC-V Cross C Compiler
riscv64-unknown-elf-gcc -march=rv32imc -mabi=ilp32 -msmall-data-limit=8 -mno-save-restore -O0 -fmessage-length=0 -fsigned-char -ffunction-sections -fdata-sections  -g3 -ggdb -O3 -funroll-loops -fpeel-loops -fgcse-sm -fgcse-las -fno-common -fno-builtin-printf -nostartfiles -nostdlib -MMD -MP -MF"src/core_state.d" -MT"src/core_state.o" -c -o "src/core_state.o" "../src/core_state.c"
Finished building: ../src/core_state.c
 
Building file: ../src/core_util.c
Invoking: GNU RISC-V Cross C Compiler
riscv64-unknown-elf-gcc -march=rv32imc -mabi=ilp32 -msmall-data-limit=8 -mno-save-restore -O0 -fmessage-length=0 -fsigned-char -ffunction-sections -fdata-sections  -g3 -ggdb -O3 -funroll-loops -fpeel-loops -fgcse-sm -fgcse-las -fno-common -fno-builtin-printf -nostartfiles -nostdlib -MMD -MP -MF"src/core_util.d" -MT"src/core_util.o" -c -o "src/core_util.o" "../src/core_util.c"
Finished building: ../src/core_util.c
 
Building file: ../src/gpio.c
Invoking: GNU RISC-V Cross C Compiler
riscv64-unknown-elf-gcc -march=rv32imc -mabi=ilp32 -msmall-data-limit=8 -mno-save-restore -O0 -fmessage-length=0 -fsigned-char -ffunction-sections -fdata-sections  -g3 -ggdb -O3 -funroll-loops -fpeel-loops -fgcse-sm -fgcse-las -fno-common -fno-builtin-printf -nostartfiles -nostdlib -MMD -MP -MF"src/gpio.d" -MT"src/gpio.o" -c -o "src/gpio.o" "../src/gpio.c"
Finished building: ../src/gpio.c
 
Building file: ../src/interrupt.c
Invoking: GNU RISC-V Cross C Compiler
riscv64-unknown-elf-gcc -march=rv32imc -mabi=ilp32 -msmall-data-limit=8 -mno-save-restore -O0 -fmessage-length=0 -fsigned-char -ffunction-sections -fdata-sections  -g3 -ggdb -O3 -funroll-loops -fpeel-loops -fgcse-sm -fgcse-las -fno-common -fno-builtin-printf -nostartfiles -nostdlib -MMD -MP -MF"src/interrupt.d" -MT"src/interrupt.o" -c -o "src/interrupt.o" "../src/interrupt.c"
Finished building: ../src/interrupt.c
 
Building file: ../src/libc-hooks.c
Invoking: GNU RISC-V Cross C Compiler
riscv64-unknown-elf-gcc -march=rv32imc -mabi=ilp32 -msmall-data-limit=8 -mno-save-restore -O0 -fmessage-length=0 -fsigned-char -ffunction-sections -fdata-sections  -g3 -ggdb -O3 -funroll-loops -fpeel-loops -fgcse-sm -fgcse-las -fno-common -fno-builtin-printf -nostartfiles -nostdlib -MMD -MP -MF"src/libc-hooks.d" -MT"src/libc-hooks.o" -c -o "src/libc-hooks.o" "../src/libc-hooks.c"
Finished building: ../src/libc-hooks.c
 
Building file: ../src/main.c
Invoking: GNU RISC-V Cross C Compiler
riscv64-unknown-elf-gcc -march=rv32imc -mabi=ilp32 -msmall-data-limit=8 -mno-save-restore -O0 -fmessage-length=0 -fsigned-char -ffunction-sections -fdata-sections  -g3 -ggdb -O3 -funroll-loops -fpeel-loops -fgcse-sm -fgcse-las -fno-common -fno-builtin-printf -nostartfiles -nostdlib -MMD -MP -MF"src/main.d" -MT"src/main.o" -c -o "src/main.o" "../src/main.c"
Finished building: ../src/main.c
 
Building file: ../src/startup.S
Invoking: GNU RISC-V Cross Assembler
riscv64-unknown-elf-gcc -march=rv32imc -mabi=ilp32 -msmall-data-limit=8 -mno-save-restore -O0 -fmessage-length=0 -fsigned-char -ffunction-sections -fdata-sections  -g3 -ggdb -x assembler-with-cpp -MMD -MP -MF"src/startup.d" -MT"src/startup.o" -c -o "src/startup.o" "../src/startup.S"
Finished building: ../src/startup.S
 
Building file: ../src/system.c
Invoking: GNU RISC-V Cross C Compiler
riscv64-unknown-elf-gcc -march=rv32imc -mabi=ilp32 -msmall-data-limit=8 -mno-save-restore -O0 -fmessage-length=0 -fsigned-char -ffunction-sections -fdata-sections  -g3 -ggdb -O3 -funroll-loops -fpeel-loops -fgcse-sm -fgcse-las -fno-common -fno-builtin-printf -nostartfiles -nostdlib -MMD -MP -MF"src/system.d" -MT"src/system.o" -c -o "src/system.o" "../src/system.c"
Finished building: ../src/system.c
 
Building file: ../src/uart.c
Invoking: GNU RISC-V Cross C Compiler
riscv64-unknown-elf-gcc -march=rv32imc -mabi=ilp32 -msmall-data-limit=8 -mno-save-restore -O0 -fmessage-length=0 -fsigned-char -ffunction-sections -fdata-sections  -g3 -ggdb -O3 -funroll-loops -fpeel-loops -fgcse-sm -fgcse-las -fno-common -fno-builtin-printf -nostartfiles -nostdlib -MMD -MP -MF"src/uart.d" -MT"src/uart.o" -c -o "src/uart.o" "../src/uart.c"
Finished building: ../src/uart.c
 
Building file: ../src/xprintf.c
Invoking: GNU RISC-V Cross C Compiler
riscv64-unknown-elf-gcc -march=rv32imc -mabi=ilp32 -msmall-data-limit=8 -mno-save-restore -O0 -fmessage-length=0 -fsigned-char -ffunction-sections -fdata-sections  -g3 -ggdb -O3 -funroll-loops -fpeel-loops -fgcse-sm -fgcse-las -fno-common -fno-builtin-printf -nostartfiles -nostdlib -MMD -MP -MF"src/xprintf.d" -MT"src/xprintf.o" -c -o "src/xprintf.o" "../src/xprintf.c"
Finished building: ../src/xprintf.c
 
Building target: mmRISC_Coremark.elf
Invoking: GNU RISC-V Cross C Linker
riscv64-unknown-elf-gcc -march=rv32imc -mabi=ilp32 -msmall-data-limit=8 -mno-save-restore -O0 -fmessage-length=0 -fsigned-char -ffunction-sections -fdata-sections  -g3 -ggdb -T "/home/taka/RISCV/mmRISC-1/workspace/mmRISC_Coremark/link.ld" -nostartfiles -Xlinker --gc-sections -Wl,-Map,"mmRISC_Coremark.map" -nostartfiles -nostdlib -o "mmRISC_Coremark.elf"  ./src/core_list_join.o ./src/core_main.o ./src/core_matrix.o ./src/core_portme.o ./src/core_state.o ./src/core_util.o ./src/gpio.o ./src/interrupt.o ./src/libc-hooks.o ./src/main.o ./src/startup.o ./src/system.o ./src/uart.o ./src/xprintf.o   -lc -lgcc
Finished building target: mmRISC_Coremark.elf
 
Invoking: GNU RISC-V Cross Create Flash Image
riscv64-unknown-elf-objcopy -O ihex "mmRISC_Coremark.elf"  "mmRISC_Coremark.hex"
Finished building: mmRISC_Coremark.hex
 
Invoking: GNU RISC-V Cross Print Size
riscv64-unknown-elf-size --format=berkeley "mmRISC_Coremark.elf"
   text	   data	    bss	    dec	    hex	filename
  39086	      8	  16432	  55526	   d8e6	mmRISC_Coremark.elf
Finished building: mmRISC_Coremark.siz
 

00:25:24 Build Finished. 0 errors, 0 warnings. (took 2s.329ms)

