Archive member included to satisfy reference by file (symbol)

/opt/riscv/riscv64-unknown-elf/lib/rv32imac/ilp32/libc.a(libc_a-memcpy.o)
                              ./src/interrupt.o (memcpy)
/opt/riscv/riscv64-unknown-elf/lib/rv32imac/ilp32/libc.a(libc_a-strlen.o)
                              ./src/xprintf.o (strlen)
/opt/riscv/lib/gcc/riscv64-unknown-elf/12.2.0/rv32imac/ilp32/libgcc.a(_udivdi3.o)
                              ./src/xprintf.o (__udivdi3)
/opt/riscv/lib/gcc/riscv64-unknown-elf/12.2.0/rv32imac/ilp32/libgcc.a(_umoddi3.o)
                              ./src/xprintf.o (__umoddi3)
/opt/riscv/lib/gcc/riscv64-unknown-elf/12.2.0/rv32imac/ilp32/libgcc.a(adddf3.o)
                              ./src/xprintf.o (__adddf3)
/opt/riscv/lib/gcc/riscv64-unknown-elf/12.2.0/rv32imac/ilp32/libgcc.a(divdf3.o)
                              ./src/xprintf.o (__divdf3)
/opt/riscv/lib/gcc/riscv64-unknown-elf/12.2.0/rv32imac/ilp32/libgcc.a(eqdf2.o)
                              ./src/xprintf.o (__nedf2)
/opt/riscv/lib/gcc/riscv64-unknown-elf/12.2.0/rv32imac/ilp32/libgcc.a(gedf2.o)
                              ./src/xprintf.o (__gedf2)
/opt/riscv/lib/gcc/riscv64-unknown-elf/12.2.0/rv32imac/ilp32/libgcc.a(ledf2.o)
                              ./src/xprintf.o (__ledf2)
/opt/riscv/lib/gcc/riscv64-unknown-elf/12.2.0/rv32imac/ilp32/libgcc.a(muldf3.o)
                              ./src/xprintf.o (__muldf3)
/opt/riscv/lib/gcc/riscv64-unknown-elf/12.2.0/rv32imac/ilp32/libgcc.a(subdf3.o)
                              ./src/xprintf.o (__subdf3)
/opt/riscv/lib/gcc/riscv64-unknown-elf/12.2.0/rv32imac/ilp32/libgcc.a(unorddf2.o)
                              ./src/xprintf.o (__unorddf2)
/opt/riscv/lib/gcc/riscv64-unknown-elf/12.2.0/rv32imac/ilp32/libgcc.a(fixdfsi.o)
                              ./src/xprintf.o (__fixdfsi)
/opt/riscv/lib/gcc/riscv64-unknown-elf/12.2.0/rv32imac/ilp32/libgcc.a(floatsidf.o)
                              ./src/xprintf.o (__floatsidf)
/opt/riscv/lib/gcc/riscv64-unknown-elf/12.2.0/rv32imac/ilp32/libgcc.a(_clz.o)
                              /opt/riscv/lib/gcc/riscv64-unknown-elf/12.2.0/rv32imac/ilp32/libgcc.a(_udivdi3.o) (__clz_tab)
/opt/riscv/lib/gcc/riscv64-unknown-elf/12.2.0/rv32imac/ilp32/libgcc.a(_clzsi2.o)
                              /opt/riscv/lib/gcc/riscv64-unknown-elf/12.2.0/rv32imac/ilp32/libgcc.a(adddf3.o) (__clzsi2)

Discarded input sections

 .group         0x00000000        0xc ./src/gpio.o
 .group         0x00000000        0xc ./src/gpio.o
 .group         0x00000000        0xc ./src/gpio.o
 .group         0x00000000        0xc ./src/gpio.o
 .group         0x00000000        0xc ./src/gpio.o
 .group         0x00000000        0xc ./src/gpio.o
 .group         0x00000000        0xc ./src/gpio.o
 .group         0x00000000        0xc ./src/gpio.o
 .group         0x00000000        0xc ./src/gpio.o
 .group         0x00000000        0xc ./src/gpio.o
 .group         0x00000000        0xc ./src/gpio.o
 .group         0x00000000        0xc ./src/gpio.o
 .group         0x00000000        0xc ./src/gpio.o
 .group         0x00000000        0xc ./src/gpio.o
 .group         0x00000000        0xc ./src/gpio.o
 .group         0x00000000        0xc ./src/gpio.o
 .group         0x00000000        0xc ./src/gpio.o
 .group         0x00000000        0xc ./src/gpio.o
 .group         0x00000000        0xc ./src/gpio.o
 .group         0x00000000        0xc ./src/gpio.o
 .group         0x00000000        0xc ./src/gpio.o
 .group         0x00000000        0xc ./src/gpio.o
 .group         0x00000000        0xc ./src/gpio.o
 .group         0x00000000        0xc ./src/gpio.o
 .group         0x00000000        0xc ./src/gpio.o
 .group         0x00000000        0xc ./src/gpio.o
 .group         0x00000000        0xc ./src/gpio.o
 .group         0x00000000        0xc ./src/gpio.o
 .group         0x00000000        0xc ./src/gpio.o
 .group         0x00000000        0xc ./src/gpio.o
 .group         0x00000000        0xc ./src/gpio.o
 .group         0x00000000        0xc ./src/gpio.o
 .group         0x00000000        0xc ./src/gpio.o
 .group         0x00000000        0xc ./src/gpio.o
 .group         0x00000000        0xc ./src/gpio.o
 .group         0x00000000        0xc ./src/gpio.o
 .text          0x00000000        0x0 ./src/gpio.o
 .data          0x00000000        0x0 ./src/gpio.o
 .bss           0x00000000        0x0 ./src/gpio.o
 .group         0x00000000        0xc ./src/gsensor.o
 .group         0x00000000        0xc ./src/gsensor.o
 .group         0x00000000        0xc ./src/gsensor.o
 .group         0x00000000        0xc ./src/gsensor.o
 .group         0x00000000        0xc ./src/gsensor.o
 .group         0x00000000        0xc ./src/gsensor.o
 .group         0x00000000        0xc ./src/gsensor.o
 .group         0x00000000        0xc ./src/gsensor.o
 .group         0x00000000        0xc ./src/gsensor.o
 .group         0x00000000        0xc ./src/gsensor.o
 .group         0x00000000        0xc ./src/gsensor.o
 .group         0x00000000        0xc ./src/gsensor.o
 .group         0x00000000        0xc ./src/gsensor.o
 .group         0x00000000        0xc ./src/gsensor.o
 .group         0x00000000        0xc ./src/gsensor.o
 .group         0x00000000        0xc ./src/gsensor.o
 .group         0x00000000        0xc ./src/gsensor.o
 .group         0x00000000        0xc ./src/gsensor.o
 .group         0x00000000        0xc ./src/gsensor.o
 .group         0x00000000        0xc ./src/gsensor.o
 .group         0x00000000        0xc ./src/gsensor.o
 .group         0x00000000        0xc ./src/gsensor.o
 .group         0x00000000        0xc ./src/gsensor.o
 .group         0x00000000        0xc ./src/gsensor.o
 .group         0x00000000        0xc ./src/gsensor.o
 .group         0x00000000        0xc ./src/gsensor.o
 .group         0x00000000        0xc ./src/gsensor.o
 .group         0x00000000        0xc ./src/gsensor.o
 .group         0x00000000        0xc ./src/gsensor.o
 .group         0x00000000        0xc ./src/gsensor.o
 .group         0x00000000        0xc ./src/gsensor.o
 .group         0x00000000        0xc ./src/gsensor.o
 .group         0x00000000        0xc ./src/gsensor.o
 .group         0x00000000        0xc ./src/gsensor.o
 .group         0x00000000        0xc ./src/gsensor.o
 .group         0x00000000        0xc ./src/gsensor.o
 .group         0x00000000        0xc ./src/gsensor.o
 .text          0x00000000        0x0 ./src/gsensor.o
 .data          0x00000000        0x0 ./src/gsensor.o
 .bss           0x00000000        0x0 ./src/gsensor.o
 .debug_macro   0x00000000      0x75a ./src/gsensor.o
 .debug_macro   0x00000000       0x22 ./src/gsensor.o
 .debug_macro   0x00000000       0x8e ./src/gsensor.o
 .debug_macro   0x00000000       0x51 ./src/gsensor.o
 .debug_macro   0x00000000      0x103 ./src/gsensor.o
 .debug_macro   0x00000000       0x6a ./src/gsensor.o
 .debug_macro   0x00000000      0x1df ./src/gsensor.o
 .debug_macro   0x00000000       0x58 ./src/gsensor.o
 .debug_macro   0x00000000       0x19 ./src/gsensor.o
 .debug_macro   0x00000000       0x34 ./src/gsensor.o
 .debug_macro   0x00000000       0x34 ./src/gsensor.o
 .debug_macro   0x00000000       0x16 ./src/gsensor.o
 .debug_macro   0x00000000       0x9e ./src/gsensor.o
 .debug_macro   0x00000000      0x341 ./src/gsensor.o
 .debug_macro   0x00000000      0x10b ./src/gsensor.o
 .debug_macro   0x00000000       0x10 ./src/gsensor.o
 .debug_macro   0x00000000       0x16 ./src/gsensor.o
 .debug_macro   0x00000000       0x43 ./src/gsensor.o
 .debug_macro   0x00000000       0x34 ./src/gsensor.o
 .debug_macro   0x00000000       0x10 ./src/gsensor.o
 .debug_macro   0x00000000       0x52 ./src/gsensor.o
 .debug_macro   0x00000000      0x182 ./src/gsensor.o
 .debug_macro   0x00000000       0x10 ./src/gsensor.o
 .debug_macro   0x00000000       0x1c ./src/gsensor.o
 .debug_macro   0x00000000       0x52 ./src/gsensor.o
 .debug_macro   0x00000000       0x22 ./src/gsensor.o
 .debug_macro   0x00000000       0x10 ./src/gsensor.o
 .debug_macro   0x00000000       0x52 ./src/gsensor.o
 .debug_macro   0x00000000       0xd5 ./src/gsensor.o
 .debug_macro   0x00000000       0x1c ./src/gsensor.o
 .debug_macro   0x00000000       0x3d ./src/gsensor.o
 .debug_macro   0x00000000       0x16 ./src/gsensor.o
 .debug_macro   0x00000000      0x16f ./src/gsensor.o
 .debug_macro   0x00000000       0x46 ./src/gsensor.o
 .debug_macro   0x00000000       0x10 ./src/gsensor.o
 .group         0x00000000        0xc ./src/i2c.o
 .group         0x00000000        0xc ./src/i2c.o
 .group         0x00000000        0xc ./src/i2c.o
 .group         0x00000000        0xc ./src/i2c.o
 .group         0x00000000        0xc ./src/i2c.o
 .group         0x00000000        0xc ./src/i2c.o
 .group         0x00000000        0xc ./src/i2c.o
 .group         0x00000000        0xc ./src/i2c.o
 .group         0x00000000        0xc ./src/i2c.o
 .group         0x00000000        0xc ./src/i2c.o
 .group         0x00000000        0xc ./src/i2c.o
 .group         0x00000000        0xc ./src/i2c.o
 .group         0x00000000        0xc ./src/i2c.o
 .group         0x00000000        0xc ./src/i2c.o
 .group         0x00000000        0xc ./src/i2c.o
 .group         0x00000000        0xc ./src/i2c.o
 .group         0x00000000        0xc ./src/i2c.o
 .group         0x00000000        0xc ./src/i2c.o
 .group         0x00000000        0xc ./src/i2c.o
 .group         0x00000000        0xc ./src/i2c.o
 .group         0x00000000        0xc ./src/i2c.o
 .group         0x00000000        0xc ./src/i2c.o
 .group         0x00000000        0xc ./src/i2c.o
 .group         0x00000000        0xc ./src/i2c.o
 .group         0x00000000        0xc ./src/i2c.o
 .group         0x00000000        0xc ./src/i2c.o
 .group         0x00000000        0xc ./src/i2c.o
 .group         0x00000000        0xc ./src/i2c.o
 .group         0x00000000        0xc ./src/i2c.o
 .group         0x00000000        0xc ./src/i2c.o
 .group         0x00000000        0xc ./src/i2c.o
 .group         0x00000000        0xc ./src/i2c.o
 .group         0x00000000        0xc ./src/i2c.o
 .group         0x00000000        0xc ./src/i2c.o
 .group         0x00000000        0xc ./src/i2c.o
 .group         0x00000000        0xc ./src/i2c.o
 .text          0x00000000        0x0 ./src/i2c.o
 .data          0x00000000        0x0 ./src/i2c.o
 .bss           0x00000000        0x0 ./src/i2c.o
 .text.I2C_ReadByte
                0x00000000      0x21c ./src/i2c.o
 .text.I2C_WriteMultiBytes
                0x00000000      0x244 ./src/i2c.o
 .debug_macro   0x00000000      0x75a ./src/i2c.o
 .debug_macro   0x00000000       0x22 ./src/i2c.o
 .debug_macro   0x00000000       0x8e ./src/i2c.o
 .debug_macro   0x00000000       0x51 ./src/i2c.o
 .debug_macro   0x00000000      0x103 ./src/i2c.o
 .debug_macro   0x00000000       0x6a ./src/i2c.o
 .debug_macro   0x00000000      0x1df ./src/i2c.o
 .debug_macro   0x00000000       0x58 ./src/i2c.o
 .debug_macro   0x00000000       0x19 ./src/i2c.o
 .debug_macro   0x00000000       0x34 ./src/i2c.o
 .debug_macro   0x00000000       0x34 ./src/i2c.o
 .debug_macro   0x00000000       0x16 ./src/i2c.o
 .debug_macro   0x00000000       0x9e ./src/i2c.o
 .debug_macro   0x00000000      0x341 ./src/i2c.o
 .debug_macro   0x00000000      0x10b ./src/i2c.o
 .debug_macro   0x00000000       0x10 ./src/i2c.o
 .debug_macro   0x00000000       0x16 ./src/i2c.o
 .debug_macro   0x00000000       0x43 ./src/i2c.o
 .debug_macro   0x00000000       0x34 ./src/i2c.o
 .debug_macro   0x00000000       0x10 ./src/i2c.o
 .debug_macro   0x00000000       0x52 ./src/i2c.o
 .debug_macro   0x00000000      0x182 ./src/i2c.o
 .debug_macro   0x00000000       0x10 ./src/i2c.o
 .debug_macro   0x00000000       0x1c ./src/i2c.o
 .debug_macro   0x00000000       0x52 ./src/i2c.o
 .debug_macro   0x00000000       0x22 ./src/i2c.o
 .debug_macro   0x00000000       0x10 ./src/i2c.o
 .debug_macro   0x00000000       0x52 ./src/i2c.o
 .debug_macro   0x00000000       0xd5 ./src/i2c.o
 .debug_macro   0x00000000       0x1c ./src/i2c.o
 .debug_macro   0x00000000       0x3d ./src/i2c.o
 .debug_macro   0x00000000       0x16 ./src/i2c.o
 .debug_macro   0x00000000      0x16f ./src/i2c.o
 .debug_macro   0x00000000       0x46 ./src/i2c.o
 .debug_macro   0x00000000       0x10 ./src/i2c.o
 .debug_macro   0x00000000       0x82 ./src/i2c.o
 .group         0x00000000        0xc ./src/interrupt.o
 .group         0x00000000        0xc ./src/interrupt.o
 .group         0x00000000        0xc ./src/interrupt.o
 .group         0x00000000        0xc ./src/interrupt.o
 .group         0x00000000        0xc ./src/interrupt.o
 .group         0x00000000        0xc ./src/interrupt.o
 .group         0x00000000        0xc ./src/interrupt.o
 .group         0x00000000        0xc ./src/interrupt.o
 .group         0x00000000        0xc ./src/interrupt.o
 .group         0x00000000        0xc ./src/interrupt.o
 .group         0x00000000        0xc ./src/interrupt.o
 .group         0x00000000        0xc ./src/interrupt.o
 .group         0x00000000        0xc ./src/interrupt.o
 .group         0x00000000        0xc ./src/interrupt.o
 .group         0x00000000        0xc ./src/interrupt.o
 .group         0x00000000        0xc ./src/interrupt.o
 .group         0x00000000        0xc ./src/interrupt.o
 .group         0x00000000        0xc ./src/interrupt.o
 .group         0x00000000        0xc ./src/interrupt.o
 .group         0x00000000        0xc ./src/interrupt.o
 .group         0x00000000        0xc ./src/interrupt.o
 .group         0x00000000        0xc ./src/interrupt.o
 .group         0x00000000        0xc ./src/interrupt.o
 .group         0x00000000        0xc ./src/interrupt.o
 .group         0x00000000        0xc ./src/interrupt.o
 .group         0x00000000        0xc ./src/interrupt.o
 .group         0x00000000        0xc ./src/interrupt.o
 .group         0x00000000        0xc ./src/interrupt.o
 .group         0x00000000        0xc ./src/interrupt.o
 .group         0x00000000        0xc ./src/interrupt.o
 .group         0x00000000        0xc ./src/interrupt.o
 .group         0x00000000        0xc ./src/interrupt.o
 .group         0x00000000        0xc ./src/interrupt.o
 .group         0x00000000        0xc ./src/interrupt.o
 .group         0x00000000        0xc ./src/interrupt.o
 .group         0x00000000        0xc ./src/interrupt.o
 .group         0x00000000        0xc ./src/interrupt.o
 .group         0x00000000        0xc ./src/interrupt.o
 .group         0x00000000        0xc ./src/interrupt.o
 .text          0x00000000        0x0 ./src/interrupt.o
 .data          0x00000000        0x0 ./src/interrupt.o
 .bss           0x00000000        0x0 ./src/interrupt.o
 .rodata.LED7SEG
                0x00000000       0x10 ./src/interrupt.o
 .text.INT_Generate
                0x00000000       0x8a ./src/interrupt.o
 .debug_macro   0x00000000      0x75a ./src/interrupt.o
 .debug_macro   0x00000000       0x22 ./src/interrupt.o
 .debug_macro   0x00000000       0x8e ./src/interrupt.o
 .debug_macro   0x00000000       0x51 ./src/interrupt.o
 .debug_macro   0x00000000      0x103 ./src/interrupt.o
 .debug_macro   0x00000000       0x6a ./src/interrupt.o
 .debug_macro   0x00000000      0x1df ./src/interrupt.o
 .debug_macro   0x00000000       0x58 ./src/interrupt.o
 .debug_macro   0x00000000       0x19 ./src/interrupt.o
 .debug_macro   0x00000000       0x34 ./src/interrupt.o
 .debug_macro   0x00000000       0x34 ./src/interrupt.o
 .debug_macro   0x00000000       0x16 ./src/interrupt.o
 .debug_macro   0x00000000       0x9e ./src/interrupt.o
 .debug_macro   0x00000000      0x341 ./src/interrupt.o
 .debug_macro   0x00000000      0x10b ./src/interrupt.o
 .debug_macro   0x00000000       0x10 ./src/interrupt.o
 .debug_macro   0x00000000       0x16 ./src/interrupt.o
 .debug_macro   0x00000000       0x43 ./src/interrupt.o
 .debug_macro   0x00000000       0x34 ./src/interrupt.o
 .debug_macro   0x00000000       0x10 ./src/interrupt.o
 .debug_macro   0x00000000       0x52 ./src/interrupt.o
 .debug_macro   0x00000000      0x182 ./src/interrupt.o
 .debug_macro   0x00000000       0x10 ./src/interrupt.o
 .debug_macro   0x00000000       0x1c ./src/interrupt.o
 .debug_macro   0x00000000       0x52 ./src/interrupt.o
 .debug_macro   0x00000000       0x22 ./src/interrupt.o
 .debug_macro   0x00000000       0x10 ./src/interrupt.o
 .debug_macro   0x00000000       0x52 ./src/interrupt.o
 .debug_macro   0x00000000       0xd5 ./src/interrupt.o
 .debug_macro   0x00000000       0x1c ./src/interrupt.o
 .debug_macro   0x00000000       0x3d ./src/interrupt.o
 .debug_macro   0x00000000       0x16 ./src/interrupt.o
 .debug_macro   0x00000000      0x16f ./src/interrupt.o
 .debug_macro   0x00000000       0x46 ./src/interrupt.o
 .debug_macro   0x00000000       0x10 ./src/interrupt.o
 .debug_macro   0x00000000       0x94 ./src/interrupt.o
 .group         0x00000000        0xc ./src/libc-hooks.o
 .group         0x00000000        0xc ./src/libc-hooks.o
 .group         0x00000000        0xc ./src/libc-hooks.o
 .group         0x00000000        0xc ./src/libc-hooks.o
 .group         0x00000000        0xc ./src/libc-hooks.o
 .group         0x00000000        0xc ./src/libc-hooks.o
 .group         0x00000000        0xc ./src/libc-hooks.o
 .group         0x00000000        0xc ./src/libc-hooks.o
 .group         0x00000000        0xc ./src/libc-hooks.o
 .group         0x00000000        0xc ./src/libc-hooks.o
 .group         0x00000000        0xc ./src/libc-hooks.o
 .group         0x00000000        0xc ./src/libc-hooks.o
 .group         0x00000000        0xc ./src/libc-hooks.o
 .group         0x00000000        0xc ./src/libc-hooks.o
 .group         0x00000000        0xc ./src/libc-hooks.o
 .group         0x00000000        0xc ./src/libc-hooks.o
 .group         0x00000000        0xc ./src/libc-hooks.o
 .group         0x00000000        0xc ./src/libc-hooks.o
 .group         0x00000000        0xc ./src/libc-hooks.o
 .group         0x00000000        0xc ./src/libc-hooks.o
 .group         0x00000000        0xc ./src/libc-hooks.o
 .group         0x00000000        0xc ./src/libc-hooks.o
 .group         0x00000000        0xc ./src/libc-hooks.o
 .group         0x00000000        0xc ./src/libc-hooks.o
 .group         0x00000000        0xc ./src/libc-hooks.o
 .group         0x00000000        0xc ./src/libc-hooks.o
 .group         0x00000000        0xc ./src/libc-hooks.o
 .group         0x00000000        0xc ./src/libc-hooks.o
 .group         0x00000000        0xc ./src/libc-hooks.o
 .group         0x00000000        0xc ./src/libc-hooks.o
 .group         0x00000000        0xc ./src/libc-hooks.o
 .group         0x00000000        0xc ./src/libc-hooks.o
 .group         0x00000000        0xc ./src/libc-hooks.o
 .group         0x00000000        0xc ./src/libc-hooks.o
 .group         0x00000000        0xc ./src/libc-hooks.o
 .group         0x00000000        0xc ./src/libc-hooks.o
 .group         0x00000000        0xc ./src/libc-hooks.o
 .text          0x00000000        0x0 ./src/libc-hooks.o
 .data          0x00000000        0x0 ./src/libc-hooks.o
 .bss           0x00000000        0x0 ./src/libc-hooks.o
 .bss.heap_base
                0x00000000     0x2000 ./src/libc-hooks.o
 .sbss.heap_sz  0x00000000        0x4 ./src/libc-hooks.o
 .text._sbrk    0x00000000       0x5c ./src/libc-hooks.o
 .text._open    0x00000000       0x18 ./src/libc-hooks.o
 .text._close   0x00000000       0x14 ./src/libc-hooks.o
 .text._stdout_hook_default
                0x00000000       0x14 ./src/libc-hooks.o
 .sdata._stdout_hook
                0x00000000        0x4 ./src/libc-hooks.o
 .text.__stdout_hook_install
                0x00000000       0x1e ./src/libc-hooks.o
 .text._stdin_hook_default
                0x00000000       0x10 ./src/libc-hooks.o
 .sdata._stdin_hook
                0x00000000        0x4 ./src/libc-hooks.o
 .text.__stdin_hook_install
                0x00000000       0x1e ./src/libc-hooks.o
 .text._read    0x00000000       0x98 ./src/libc-hooks.o
 .text._write   0x00000000       0x78 ./src/libc-hooks.o
 .text._lseek   0x00000000       0x1c ./src/libc-hooks.o
 .text._exit    0x00000000        0xc ./src/libc-hooks.o
 .text._isatty  0x00000000       0x14 ./src/libc-hooks.o
 .text._kill    0x00000000       0x18 ./src/libc-hooks.o
 .text._getpid  0x00000000       0x10 ./src/libc-hooks.o
 .text._fstat   0x00000000       0x20 ./src/libc-hooks.o
 .debug_info    0x00000000      0x5c2 ./src/libc-hooks.o
 .debug_abbrev  0x00000000      0x1d7 ./src/libc-hooks.o
 .debug_aranges
                0x00000000       0x90 ./src/libc-hooks.o
 .debug_rnglists
                0x00000000       0x94 ./src/libc-hooks.o
 .debug_macro   0x00000000      0x1d4 ./src/libc-hooks.o
 .debug_macro   0x00000000      0x75a ./src/libc-hooks.o
 .debug_macro   0x00000000       0x22 ./src/libc-hooks.o
 .debug_macro   0x00000000       0x52 ./src/libc-hooks.o
 .debug_macro   0x00000000       0x19 ./src/libc-hooks.o
 .debug_macro   0x00000000       0x94 ./src/libc-hooks.o
 .debug_macro   0x00000000       0x34 ./src/libc-hooks.o
 .debug_macro   0x00000000       0x34 ./src/libc-hooks.o
 .debug_macro   0x00000000       0x16 ./src/libc-hooks.o
 .debug_macro   0x00000000       0x57 ./src/libc-hooks.o
 .debug_macro   0x00000000       0x9e ./src/libc-hooks.o
 .debug_macro   0x00000000      0x341 ./src/libc-hooks.o
 .debug_macro   0x00000000      0x10b ./src/libc-hooks.o
 .debug_macro   0x00000000       0x10 ./src/libc-hooks.o
 .debug_macro   0x00000000       0x16 ./src/libc-hooks.o
 .debug_macro   0x00000000       0x43 ./src/libc-hooks.o
 .debug_macro   0x00000000       0x34 ./src/libc-hooks.o
 .debug_macro   0x00000000       0x10 ./src/libc-hooks.o
 .debug_macro   0x00000000       0x52 ./src/libc-hooks.o
 .debug_macro   0x00000000      0x182 ./src/libc-hooks.o
 .debug_macro   0x00000000       0x10 ./src/libc-hooks.o
 .debug_macro   0x00000000       0x6a ./src/libc-hooks.o
 .debug_macro   0x00000000       0x1c ./src/libc-hooks.o
 .debug_macro   0x00000000       0x52 ./src/libc-hooks.o
 .debug_macro   0x00000000       0x22 ./src/libc-hooks.o
 .debug_macro   0x00000000       0x10 ./src/libc-hooks.o
 .debug_macro   0x00000000       0x52 ./src/libc-hooks.o
 .debug_macro   0x00000000       0xd5 ./src/libc-hooks.o
 .debug_macro   0x00000000       0x1c ./src/libc-hooks.o
 .debug_macro   0x00000000       0x3d ./src/libc-hooks.o
 .debug_macro   0x00000000       0x16 ./src/libc-hooks.o
 .debug_macro   0x00000000      0x16f ./src/libc-hooks.o
 .debug_macro   0x00000000       0x16 ./src/libc-hooks.o
 .debug_macro   0x00000000       0x35 ./src/libc-hooks.o
 .debug_macro   0x00000000       0x10 ./src/libc-hooks.o
 .debug_macro   0x00000000       0x10 ./src/libc-hooks.o
 .debug_macro   0x00000000       0x35 ./src/libc-hooks.o
 .debug_macro   0x00000000      0x12c ./src/libc-hooks.o
 .debug_line    0x00000000      0x433 ./src/libc-hooks.o
 .debug_str     0x00000000     0x6cb4 ./src/libc-hooks.o
 .debug_line_str
                0x00000000      0x2c9 ./src/libc-hooks.o
 .comment       0x00000000       0x1c ./src/libc-hooks.o
 .debug_frame   0x00000000      0x22c ./src/libc-hooks.o
 .riscv.attributes
                0x00000000       0x3d ./src/libc-hooks.o
 .group         0x00000000        0xc ./src/main.o
 .group         0x00000000        0xc ./src/main.o
 .group         0x00000000        0xc ./src/main.o
 .group         0x00000000        0xc ./src/main.o
 .group         0x00000000        0xc ./src/main.o
 .group         0x00000000        0xc ./src/main.o
 .group         0x00000000        0xc ./src/main.o
 .group         0x00000000        0xc ./src/main.o
 .group         0x00000000        0xc ./src/main.o
 .group         0x00000000        0xc ./src/main.o
 .group         0x00000000        0xc ./src/main.o
 .group         0x00000000        0xc ./src/main.o
 .group         0x00000000        0xc ./src/main.o
 .group         0x00000000        0xc ./src/main.o
 .group         0x00000000        0xc ./src/main.o
 .group         0x00000000        0xc ./src/main.o
 .group         0x00000000        0xc ./src/main.o
 .group         0x00000000        0xc ./src/main.o
 .group         0x00000000        0xc ./src/main.o
 .group         0x00000000        0xc ./src/main.o
 .group         0x00000000        0xc ./src/main.o
 .group         0x00000000        0xc ./src/main.o
 .group         0x00000000        0xc ./src/main.o
 .group         0x00000000        0xc ./src/main.o
 .group         0x00000000        0xc ./src/main.o
 .group         0x00000000        0xc ./src/main.o
 .group         0x00000000        0xc ./src/main.o
 .group         0x00000000        0xc ./src/main.o
 .group         0x00000000        0xc ./src/main.o
 .group         0x00000000        0xc ./src/main.o
 .group         0x00000000        0xc ./src/main.o
 .group         0x00000000        0xc ./src/main.o
 .group         0x00000000        0xc ./src/main.o
 .group         0x00000000        0xc ./src/main.o
 .group         0x00000000        0xc ./src/main.o
 .group         0x00000000        0xc ./src/main.o
 .group         0x00000000        0xc ./src/main.o
 .group         0x00000000        0xc ./src/main.o
 .group         0x00000000        0xc ./src/main.o
 .group         0x00000000        0xc ./src/main.o
 .group         0x00000000        0xc ./src/main.o
 .group         0x00000000        0xc ./src/main.o
 .group         0x00000000        0xc ./src/main.o
 .group         0x00000000        0xc ./src/main.o
 .group         0x00000000        0xc ./src/main.o
 .text          0x00000000        0x0 ./src/main.o
 .data          0x00000000        0x0 ./src/main.o
 .bss           0x00000000        0x0 ./src/main.o
 .rodata.LED7SEG
                0x00000000       0x10 ./src/main.o
 .debug_macro   0x00000000      0x75a ./src/main.o
 .debug_macro   0x00000000       0x22 ./src/main.o
 .debug_macro   0x00000000       0x52 ./src/main.o
 .debug_macro   0x00000000       0x19 ./src/main.o
 .debug_macro   0x00000000       0x94 ./src/main.o
 .debug_macro   0x00000000       0x34 ./src/main.o
 .debug_macro   0x00000000       0x34 ./src/main.o
 .debug_macro   0x00000000       0x16 ./src/main.o
 .debug_macro   0x00000000       0x43 ./src/main.o
 .debug_macro   0x00000000       0x57 ./src/main.o
 .debug_macro   0x00000000       0x34 ./src/main.o
 .debug_macro   0x00000000       0x10 ./src/main.o
 .debug_macro   0x00000000       0x52 ./src/main.o
 .debug_macro   0x00000000      0x182 ./src/main.o
 .debug_macro   0x00000000      0x341 ./src/main.o
 .debug_macro   0x00000000      0x103 ./src/main.o
 .debug_macro   0x00000000       0x6a ./src/main.o
 .debug_macro   0x00000000      0x1df ./src/main.o
 .debug_macro   0x00000000       0x35 ./src/main.o
 .debug_macro   0x00000000       0x10 ./src/main.o
 .debug_macro   0x00000000       0x10 ./src/main.o
 .debug_macro   0x00000000       0x1c ./src/main.o
 .debug_macro   0x00000000       0x52 ./src/main.o
 .debug_macro   0x00000000       0x22 ./src/main.o
 .debug_macro   0x00000000       0x10 ./src/main.o
 .debug_macro   0x00000000       0x52 ./src/main.o
 .debug_macro   0x00000000       0xd5 ./src/main.o
 .debug_macro   0x00000000       0x1c ./src/main.o
 .debug_macro   0x00000000       0x3d ./src/main.o
 .debug_macro   0x00000000       0x16 ./src/main.o
 .debug_macro   0x00000000      0x16f ./src/main.o
 .debug_macro   0x00000000       0x46 ./src/main.o
 .debug_macro   0x00000000       0x10 ./src/main.o
 .debug_macro   0x00000000       0x1c ./src/main.o
 .debug_macro   0x00000000       0x94 ./src/main.o
 .debug_macro   0x00000000       0x82 ./src/main.o
 .debug_macro   0x00000000       0xbe ./src/main.o
 .debug_macro   0x00000000       0xc4 ./src/main.o
 .debug_macro   0x00000000       0x28 ./src/main.o
 .text          0x00000000        0x0 ./src/startup.o
 .data          0x00000000        0x0 ./src/startup.o
 .bss           0x00000000        0x0 ./src/startup.o
 .riscv.attributes
                0x00000000       0x3f ./src/startup.o
 .group         0x00000000        0xc ./src/system.o
 .group         0x00000000        0xc ./src/system.o
 .group         0x00000000        0xc ./src/system.o
 .group         0x00000000        0xc ./src/system.o
 .group         0x00000000        0xc ./src/system.o
 .group         0x00000000        0xc ./src/system.o
 .group         0x00000000        0xc ./src/system.o
 .group         0x00000000        0xc ./src/system.o
 .group         0x00000000        0xc ./src/system.o
 .group         0x00000000        0xc ./src/system.o
 .group         0x00000000        0xc ./src/system.o
 .group         0x00000000        0xc ./src/system.o
 .group         0x00000000        0xc ./src/system.o
 .group         0x00000000        0xc ./src/system.o
 .group         0x00000000        0xc ./src/system.o
 .group         0x00000000        0xc ./src/system.o
 .group         0x00000000        0xc ./src/system.o
 .group         0x00000000        0xc ./src/system.o
 .group         0x00000000        0xc ./src/system.o
 .group         0x00000000        0xc ./src/system.o
 .group         0x00000000        0xc ./src/system.o
 .group         0x00000000        0xc ./src/system.o
 .group         0x00000000        0xc ./src/system.o
 .group         0x00000000        0xc ./src/system.o
 .group         0x00000000        0xc ./src/system.o
 .group         0x00000000        0xc ./src/system.o
 .group         0x00000000        0xc ./src/system.o
 .group         0x00000000        0xc ./src/system.o
 .group         0x00000000        0xc ./src/system.o
 .group         0x00000000        0xc ./src/system.o
 .group         0x00000000        0xc ./src/system.o
 .group         0x00000000        0xc ./src/system.o
 .group         0x00000000        0xc ./src/system.o
 .group         0x00000000        0xc ./src/system.o
 .group         0x00000000        0xc ./src/system.o
 .group         0x00000000        0xc ./src/system.o
 .text          0x00000000        0x0 ./src/system.o
 .data          0x00000000        0x0 ./src/system.o
 .bss           0x00000000        0x0 ./src/system.o
 .debug_macro   0x00000000      0x75a ./src/system.o
 .debug_macro   0x00000000       0x22 ./src/system.o
 .debug_macro   0x00000000       0x8e ./src/system.o
 .debug_macro   0x00000000       0x51 ./src/system.o
 .debug_macro   0x00000000      0x103 ./src/system.o
 .debug_macro   0x00000000       0x6a ./src/system.o
 .debug_macro   0x00000000      0x1df ./src/system.o
 .debug_macro   0x00000000       0x58 ./src/system.o
 .debug_macro   0x00000000       0x19 ./src/system.o
 .debug_macro   0x00000000       0x34 ./src/system.o
 .debug_macro   0x00000000       0x34 ./src/system.o
 .debug_macro   0x00000000       0x16 ./src/system.o
 .debug_macro   0x00000000       0x9e ./src/system.o
 .debug_macro   0x00000000      0x341 ./src/system.o
 .debug_macro   0x00000000      0x10b ./src/system.o
 .debug_macro   0x00000000       0x10 ./src/system.o
 .debug_macro   0x00000000       0x16 ./src/system.o
 .debug_macro   0x00000000       0x43 ./src/system.o
 .debug_macro   0x00000000       0x34 ./src/system.o
 .debug_macro   0x00000000       0x10 ./src/system.o
 .debug_macro   0x00000000       0x52 ./src/system.o
 .debug_macro   0x00000000      0x182 ./src/system.o
 .debug_macro   0x00000000       0x10 ./src/system.o
 .debug_macro   0x00000000       0x1c ./src/system.o
 .debug_macro   0x00000000       0x52 ./src/system.o
 .debug_macro   0x00000000       0x22 ./src/system.o
 .debug_macro   0x00000000       0x10 ./src/system.o
 .debug_macro   0x00000000       0x52 ./src/system.o
 .debug_macro   0x00000000       0xd5 ./src/system.o
 .debug_macro   0x00000000       0x1c ./src/system.o
 .debug_macro   0x00000000       0x3d ./src/system.o
 .debug_macro   0x00000000       0x16 ./src/system.o
 .debug_macro   0x00000000      0x16f ./src/system.o
 .debug_macro   0x00000000       0x46 ./src/system.o
 .debug_macro   0x00000000       0x10 ./src/system.o
 .debug_macro   0x00000000       0x1c ./src/system.o
 .group         0x00000000        0xc ./src/uart.o
 .group         0x00000000        0xc ./src/uart.o
 .group         0x00000000        0xc ./src/uart.o
 .group         0x00000000        0xc ./src/uart.o
 .group         0x00000000        0xc ./src/uart.o
 .group         0x00000000        0xc ./src/uart.o
 .group         0x00000000        0xc ./src/uart.o
 .group         0x00000000        0xc ./src/uart.o
 .group         0x00000000        0xc ./src/uart.o
 .group         0x00000000        0xc ./src/uart.o
 .group         0x00000000        0xc ./src/uart.o
 .group         0x00000000        0xc ./src/uart.o
 .group         0x00000000        0xc ./src/uart.o
 .group         0x00000000        0xc ./src/uart.o
 .group         0x00000000        0xc ./src/uart.o
 .group         0x00000000        0xc ./src/uart.o
 .group         0x00000000        0xc ./src/uart.o
 .group         0x00000000        0xc ./src/uart.o
 .group         0x00000000        0xc ./src/uart.o
 .group         0x00000000        0xc ./src/uart.o
 .group         0x00000000        0xc ./src/uart.o
 .group         0x00000000        0xc ./src/uart.o
 .group         0x00000000        0xc ./src/uart.o
 .group         0x00000000        0xc ./src/uart.o
 .group         0x00000000        0xc ./src/uart.o
 .group         0x00000000        0xc ./src/uart.o
 .group         0x00000000        0xc ./src/uart.o
 .group         0x00000000        0xc ./src/uart.o
 .group         0x00000000        0xc ./src/uart.o
 .group         0x00000000        0xc ./src/uart.o
 .group         0x00000000        0xc ./src/uart.o
 .group         0x00000000        0xc ./src/uart.o
 .group         0x00000000        0xc ./src/uart.o
 .group         0x00000000        0xc ./src/uart.o
 .group         0x00000000        0xc ./src/uart.o
 .group         0x00000000        0xc ./src/uart.o
 .group         0x00000000        0xc ./src/uart.o
 .group         0x00000000        0xc ./src/uart.o
 .text          0x00000000        0x0 ./src/uart.o
 .data          0x00000000        0x0 ./src/uart.o
 .bss           0x00000000        0x0 ./src/uart.o
 .rodata.LED7SEG
                0x00000000       0x10 ./src/uart.o
 .text.uart_puts
                0x00000000       0x42 ./src/uart.o
 .text.putchar  0x00000000       0x40 ./src/uart.o
 .debug_macro   0x00000000      0x75a ./src/uart.o
 .debug_macro   0x00000000       0x22 ./src/uart.o
 .debug_macro   0x00000000       0x8e ./src/uart.o
 .debug_macro   0x00000000       0x51 ./src/uart.o
 .debug_macro   0x00000000      0x103 ./src/uart.o
 .debug_macro   0x00000000       0x6a ./src/uart.o
 .debug_macro   0x00000000      0x1df ./src/uart.o
 .debug_macro   0x00000000       0x58 ./src/uart.o
 .debug_macro   0x00000000       0x19 ./src/uart.o
 .debug_macro   0x00000000       0x34 ./src/uart.o
 .debug_macro   0x00000000       0x34 ./src/uart.o
 .debug_macro   0x00000000       0x16 ./src/uart.o
 .debug_macro   0x00000000       0x9e ./src/uart.o
 .debug_macro   0x00000000      0x341 ./src/uart.o
 .debug_macro   0x00000000      0x10b ./src/uart.o
 .debug_macro   0x00000000       0x10 ./src/uart.o
 .debug_macro   0x00000000       0x16 ./src/uart.o
 .debug_macro   0x00000000       0x43 ./src/uart.o
 .debug_macro   0x00000000       0x34 ./src/uart.o
 .debug_macro   0x00000000       0x10 ./src/uart.o
 .debug_macro   0x00000000       0x52 ./src/uart.o
 .debug_macro   0x00000000      0x182 ./src/uart.o
 .debug_macro   0x00000000       0x10 ./src/uart.o
 .debug_macro   0x00000000       0x1c ./src/uart.o
 .debug_macro   0x00000000       0x52 ./src/uart.o
 .debug_macro   0x00000000       0x22 ./src/uart.o
 .debug_macro   0x00000000       0x10 ./src/uart.o
 .debug_macro   0x00000000       0x52 ./src/uart.o
 .debug_macro   0x00000000       0xd5 ./src/uart.o
 .debug_macro   0x00000000       0x1c ./src/uart.o
 .debug_macro   0x00000000       0x3d ./src/uart.o
 .debug_macro   0x00000000       0x16 ./src/uart.o
 .debug_macro   0x00000000      0x16f ./src/uart.o
 .debug_macro   0x00000000       0x46 ./src/uart.o
 .debug_macro   0x00000000       0x10 ./src/uart.o
 .debug_macro   0x00000000       0x1c ./src/uart.o
 .debug_macro   0x00000000       0x94 ./src/uart.o
 .debug_macro   0x00000000       0x28 ./src/uart.o
 .group         0x00000000        0xc ./src/xprintf.o
 .group         0x00000000        0xc ./src/xprintf.o
 .group         0x00000000        0xc ./src/xprintf.o
 .group         0x00000000        0xc ./src/xprintf.o
 .group         0x00000000        0xc ./src/xprintf.o
 .group         0x00000000        0xc ./src/xprintf.o
 .group         0x00000000        0xc ./src/xprintf.o
 .group         0x00000000        0xc ./src/xprintf.o
 .group         0x00000000        0xc ./src/xprintf.o
 .group         0x00000000        0xc ./src/xprintf.o
 .group         0x00000000        0xc ./src/xprintf.o
 .group         0x00000000        0xc ./src/xprintf.o
 .group         0x00000000        0xc ./src/xprintf.o
 .group         0x00000000        0xc ./src/xprintf.o
 .group         0x00000000        0xc ./src/xprintf.o
 .group         0x00000000        0xc ./src/xprintf.o
 .group         0x00000000        0xc ./src/xprintf.o
 .group         0x00000000        0xc ./src/xprintf.o
 .group         0x00000000        0xc ./src/xprintf.o
 .group         0x00000000        0xc ./src/xprintf.o
 .group         0x00000000        0xc ./src/xprintf.o
 .text          0x00000000        0x0 ./src/xprintf.o
 .data          0x00000000        0x0 ./src/xprintf.o
 .bss           0x00000000        0x0 ./src/xprintf.o
 .text.xputc    0x00000000       0x2c ./src/xprintf.o
 .text.xputs    0x00000000       0x2c ./src/xprintf.o
 .text.xfputs   0x00000000       0x46 ./src/xprintf.o
 .text.xfprintf
                0x00000000       0x52 ./src/xprintf.o
 .text.xsprintf
                0x00000000       0x70 ./src/xprintf.o
 .text.put_dump
                0x00000000      0x19a ./src/xprintf.o
 .text.xgets    0x00000000       0xea ./src/xprintf.o
 .text.xatoi    0x00000000      0x216 ./src/xprintf.o
 .text.xatof    0x00000000      0x3cc ./src/xprintf.o
 .debug_macro   0x00000000      0x75a ./src/xprintf.o
 .debug_macro   0x00000000       0x46 ./src/xprintf.o
 .debug_macro   0x00000000       0x22 ./src/xprintf.o
 .debug_macro   0x00000000       0x52 ./src/xprintf.o
 .debug_macro   0x00000000       0x19 ./src/xprintf.o
 .debug_macro   0x00000000       0x94 ./src/xprintf.o
 .debug_macro   0x00000000       0x34 ./src/xprintf.o
 .debug_macro   0x00000000       0x34 ./src/xprintf.o
 .debug_macro   0x00000000      0x189 ./src/xprintf.o
 .debug_macro   0x00000000       0x16 ./src/xprintf.o
 .debug_macro   0x00000000       0x43 ./src/xprintf.o
 .debug_macro   0x00000000       0x57 ./src/xprintf.o
 .debug_macro   0x00000000       0x34 ./src/xprintf.o
 .debug_macro   0x00000000       0x10 ./src/xprintf.o
 .debug_macro   0x00000000       0x52 ./src/xprintf.o
 .debug_macro   0x00000000      0x182 ./src/xprintf.o
 .debug_macro   0x00000000      0x341 ./src/xprintf.o
 .debug_macro   0x00000000       0x35 ./src/xprintf.o
 .debug_macro   0x00000000      0x19b ./src/xprintf.o
 .text          0x00000000        0x0 /opt/riscv/riscv64-unknown-elf/lib/rv32imac/ilp32/libc.a(libc_a-memcpy.o)
 .data          0x00000000        0x0 /opt/riscv/riscv64-unknown-elf/lib/rv32imac/ilp32/libc.a(libc_a-memcpy.o)
 .bss           0x00000000        0x0 /opt/riscv/riscv64-unknown-elf/lib/rv32imac/ilp32/libc.a(libc_a-memcpy.o)
 .text          0x00000000        0x0 /opt/riscv/riscv64-unknown-elf/lib/rv32imac/ilp32/libc.a(libc_a-strlen.o)
 .data          0x00000000        0x0 /opt/riscv/riscv64-unknown-elf/lib/rv32imac/ilp32/libc.a(libc_a-strlen.o)
 .bss           0x00000000        0x0 /opt/riscv/riscv64-unknown-elf/lib/rv32imac/ilp32/libc.a(libc_a-strlen.o)
 .data          0x00000000        0x0 /opt/riscv/lib/gcc/riscv64-unknown-elf/12.2.0/rv32imac/ilp32/libgcc.a(_udivdi3.o)
 .bss           0x00000000        0x0 /opt/riscv/lib/gcc/riscv64-unknown-elf/12.2.0/rv32imac/ilp32/libgcc.a(_udivdi3.o)
 .eh_frame      0x00000000       0x28 /opt/riscv/lib/gcc/riscv64-unknown-elf/12.2.0/rv32imac/ilp32/libgcc.a(_udivdi3.o)
 .data          0x00000000        0x0 /opt/riscv/lib/gcc/riscv64-unknown-elf/12.2.0/rv32imac/ilp32/libgcc.a(_umoddi3.o)
 .bss           0x00000000        0x0 /opt/riscv/lib/gcc/riscv64-unknown-elf/12.2.0/rv32imac/ilp32/libgcc.a(_umoddi3.o)
 .eh_frame      0x00000000       0x28 /opt/riscv/lib/gcc/riscv64-unknown-elf/12.2.0/rv32imac/ilp32/libgcc.a(_umoddi3.o)
 .data          0x00000000        0x0 /opt/riscv/lib/gcc/riscv64-unknown-elf/12.2.0/rv32imac/ilp32/libgcc.a(adddf3.o)
 .bss           0x00000000        0x0 /opt/riscv/lib/gcc/riscv64-unknown-elf/12.2.0/rv32imac/ilp32/libgcc.a(adddf3.o)
 .data          0x00000000        0x0 /opt/riscv/lib/gcc/riscv64-unknown-elf/12.2.0/rv32imac/ilp32/libgcc.a(divdf3.o)
 .bss           0x00000000        0x0 /opt/riscv/lib/gcc/riscv64-unknown-elf/12.2.0/rv32imac/ilp32/libgcc.a(divdf3.o)
 .data          0x00000000        0x0 /opt/riscv/lib/gcc/riscv64-unknown-elf/12.2.0/rv32imac/ilp32/libgcc.a(eqdf2.o)
 .bss           0x00000000        0x0 /opt/riscv/lib/gcc/riscv64-unknown-elf/12.2.0/rv32imac/ilp32/libgcc.a(eqdf2.o)
 .data          0x00000000        0x0 /opt/riscv/lib/gcc/riscv64-unknown-elf/12.2.0/rv32imac/ilp32/libgcc.a(gedf2.o)
 .bss           0x00000000        0x0 /opt/riscv/lib/gcc/riscv64-unknown-elf/12.2.0/rv32imac/ilp32/libgcc.a(gedf2.o)
 .data          0x00000000        0x0 /opt/riscv/lib/gcc/riscv64-unknown-elf/12.2.0/rv32imac/ilp32/libgcc.a(ledf2.o)
 .bss           0x00000000        0x0 /opt/riscv/lib/gcc/riscv64-unknown-elf/12.2.0/rv32imac/ilp32/libgcc.a(ledf2.o)
 .data          0x00000000        0x0 /opt/riscv/lib/gcc/riscv64-unknown-elf/12.2.0/rv32imac/ilp32/libgcc.a(muldf3.o)
 .bss           0x00000000        0x0 /opt/riscv/lib/gcc/riscv64-unknown-elf/12.2.0/rv32imac/ilp32/libgcc.a(muldf3.o)
 .data          0x00000000        0x0 /opt/riscv/lib/gcc/riscv64-unknown-elf/12.2.0/rv32imac/ilp32/libgcc.a(subdf3.o)
 .bss           0x00000000        0x0 /opt/riscv/lib/gcc/riscv64-unknown-elf/12.2.0/rv32imac/ilp32/libgcc.a(subdf3.o)
 .data          0x00000000        0x0 /opt/riscv/lib/gcc/riscv64-unknown-elf/12.2.0/rv32imac/ilp32/libgcc.a(unorddf2.o)
 .bss           0x00000000        0x0 /opt/riscv/lib/gcc/riscv64-unknown-elf/12.2.0/rv32imac/ilp32/libgcc.a(unorddf2.o)
 .data          0x00000000        0x0 /opt/riscv/lib/gcc/riscv64-unknown-elf/12.2.0/rv32imac/ilp32/libgcc.a(fixdfsi.o)
 .bss           0x00000000        0x0 /opt/riscv/lib/gcc/riscv64-unknown-elf/12.2.0/rv32imac/ilp32/libgcc.a(fixdfsi.o)
 .data          0x00000000        0x0 /opt/riscv/lib/gcc/riscv64-unknown-elf/12.2.0/rv32imac/ilp32/libgcc.a(floatsidf.o)
 .bss           0x00000000        0x0 /opt/riscv/lib/gcc/riscv64-unknown-elf/12.2.0/rv32imac/ilp32/libgcc.a(floatsidf.o)
 .text          0x00000000        0x0 /opt/riscv/lib/gcc/riscv64-unknown-elf/12.2.0/rv32imac/ilp32/libgcc.a(_clz.o)
 .data          0x00000000        0x0 /opt/riscv/lib/gcc/riscv64-unknown-elf/12.2.0/rv32imac/ilp32/libgcc.a(_clz.o)
 .bss           0x00000000        0x0 /opt/riscv/lib/gcc/riscv64-unknown-elf/12.2.0/rv32imac/ilp32/libgcc.a(_clz.o)
 .data          0x00000000        0x0 /opt/riscv/lib/gcc/riscv64-unknown-elf/12.2.0/rv32imac/ilp32/libgcc.a(_clzsi2.o)
 .bss           0x00000000        0x0 /opt/riscv/lib/gcc/riscv64-unknown-elf/12.2.0/rv32imac/ilp32/libgcc.a(_clzsi2.o)

Memory Configuration

Name             Origin             Length             Attributes
ROM              0x90000000         0x00020000         xr
SDR              0x80000000         0x04000000         rw
RAM              0x88000000         0x0000c000         rw
*default*        0x00000000         0xffffffff

Linker script and memory map

LOAD ./src/gpio.o
LOAD ./src/gsensor.o
LOAD ./src/i2c.o
LOAD ./src/interrupt.o
LOAD ./src/libc-hooks.o
LOAD ./src/main.o
LOAD ./src/startup.o
LOAD ./src/system.o
LOAD ./src/uart.o
LOAD ./src/xprintf.o
LOAD /opt/riscv/riscv64-unknown-elf/lib/rv32imac/ilp32/libm.a
LOAD /opt/riscv/riscv64-unknown-elf/lib/rv32imac/ilp32/libc.a
LOAD /opt/riscv/lib/gcc/riscv64-unknown-elf/12.2.0/rv32imac/ilp32/libgcc.a
                0x00100000                        STACK_SIZE = 0x100000

.vectors        0x90000000      0x148
                0x90000000                        . = ALIGN (0x100)
 *(.vectors)
 .vectors       0x90000000      0x144 ./src/startup.o
 FILL mask 0x00000000
                0x90000144        0x4 LONG 0x0

.trap           0x90000150       0xba
                0x90000200                        . = ALIGN (0x100)
 *fill*         0x90000150       0xb0 
 *(.trap)
 .trap          0x90000200        0x6 ./src/startup.o
 FILL mask 0x00000000
                0x90000206        0x4 LONG 0x0

.startup        0x9000020a      0x176
                0x90000300                        . = ALIGN (0x100)
 *fill*         0x9000020a       0xf6 
 *(.startup*)
 .startup       0x90000300       0x7c ./src/startup.o
                0x90000300                _start
 *(.startup)
 FILL mask 0x00000000
                0x9000037c        0x4 LONG 0x0

.text           0x90000380     0x47fe
                0x90000400                        . = ALIGN (0x100)
 *fill*         0x90000380       0x80 
                [!provide]                        PROVIDE (__TEXT_START__ = .)
 *(.text.main)
 .text.main     0x90000400       0xea ./src/main.o
                0x90000400                main
 *(.text)
 .text          0x900004ea      0x35e /opt/riscv/lib/gcc/riscv64-unknown-elf/12.2.0/rv32imac/ilp32/libgcc.a(_udivdi3.o)
                0x900004ea                __udivdi3
 .text          0x90000848      0x328 /opt/riscv/lib/gcc/riscv64-unknown-elf/12.2.0/rv32imac/ilp32/libgcc.a(_umoddi3.o)
                0x90000848                __umoddi3
 .text          0x90000b70      0x62e /opt/riscv/lib/gcc/riscv64-unknown-elf/12.2.0/rv32imac/ilp32/libgcc.a(adddf3.o)
                0x90000b70                __adddf3
 .text          0x9000119e      0x522 /opt/riscv/lib/gcc/riscv64-unknown-elf/12.2.0/rv32imac/ilp32/libgcc.a(divdf3.o)
                0x9000119e                __divdf3
 .text          0x900016c0       0x6c /opt/riscv/lib/gcc/riscv64-unknown-elf/12.2.0/rv32imac/ilp32/libgcc.a(eqdf2.o)
                0x900016c0                __eqdf2
                0x900016c0                __nedf2
 .text          0x9000172c       0xc4 /opt/riscv/lib/gcc/riscv64-unknown-elf/12.2.0/rv32imac/ilp32/libgcc.a(gedf2.o)
                0x9000172c                __gtdf2
                0x9000172c                __gedf2
 .text          0x900017f0       0xc4 /opt/riscv/lib/gcc/riscv64-unknown-elf/12.2.0/rv32imac/ilp32/libgcc.a(ledf2.o)
                0x900017f0                __ltdf2
                0x900017f0                __ledf2
 .text          0x900018b4      0x464 /opt/riscv/lib/gcc/riscv64-unknown-elf/12.2.0/rv32imac/ilp32/libgcc.a(muldf3.o)
                0x900018b4                __muldf3
 .text          0x90001d18      0x668 /opt/riscv/lib/gcc/riscv64-unknown-elf/12.2.0/rv32imac/ilp32/libgcc.a(subdf3.o)
                0x90001d18                __subdf3
 .text          0x90002380       0x38 /opt/riscv/lib/gcc/riscv64-unknown-elf/12.2.0/rv32imac/ilp32/libgcc.a(unorddf2.o)
                0x90002380                __unorddf2
 .text          0x900023b8       0x66 /opt/riscv/lib/gcc/riscv64-unknown-elf/12.2.0/rv32imac/ilp32/libgcc.a(fixdfsi.o)
                0x900023b8                __fixdfsi
 .text          0x9000241e       0x66 /opt/riscv/lib/gcc/riscv64-unknown-elf/12.2.0/rv32imac/ilp32/libgcc.a(floatsidf.o)
                0x9000241e                __floatsidf
 .text          0x90002484       0x3c /opt/riscv/lib/gcc/riscv64-unknown-elf/12.2.0/rv32imac/ilp32/libgcc.a(_clzsi2.o)
                0x90002484                __clzsi2
 *(.text.*)
 .text.mem_wr32
                0x900024c0       0x20 ./src/gpio.o
 .text.mem_rd32
                0x900024e0       0x18 ./src/gpio.o
 .text.GPIO_Init
                0x900024f8       0x64 ./src/gpio.o
                0x900024f8                GPIO_Init
 .text.GPIO_SetSEG
                0x9000255c      0x164 ./src/gpio.o
                0x9000255c                GPIO_SetSEG
 .text.GPIO_SetLED
                0x900026c0       0x5e ./src/gpio.o
                0x900026c0                GPIO_SetLED
 .text.GPIO_GetKEY
                0x9000271e       0x34 ./src/gpio.o
                0x9000271e                GPIO_GetKEY
 .text.GPIO_GetSW10
                0x90002752       0x30 ./src/gpio.o
                0x90002752                GPIO_GetSW10
 .text.GSENSOR_Init
                0x90002782       0x24 ./src/gsensor.o
                0x90002782                GSENSOR_Init
 .text.GSENSOR_ReadXYZ
                0x900027a6       0x9a ./src/gsensor.o
                0x900027a6                GSENSOR_ReadXYZ
 .text.mem_wr8  0x90002840       0x24 ./src/i2c.o
 .text.mem_rd8  0x90002864       0x1e ./src/i2c.o
 .text.I2C_Init
                0x90002882       0x88 ./src/i2c.o
                0x90002882                I2C_Init
 .text.I2C_WriteByte
                0x9000290a      0x15e ./src/i2c.o
                0x9000290a                I2C_WriteByte
 .text.I2C_ReadMultiBytes
                0x90002a68      0x278 ./src/i2c.o
                0x90002a68                I2C_ReadMultiBytes
 .text.mem_wr32
                0x90002ce0       0x20 ./src/interrupt.o
 .text.mem_rd32
                0x90002d00       0x18 ./src/interrupt.o
 .text.mem_rd8  0x90002d18       0x1e ./src/interrupt.o
 .text.INT_Init
                0x90002d36       0xac ./src/interrupt.o
                0x90002d36                INT_Init
 .text.IRQ_Config
                0x90002de2      0x430 ./src/interrupt.o
                0x90002de2                IRQ_Config
 .text.INT_Config
                0x90003212       0xda ./src/interrupt.o
                0x90003212                INT_Config
 .text.MTIME_Init
                0x900032ec      0x106 ./src/interrupt.o
                0x900032ec                MTIME_Init
 .text.Interrupt_Nesting_Debug
                0x900033f2      0x182 ./src/interrupt.o
                0x900033f2                Interrupt_Nesting_Debug
 .text.INT_Handler_EXT
                0x90003574       0x5a ./src/interrupt.o
                0x90003574                INT_Handler_EXT
 .text.INT_Handler_MTIME
                0x900035ce       0xb2 ./src/interrupt.o
                0x900035ce                INT_Handler_MTIME
 .text.INT_Handler_MSOFT
                0x90003680       0x5e ./src/interrupt.o
                0x90003680                INT_Handler_MSOFT
 .text.INT_Handler_IRQ
                0x900036de      0x172 ./src/interrupt.o
                0x900036de                INT_Handler_IRQ
 .text.mem_wr32
                0x90003850       0x20 ./src/main.o
 .text.Get_System_Freq
                0x90003870       0x42 ./src/system.o
                0x90003870                Get_System_Freq
 .text.Wait_mSec
                0x900038b2      0x136 ./src/system.o
                0x900038b2                Wait_mSec
 .text.mem_wr8  0x900039e8       0x24 ./src/uart.o
 .text.mem_rd8  0x90003a0c       0x1e ./src/uart.o
 .text.INT_UART_Handler
                0x90003a2a       0x42 ./src/uart.o
                0x90003a2a                INT_UART_Handler
 .text.UART_Init
                0x90003a6c       0x88 ./src/uart.o
                0x90003a6c                UART_Init
 .text.UART_TxD
                0x90003af4       0x36 ./src/uart.o
                0x90003af4                UART_TxD
 .text.UART_RxD
                0x90003b2a       0x2c ./src/uart.o
                0x90003b2a                UART_RxD
 .text.ilog10   0x90003b56      0x15a ./src/xprintf.o
 .text.i10x     0x90003cb0      0x118 ./src/xprintf.o
 .text.ftoa     0x90003dc8      0x47c ./src/xprintf.o
 .text.xfputc   0x90004244       0x68 ./src/xprintf.o
                0x90004244                xfputc
 .text.xvfprintf
                0x900042ac      0x6d6 ./src/xprintf.o
 .text.xprintf  0x90004982       0x52 ./src/xprintf.o
                0x90004982                xprintf
 .text.memcpy   0x900049d4      0x146 /opt/riscv/riscv64-unknown-elf/lib/rv32imac/ilp32/libc.a(libc_a-memcpy.o)
                0x900049d4                memcpy
 .text.strlen   0x90004b1a       0x64 /opt/riscv/riscv64-unknown-elf/lib/rv32imac/ilp32/libc.a(libc_a-strlen.o)
                0x90004b1a                strlen
                [!provide]                        PROVIDE (__TEXT_END__ = .)

.rodata         0x90004b80      0x4ac
                0x90004c00                        . = ALIGN (0x100)
 *fill*         0x90004b80       0x80 
 *(.rodata)
 .rodata        0x90004c00      0x140 ./src/interrupt.o
 .rodata        0x90004d40       0x62 ./src/main.o
 *fill*         0x90004da2        0x6 
 .rodata        0x90004da8       0x68 ./src/xprintf.o
 .rodata        0x90004e10       0x3c /opt/riscv/lib/gcc/riscv64-unknown-elf/12.2.0/rv32imac/ilp32/libgcc.a(divdf3.o)
 .rodata        0x90004e4c      0x100 /opt/riscv/lib/gcc/riscv64-unknown-elf/12.2.0/rv32imac/ilp32/libgcc.a(_clz.o)
                0x90004e4c                __clz_tab
 *(.rodata.*)
 .rodata.LED7SEG
                0x90004f4c       0x10 ./src/gpio.o
 .rodata.xvfprintf
                0x90004f5c       0xd0 ./src/xprintf.o
                0x9000502c                        . = ALIGN (0x4)
                0x9000502c                        PROVIDE (__ROM_INIT_BGN__ = .)

.data           0x88000000        0x0 load address 0x9000502c
                0x88000000                        . = ALIGN (0x100)
                0x88000000                        PROVIDE (__RAM_INIT_BGN__ = .)
 *(.data)
 *(.data*)

.srodata        0x88000000        0x0 load address 0x9000502c
                0x88000800                        PROVIDE (__GLOBAL_PTR__ = (. + 0x800))
 *(.srodata)
 *(.srodata*)

.sdata          0x88000000        0x0 load address 0x9000502c
 *(.sdata)
 *(.sdata.*)
                0x88000000                        PROVIDE (__RAM_INIT_END__ = .)

.sbss           0x80000000       0x18
                0x80000000                        PROVIDE (__BSS_BGN__ = .)
 *(.sbss)
 *(.sbss.*)
 .sbss.I2C_DEV_ADDR7
                0x80000000        0x2 ./src/i2c.o
                0x80000000                I2C_DEV_ADDR7
 *fill*         0x80000002        0x2 
 .sbss.num.0    0x80000004        0x4 ./src/interrupt.o
 .sbss.uart_rxd_data
                0x80000008        0x4 ./src/uart.o
                0x80000008                uart_rxd_data
 .sbss.xfunc_output
                0x8000000c        0x4 ./src/xprintf.o
                0x8000000c                xfunc_output
 .sbss.strptr   0x80000010        0x4 ./src/xprintf.o
 .sbss.xfunc_input
                0x80000014        0x4 ./src/xprintf.o
                0x80000014                xfunc_input
 *(.scommon)

.bss            0x80000018        0x0
 *(.bss)
 *(.bss.*)
                0x80000018                        . = ALIGN (0x4)
                0x80000018                        PROVIDE (__BSS_END__ = .)

.stack          0x83f00000   0x100000
                [!provide]                        PROVIDE (__STACK_START__ = .)
                0x84000000                        . = (. + STACK_SIZE)
 *fill*         0x83f00000   0x100000 
                0x84000000                        PROVIDE (__STACK_TOP__ = .)
                [!provide]                        PROVIDE (__STACK_END__ = .)

/DISCARD/
 *(.eh_frame .eh_frame.*)
OUTPUT(mmRISC_SampleCPU.elf elf32-littleriscv)

.debug_info     0x00000000     0x506a
 .debug_info    0x00000000      0x247 ./src/gpio.o
 .debug_info    0x00000247      0x1a6 ./src/gsensor.o
 .debug_info    0x000003ed      0x29d ./src/i2c.o
 .debug_info    0x0000068a      0x780 ./src/interrupt.o
 .debug_info    0x00000e0a      0x282 ./src/main.o
 .debug_info    0x0000108c      0x1d8 ./src/system.o
 .debug_info    0x00001264      0x247 ./src/uart.o
 .debug_info    0x000014ab      0x6aa ./src/xprintf.o
 .debug_info    0x00001b55      0x761 /opt/riscv/lib/gcc/riscv64-unknown-elf/12.2.0/rv32imac/ilp32/libgcc.a(_udivdi3.o)
 .debug_info    0x000022b6      0x7b4 /opt/riscv/lib/gcc/riscv64-unknown-elf/12.2.0/rv32imac/ilp32/libgcc.a(_umoddi3.o)
 .debug_info    0x00002a6a      0x4fe /opt/riscv/lib/gcc/riscv64-unknown-elf/12.2.0/rv32imac/ilp32/libgcc.a(adddf3.o)
 .debug_info    0x00002f68      0x683 /opt/riscv/lib/gcc/riscv64-unknown-elf/12.2.0/rv32imac/ilp32/libgcc.a(divdf3.o)
 .debug_info    0x000035eb      0x222 /opt/riscv/lib/gcc/riscv64-unknown-elf/12.2.0/rv32imac/ilp32/libgcc.a(eqdf2.o)
 .debug_info    0x0000380d      0x224 /opt/riscv/lib/gcc/riscv64-unknown-elf/12.2.0/rv32imac/ilp32/libgcc.a(gedf2.o)
 .debug_info    0x00003a31      0x224 /opt/riscv/lib/gcc/riscv64-unknown-elf/12.2.0/rv32imac/ilp32/libgcc.a(ledf2.o)
 .debug_info    0x00003c55      0x6b4 /opt/riscv/lib/gcc/riscv64-unknown-elf/12.2.0/rv32imac/ilp32/libgcc.a(muldf3.o)
 .debug_info    0x00004309      0x4f5 /opt/riscv/lib/gcc/riscv64-unknown-elf/12.2.0/rv32imac/ilp32/libgcc.a(subdf3.o)
 .debug_info    0x000047fe      0x220 /opt/riscv/lib/gcc/riscv64-unknown-elf/12.2.0/rv32imac/ilp32/libgcc.a(unorddf2.o)
 .debug_info    0x00004a1e      0x1ca /opt/riscv/lib/gcc/riscv64-unknown-elf/12.2.0/rv32imac/ilp32/libgcc.a(fixdfsi.o)
 .debug_info    0x00004be8      0x268 /opt/riscv/lib/gcc/riscv64-unknown-elf/12.2.0/rv32imac/ilp32/libgcc.a(floatsidf.o)
 .debug_info    0x00004e50       0xd8 /opt/riscv/lib/gcc/riscv64-unknown-elf/12.2.0/rv32imac/ilp32/libgcc.a(_clz.o)
 .debug_info    0x00004f28      0x142 /opt/riscv/lib/gcc/riscv64-unknown-elf/12.2.0/rv32imac/ilp32/libgcc.a(_clzsi2.o)

.debug_abbrev   0x00000000     0x1d0e
 .debug_abbrev  0x00000000      0x124 ./src/gpio.o
 .debug_abbrev  0x00000124       0xcd ./src/gsensor.o
 .debug_abbrev  0x000001f1      0x11c ./src/i2c.o
 .debug_abbrev  0x0000030d      0x1dd ./src/interrupt.o
 .debug_abbrev  0x000004ea      0x123 ./src/main.o
 .debug_abbrev  0x0000060d       0xb9 ./src/system.o
 .debug_abbrev  0x000006c6      0x187 ./src/uart.o
 .debug_abbrev  0x0000084d      0x216 ./src/xprintf.o
 .debug_abbrev  0x00000a63      0x1a6 /opt/riscv/lib/gcc/riscv64-unknown-elf/12.2.0/rv32imac/ilp32/libgcc.a(_udivdi3.o)
 .debug_abbrev  0x00000c09      0x1aa /opt/riscv/lib/gcc/riscv64-unknown-elf/12.2.0/rv32imac/ilp32/libgcc.a(_umoddi3.o)
 .debug_abbrev  0x00000db3      0x17f /opt/riscv/lib/gcc/riscv64-unknown-elf/12.2.0/rv32imac/ilp32/libgcc.a(adddf3.o)
 .debug_abbrev  0x00000f32      0x17c /opt/riscv/lib/gcc/riscv64-unknown-elf/12.2.0/rv32imac/ilp32/libgcc.a(divdf3.o)
 .debug_abbrev  0x000010ae      0x175 /opt/riscv/lib/gcc/riscv64-unknown-elf/12.2.0/rv32imac/ilp32/libgcc.a(eqdf2.o)
 .debug_abbrev  0x00001223      0x153 /opt/riscv/lib/gcc/riscv64-unknown-elf/12.2.0/rv32imac/ilp32/libgcc.a(gedf2.o)
 .debug_abbrev  0x00001376      0x153 /opt/riscv/lib/gcc/riscv64-unknown-elf/12.2.0/rv32imac/ilp32/libgcc.a(ledf2.o)
 .debug_abbrev  0x000014c9      0x185 /opt/riscv/lib/gcc/riscv64-unknown-elf/12.2.0/rv32imac/ilp32/libgcc.a(muldf3.o)
 .debug_abbrev  0x0000164e      0x176 /opt/riscv/lib/gcc/riscv64-unknown-elf/12.2.0/rv32imac/ilp32/libgcc.a(subdf3.o)
 .debug_abbrev  0x000017c4      0x14f /opt/riscv/lib/gcc/riscv64-unknown-elf/12.2.0/rv32imac/ilp32/libgcc.a(unorddf2.o)
 .debug_abbrev  0x00001913      0x15d /opt/riscv/lib/gcc/riscv64-unknown-elf/12.2.0/rv32imac/ilp32/libgcc.a(fixdfsi.o)
 .debug_abbrev  0x00001a70      0x164 /opt/riscv/lib/gcc/riscv64-unknown-elf/12.2.0/rv32imac/ilp32/libgcc.a(floatsidf.o)
 .debug_abbrev  0x00001bd4       0x70 /opt/riscv/lib/gcc/riscv64-unknown-elf/12.2.0/rv32imac/ilp32/libgcc.a(_clz.o)
 .debug_abbrev  0x00001c44       0xca /opt/riscv/lib/gcc/riscv64-unknown-elf/12.2.0/rv32imac/ilp32/libgcc.a(_clzsi2.o)

.debug_aranges  0x00000000      0x438
 .debug_aranges
                0x00000000       0x50 ./src/gpio.o
 .debug_aranges
                0x00000050       0x28 ./src/gsensor.o
 .debug_aranges
                0x00000078       0x50 ./src/i2c.o
 .debug_aranges
                0x000000c8       0x80 ./src/interrupt.o
 .debug_aranges
                0x00000148       0x28 ./src/main.o
 .debug_aranges
                0x00000170       0x28 ./src/system.o
 .debug_aranges
                0x00000198       0x58 ./src/uart.o
 .debug_aranges
                0x000001f0       0x90 ./src/xprintf.o
 .debug_aranges
                0x00000280       0x20 /opt/riscv/lib/gcc/riscv64-unknown-elf/12.2.0/rv32imac/ilp32/libgcc.a(_udivdi3.o)
 .debug_aranges
                0x000002a0       0x20 /opt/riscv/lib/gcc/riscv64-unknown-elf/12.2.0/rv32imac/ilp32/libgcc.a(_umoddi3.o)
 .debug_aranges
                0x000002c0       0x20 /opt/riscv/lib/gcc/riscv64-unknown-elf/12.2.0/rv32imac/ilp32/libgcc.a(adddf3.o)
 .debug_aranges
                0x000002e0       0x20 /opt/riscv/lib/gcc/riscv64-unknown-elf/12.2.0/rv32imac/ilp32/libgcc.a(divdf3.o)
 .debug_aranges
                0x00000300       0x20 /opt/riscv/lib/gcc/riscv64-unknown-elf/12.2.0/rv32imac/ilp32/libgcc.a(eqdf2.o)
 .debug_aranges
                0x00000320       0x20 /opt/riscv/lib/gcc/riscv64-unknown-elf/12.2.0/rv32imac/ilp32/libgcc.a(gedf2.o)
 .debug_aranges
                0x00000340       0x20 /opt/riscv/lib/gcc/riscv64-unknown-elf/12.2.0/rv32imac/ilp32/libgcc.a(ledf2.o)
 .debug_aranges
                0x00000360       0x20 /opt/riscv/lib/gcc/riscv64-unknown-elf/12.2.0/rv32imac/ilp32/libgcc.a(muldf3.o)
 .debug_aranges
                0x00000380       0x20 /opt/riscv/lib/gcc/riscv64-unknown-elf/12.2.0/rv32imac/ilp32/libgcc.a(subdf3.o)
 .debug_aranges
                0x000003a0       0x20 /opt/riscv/lib/gcc/riscv64-unknown-elf/12.2.0/rv32imac/ilp32/libgcc.a(unorddf2.o)
 .debug_aranges
                0x000003c0       0x20 /opt/riscv/lib/gcc/riscv64-unknown-elf/12.2.0/rv32imac/ilp32/libgcc.a(fixdfsi.o)
 .debug_aranges
                0x000003e0       0x20 /opt/riscv/lib/gcc/riscv64-unknown-elf/12.2.0/rv32imac/ilp32/libgcc.a(floatsidf.o)
 .debug_aranges
                0x00000400       0x18 /opt/riscv/lib/gcc/riscv64-unknown-elf/12.2.0/rv32imac/ilp32/libgcc.a(_clz.o)
 .debug_aranges
                0x00000418       0x20 /opt/riscv/lib/gcc/riscv64-unknown-elf/12.2.0/rv32imac/ilp32/libgcc.a(_clzsi2.o)

.debug_rnglists
                0x00000000      0xe2d
 .debug_rnglists
                0x00000000       0x4c ./src/gpio.o
 .debug_rnglists
                0x0000004c       0x1f ./src/gsensor.o
 .debug_rnglists
                0x0000006b       0x4c ./src/i2c.o
 .debug_rnglists
                0x000000b7       0x82 ./src/interrupt.o
 .debug_rnglists
                0x00000139       0x1f ./src/main.o
 .debug_rnglists
                0x00000158       0x1f ./src/system.o
 .debug_rnglists
                0x00000177       0x55 ./src/uart.o
 .debug_rnglists
                0x000001cc       0x94 ./src/xprintf.o
 .debug_rnglists
                0x00000260      0x111 /opt/riscv/lib/gcc/riscv64-unknown-elf/12.2.0/rv32imac/ilp32/libgcc.a(_udivdi3.o)
 .debug_rnglists
                0x00000371       0xac /opt/riscv/lib/gcc/riscv64-unknown-elf/12.2.0/rv32imac/ilp32/libgcc.a(_umoddi3.o)
 .debug_rnglists
                0x0000041d      0x20f /opt/riscv/lib/gcc/riscv64-unknown-elf/12.2.0/rv32imac/ilp32/libgcc.a(adddf3.o)
 .debug_rnglists
                0x0000062c      0x177 /opt/riscv/lib/gcc/riscv64-unknown-elf/12.2.0/rv32imac/ilp32/libgcc.a(divdf3.o)
 .debug_rnglists
                0x000007a3       0x56 /opt/riscv/lib/gcc/riscv64-unknown-elf/12.2.0/rv32imac/ilp32/libgcc.a(eqdf2.o)
 .debug_rnglists
                0x000007f9       0x7b /opt/riscv/lib/gcc/riscv64-unknown-elf/12.2.0/rv32imac/ilp32/libgcc.a(gedf2.o)
 .debug_rnglists
                0x00000874       0x7b /opt/riscv/lib/gcc/riscv64-unknown-elf/12.2.0/rv32imac/ilp32/libgcc.a(ledf2.o)
 .debug_rnglists
                0x000008ef      0x1e6 /opt/riscv/lib/gcc/riscv64-unknown-elf/12.2.0/rv32imac/ilp32/libgcc.a(muldf3.o)
 .debug_rnglists
                0x00000ad5      0x275 /opt/riscv/lib/gcc/riscv64-unknown-elf/12.2.0/rv32imac/ilp32/libgcc.a(subdf3.o)
 .debug_rnglists
                0x00000d4a       0x3b /opt/riscv/lib/gcc/riscv64-unknown-elf/12.2.0/rv32imac/ilp32/libgcc.a(unorddf2.o)
 .debug_rnglists
                0x00000d85       0x1f /opt/riscv/lib/gcc/riscv64-unknown-elf/12.2.0/rv32imac/ilp32/libgcc.a(fixdfsi.o)
 .debug_rnglists
                0x00000da4       0x61 /opt/riscv/lib/gcc/riscv64-unknown-elf/12.2.0/rv32imac/ilp32/libgcc.a(floatsidf.o)
 .debug_rnglists
                0x00000e05       0x28 /opt/riscv/lib/gcc/riscv64-unknown-elf/12.2.0/rv32imac/ilp32/libgcc.a(_clzsi2.o)

.debug_macro    0x00000000     0x2db6
 .debug_macro   0x00000000      0x1d9 ./src/gpio.o
 .debug_macro   0x000001d9      0x75a ./src/gpio.o
 .debug_macro   0x00000933       0x22 ./src/gpio.o
 .debug_macro   0x00000955       0x8e ./src/gpio.o
 .debug_macro   0x000009e3       0x51 ./src/gpio.o
 .debug_macro   0x00000a34      0x103 ./src/gpio.o
 .debug_macro   0x00000b37       0x6a ./src/gpio.o
 .debug_macro   0x00000ba1      0x1df ./src/gpio.o
 .debug_macro   0x00000d80       0x58 ./src/gpio.o
 .debug_macro   0x00000dd8       0x19 ./src/gpio.o
 .debug_macro   0x00000df1       0x34 ./src/gpio.o
 .debug_macro   0x00000e25       0x34 ./src/gpio.o
 .debug_macro   0x00000e59       0x16 ./src/gpio.o
 .debug_macro   0x00000e6f       0x9e ./src/gpio.o
 .debug_macro   0x00000f0d      0x341 ./src/gpio.o
 .debug_macro   0x0000124e      0x10b ./src/gpio.o
 .debug_macro   0x00001359       0x10 ./src/gpio.o
 .debug_macro   0x00001369       0x16 ./src/gpio.o
 .debug_macro   0x0000137f       0x43 ./src/gpio.o
 .debug_macro   0x000013c2       0x34 ./src/gpio.o
 .debug_macro   0x000013f6       0x10 ./src/gpio.o
 .debug_macro   0x00001406       0x52 ./src/gpio.o
 .debug_macro   0x00001458      0x182 ./src/gpio.o
 .debug_macro   0x000015da       0x10 ./src/gpio.o
 .debug_macro   0x000015ea       0x1c ./src/gpio.o
 .debug_macro   0x00001606       0x52 ./src/gpio.o
 .debug_macro   0x00001658       0x22 ./src/gpio.o
 .debug_macro   0x0000167a       0x10 ./src/gpio.o
 .debug_macro   0x0000168a       0x52 ./src/gpio.o
 .debug_macro   0x000016dc       0xd5 ./src/gpio.o
 .debug_macro   0x000017b1       0x1c ./src/gpio.o
 .debug_macro   0x000017cd       0x3d ./src/gpio.o
 .debug_macro   0x0000180a       0x16 ./src/gpio.o
 .debug_macro   0x00001820      0x16f ./src/gpio.o
 .debug_macro   0x0000198f       0x46 ./src/gpio.o
 .debug_macro   0x000019d5       0x10 ./src/gpio.o
 .debug_macro   0x000019e5       0x94 ./src/gpio.o
 .debug_macro   0x00001a79      0x1eb ./src/gsensor.o
 .debug_macro   0x00001c64       0x82 ./src/gsensor.o
 .debug_macro   0x00001ce6       0xbe ./src/gsensor.o
 .debug_macro   0x00001da4      0x1dd ./src/i2c.o
 .debug_macro   0x00001f81      0x1f8 ./src/interrupt.o
 .debug_macro   0x00002179       0x1c ./src/interrupt.o
 .debug_macro   0x00002195       0x28 ./src/interrupt.o
 .debug_macro   0x000021bd       0xc4 ./src/interrupt.o
 .debug_macro   0x00002281      0x24e ./src/main.o
 .debug_macro   0x000024cf      0x189 ./src/main.o
 .debug_macro   0x00002658      0x19b ./src/main.o
 .debug_macro   0x000027f3       0x1c ./src/main.o
 .debug_macro   0x0000280f       0x16 ./src/main.o
 .debug_macro   0x00002825       0x16 ./src/main.o
 .debug_macro   0x0000283b       0x29 ./src/main.o
 .debug_macro   0x00002864      0x1d9 ./src/system.o
 .debug_macro   0x00002a3d      0x1ef ./src/uart.o
 .debug_macro   0x00002c2c      0x122 ./src/xprintf.o
 .debug_macro   0x00002d4e       0x10 ./src/xprintf.o
 .debug_macro   0x00002d5e       0x58 ./src/xprintf.o

.debug_line     0x00000000     0x99cd
 .debug_line    0x00000000      0x3e8 ./src/gpio.o
 .debug_line    0x000003e8      0x1d3 ./src/gsensor.o
 .debug_line    0x000005bb      0xe34 ./src/i2c.o
 .debug_line    0x000013ef      0xb44 ./src/interrupt.o
 .debug_line    0x00001f33      0x23c ./src/main.o
 .debug_line    0x0000216f      0x212 ./src/system.o
 .debug_line    0x00002381      0x32d ./src/uart.o
 .debug_line    0x000026ae     0x1615 ./src/xprintf.o
 .debug_line    0x00003cc3      0x713 /opt/riscv/lib/gcc/riscv64-unknown-elf/12.2.0/rv32imac/ilp32/libgcc.a(_udivdi3.o)
 .debug_line    0x000043d6      0x78d /opt/riscv/lib/gcc/riscv64-unknown-elf/12.2.0/rv32imac/ilp32/libgcc.a(_umoddi3.o)
 .debug_line    0x00004b63     0x1037 /opt/riscv/lib/gcc/riscv64-unknown-elf/12.2.0/rv32imac/ilp32/libgcc.a(adddf3.o)
 .debug_line    0x00005b9a      0xf87 /opt/riscv/lib/gcc/riscv64-unknown-elf/12.2.0/rv32imac/ilp32/libgcc.a(divdf3.o)
 .debug_line    0x00006b21      0x215 /opt/riscv/lib/gcc/riscv64-unknown-elf/12.2.0/rv32imac/ilp32/libgcc.a(eqdf2.o)
 .debug_line    0x00006d36      0x345 /opt/riscv/lib/gcc/riscv64-unknown-elf/12.2.0/rv32imac/ilp32/libgcc.a(gedf2.o)
 .debug_line    0x0000707b      0x345 /opt/riscv/lib/gcc/riscv64-unknown-elf/12.2.0/rv32imac/ilp32/libgcc.a(ledf2.o)
 .debug_line    0x000073c0      0xe0b /opt/riscv/lib/gcc/riscv64-unknown-elf/12.2.0/rv32imac/ilp32/libgcc.a(muldf3.o)
 .debug_line    0x000081cb     0x118b /opt/riscv/lib/gcc/riscv64-unknown-elf/12.2.0/rv32imac/ilp32/libgcc.a(subdf3.o)
 .debug_line    0x00009356      0x16f /opt/riscv/lib/gcc/riscv64-unknown-elf/12.2.0/rv32imac/ilp32/libgcc.a(unorddf2.o)
 .debug_line    0x000094c5      0x1db /opt/riscv/lib/gcc/riscv64-unknown-elf/12.2.0/rv32imac/ilp32/libgcc.a(fixdfsi.o)
 .debug_line    0x000096a0      0x223 /opt/riscv/lib/gcc/riscv64-unknown-elf/12.2.0/rv32imac/ilp32/libgcc.a(floatsidf.o)
 .debug_line    0x000098c3       0x3f /opt/riscv/lib/gcc/riscv64-unknown-elf/12.2.0/rv32imac/ilp32/libgcc.a(_clz.o)
 .debug_line    0x00009902       0xcb /opt/riscv/lib/gcc/riscv64-unknown-elf/12.2.0/rv32imac/ilp32/libgcc.a(_clzsi2.o)

.debug_str      0x00000000     0x8cac
 .debug_str     0x00000000     0x8cac ./src/gpio.o
                               0x720d (size before relaxing)
 .debug_str     0x00008cac     0x74a8 ./src/gsensor.o
 .debug_str     0x00008cac     0x71f6 ./src/i2c.o
 .debug_str     0x00008cac     0x776a ./src/interrupt.o
 .debug_str     0x00008cac     0x8321 ./src/main.o
 .debug_str     0x00008cac     0x7115 ./src/system.o
 .debug_str     0x00008cac     0x7373 ./src/uart.o
 .debug_str     0x00008cac     0x5e9a ./src/xprintf.o
 .debug_str     0x00008cac      0x24f /opt/riscv/lib/gcc/riscv64-unknown-elf/12.2.0/rv32imac/ilp32/libgcc.a(_udivdi3.o)
 .debug_str     0x00008cac      0x24f /opt/riscv/lib/gcc/riscv64-unknown-elf/12.2.0/rv32imac/ilp32/libgcc.a(_umoddi3.o)
 .debug_str     0x00008cac      0x2a9 /opt/riscv/lib/gcc/riscv64-unknown-elf/12.2.0/rv32imac/ilp32/libgcc.a(adddf3.o)
 .debug_str     0x00008cac      0x36b /opt/riscv/lib/gcc/riscv64-unknown-elf/12.2.0/rv32imac/ilp32/libgcc.a(divdf3.o)
 .debug_str     0x00008cac      0x1bb /opt/riscv/lib/gcc/riscv64-unknown-elf/12.2.0/rv32imac/ilp32/libgcc.a(eqdf2.o)
 .debug_str     0x00008cac      0x1df /opt/riscv/lib/gcc/riscv64-unknown-elf/12.2.0/rv32imac/ilp32/libgcc.a(gedf2.o)
 .debug_str     0x00008cac      0x1df /opt/riscv/lib/gcc/riscv64-unknown-elf/12.2.0/rv32imac/ilp32/libgcc.a(ledf2.o)
 .debug_str     0x00008cac      0x3c3 /opt/riscv/lib/gcc/riscv64-unknown-elf/12.2.0/rv32imac/ilp32/libgcc.a(muldf3.o)
 .debug_str     0x00008cac      0x2a9 /opt/riscv/lib/gcc/riscv64-unknown-elf/12.2.0/rv32imac/ilp32/libgcc.a(subdf3.o)
 .debug_str     0x00008cac      0x1be /opt/riscv/lib/gcc/riscv64-unknown-elf/12.2.0/rv32imac/ilp32/libgcc.a(unorddf2.o)
 .debug_str     0x00008cac      0x1b6 /opt/riscv/lib/gcc/riscv64-unknown-elf/12.2.0/rv32imac/ilp32/libgcc.a(fixdfsi.o)
 .debug_str     0x00008cac      0x253 /opt/riscv/lib/gcc/riscv64-unknown-elf/12.2.0/rv32imac/ilp32/libgcc.a(floatsidf.o)
 .debug_str     0x00008cac      0x19c /opt/riscv/lib/gcc/riscv64-unknown-elf/12.2.0/rv32imac/ilp32/libgcc.a(_clz.o)
 .debug_str     0x00008cac      0x1b9 /opt/riscv/lib/gcc/riscv64-unknown-elf/12.2.0/rv32imac/ilp32/libgcc.a(_clzsi2.o)

.debug_line_str
                0x00000000      0x5bb
 .debug_line_str
                0x00000000      0x5bb ./src/gpio.o
                                0x2ce (size before relaxing)
 .debug_line_str
                0x000005bb      0x2e0 ./src/gsensor.o
 .debug_line_str
                0x000005bb      0x2d3 ./src/i2c.o
 .debug_line_str
                0x000005bb      0x2ff ./src/interrupt.o
 .debug_line_str
                0x000005bb      0x322 ./src/main.o
 .debug_line_str
                0x000005bb      0x2d3 ./src/system.o
 .debug_line_str
                0x000005bb      0x2e4 ./src/uart.o
 .debug_line_str
                0x000005bb      0x24e ./src/xprintf.o
 .debug_line_str
                0x000005bb      0x142 /opt/riscv/lib/gcc/riscv64-unknown-elf/12.2.0/rv32imac/ilp32/libgcc.a(_udivdi3.o)
 .debug_line_str
                0x000005bb      0x142 /opt/riscv/lib/gcc/riscv64-unknown-elf/12.2.0/rv32imac/ilp32/libgcc.a(_umoddi3.o)
 .debug_line_str
                0x000005bb      0x14e /opt/riscv/lib/gcc/riscv64-unknown-elf/12.2.0/rv32imac/ilp32/libgcc.a(adddf3.o)
 .debug_line_str
                0x000005bb      0x158 /opt/riscv/lib/gcc/riscv64-unknown-elf/12.2.0/rv32imac/ilp32/libgcc.a(divdf3.o)
 .debug_line_str
                0x000005bb      0x15b /opt/riscv/lib/gcc/riscv64-unknown-elf/12.2.0/rv32imac/ilp32/libgcc.a(eqdf2.o)
 .debug_line_str
                0x000005bb      0x15b /opt/riscv/lib/gcc/riscv64-unknown-elf/12.2.0/rv32imac/ilp32/libgcc.a(gedf2.o)
 .debug_line_str
                0x000005bb      0x15b /opt/riscv/lib/gcc/riscv64-unknown-elf/12.2.0/rv32imac/ilp32/libgcc.a(ledf2.o)
 .debug_line_str
                0x000005bb      0x158 /opt/riscv/lib/gcc/riscv64-unknown-elf/12.2.0/rv32imac/ilp32/libgcc.a(muldf3.o)
 .debug_line_str
                0x000005bb      0x14e /opt/riscv/lib/gcc/riscv64-unknown-elf/12.2.0/rv32imac/ilp32/libgcc.a(subdf3.o)
 .debug_line_str
                0x000005bb      0x164 /opt/riscv/lib/gcc/riscv64-unknown-elf/12.2.0/rv32imac/ilp32/libgcc.a(unorddf2.o)
 .debug_line_str
                0x000005bb      0x15b /opt/riscv/lib/gcc/riscv64-unknown-elf/12.2.0/rv32imac/ilp32/libgcc.a(fixdfsi.o)
 .debug_line_str
                0x000005bb      0x161 /opt/riscv/lib/gcc/riscv64-unknown-elf/12.2.0/rv32imac/ilp32/libgcc.a(floatsidf.o)
 .debug_line_str
                0x000005bb      0x142 /opt/riscv/lib/gcc/riscv64-unknown-elf/12.2.0/rv32imac/ilp32/libgcc.a(_clz.o)
 .debug_line_str
                0x000005bb      0x142 /opt/riscv/lib/gcc/riscv64-unknown-elf/12.2.0/rv32imac/ilp32/libgcc.a(_clzsi2.o)

.comment        0x00000000       0x2d
 .comment       0x00000000       0x2d ./src/gpio.o
                                 0x1c (size before relaxing)
 .comment       0x0000002d       0x1c ./src/gsensor.o
 .comment       0x0000002d       0x1c ./src/i2c.o
 .comment       0x0000002d       0x1c ./src/interrupt.o
 .comment       0x0000002d       0x1c ./src/main.o
 .comment       0x0000002d       0x1c ./src/system.o
 .comment       0x0000002d       0x1c ./src/uart.o
 .comment       0x0000002d       0x1c ./src/xprintf.o
 .comment       0x0000002d       0x13 /opt/riscv/riscv64-unknown-elf/lib/rv32imac/ilp32/libc.a(libc_a-memcpy.o)
 .comment       0x0000002d       0x13 /opt/riscv/riscv64-unknown-elf/lib/rv32imac/ilp32/libc.a(libc_a-strlen.o)
 .comment       0x0000002d       0x1c /opt/riscv/lib/gcc/riscv64-unknown-elf/12.2.0/rv32imac/ilp32/libgcc.a(_udivdi3.o)
 .comment       0x0000002d       0x1c /opt/riscv/lib/gcc/riscv64-unknown-elf/12.2.0/rv32imac/ilp32/libgcc.a(_umoddi3.o)
 .comment       0x0000002d       0x1c /opt/riscv/lib/gcc/riscv64-unknown-elf/12.2.0/rv32imac/ilp32/libgcc.a(adddf3.o)
 .comment       0x0000002d       0x1c /opt/riscv/lib/gcc/riscv64-unknown-elf/12.2.0/rv32imac/ilp32/libgcc.a(divdf3.o)
 .comment       0x0000002d       0x1c /opt/riscv/lib/gcc/riscv64-unknown-elf/12.2.0/rv32imac/ilp32/libgcc.a(eqdf2.o)
 .comment       0x0000002d       0x1c /opt/riscv/lib/gcc/riscv64-unknown-elf/12.2.0/rv32imac/ilp32/libgcc.a(gedf2.o)
 .comment       0x0000002d       0x1c /opt/riscv/lib/gcc/riscv64-unknown-elf/12.2.0/rv32imac/ilp32/libgcc.a(ledf2.o)
 .comment       0x0000002d       0x1c /opt/riscv/lib/gcc/riscv64-unknown-elf/12.2.0/rv32imac/ilp32/libgcc.a(muldf3.o)
 .comment       0x0000002d       0x1c /opt/riscv/lib/gcc/riscv64-unknown-elf/12.2.0/rv32imac/ilp32/libgcc.a(subdf3.o)
 .comment       0x0000002d       0x1c /opt/riscv/lib/gcc/riscv64-unknown-elf/12.2.0/rv32imac/ilp32/libgcc.a(unorddf2.o)
 .comment       0x0000002d       0x1c /opt/riscv/lib/gcc/riscv64-unknown-elf/12.2.0/rv32imac/ilp32/libgcc.a(fixdfsi.o)
 .comment       0x0000002d       0x1c /opt/riscv/lib/gcc/riscv64-unknown-elf/12.2.0/rv32imac/ilp32/libgcc.a(floatsidf.o)
 .comment       0x0000002d       0x1c /opt/riscv/lib/gcc/riscv64-unknown-elf/12.2.0/rv32imac/ilp32/libgcc.a(_clz.o)
 .comment       0x0000002d       0x1c /opt/riscv/lib/gcc/riscv64-unknown-elf/12.2.0/rv32imac/ilp32/libgcc.a(_clzsi2.o)

.riscv.attributes
                0x00000000       0x54
 .riscv.attributes
                0x00000000       0x3d ./src/gpio.o
 .riscv.attributes
                0x0000003d       0x3d ./src/gsensor.o
 .riscv.attributes
                0x0000007a       0x3d ./src/i2c.o
 .riscv.attributes
                0x000000b7       0x41 ./src/interrupt.o
 .riscv.attributes
                0x000000f8       0x41 ./src/main.o
 .riscv.attributes
                0x00000139       0x41 ./src/system.o
 .riscv.attributes
                0x0000017a       0x3d ./src/uart.o
 .riscv.attributes
                0x000001b7       0x3d ./src/xprintf.o
 .riscv.attributes
                0x000001f4       0x47 /opt/riscv/riscv64-unknown-elf/lib/rv32imac/ilp32/libc.a(libc_a-memcpy.o)
 .riscv.attributes
                0x0000023b       0x47 /opt/riscv/riscv64-unknown-elf/lib/rv32imac/ilp32/libc.a(libc_a-strlen.o)
 .riscv.attributes
                0x00000282       0x34 /opt/riscv/lib/gcc/riscv64-unknown-elf/12.2.0/rv32imac/ilp32/libgcc.a(_udivdi3.o)
 .riscv.attributes
                0x000002b6       0x34 /opt/riscv/lib/gcc/riscv64-unknown-elf/12.2.0/rv32imac/ilp32/libgcc.a(_umoddi3.o)
 .riscv.attributes
                0x000002ea       0x34 /opt/riscv/lib/gcc/riscv64-unknown-elf/12.2.0/rv32imac/ilp32/libgcc.a(adddf3.o)
 .riscv.attributes
                0x0000031e       0x34 /opt/riscv/lib/gcc/riscv64-unknown-elf/12.2.0/rv32imac/ilp32/libgcc.a(divdf3.o)
 .riscv.attributes
                0x00000352       0x34 /opt/riscv/lib/gcc/riscv64-unknown-elf/12.2.0/rv32imac/ilp32/libgcc.a(eqdf2.o)
 .riscv.attributes
                0x00000386       0x34 /opt/riscv/lib/gcc/riscv64-unknown-elf/12.2.0/rv32imac/ilp32/libgcc.a(gedf2.o)
 .riscv.attributes
                0x000003ba       0x34 /opt/riscv/lib/gcc/riscv64-unknown-elf/12.2.0/rv32imac/ilp32/libgcc.a(ledf2.o)
 .riscv.attributes
                0x000003ee       0x34 /opt/riscv/lib/gcc/riscv64-unknown-elf/12.2.0/rv32imac/ilp32/libgcc.a(muldf3.o)
 .riscv.attributes
                0x00000422       0x34 /opt/riscv/lib/gcc/riscv64-unknown-elf/12.2.0/rv32imac/ilp32/libgcc.a(subdf3.o)
 .riscv.attributes
                0x00000456       0x34 /opt/riscv/lib/gcc/riscv64-unknown-elf/12.2.0/rv32imac/ilp32/libgcc.a(unorddf2.o)
 .riscv.attributes
                0x0000048a       0x34 /opt/riscv/lib/gcc/riscv64-unknown-elf/12.2.0/rv32imac/ilp32/libgcc.a(fixdfsi.o)
 .riscv.attributes
                0x000004be       0x34 /opt/riscv/lib/gcc/riscv64-unknown-elf/12.2.0/rv32imac/ilp32/libgcc.a(floatsidf.o)
 .riscv.attributes
                0x000004f2       0x34 /opt/riscv/lib/gcc/riscv64-unknown-elf/12.2.0/rv32imac/ilp32/libgcc.a(_clz.o)
 .riscv.attributes
                0x00000526       0x34 /opt/riscv/lib/gcc/riscv64-unknown-elf/12.2.0/rv32imac/ilp32/libgcc.a(_clzsi2.o)

.debug_frame    0x00000000      0xca4
 .debug_frame   0x00000000      0x120 ./src/gpio.o
 .debug_frame   0x00000120       0x60 ./src/gsensor.o
 .debug_frame   0x00000180      0x124 ./src/i2c.o
 .debug_frame   0x000002a4      0x320 ./src/interrupt.o
 .debug_frame   0x000005c4       0x50 ./src/main.o
 .debug_frame   0x00000614       0x74 ./src/system.o
 .debug_frame   0x00000688      0x148 ./src/uart.o
 .debug_frame   0x000007d0      0x2ac ./src/xprintf.o
 .debug_frame   0x00000a7c       0x44 /opt/riscv/lib/gcc/riscv64-unknown-elf/12.2.0/rv32imac/ilp32/libgcc.a(adddf3.o)
 .debug_frame   0x00000ac0       0x54 /opt/riscv/lib/gcc/riscv64-unknown-elf/12.2.0/rv32imac/ilp32/libgcc.a(divdf3.o)
 .debug_frame   0x00000b14       0x20 /opt/riscv/lib/gcc/riscv64-unknown-elf/12.2.0/rv32imac/ilp32/libgcc.a(eqdf2.o)
 .debug_frame   0x00000b34       0x20 /opt/riscv/lib/gcc/riscv64-unknown-elf/12.2.0/rv32imac/ilp32/libgcc.a(gedf2.o)
 .debug_frame   0x00000b54       0x20 /opt/riscv/lib/gcc/riscv64-unknown-elf/12.2.0/rv32imac/ilp32/libgcc.a(ledf2.o)
 .debug_frame   0x00000b74       0x54 /opt/riscv/lib/gcc/riscv64-unknown-elf/12.2.0/rv32imac/ilp32/libgcc.a(muldf3.o)
 .debug_frame   0x00000bc8       0x44 /opt/riscv/lib/gcc/riscv64-unknown-elf/12.2.0/rv32imac/ilp32/libgcc.a(subdf3.o)
 .debug_frame   0x00000c0c       0x20 /opt/riscv/lib/gcc/riscv64-unknown-elf/12.2.0/rv32imac/ilp32/libgcc.a(unorddf2.o)
 .debug_frame   0x00000c2c       0x20 /opt/riscv/lib/gcc/riscv64-unknown-elf/12.2.0/rv32imac/ilp32/libgcc.a(fixdfsi.o)
 .debug_frame   0x00000c4c       0x38 /opt/riscv/lib/gcc/riscv64-unknown-elf/12.2.0/rv32imac/ilp32/libgcc.a(floatsidf.o)
 .debug_frame   0x00000c84       0x20 /opt/riscv/lib/gcc/riscv64-unknown-elf/12.2.0/rv32imac/ilp32/libgcc.a(_clzsi2.o)

.debug_loclists
                0x00000000     0x5a7a
 .debug_loclists
                0x00000000      0xa4c /opt/riscv/lib/gcc/riscv64-unknown-elf/12.2.0/rv32imac/ilp32/libgcc.a(_udivdi3.o)
 .debug_loclists
                0x00000a4c      0x81d /opt/riscv/lib/gcc/riscv64-unknown-elf/12.2.0/rv32imac/ilp32/libgcc.a(_umoddi3.o)
 .debug_loclists
                0x00001269     0x10f5 /opt/riscv/lib/gcc/riscv64-unknown-elf/12.2.0/rv32imac/ilp32/libgcc.a(adddf3.o)
 .debug_loclists
                0x0000235e      0xf0a /opt/riscv/lib/gcc/riscv64-unknown-elf/12.2.0/rv32imac/ilp32/libgcc.a(divdf3.o)
 .debug_loclists
                0x00003268       0x87 /opt/riscv/lib/gcc/riscv64-unknown-elf/12.2.0/rv32imac/ilp32/libgcc.a(eqdf2.o)
 .debug_loclists
                0x000032ef      0x2f9 /opt/riscv/lib/gcc/riscv64-unknown-elf/12.2.0/rv32imac/ilp32/libgcc.a(gedf2.o)
 .debug_loclists
                0x000035e8      0x2f9 /opt/riscv/lib/gcc/riscv64-unknown-elf/12.2.0/rv32imac/ilp32/libgcc.a(ledf2.o)
 .debug_loclists
                0x000038e1      0xc0f /opt/riscv/lib/gcc/riscv64-unknown-elf/12.2.0/rv32imac/ilp32/libgcc.a(muldf3.o)
 .debug_loclists
                0x000044f0     0x1248 /opt/riscv/lib/gcc/riscv64-unknown-elf/12.2.0/rv32imac/ilp32/libgcc.a(subdf3.o)
 .debug_loclists
                0x00005738       0x45 /opt/riscv/lib/gcc/riscv64-unknown-elf/12.2.0/rv32imac/ilp32/libgcc.a(unorddf2.o)
 .debug_loclists
                0x0000577d      0x167 /opt/riscv/lib/gcc/riscv64-unknown-elf/12.2.0/rv32imac/ilp32/libgcc.a(fixdfsi.o)
 .debug_loclists
                0x000058e4      0x134 /opt/riscv/lib/gcc/riscv64-unknown-elf/12.2.0/rv32imac/ilp32/libgcc.a(floatsidf.o)
 .debug_loclists
                0x00005a18       0x62 /opt/riscv/lib/gcc/riscv64-unknown-elf/12.2.0/rv32imac/ilp32/libgcc.a(_clzsi2.o)
