------------------------------------------------------------
Timing Analyzer Summary
------------------------------------------------------------

Type  : Slow 1200mV 85C Model Setup 'CLK'
Slack : 0.735
TNS   : 0.000

Type  : Slow 1200mV 85C Model Setup 'CLKLO'
Slack : 10.756
TNS   : 0.000

Type  : Slow 1200mV 85C Model Setup 'CLK50'
Slack : 14.812
TNS   : 0.000

Type  : Slow 1200mV 85C Model Setup 'TCKo'
Slack : 28.047
TNS   : 0.000

Type  : Slow 1200mV 85C Model Setup 'TCKi'
Slack : 30.894
TNS   : 0.000

Type  : Slow 1200mV 85C Model Setup 'TCKC'
Slack : 33.634
TNS   : 0.000

Type  : Slow 1200mV 85C Model Setup 'TMSC'
Slack : 98.163
TNS   : 0.000

Type  : Slow 1200mV 85C Model Hold 'CLK'
Slack : 0.340
TNS   : 0.000

Type  : Slow 1200mV 85C Model Hold 'CLKLO'
Slack : 0.340
TNS   : 0.000

Type  : Slow 1200mV 85C Model Hold 'TCKC'
Slack : 0.341
TNS   : 0.000

Type  : Slow 1200mV 85C Model Hold 'TCKi'
Slack : 0.341
TNS   : 0.000

Type  : Slow 1200mV 85C Model Hold 'TCKo'
Slack : 0.341
TNS   : 0.000

Type  : Slow 1200mV 85C Model Hold 'CLK50'
Slack : 0.357
TNS   : 0.000

Type  : Slow 1200mV 85C Model Hold 'TMSC'
Slack : 0.378
TNS   : 0.000

Type  : Slow 1200mV 85C Model Recovery 'CLK'
Slack : 1.442
TNS   : 0.000

Type  : Slow 1200mV 85C Model Recovery 'LOCK'
Slack : 10.699
TNS   : 0.000

Type  : Slow 1200mV 85C Model Recovery 'CLKLO'
Slack : 11.463
TNS   : 0.000

Type  : Slow 1200mV 85C Model Recovery 'TCKi'
Slack : 34.876
TNS   : 0.000

Type  : Slow 1200mV 85C Model Recovery 'TCKo'
Slack : 37.599
TNS   : 0.000

Type  : Slow 1200mV 85C Model Recovery 'TCKC'
Slack : 40.057
TNS   : 0.000

Type  : Slow 1200mV 85C Model Removal 'CLK'
Slack : 1.357
TNS   : 0.000

Type  : Slow 1200mV 85C Model Removal 'CLKLO'
Slack : 1.357
TNS   : 0.000

Type  : Slow 1200mV 85C Model Removal 'TCKC'
Slack : 3.027
TNS   : 0.000

Type  : Slow 1200mV 85C Model Removal 'TCKo'
Slack : 3.027
TNS   : 0.000

Type  : Slow 1200mV 85C Model Removal 'TCKi'
Slack : 5.548
TNS   : 0.000

Type  : Slow 1200mV 85C Model Removal 'LOCK'
Slack : 6.998
TNS   : 0.000

Type  : Slow 1200mV 85C Model Minimum Pulse Width 'CLK50'
Slack : 9.638
TNS   : 0.000

Type  : Slow 1200mV 85C Model Minimum Pulse Width 'CLK'
Slack : 24.647
TNS   : 0.000

Type  : Slow 1200mV 85C Model Minimum Pulse Width 'TCKC'
Slack : 49.625
TNS   : 0.000

Type  : Slow 1200mV 85C Model Minimum Pulse Width 'TCKo'
Slack : 49.625
TNS   : 0.000

Type  : Slow 1200mV 85C Model Minimum Pulse Width 'TCKi'
Slack : 49.645
TNS   : 0.000

Type  : Slow 1200mV 85C Model Minimum Pulse Width 'TMSC'
Slack : 49.717
TNS   : 0.000

Type  : Slow 1200mV 85C Model Minimum Pulse Width 'LOCK'
Slack : 49.760
TNS   : 0.000

Type  : Slow 1200mV 85C Model Minimum Pulse Width 'CLKLO'
Slack : 4999.630
TNS   : 0.000

Type  : Slow 1200mV 0C Model Setup 'CLK'
Slack : 0.906
TNS   : 0.000

Type  : Slow 1200mV 0C Model Setup 'CLKLO'
Slack : 10.927
TNS   : 0.000

Type  : Slow 1200mV 0C Model Setup 'CLK50'
Slack : 15.370
TNS   : 0.000

Type  : Slow 1200mV 0C Model Setup 'TCKo'
Slack : 29.582
TNS   : 0.000

Type  : Slow 1200mV 0C Model Setup 'TCKi'
Slack : 32.116
TNS   : 0.000

Type  : Slow 1200mV 0C Model Setup 'TCKC'
Slack : 34.640
TNS   : 0.000

Type  : Slow 1200mV 0C Model Setup 'TMSC'
Slack : 98.313
TNS   : 0.000

Type  : Slow 1200mV 0C Model Hold 'CLK'
Slack : 0.305
TNS   : 0.000

Type  : Slow 1200mV 0C Model Hold 'CLKLO'
Slack : 0.305
TNS   : 0.000

Type  : Slow 1200mV 0C Model Hold 'TCKC'
Slack : 0.306
TNS   : 0.000

Type  : Slow 1200mV 0C Model Hold 'TCKi'
Slack : 0.306
TNS   : 0.000

Type  : Slow 1200mV 0C Model Hold 'TCKo'
Slack : 0.306
TNS   : 0.000

Type  : Slow 1200mV 0C Model Hold 'CLK50'
Slack : 0.323
TNS   : 0.000

Type  : Slow 1200mV 0C Model Hold 'TMSC'
Slack : 0.339
TNS   : 0.000

Type  : Slow 1200mV 0C Model Recovery 'CLK'
Slack : 1.589
TNS   : 0.000

Type  : Slow 1200mV 0C Model Recovery 'LOCK'
Slack : 11.017
TNS   : 0.000

Type  : Slow 1200mV 0C Model Recovery 'CLKLO'
Slack : 11.610
TNS   : 0.000

Type  : Slow 1200mV 0C Model Recovery 'TCKi'
Slack : 35.817
TNS   : 0.000

Type  : Slow 1200mV 0C Model Recovery 'TCKo'
Slack : 38.239
TNS   : 0.000

Type  : Slow 1200mV 0C Model Recovery 'TCKC'
Slack : 40.857
TNS   : 0.000

Type  : Slow 1200mV 0C Model Removal 'CLK'
Slack : 1.219
TNS   : 0.000

Type  : Slow 1200mV 0C Model Removal 'CLKLO'
Slack : 1.219
TNS   : 0.000

Type  : Slow 1200mV 0C Model Removal 'TCKC'
Slack : 2.835
TNS   : 0.000

Type  : Slow 1200mV 0C Model Removal 'TCKo'
Slack : 2.835
TNS   : 0.000

Type  : Slow 1200mV 0C Model Removal 'TCKi'
Slack : 5.096
TNS   : 0.000

Type  : Slow 1200mV 0C Model Removal 'LOCK'
Slack : 6.486
TNS   : 0.000

Type  : Slow 1200mV 0C Model Minimum Pulse Width 'CLK50'
Slack : 9.724
TNS   : 0.000

Type  : Slow 1200mV 0C Model Minimum Pulse Width 'CLK'
Slack : 24.613
TNS   : 0.000

Type  : Slow 1200mV 0C Model Minimum Pulse Width 'TCKC'
Slack : 49.657
TNS   : 0.000

Type  : Slow 1200mV 0C Model Minimum Pulse Width 'TCKo'
Slack : 49.657
TNS   : 0.000

Type  : Slow 1200mV 0C Model Minimum Pulse Width 'TCKi'
Slack : 49.665
TNS   : 0.000

Type  : Slow 1200mV 0C Model Minimum Pulse Width 'LOCK'
Slack : 49.757
TNS   : 0.000

Type  : Slow 1200mV 0C Model Minimum Pulse Width 'TMSC'
Slack : 49.759
TNS   : 0.000

Type  : Slow 1200mV 0C Model Minimum Pulse Width 'CLKLO'
Slack : 4999.604
TNS   : 0.000

Type  : Fast 1200mV 0C Model Setup 'CLK'
Slack : 2.958
TNS   : 0.000

Type  : Fast 1200mV 0C Model Setup 'CLKLO'
Slack : 12.964
TNS   : 0.000

Type  : Fast 1200mV 0C Model Setup 'CLK50'
Slack : 17.298
TNS   : 0.000

Type  : Fast 1200mV 0C Model Setup 'TCKo'
Slack : 35.784
TNS   : 0.000

Type  : Fast 1200mV 0C Model Setup 'TCKi'
Slack : 37.087
TNS   : 0.000

Type  : Fast 1200mV 0C Model Setup 'TCKC'
Slack : 39.096
TNS   : 0.000

Type  : Fast 1200mV 0C Model Setup 'TMSC'
Slack : 99.221
TNS   : 0.000

Type  : Fast 1200mV 0C Model Hold 'CLK'
Slack : 0.147
TNS   : 0.000

Type  : Fast 1200mV 0C Model Hold 'CLKLO'
Slack : 0.147
TNS   : 0.000

Type  : Fast 1200mV 0C Model Hold 'TCKC'
Slack : 0.148
TNS   : 0.000

Type  : Fast 1200mV 0C Model Hold 'TCKi'
Slack : 0.148
TNS   : 0.000

Type  : Fast 1200mV 0C Model Hold 'TCKo'
Slack : 0.148
TNS   : 0.000

Type  : Fast 1200mV 0C Model Hold 'CLK50'
Slack : 0.154
TNS   : 0.000

Type  : Fast 1200mV 0C Model Hold 'TMSC'
Slack : 0.166
TNS   : 0.000

Type  : Fast 1200mV 0C Model Recovery 'CLK'
Slack : 3.325
TNS   : 0.000

Type  : Fast 1200mV 0C Model Recovery 'LOCK'
Slack : 12.798
TNS   : 0.000

Type  : Fast 1200mV 0C Model Recovery 'CLKLO'
Slack : 13.331
TNS   : 0.000

Type  : Fast 1200mV 0C Model Recovery 'TCKi'
Slack : 40.361
TNS   : 0.000

Type  : Fast 1200mV 0C Model Recovery 'TCKo'
Slack : 41.606
TNS   : 0.000

Type  : Fast 1200mV 0C Model Recovery 'TCKC'
Slack : 45.567
TNS   : 0.000

Type  : Fast 1200mV 0C Model Removal 'CLKLO'
Slack : 0.453
TNS   : 0.000

Type  : Fast 1200mV 0C Model Removal 'CLK'
Slack : 0.471
TNS   : 0.000

Type  : Fast 1200mV 0C Model Removal 'TCKC'
Slack : 1.260
TNS   : 0.000

Type  : Fast 1200mV 0C Model Removal 'TCKo'
Slack : 1.260
TNS   : 0.000

Type  : Fast 1200mV 0C Model Removal 'TCKi'
Slack : 2.576
TNS   : 0.000

Type  : Fast 1200mV 0C Model Removal 'LOCK'
Slack : 2.994
TNS   : 0.000

Type  : Fast 1200mV 0C Model Minimum Pulse Width 'CLK50'
Slack : 9.342
TNS   : 0.000

Type  : Fast 1200mV 0C Model Minimum Pulse Width 'CLK'
Slack : 24.581
TNS   : 0.000

Type  : Fast 1200mV 0C Model Minimum Pulse Width 'TCKC'
Slack : 49.085
TNS   : 0.000

Type  : Fast 1200mV 0C Model Minimum Pulse Width 'TCKo'
Slack : 49.085
TNS   : 0.000

Type  : Fast 1200mV 0C Model Minimum Pulse Width 'TCKi'
Slack : 49.276
TNS   : 0.000

Type  : Fast 1200mV 0C Model Minimum Pulse Width 'TMSC'
Slack : 49.426
TNS   : 0.000

Type  : Fast 1200mV 0C Model Minimum Pulse Width 'LOCK'
Slack : 49.780
TNS   : 0.000

Type  : Fast 1200mV 0C Model Minimum Pulse Width 'CLKLO'
Slack : 4999.582
TNS   : 0.000

------------------------------------------------------------
