Archive member included to satisfy reference by file (symbol)

/opt/riscv/lib/gcc/riscv64-unknown-elf/10.2.0/../../../../riscv64-unknown-elf/lib/rv32imafc/ilp32f/libm.a(lib_a-sf_sin.o)
                              ./src/float.o (sinf)
/opt/riscv/lib/gcc/riscv64-unknown-elf/10.2.0/../../../../riscv64-unknown-elf/lib/rv32imafc/ilp32f/libm.a(lib_a-ef_rem_pio2.o)
                              /opt/riscv/lib/gcc/riscv64-unknown-elf/10.2.0/../../../../riscv64-unknown-elf/lib/rv32imafc/ilp32f/libm.a(lib_a-sf_sin.o) (__ieee754_rem_pio2f)
/opt/riscv/lib/gcc/riscv64-unknown-elf/10.2.0/../../../../riscv64-unknown-elf/lib/rv32imafc/ilp32f/libm.a(lib_a-kf_cos.o)
                              /opt/riscv/lib/gcc/riscv64-unknown-elf/10.2.0/../../../../riscv64-unknown-elf/lib/rv32imafc/ilp32f/libm.a(lib_a-sf_sin.o) (__kernel_cosf)
/opt/riscv/lib/gcc/riscv64-unknown-elf/10.2.0/../../../../riscv64-unknown-elf/lib/rv32imafc/ilp32f/libm.a(lib_a-kf_rem_pio2.o)
                              /opt/riscv/lib/gcc/riscv64-unknown-elf/10.2.0/../../../../riscv64-unknown-elf/lib/rv32imafc/ilp32f/libm.a(lib_a-ef_rem_pio2.o) (__kernel_rem_pio2f)
/opt/riscv/lib/gcc/riscv64-unknown-elf/10.2.0/../../../../riscv64-unknown-elf/lib/rv32imafc/ilp32f/libm.a(lib_a-kf_sin.o)
                              /opt/riscv/lib/gcc/riscv64-unknown-elf/10.2.0/../../../../riscv64-unknown-elf/lib/rv32imafc/ilp32f/libm.a(lib_a-sf_sin.o) (__kernel_sinf)
/opt/riscv/lib/gcc/riscv64-unknown-elf/10.2.0/../../../../riscv64-unknown-elf/lib/rv32imafc/ilp32f/libm.a(lib_a-sf_fabs.o)
                              /opt/riscv/lib/gcc/riscv64-unknown-elf/10.2.0/../../../../riscv64-unknown-elf/lib/rv32imafc/ilp32f/libm.a(lib_a-ef_rem_pio2.o) (fabsf)
/opt/riscv/lib/gcc/riscv64-unknown-elf/10.2.0/../../../../riscv64-unknown-elf/lib/rv32imafc/ilp32f/libm.a(lib_a-sf_floor.o)
                              /opt/riscv/lib/gcc/riscv64-unknown-elf/10.2.0/../../../../riscv64-unknown-elf/lib/rv32imafc/ilp32f/libm.a(lib_a-kf_rem_pio2.o) (floorf)
/opt/riscv/lib/gcc/riscv64-unknown-elf/10.2.0/../../../../riscv64-unknown-elf/lib/rv32imafc/ilp32f/libm.a(lib_a-sf_scalbn.o)
                              /opt/riscv/lib/gcc/riscv64-unknown-elf/10.2.0/../../../../riscv64-unknown-elf/lib/rv32imafc/ilp32f/libm.a(lib_a-kf_rem_pio2.o) (scalbnf)
/opt/riscv/lib/gcc/riscv64-unknown-elf/10.2.0/../../../../riscv64-unknown-elf/lib/rv32imafc/ilp32f/libc.a(lib_a-strlen.o)
                              ./src/xprintf.o (strlen)
/opt/riscv/lib/gcc/riscv64-unknown-elf/10.2.0/rv32imafc/ilp32f/libgcc.a(_udivdi3.o)
                              ./src/xprintf.o (__udivdi3)
/opt/riscv/lib/gcc/riscv64-unknown-elf/10.2.0/rv32imafc/ilp32f/libgcc.a(_umoddi3.o)
                              ./src/xprintf.o (__umoddi3)
/opt/riscv/lib/gcc/riscv64-unknown-elf/10.2.0/rv32imafc/ilp32f/libgcc.a(adddf3.o)
                              ./src/xprintf.o (__adddf3)
/opt/riscv/lib/gcc/riscv64-unknown-elf/10.2.0/rv32imafc/ilp32f/libgcc.a(divdf3.o)
                              ./src/xprintf.o (__divdf3)
/opt/riscv/lib/gcc/riscv64-unknown-elf/10.2.0/rv32imafc/ilp32f/libgcc.a(eqdf2.o)
                              ./src/xprintf.o (__nedf2)
/opt/riscv/lib/gcc/riscv64-unknown-elf/10.2.0/rv32imafc/ilp32f/libgcc.a(gedf2.o)
                              ./src/xprintf.o (__gedf2)
/opt/riscv/lib/gcc/riscv64-unknown-elf/10.2.0/rv32imafc/ilp32f/libgcc.a(ledf2.o)
                              ./src/xprintf.o (__ledf2)
/opt/riscv/lib/gcc/riscv64-unknown-elf/10.2.0/rv32imafc/ilp32f/libgcc.a(muldf3.o)
                              ./src/float.o (__muldf3)
/opt/riscv/lib/gcc/riscv64-unknown-elf/10.2.0/rv32imafc/ilp32f/libgcc.a(subdf3.o)
                              ./src/xprintf.o (__subdf3)
/opt/riscv/lib/gcc/riscv64-unknown-elf/10.2.0/rv32imafc/ilp32f/libgcc.a(unorddf2.o)
                              ./src/xprintf.o (__unorddf2)
/opt/riscv/lib/gcc/riscv64-unknown-elf/10.2.0/rv32imafc/ilp32f/libgcc.a(fixdfsi.o)
                              ./src/xprintf.o (__fixdfsi)
/opt/riscv/lib/gcc/riscv64-unknown-elf/10.2.0/rv32imafc/ilp32f/libgcc.a(floatsidf.o)
                              ./src/xprintf.o (__floatsidf)
/opt/riscv/lib/gcc/riscv64-unknown-elf/10.2.0/rv32imafc/ilp32f/libgcc.a(extendsfdf2.o)
                              ./src/float.o (__extendsfdf2)
/opt/riscv/lib/gcc/riscv64-unknown-elf/10.2.0/rv32imafc/ilp32f/libgcc.a(truncdfsf2.o)
                              ./src/float.o (__truncdfsf2)
/opt/riscv/lib/gcc/riscv64-unknown-elf/10.2.0/rv32imafc/ilp32f/libgcc.a(_clz.o)
                              /opt/riscv/lib/gcc/riscv64-unknown-elf/10.2.0/rv32imafc/ilp32f/libgcc.a(_udivdi3.o) (__clz_tab)
/opt/riscv/lib/gcc/riscv64-unknown-elf/10.2.0/rv32imafc/ilp32f/libgcc.a(_clzsi2.o)
                              /opt/riscv/lib/gcc/riscv64-unknown-elf/10.2.0/rv32imafc/ilp32f/libgcc.a(adddf3.o) (__clzsi2)

Discarded input sections

 .group         0x0000000000000000        0xc ./src/float.o
 .group         0x0000000000000000        0xc ./src/float.o
 .group         0x0000000000000000        0xc ./src/float.o
 .group         0x0000000000000000        0xc ./src/float.o
 .group         0x0000000000000000        0xc ./src/float.o
 .group         0x0000000000000000        0xc ./src/float.o
 .group         0x0000000000000000        0xc ./src/float.o
 .group         0x0000000000000000        0xc ./src/float.o
 .group         0x0000000000000000        0xc ./src/float.o
 .group         0x0000000000000000        0xc ./src/float.o
 .group         0x0000000000000000        0xc ./src/float.o
 .group         0x0000000000000000        0xc ./src/float.o
 .group         0x0000000000000000        0xc ./src/float.o
 .group         0x0000000000000000        0xc ./src/float.o
 .group         0x0000000000000000        0xc ./src/float.o
 .group         0x0000000000000000        0xc ./src/float.o
 .group         0x0000000000000000        0xc ./src/float.o
 .group         0x0000000000000000        0xc ./src/float.o
 .group         0x0000000000000000        0xc ./src/float.o
 .group         0x0000000000000000        0xc ./src/float.o
 .group         0x0000000000000000        0xc ./src/float.o
 .group         0x0000000000000000        0xc ./src/float.o
 .group         0x0000000000000000        0xc ./src/float.o
 .group         0x0000000000000000        0xc ./src/float.o
 .group         0x0000000000000000        0xc ./src/float.o
 .group         0x0000000000000000        0xc ./src/float.o
 .group         0x0000000000000000        0xc ./src/float.o
 .group         0x0000000000000000        0xc ./src/float.o
 .group         0x0000000000000000        0xc ./src/float.o
 .group         0x0000000000000000        0xc ./src/float.o
 .group         0x0000000000000000        0xc ./src/float.o
 .group         0x0000000000000000        0xc ./src/float.o
 .group         0x0000000000000000        0xc ./src/float.o
 .group         0x0000000000000000        0xc ./src/float.o
 .group         0x0000000000000000        0xc ./src/float.o
 .group         0x0000000000000000        0xc ./src/float.o
 .group         0x0000000000000000        0xc ./src/float.o
 .group         0x0000000000000000        0xc ./src/float.o
 .group         0x0000000000000000        0xc ./src/float.o
 .group         0x0000000000000000        0xc ./src/float.o
 .group         0x0000000000000000        0xc ./src/float.o
 .group         0x0000000000000000        0xc ./src/float.o
 .group         0x0000000000000000        0xc ./src/float.o
 .group         0x0000000000000000        0xc ./src/float.o
 .group         0x0000000000000000        0xc ./src/float.o
 .text          0x0000000000000000        0x0 ./src/float.o
 .data          0x0000000000000000        0x0 ./src/float.o
 .bss           0x0000000000000000        0x0 ./src/float.o
 .rodata.LED7SEG
                0x0000000000000000       0x10 ./src/float.o
 .group         0x0000000000000000        0xc ./src/gpio.o
 .group         0x0000000000000000        0xc ./src/gpio.o
 .group         0x0000000000000000        0xc ./src/gpio.o
 .group         0x0000000000000000        0xc ./src/gpio.o
 .group         0x0000000000000000        0xc ./src/gpio.o
 .group         0x0000000000000000        0xc ./src/gpio.o
 .group         0x0000000000000000        0xc ./src/gpio.o
 .group         0x0000000000000000        0xc ./src/gpio.o
 .group         0x0000000000000000        0xc ./src/gpio.o
 .group         0x0000000000000000        0xc ./src/gpio.o
 .group         0x0000000000000000        0xc ./src/gpio.o
 .group         0x0000000000000000        0xc ./src/gpio.o
 .group         0x0000000000000000        0xc ./src/gpio.o
 .group         0x0000000000000000        0xc ./src/gpio.o
 .group         0x0000000000000000        0xc ./src/gpio.o
 .group         0x0000000000000000        0xc ./src/gpio.o
 .group         0x0000000000000000        0xc ./src/gpio.o
 .group         0x0000000000000000        0xc ./src/gpio.o
 .group         0x0000000000000000        0xc ./src/gpio.o
 .group         0x0000000000000000        0xc ./src/gpio.o
 .group         0x0000000000000000        0xc ./src/gpio.o
 .group         0x0000000000000000        0xc ./src/gpio.o
 .group         0x0000000000000000        0xc ./src/gpio.o
 .group         0x0000000000000000        0xc ./src/gpio.o
 .group         0x0000000000000000        0xc ./src/gpio.o
 .group         0x0000000000000000        0xc ./src/gpio.o
 .group         0x0000000000000000        0xc ./src/gpio.o
 .group         0x0000000000000000        0xc ./src/gpio.o
 .group         0x0000000000000000        0xc ./src/gpio.o
 .group         0x0000000000000000        0xc ./src/gpio.o
 .group         0x0000000000000000        0xc ./src/gpio.o
 .group         0x0000000000000000        0xc ./src/gpio.o
 .group         0x0000000000000000        0xc ./src/gpio.o
 .group         0x0000000000000000        0xc ./src/gpio.o
 .group         0x0000000000000000        0xc ./src/gpio.o
 .group         0x0000000000000000        0xc ./src/gpio.o
 .text          0x0000000000000000        0x0 ./src/gpio.o
 .data          0x0000000000000000        0x0 ./src/gpio.o
 .bss           0x0000000000000000        0x0 ./src/gpio.o
 .debug_macro   0x0000000000000000      0x71e ./src/gpio.o
 .debug_macro   0x0000000000000000       0x22 ./src/gpio.o
 .debug_macro   0x0000000000000000      0x103 ./src/gpio.o
 .debug_macro   0x0000000000000000       0x6a ./src/gpio.o
 .debug_macro   0x0000000000000000      0x1df ./src/gpio.o
 .debug_macro   0x0000000000000000       0x20 ./src/gpio.o
 .debug_macro   0x0000000000000000       0x34 ./src/gpio.o
 .debug_macro   0x0000000000000000       0x34 ./src/gpio.o
 .debug_macro   0x0000000000000000       0x16 ./src/gpio.o
 .debug_macro   0x0000000000000000       0x97 ./src/gpio.o
 .debug_macro   0x0000000000000000      0x341 ./src/gpio.o
 .debug_macro   0x0000000000000000       0xfd ./src/gpio.o
 .debug_macro   0x0000000000000000       0x10 ./src/gpio.o
 .debug_macro   0x0000000000000000       0x16 ./src/gpio.o
 .debug_macro   0x0000000000000000       0x43 ./src/gpio.o
 .debug_macro   0x0000000000000000       0x34 ./src/gpio.o
 .debug_macro   0x0000000000000000       0x10 ./src/gpio.o
 .debug_macro   0x0000000000000000       0x52 ./src/gpio.o
 .debug_macro   0x0000000000000000      0x182 ./src/gpio.o
 .debug_macro   0x0000000000000000       0x10 ./src/gpio.o
 .debug_macro   0x0000000000000000       0x1c ./src/gpio.o
 .debug_macro   0x0000000000000000       0x52 ./src/gpio.o
 .debug_macro   0x0000000000000000       0x22 ./src/gpio.o
 .debug_macro   0x0000000000000000       0x10 ./src/gpio.o
 .debug_macro   0x0000000000000000       0x52 ./src/gpio.o
 .debug_macro   0x0000000000000000       0xd5 ./src/gpio.o
 .debug_macro   0x0000000000000000       0x1c ./src/gpio.o
 .debug_macro   0x0000000000000000       0x3d ./src/gpio.o
 .debug_macro   0x0000000000000000       0x16 ./src/gpio.o
 .debug_macro   0x0000000000000000      0x16f ./src/gpio.o
 .debug_macro   0x0000000000000000       0x46 ./src/gpio.o
 .debug_macro   0x0000000000000000       0x10 ./src/gpio.o
 .debug_macro   0x0000000000000000       0xa0 ./src/gpio.o
 .group         0x0000000000000000        0xc ./src/interrupt.o
 .group         0x0000000000000000        0xc ./src/interrupt.o
 .group         0x0000000000000000        0xc ./src/interrupt.o
 .group         0x0000000000000000        0xc ./src/interrupt.o
 .group         0x0000000000000000        0xc ./src/interrupt.o
 .group         0x0000000000000000        0xc ./src/interrupt.o
 .group         0x0000000000000000        0xc ./src/interrupt.o
 .group         0x0000000000000000        0xc ./src/interrupt.o
 .group         0x0000000000000000        0xc ./src/interrupt.o
 .group         0x0000000000000000        0xc ./src/interrupt.o
 .group         0x0000000000000000        0xc ./src/interrupt.o
 .group         0x0000000000000000        0xc ./src/interrupt.o
 .group         0x0000000000000000        0xc ./src/interrupt.o
 .group         0x0000000000000000        0xc ./src/interrupt.o
 .group         0x0000000000000000        0xc ./src/interrupt.o
 .group         0x0000000000000000        0xc ./src/interrupt.o
 .group         0x0000000000000000        0xc ./src/interrupt.o
 .group         0x0000000000000000        0xc ./src/interrupt.o
 .group         0x0000000000000000        0xc ./src/interrupt.o
 .group         0x0000000000000000        0xc ./src/interrupt.o
 .group         0x0000000000000000        0xc ./src/interrupt.o
 .group         0x0000000000000000        0xc ./src/interrupt.o
 .group         0x0000000000000000        0xc ./src/interrupt.o
 .group         0x0000000000000000        0xc ./src/interrupt.o
 .group         0x0000000000000000        0xc ./src/interrupt.o
 .group         0x0000000000000000        0xc ./src/interrupt.o
 .group         0x0000000000000000        0xc ./src/interrupt.o
 .group         0x0000000000000000        0xc ./src/interrupt.o
 .group         0x0000000000000000        0xc ./src/interrupt.o
 .group         0x0000000000000000        0xc ./src/interrupt.o
 .group         0x0000000000000000        0xc ./src/interrupt.o
 .group         0x0000000000000000        0xc ./src/interrupt.o
 .group         0x0000000000000000        0xc ./src/interrupt.o
 .group         0x0000000000000000        0xc ./src/interrupt.o
 .group         0x0000000000000000        0xc ./src/interrupt.o
 .group         0x0000000000000000        0xc ./src/interrupt.o
 .group         0x0000000000000000        0xc ./src/interrupt.o
 .group         0x0000000000000000        0xc ./src/interrupt.o
 .group         0x0000000000000000        0xc ./src/interrupt.o
 .text          0x0000000000000000        0x0 ./src/interrupt.o
 .data          0x0000000000000000        0x0 ./src/interrupt.o
 .bss           0x0000000000000000        0x0 ./src/interrupt.o
 .rodata.LED7SEG
                0x0000000000000000       0x10 ./src/interrupt.o
 .debug_macro   0x0000000000000000      0x71e ./src/interrupt.o
 .debug_macro   0x0000000000000000       0x22 ./src/interrupt.o
 .debug_macro   0x0000000000000000       0x8e ./src/interrupt.o
 .debug_macro   0x0000000000000000       0x51 ./src/interrupt.o
 .debug_macro   0x0000000000000000      0x103 ./src/interrupt.o
 .debug_macro   0x0000000000000000       0x6a ./src/interrupt.o
 .debug_macro   0x0000000000000000      0x1df ./src/interrupt.o
 .debug_macro   0x0000000000000000       0x58 ./src/interrupt.o
 .debug_macro   0x0000000000000000       0x20 ./src/interrupt.o
 .debug_macro   0x0000000000000000       0x34 ./src/interrupt.o
 .debug_macro   0x0000000000000000       0x34 ./src/interrupt.o
 .debug_macro   0x0000000000000000       0x16 ./src/interrupt.o
 .debug_macro   0x0000000000000000       0x97 ./src/interrupt.o
 .debug_macro   0x0000000000000000      0x341 ./src/interrupt.o
 .debug_macro   0x0000000000000000       0xfd ./src/interrupt.o
 .debug_macro   0x0000000000000000       0x10 ./src/interrupt.o
 .debug_macro   0x0000000000000000       0x16 ./src/interrupt.o
 .debug_macro   0x0000000000000000       0x43 ./src/interrupt.o
 .debug_macro   0x0000000000000000       0x34 ./src/interrupt.o
 .debug_macro   0x0000000000000000       0x10 ./src/interrupt.o
 .debug_macro   0x0000000000000000       0x52 ./src/interrupt.o
 .debug_macro   0x0000000000000000      0x182 ./src/interrupt.o
 .debug_macro   0x0000000000000000       0x10 ./src/interrupt.o
 .debug_macro   0x0000000000000000       0x1c ./src/interrupt.o
 .debug_macro   0x0000000000000000       0x52 ./src/interrupt.o
 .debug_macro   0x0000000000000000       0x22 ./src/interrupt.o
 .debug_macro   0x0000000000000000       0x10 ./src/interrupt.o
 .debug_macro   0x0000000000000000       0x52 ./src/interrupt.o
 .debug_macro   0x0000000000000000       0xd5 ./src/interrupt.o
 .debug_macro   0x0000000000000000       0x1c ./src/interrupt.o
 .debug_macro   0x0000000000000000       0x3d ./src/interrupt.o
 .debug_macro   0x0000000000000000       0x16 ./src/interrupt.o
 .debug_macro   0x0000000000000000      0x16f ./src/interrupt.o
 .debug_macro   0x0000000000000000       0x46 ./src/interrupt.o
 .debug_macro   0x0000000000000000       0x10 ./src/interrupt.o
 .debug_macro   0x0000000000000000       0x1c ./src/interrupt.o
 .debug_macro   0x0000000000000000       0xa0 ./src/interrupt.o
 .debug_macro   0x0000000000000000       0x28 ./src/interrupt.o
 .group         0x0000000000000000        0xc ./src/libc-hooks.o
 .group         0x0000000000000000        0xc ./src/libc-hooks.o
 .group         0x0000000000000000        0xc ./src/libc-hooks.o
 .group         0x0000000000000000        0xc ./src/libc-hooks.o
 .group         0x0000000000000000        0xc ./src/libc-hooks.o
 .group         0x0000000000000000        0xc ./src/libc-hooks.o
 .group         0x0000000000000000        0xc ./src/libc-hooks.o
 .group         0x0000000000000000        0xc ./src/libc-hooks.o
 .group         0x0000000000000000        0xc ./src/libc-hooks.o
 .group         0x0000000000000000        0xc ./src/libc-hooks.o
 .group         0x0000000000000000        0xc ./src/libc-hooks.o
 .group         0x0000000000000000        0xc ./src/libc-hooks.o
 .group         0x0000000000000000        0xc ./src/libc-hooks.o
 .group         0x0000000000000000        0xc ./src/libc-hooks.o
 .group         0x0000000000000000        0xc ./src/libc-hooks.o
 .group         0x0000000000000000        0xc ./src/libc-hooks.o
 .group         0x0000000000000000        0xc ./src/libc-hooks.o
 .group         0x0000000000000000        0xc ./src/libc-hooks.o
 .group         0x0000000000000000        0xc ./src/libc-hooks.o
 .group         0x0000000000000000        0xc ./src/libc-hooks.o
 .group         0x0000000000000000        0xc ./src/libc-hooks.o
 .group         0x0000000000000000        0xc ./src/libc-hooks.o
 .group         0x0000000000000000        0xc ./src/libc-hooks.o
 .group         0x0000000000000000        0xc ./src/libc-hooks.o
 .group         0x0000000000000000        0xc ./src/libc-hooks.o
 .group         0x0000000000000000        0xc ./src/libc-hooks.o
 .group         0x0000000000000000        0xc ./src/libc-hooks.o
 .group         0x0000000000000000        0xc ./src/libc-hooks.o
 .group         0x0000000000000000        0xc ./src/libc-hooks.o
 .group         0x0000000000000000        0xc ./src/libc-hooks.o
 .group         0x0000000000000000        0xc ./src/libc-hooks.o
 .group         0x0000000000000000        0xc ./src/libc-hooks.o
 .group         0x0000000000000000        0xc ./src/libc-hooks.o
 .group         0x0000000000000000        0xc ./src/libc-hooks.o
 .group         0x0000000000000000        0xc ./src/libc-hooks.o
 .group         0x0000000000000000        0xc ./src/libc-hooks.o
 .group         0x0000000000000000        0xc ./src/libc-hooks.o
 .text          0x0000000000000000        0x0 ./src/libc-hooks.o
 .data          0x0000000000000000        0x0 ./src/libc-hooks.o
 .bss           0x0000000000000000        0x0 ./src/libc-hooks.o
 .bss.heap_base
                0x0000000000000000     0x2000 ./src/libc-hooks.o
 .sbss.heap_sz  0x0000000000000000        0x4 ./src/libc-hooks.o
 .text._sbrk    0x0000000000000000       0x5c ./src/libc-hooks.o
 .text._open    0x0000000000000000       0x18 ./src/libc-hooks.o
 .text._close   0x0000000000000000       0x14 ./src/libc-hooks.o
 .text._stdout_hook_default
                0x0000000000000000       0x14 ./src/libc-hooks.o
 .sdata._stdout_hook
                0x0000000000000000        0x4 ./src/libc-hooks.o
 .text.__stdout_hook_install
                0x0000000000000000       0x1e ./src/libc-hooks.o
 .text._stdin_hook_default
                0x0000000000000000       0x10 ./src/libc-hooks.o
 .sdata._stdin_hook
                0x0000000000000000        0x4 ./src/libc-hooks.o
 .text.__stdin_hook_install
                0x0000000000000000       0x1e ./src/libc-hooks.o
 .text._read    0x0000000000000000       0x98 ./src/libc-hooks.o
 .text._write   0x0000000000000000       0x78 ./src/libc-hooks.o
 .text._lseek   0x0000000000000000       0x1c ./src/libc-hooks.o
 .text._exit    0x0000000000000000        0xc ./src/libc-hooks.o
 .text._isatty  0x0000000000000000       0x14 ./src/libc-hooks.o
 .text._kill    0x0000000000000000       0x18 ./src/libc-hooks.o
 .text._getpid  0x0000000000000000       0x10 ./src/libc-hooks.o
 .text._fstat   0x0000000000000000       0x20 ./src/libc-hooks.o
 .debug_info    0x0000000000000000      0x5f9 ./src/libc-hooks.o
 .debug_abbrev  0x0000000000000000      0x1d4 ./src/libc-hooks.o
 .debug_aranges
                0x0000000000000000       0x90 ./src/libc-hooks.o
 .debug_ranges  0x0000000000000000       0x80 ./src/libc-hooks.o
 .debug_macro   0x0000000000000000      0x1d4 ./src/libc-hooks.o
 .debug_macro   0x0000000000000000      0x71e ./src/libc-hooks.o
 .debug_macro   0x0000000000000000       0x22 ./src/libc-hooks.o
 .debug_macro   0x0000000000000000       0x52 ./src/libc-hooks.o
 .debug_macro   0x0000000000000000       0x20 ./src/libc-hooks.o
 .debug_macro   0x0000000000000000       0x94 ./src/libc-hooks.o
 .debug_macro   0x0000000000000000       0x34 ./src/libc-hooks.o
 .debug_macro   0x0000000000000000       0x34 ./src/libc-hooks.o
 .debug_macro   0x0000000000000000       0x16 ./src/libc-hooks.o
 .debug_macro   0x0000000000000000       0x57 ./src/libc-hooks.o
 .debug_macro   0x0000000000000000       0x97 ./src/libc-hooks.o
 .debug_macro   0x0000000000000000      0x341 ./src/libc-hooks.o
 .debug_macro   0x0000000000000000       0xfd ./src/libc-hooks.o
 .debug_macro   0x0000000000000000       0x10 ./src/libc-hooks.o
 .debug_macro   0x0000000000000000       0x16 ./src/libc-hooks.o
 .debug_macro   0x0000000000000000       0x43 ./src/libc-hooks.o
 .debug_macro   0x0000000000000000       0x34 ./src/libc-hooks.o
 .debug_macro   0x0000000000000000       0x10 ./src/libc-hooks.o
 .debug_macro   0x0000000000000000       0x52 ./src/libc-hooks.o
 .debug_macro   0x0000000000000000      0x182 ./src/libc-hooks.o
 .debug_macro   0x0000000000000000       0x10 ./src/libc-hooks.o
 .debug_macro   0x0000000000000000       0x6a ./src/libc-hooks.o
 .debug_macro   0x0000000000000000       0x1c ./src/libc-hooks.o
 .debug_macro   0x0000000000000000       0x52 ./src/libc-hooks.o
 .debug_macro   0x0000000000000000       0x22 ./src/libc-hooks.o
 .debug_macro   0x0000000000000000       0x10 ./src/libc-hooks.o
 .debug_macro   0x0000000000000000       0x52 ./src/libc-hooks.o
 .debug_macro   0x0000000000000000       0xd5 ./src/libc-hooks.o
 .debug_macro   0x0000000000000000       0x1c ./src/libc-hooks.o
 .debug_macro   0x0000000000000000       0x3d ./src/libc-hooks.o
 .debug_macro   0x0000000000000000       0x16 ./src/libc-hooks.o
 .debug_macro   0x0000000000000000      0x16f ./src/libc-hooks.o
 .debug_macro   0x0000000000000000       0x16 ./src/libc-hooks.o
 .debug_macro   0x0000000000000000       0x35 ./src/libc-hooks.o
 .debug_macro   0x0000000000000000       0x10 ./src/libc-hooks.o
 .debug_macro   0x0000000000000000       0x10 ./src/libc-hooks.o
 .debug_macro   0x0000000000000000       0x35 ./src/libc-hooks.o
 .debug_macro   0x0000000000000000      0x12c ./src/libc-hooks.o
 .debug_line    0x0000000000000000      0x5c9 ./src/libc-hooks.o
 .debug_str     0x0000000000000000     0x6bad ./src/libc-hooks.o
 .comment       0x0000000000000000       0x13 ./src/libc-hooks.o
 .debug_frame   0x0000000000000000      0x22c ./src/libc-hooks.o
 .riscv.attributes
                0x0000000000000000       0x30 ./src/libc-hooks.o
 .group         0x0000000000000000        0xc ./src/main.o
 .group         0x0000000000000000        0xc ./src/main.o
 .group         0x0000000000000000        0xc ./src/main.o
 .group         0x0000000000000000        0xc ./src/main.o
 .group         0x0000000000000000        0xc ./src/main.o
 .group         0x0000000000000000        0xc ./src/main.o
 .group         0x0000000000000000        0xc ./src/main.o
 .group         0x0000000000000000        0xc ./src/main.o
 .group         0x0000000000000000        0xc ./src/main.o
 .group         0x0000000000000000        0xc ./src/main.o
 .group         0x0000000000000000        0xc ./src/main.o
 .group         0x0000000000000000        0xc ./src/main.o
 .group         0x0000000000000000        0xc ./src/main.o
 .group         0x0000000000000000        0xc ./src/main.o
 .group         0x0000000000000000        0xc ./src/main.o
 .group         0x0000000000000000        0xc ./src/main.o
 .group         0x0000000000000000        0xc ./src/main.o
 .group         0x0000000000000000        0xc ./src/main.o
 .group         0x0000000000000000        0xc ./src/main.o
 .group         0x0000000000000000        0xc ./src/main.o
 .group         0x0000000000000000        0xc ./src/main.o
 .group         0x0000000000000000        0xc ./src/main.o
 .group         0x0000000000000000        0xc ./src/main.o
 .group         0x0000000000000000        0xc ./src/main.o
 .group         0x0000000000000000        0xc ./src/main.o
 .group         0x0000000000000000        0xc ./src/main.o
 .group         0x0000000000000000        0xc ./src/main.o
 .group         0x0000000000000000        0xc ./src/main.o
 .group         0x0000000000000000        0xc ./src/main.o
 .group         0x0000000000000000        0xc ./src/main.o
 .group         0x0000000000000000        0xc ./src/main.o
 .group         0x0000000000000000        0xc ./src/main.o
 .group         0x0000000000000000        0xc ./src/main.o
 .group         0x0000000000000000        0xc ./src/main.o
 .group         0x0000000000000000        0xc ./src/main.o
 .group         0x0000000000000000        0xc ./src/main.o
 .group         0x0000000000000000        0xc ./src/main.o
 .group         0x0000000000000000        0xc ./src/main.o
 .group         0x0000000000000000        0xc ./src/main.o
 .group         0x0000000000000000        0xc ./src/main.o
 .group         0x0000000000000000        0xc ./src/main.o
 .group         0x0000000000000000        0xc ./src/main.o
 .group         0x0000000000000000        0xc ./src/main.o
 .group         0x0000000000000000        0xc ./src/main.o
 .group         0x0000000000000000        0xc ./src/main.o
 .text          0x0000000000000000        0x0 ./src/main.o
 .data          0x0000000000000000        0x0 ./src/main.o
 .bss           0x0000000000000000        0x0 ./src/main.o
 .rodata.LED7SEG
                0x0000000000000000       0x10 ./src/main.o
 .debug_macro   0x0000000000000000      0x71e ./src/main.o
 .debug_macro   0x0000000000000000       0x22 ./src/main.o
 .debug_macro   0x0000000000000000       0x52 ./src/main.o
 .debug_macro   0x0000000000000000       0x20 ./src/main.o
 .debug_macro   0x0000000000000000       0x94 ./src/main.o
 .debug_macro   0x0000000000000000       0x34 ./src/main.o
 .debug_macro   0x0000000000000000       0x34 ./src/main.o
 .debug_macro   0x0000000000000000       0x16 ./src/main.o
 .debug_macro   0x0000000000000000       0x43 ./src/main.o
 .debug_macro   0x0000000000000000       0x57 ./src/main.o
 .debug_macro   0x0000000000000000       0x34 ./src/main.o
 .debug_macro   0x0000000000000000       0x10 ./src/main.o
 .debug_macro   0x0000000000000000       0x52 ./src/main.o
 .debug_macro   0x0000000000000000      0x182 ./src/main.o
 .debug_macro   0x0000000000000000      0x341 ./src/main.o
 .debug_macro   0x0000000000000000      0x19b ./src/main.o
 .debug_macro   0x0000000000000000      0x103 ./src/main.o
 .debug_macro   0x0000000000000000       0x6a ./src/main.o
 .debug_macro   0x0000000000000000      0x1df ./src/main.o
 .debug_macro   0x0000000000000000       0x35 ./src/main.o
 .debug_macro   0x0000000000000000       0x10 ./src/main.o
 .debug_macro   0x0000000000000000       0x10 ./src/main.o
 .debug_macro   0x0000000000000000       0x1c ./src/main.o
 .debug_macro   0x0000000000000000       0x52 ./src/main.o
 .debug_macro   0x0000000000000000       0x22 ./src/main.o
 .debug_macro   0x0000000000000000       0x10 ./src/main.o
 .debug_macro   0x0000000000000000       0x52 ./src/main.o
 .debug_macro   0x0000000000000000       0xd5 ./src/main.o
 .debug_macro   0x0000000000000000       0x1c ./src/main.o
 .debug_macro   0x0000000000000000       0x3d ./src/main.o
 .debug_macro   0x0000000000000000       0x16 ./src/main.o
 .debug_macro   0x0000000000000000      0x16f ./src/main.o
 .debug_macro   0x0000000000000000       0x16 ./src/main.o
 .debug_macro   0x0000000000000000       0x16 ./src/main.o
 .debug_macro   0x0000000000000000       0x29 ./src/main.o
 .debug_macro   0x0000000000000000       0x46 ./src/main.o
 .debug_macro   0x0000000000000000       0x10 ./src/main.o
 .debug_macro   0x0000000000000000       0x1c ./src/main.o
 .debug_macro   0x0000000000000000       0x16 ./src/main.o
 .debug_macro   0x0000000000000000       0x4c ./src/main.o
 .debug_macro   0x0000000000000000       0xa0 ./src/main.o
 .debug_macro   0x0000000000000000       0xac ./src/main.o
 .debug_macro   0x0000000000000000       0x28 ./src/main.o
 .text          0x0000000000000000        0x0 ./src/startup.o
 .data          0x0000000000000000        0x0 ./src/startup.o
 .bss           0x0000000000000000        0x0 ./src/startup.o
 .debug_line    0x0000000000000000      0x5bb ./src/startup.o
 .debug_info    0x0000000000000000       0x22 ./src/startup.o
 .debug_abbrev  0x0000000000000000       0x12 ./src/startup.o
 .debug_aranges
                0x0000000000000000       0x30 ./src/startup.o
 .debug_str     0x0000000000000000       0x58 ./src/startup.o
 .debug_ranges  0x0000000000000000       0x28 ./src/startup.o
 .riscv.attributes
                0x0000000000000000       0x32 ./src/startup.o
 .group         0x0000000000000000        0xc ./src/system.o
 .group         0x0000000000000000        0xc ./src/system.o
 .group         0x0000000000000000        0xc ./src/system.o
 .group         0x0000000000000000        0xc ./src/system.o
 .group         0x0000000000000000        0xc ./src/system.o
 .group         0x0000000000000000        0xc ./src/system.o
 .group         0x0000000000000000        0xc ./src/system.o
 .group         0x0000000000000000        0xc ./src/system.o
 .group         0x0000000000000000        0xc ./src/system.o
 .group         0x0000000000000000        0xc ./src/system.o
 .group         0x0000000000000000        0xc ./src/system.o
 .group         0x0000000000000000        0xc ./src/system.o
 .group         0x0000000000000000        0xc ./src/system.o
 .group         0x0000000000000000        0xc ./src/system.o
 .group         0x0000000000000000        0xc ./src/system.o
 .group         0x0000000000000000        0xc ./src/system.o
 .group         0x0000000000000000        0xc ./src/system.o
 .group         0x0000000000000000        0xc ./src/system.o
 .group         0x0000000000000000        0xc ./src/system.o
 .group         0x0000000000000000        0xc ./src/system.o
 .group         0x0000000000000000        0xc ./src/system.o
 .group         0x0000000000000000        0xc ./src/system.o
 .group         0x0000000000000000        0xc ./src/system.o
 .group         0x0000000000000000        0xc ./src/system.o
 .group         0x0000000000000000        0xc ./src/system.o
 .group         0x0000000000000000        0xc ./src/system.o
 .group         0x0000000000000000        0xc ./src/system.o
 .group         0x0000000000000000        0xc ./src/system.o
 .group         0x0000000000000000        0xc ./src/system.o
 .group         0x0000000000000000        0xc ./src/system.o
 .group         0x0000000000000000        0xc ./src/system.o
 .group         0x0000000000000000        0xc ./src/system.o
 .group         0x0000000000000000        0xc ./src/system.o
 .group         0x0000000000000000        0xc ./src/system.o
 .group         0x0000000000000000        0xc ./src/system.o
 .group         0x0000000000000000        0xc ./src/system.o
 .text          0x0000000000000000        0x0 ./src/system.o
 .data          0x0000000000000000        0x0 ./src/system.o
 .bss           0x0000000000000000        0x0 ./src/system.o
 .debug_macro   0x0000000000000000      0x71e ./src/system.o
 .debug_macro   0x0000000000000000       0x22 ./src/system.o
 .debug_macro   0x0000000000000000       0x8e ./src/system.o
 .debug_macro   0x0000000000000000       0x51 ./src/system.o
 .debug_macro   0x0000000000000000      0x103 ./src/system.o
 .debug_macro   0x0000000000000000       0x6a ./src/system.o
 .debug_macro   0x0000000000000000      0x1df ./src/system.o
 .debug_macro   0x0000000000000000       0x58 ./src/system.o
 .debug_macro   0x0000000000000000       0x20 ./src/system.o
 .debug_macro   0x0000000000000000       0x34 ./src/system.o
 .debug_macro   0x0000000000000000       0x34 ./src/system.o
 .debug_macro   0x0000000000000000       0x16 ./src/system.o
 .debug_macro   0x0000000000000000       0x97 ./src/system.o
 .debug_macro   0x0000000000000000      0x341 ./src/system.o
 .debug_macro   0x0000000000000000       0xfd ./src/system.o
 .debug_macro   0x0000000000000000       0x10 ./src/system.o
 .debug_macro   0x0000000000000000       0x16 ./src/system.o
 .debug_macro   0x0000000000000000       0x43 ./src/system.o
 .debug_macro   0x0000000000000000       0x34 ./src/system.o
 .debug_macro   0x0000000000000000       0x10 ./src/system.o
 .debug_macro   0x0000000000000000       0x52 ./src/system.o
 .debug_macro   0x0000000000000000      0x182 ./src/system.o
 .debug_macro   0x0000000000000000       0x10 ./src/system.o
 .debug_macro   0x0000000000000000       0x1c ./src/system.o
 .debug_macro   0x0000000000000000       0x52 ./src/system.o
 .debug_macro   0x0000000000000000       0x22 ./src/system.o
 .debug_macro   0x0000000000000000       0x10 ./src/system.o
 .debug_macro   0x0000000000000000       0x52 ./src/system.o
 .debug_macro   0x0000000000000000       0xd5 ./src/system.o
 .debug_macro   0x0000000000000000       0x1c ./src/system.o
 .debug_macro   0x0000000000000000       0x3d ./src/system.o
 .debug_macro   0x0000000000000000       0x16 ./src/system.o
 .debug_macro   0x0000000000000000      0x16f ./src/system.o
 .debug_macro   0x0000000000000000       0x46 ./src/system.o
 .debug_macro   0x0000000000000000       0x10 ./src/system.o
 .debug_macro   0x0000000000000000       0x1c ./src/system.o
 .group         0x0000000000000000        0xc ./src/uart.o
 .group         0x0000000000000000        0xc ./src/uart.o
 .group         0x0000000000000000        0xc ./src/uart.o
 .group         0x0000000000000000        0xc ./src/uart.o
 .group         0x0000000000000000        0xc ./src/uart.o
 .group         0x0000000000000000        0xc ./src/uart.o
 .group         0x0000000000000000        0xc ./src/uart.o
 .group         0x0000000000000000        0xc ./src/uart.o
 .group         0x0000000000000000        0xc ./src/uart.o
 .group         0x0000000000000000        0xc ./src/uart.o
 .group         0x0000000000000000        0xc ./src/uart.o
 .group         0x0000000000000000        0xc ./src/uart.o
 .group         0x0000000000000000        0xc ./src/uart.o
 .group         0x0000000000000000        0xc ./src/uart.o
 .group         0x0000000000000000        0xc ./src/uart.o
 .group         0x0000000000000000        0xc ./src/uart.o
 .group         0x0000000000000000        0xc ./src/uart.o
 .group         0x0000000000000000        0xc ./src/uart.o
 .group         0x0000000000000000        0xc ./src/uart.o
 .group         0x0000000000000000        0xc ./src/uart.o
 .group         0x0000000000000000        0xc ./src/uart.o
 .group         0x0000000000000000        0xc ./src/uart.o
 .group         0x0000000000000000        0xc ./src/uart.o
 .group         0x0000000000000000        0xc ./src/uart.o
 .group         0x0000000000000000        0xc ./src/uart.o
 .group         0x0000000000000000        0xc ./src/uart.o
 .group         0x0000000000000000        0xc ./src/uart.o
 .group         0x0000000000000000        0xc ./src/uart.o
 .group         0x0000000000000000        0xc ./src/uart.o
 .group         0x0000000000000000        0xc ./src/uart.o
 .group         0x0000000000000000        0xc ./src/uart.o
 .group         0x0000000000000000        0xc ./src/uart.o
 .group         0x0000000000000000        0xc ./src/uart.o
 .group         0x0000000000000000        0xc ./src/uart.o
 .group         0x0000000000000000        0xc ./src/uart.o
 .group         0x0000000000000000        0xc ./src/uart.o
 .group         0x0000000000000000        0xc ./src/uart.o
 .group         0x0000000000000000        0xc ./src/uart.o
 .text          0x0000000000000000        0x0 ./src/uart.o
 .data          0x0000000000000000        0x0 ./src/uart.o
 .bss           0x0000000000000000        0x0 ./src/uart.o
 .rodata.LED7SEG
                0x0000000000000000       0x10 ./src/uart.o
 .text.uart_puts
                0x0000000000000000       0x42 ./src/uart.o
 .text.putchar  0x0000000000000000       0x40 ./src/uart.o
 .debug_macro   0x0000000000000000      0x71e ./src/uart.o
 .debug_macro   0x0000000000000000       0x22 ./src/uart.o
 .debug_macro   0x0000000000000000       0x8e ./src/uart.o
 .debug_macro   0x0000000000000000       0x51 ./src/uart.o
 .debug_macro   0x0000000000000000      0x103 ./src/uart.o
 .debug_macro   0x0000000000000000       0x6a ./src/uart.o
 .debug_macro   0x0000000000000000      0x1df ./src/uart.o
 .debug_macro   0x0000000000000000       0x58 ./src/uart.o
 .debug_macro   0x0000000000000000       0x20 ./src/uart.o
 .debug_macro   0x0000000000000000       0x34 ./src/uart.o
 .debug_macro   0x0000000000000000       0x34 ./src/uart.o
 .debug_macro   0x0000000000000000       0x16 ./src/uart.o
 .debug_macro   0x0000000000000000       0x97 ./src/uart.o
 .debug_macro   0x0000000000000000      0x341 ./src/uart.o
 .debug_macro   0x0000000000000000       0xfd ./src/uart.o
 .debug_macro   0x0000000000000000       0x10 ./src/uart.o
 .debug_macro   0x0000000000000000       0x16 ./src/uart.o
 .debug_macro   0x0000000000000000       0x43 ./src/uart.o
 .debug_macro   0x0000000000000000       0x34 ./src/uart.o
 .debug_macro   0x0000000000000000       0x10 ./src/uart.o
 .debug_macro   0x0000000000000000       0x52 ./src/uart.o
 .debug_macro   0x0000000000000000      0x182 ./src/uart.o
 .debug_macro   0x0000000000000000       0x10 ./src/uart.o
 .debug_macro   0x0000000000000000       0x1c ./src/uart.o
 .debug_macro   0x0000000000000000       0x52 ./src/uart.o
 .debug_macro   0x0000000000000000       0x22 ./src/uart.o
 .debug_macro   0x0000000000000000       0x10 ./src/uart.o
 .debug_macro   0x0000000000000000       0x52 ./src/uart.o
 .debug_macro   0x0000000000000000       0xd5 ./src/uart.o
 .debug_macro   0x0000000000000000       0x1c ./src/uart.o
 .debug_macro   0x0000000000000000       0x3d ./src/uart.o
 .debug_macro   0x0000000000000000       0x16 ./src/uart.o
 .debug_macro   0x0000000000000000      0x16f ./src/uart.o
 .debug_macro   0x0000000000000000       0x46 ./src/uart.o
 .debug_macro   0x0000000000000000       0x10 ./src/uart.o
 .debug_macro   0x0000000000000000       0x1c ./src/uart.o
 .debug_macro   0x0000000000000000       0xa0 ./src/uart.o
 .debug_macro   0x0000000000000000       0x28 ./src/uart.o
 .group         0x0000000000000000        0xc ./src/xprintf.o
 .group         0x0000000000000000        0xc ./src/xprintf.o
 .group         0x0000000000000000        0xc ./src/xprintf.o
 .group         0x0000000000000000        0xc ./src/xprintf.o
 .group         0x0000000000000000        0xc ./src/xprintf.o
 .group         0x0000000000000000        0xc ./src/xprintf.o
 .group         0x0000000000000000        0xc ./src/xprintf.o
 .group         0x0000000000000000        0xc ./src/xprintf.o
 .group         0x0000000000000000        0xc ./src/xprintf.o
 .group         0x0000000000000000        0xc ./src/xprintf.o
 .group         0x0000000000000000        0xc ./src/xprintf.o
 .group         0x0000000000000000        0xc ./src/xprintf.o
 .group         0x0000000000000000        0xc ./src/xprintf.o
 .group         0x0000000000000000        0xc ./src/xprintf.o
 .group         0x0000000000000000        0xc ./src/xprintf.o
 .group         0x0000000000000000        0xc ./src/xprintf.o
 .group         0x0000000000000000        0xc ./src/xprintf.o
 .group         0x0000000000000000        0xc ./src/xprintf.o
 .group         0x0000000000000000        0xc ./src/xprintf.o
 .group         0x0000000000000000        0xc ./src/xprintf.o
 .group         0x0000000000000000        0xc ./src/xprintf.o
 .text          0x0000000000000000        0x0 ./src/xprintf.o
 .data          0x0000000000000000        0x0 ./src/xprintf.o
 .bss           0x0000000000000000        0x0 ./src/xprintf.o
 .text.xputc    0x0000000000000000       0x2c ./src/xprintf.o
 .text.xputs    0x0000000000000000       0x2c ./src/xprintf.o
 .text.xfputs   0x0000000000000000       0x46 ./src/xprintf.o
 .text.xfprintf
                0x0000000000000000       0x52 ./src/xprintf.o
 .text.xsprintf
                0x0000000000000000       0x70 ./src/xprintf.o
 .text.put_dump
                0x0000000000000000      0x19a ./src/xprintf.o
 .text.xgets    0x0000000000000000       0xea ./src/xprintf.o
 .text.xatoi    0x0000000000000000      0x216 ./src/xprintf.o
 .text.xatof    0x0000000000000000      0x3c2 ./src/xprintf.o
 .debug_macro   0x0000000000000000      0x71e ./src/xprintf.o
 .debug_macro   0x0000000000000000       0x46 ./src/xprintf.o
 .debug_macro   0x0000000000000000       0x22 ./src/xprintf.o
 .debug_macro   0x0000000000000000       0x52 ./src/xprintf.o
 .debug_macro   0x0000000000000000       0x20 ./src/xprintf.o
 .debug_macro   0x0000000000000000       0x94 ./src/xprintf.o
 .debug_macro   0x0000000000000000       0x34 ./src/xprintf.o
 .debug_macro   0x0000000000000000       0x34 ./src/xprintf.o
 .debug_macro   0x0000000000000000      0x174 ./src/xprintf.o
 .debug_macro   0x0000000000000000       0x16 ./src/xprintf.o
 .debug_macro   0x0000000000000000       0x43 ./src/xprintf.o
 .debug_macro   0x0000000000000000       0x57 ./src/xprintf.o
 .debug_macro   0x0000000000000000       0x34 ./src/xprintf.o
 .debug_macro   0x0000000000000000       0x10 ./src/xprintf.o
 .debug_macro   0x0000000000000000       0x52 ./src/xprintf.o
 .debug_macro   0x0000000000000000      0x182 ./src/xprintf.o
 .debug_macro   0x0000000000000000      0x341 ./src/xprintf.o
 .debug_macro   0x0000000000000000       0x35 ./src/xprintf.o
 .debug_macro   0x0000000000000000      0x19b ./src/xprintf.o
 .data          0x0000000000000000        0x0 /opt/riscv/lib/gcc/riscv64-unknown-elf/10.2.0/../../../../riscv64-unknown-elf/lib/rv32imafc/ilp32f/libm.a(lib_a-sf_sin.o)
 .bss           0x0000000000000000        0x0 /opt/riscv/lib/gcc/riscv64-unknown-elf/10.2.0/../../../../riscv64-unknown-elf/lib/rv32imafc/ilp32f/libm.a(lib_a-sf_sin.o)
 .data          0x0000000000000000        0x0 /opt/riscv/lib/gcc/riscv64-unknown-elf/10.2.0/../../../../riscv64-unknown-elf/lib/rv32imafc/ilp32f/libm.a(lib_a-ef_rem_pio2.o)
 .bss           0x0000000000000000        0x0 /opt/riscv/lib/gcc/riscv64-unknown-elf/10.2.0/../../../../riscv64-unknown-elf/lib/rv32imafc/ilp32f/libm.a(lib_a-ef_rem_pio2.o)
 .data          0x0000000000000000        0x0 /opt/riscv/lib/gcc/riscv64-unknown-elf/10.2.0/../../../../riscv64-unknown-elf/lib/rv32imafc/ilp32f/libm.a(lib_a-kf_cos.o)
 .bss           0x0000000000000000        0x0 /opt/riscv/lib/gcc/riscv64-unknown-elf/10.2.0/../../../../riscv64-unknown-elf/lib/rv32imafc/ilp32f/libm.a(lib_a-kf_cos.o)
 .data          0x0000000000000000        0x0 /opt/riscv/lib/gcc/riscv64-unknown-elf/10.2.0/../../../../riscv64-unknown-elf/lib/rv32imafc/ilp32f/libm.a(lib_a-kf_rem_pio2.o)
 .bss           0x0000000000000000        0x0 /opt/riscv/lib/gcc/riscv64-unknown-elf/10.2.0/../../../../riscv64-unknown-elf/lib/rv32imafc/ilp32f/libm.a(lib_a-kf_rem_pio2.o)
 .data          0x0000000000000000        0x0 /opt/riscv/lib/gcc/riscv64-unknown-elf/10.2.0/../../../../riscv64-unknown-elf/lib/rv32imafc/ilp32f/libm.a(lib_a-kf_sin.o)
 .bss           0x0000000000000000        0x0 /opt/riscv/lib/gcc/riscv64-unknown-elf/10.2.0/../../../../riscv64-unknown-elf/lib/rv32imafc/ilp32f/libm.a(lib_a-kf_sin.o)
 .data          0x0000000000000000        0x0 /opt/riscv/lib/gcc/riscv64-unknown-elf/10.2.0/../../../../riscv64-unknown-elf/lib/rv32imafc/ilp32f/libm.a(lib_a-sf_fabs.o)
 .bss           0x0000000000000000        0x0 /opt/riscv/lib/gcc/riscv64-unknown-elf/10.2.0/../../../../riscv64-unknown-elf/lib/rv32imafc/ilp32f/libm.a(lib_a-sf_fabs.o)
 .data          0x0000000000000000        0x0 /opt/riscv/lib/gcc/riscv64-unknown-elf/10.2.0/../../../../riscv64-unknown-elf/lib/rv32imafc/ilp32f/libm.a(lib_a-sf_floor.o)
 .bss           0x0000000000000000        0x0 /opt/riscv/lib/gcc/riscv64-unknown-elf/10.2.0/../../../../riscv64-unknown-elf/lib/rv32imafc/ilp32f/libm.a(lib_a-sf_floor.o)
 .data          0x0000000000000000        0x0 /opt/riscv/lib/gcc/riscv64-unknown-elf/10.2.0/../../../../riscv64-unknown-elf/lib/rv32imafc/ilp32f/libm.a(lib_a-sf_scalbn.o)
 .bss           0x0000000000000000        0x0 /opt/riscv/lib/gcc/riscv64-unknown-elf/10.2.0/../../../../riscv64-unknown-elf/lib/rv32imafc/ilp32f/libm.a(lib_a-sf_scalbn.o)
 .data          0x0000000000000000        0x0 /opt/riscv/lib/gcc/riscv64-unknown-elf/10.2.0/../../../../riscv64-unknown-elf/lib/rv32imafc/ilp32f/libc.a(lib_a-strlen.o)
 .bss           0x0000000000000000        0x0 /opt/riscv/lib/gcc/riscv64-unknown-elf/10.2.0/../../../../riscv64-unknown-elf/lib/rv32imafc/ilp32f/libc.a(lib_a-strlen.o)
 .data          0x0000000000000000        0x0 /opt/riscv/lib/gcc/riscv64-unknown-elf/10.2.0/rv32imafc/ilp32f/libgcc.a(_udivdi3.o)
 .bss           0x0000000000000000        0x0 /opt/riscv/lib/gcc/riscv64-unknown-elf/10.2.0/rv32imafc/ilp32f/libgcc.a(_udivdi3.o)
 .eh_frame      0x0000000000000000       0x28 /opt/riscv/lib/gcc/riscv64-unknown-elf/10.2.0/rv32imafc/ilp32f/libgcc.a(_udivdi3.o)
 .data          0x0000000000000000        0x0 /opt/riscv/lib/gcc/riscv64-unknown-elf/10.2.0/rv32imafc/ilp32f/libgcc.a(_umoddi3.o)
 .bss           0x0000000000000000        0x0 /opt/riscv/lib/gcc/riscv64-unknown-elf/10.2.0/rv32imafc/ilp32f/libgcc.a(_umoddi3.o)
 .eh_frame      0x0000000000000000       0x28 /opt/riscv/lib/gcc/riscv64-unknown-elf/10.2.0/rv32imafc/ilp32f/libgcc.a(_umoddi3.o)
 .data          0x0000000000000000        0x0 /opt/riscv/lib/gcc/riscv64-unknown-elf/10.2.0/rv32imafc/ilp32f/libgcc.a(adddf3.o)
 .bss           0x0000000000000000        0x0 /opt/riscv/lib/gcc/riscv64-unknown-elf/10.2.0/rv32imafc/ilp32f/libgcc.a(adddf3.o)
 .data          0x0000000000000000        0x0 /opt/riscv/lib/gcc/riscv64-unknown-elf/10.2.0/rv32imafc/ilp32f/libgcc.a(divdf3.o)
 .bss           0x0000000000000000        0x0 /opt/riscv/lib/gcc/riscv64-unknown-elf/10.2.0/rv32imafc/ilp32f/libgcc.a(divdf3.o)
 .data          0x0000000000000000        0x0 /opt/riscv/lib/gcc/riscv64-unknown-elf/10.2.0/rv32imafc/ilp32f/libgcc.a(eqdf2.o)
 .bss           0x0000000000000000        0x0 /opt/riscv/lib/gcc/riscv64-unknown-elf/10.2.0/rv32imafc/ilp32f/libgcc.a(eqdf2.o)
 .data          0x0000000000000000        0x0 /opt/riscv/lib/gcc/riscv64-unknown-elf/10.2.0/rv32imafc/ilp32f/libgcc.a(gedf2.o)
 .bss           0x0000000000000000        0x0 /opt/riscv/lib/gcc/riscv64-unknown-elf/10.2.0/rv32imafc/ilp32f/libgcc.a(gedf2.o)
 .data          0x0000000000000000        0x0 /opt/riscv/lib/gcc/riscv64-unknown-elf/10.2.0/rv32imafc/ilp32f/libgcc.a(ledf2.o)
 .bss           0x0000000000000000        0x0 /opt/riscv/lib/gcc/riscv64-unknown-elf/10.2.0/rv32imafc/ilp32f/libgcc.a(ledf2.o)
 .data          0x0000000000000000        0x0 /opt/riscv/lib/gcc/riscv64-unknown-elf/10.2.0/rv32imafc/ilp32f/libgcc.a(muldf3.o)
 .bss           0x0000000000000000        0x0 /opt/riscv/lib/gcc/riscv64-unknown-elf/10.2.0/rv32imafc/ilp32f/libgcc.a(muldf3.o)
 .data          0x0000000000000000        0x0 /opt/riscv/lib/gcc/riscv64-unknown-elf/10.2.0/rv32imafc/ilp32f/libgcc.a(subdf3.o)
 .bss           0x0000000000000000        0x0 /opt/riscv/lib/gcc/riscv64-unknown-elf/10.2.0/rv32imafc/ilp32f/libgcc.a(subdf3.o)
 .data          0x0000000000000000        0x0 /opt/riscv/lib/gcc/riscv64-unknown-elf/10.2.0/rv32imafc/ilp32f/libgcc.a(unorddf2.o)
 .bss           0x0000000000000000        0x0 /opt/riscv/lib/gcc/riscv64-unknown-elf/10.2.0/rv32imafc/ilp32f/libgcc.a(unorddf2.o)
 .data          0x0000000000000000        0x0 /opt/riscv/lib/gcc/riscv64-unknown-elf/10.2.0/rv32imafc/ilp32f/libgcc.a(fixdfsi.o)
 .bss           0x0000000000000000        0x0 /opt/riscv/lib/gcc/riscv64-unknown-elf/10.2.0/rv32imafc/ilp32f/libgcc.a(fixdfsi.o)
 .data          0x0000000000000000        0x0 /opt/riscv/lib/gcc/riscv64-unknown-elf/10.2.0/rv32imafc/ilp32f/libgcc.a(floatsidf.o)
 .bss           0x0000000000000000        0x0 /opt/riscv/lib/gcc/riscv64-unknown-elf/10.2.0/rv32imafc/ilp32f/libgcc.a(floatsidf.o)
 .data          0x0000000000000000        0x0 /opt/riscv/lib/gcc/riscv64-unknown-elf/10.2.0/rv32imafc/ilp32f/libgcc.a(extendsfdf2.o)
 .bss           0x0000000000000000        0x0 /opt/riscv/lib/gcc/riscv64-unknown-elf/10.2.0/rv32imafc/ilp32f/libgcc.a(extendsfdf2.o)
 .data          0x0000000000000000        0x0 /opt/riscv/lib/gcc/riscv64-unknown-elf/10.2.0/rv32imafc/ilp32f/libgcc.a(truncdfsf2.o)
 .bss           0x0000000000000000        0x0 /opt/riscv/lib/gcc/riscv64-unknown-elf/10.2.0/rv32imafc/ilp32f/libgcc.a(truncdfsf2.o)
 .text          0x0000000000000000        0x0 /opt/riscv/lib/gcc/riscv64-unknown-elf/10.2.0/rv32imafc/ilp32f/libgcc.a(_clz.o)
 .data          0x0000000000000000        0x0 /opt/riscv/lib/gcc/riscv64-unknown-elf/10.2.0/rv32imafc/ilp32f/libgcc.a(_clz.o)
 .bss           0x0000000000000000        0x0 /opt/riscv/lib/gcc/riscv64-unknown-elf/10.2.0/rv32imafc/ilp32f/libgcc.a(_clz.o)
 .data          0x0000000000000000        0x0 /opt/riscv/lib/gcc/riscv64-unknown-elf/10.2.0/rv32imafc/ilp32f/libgcc.a(_clzsi2.o)
 .bss           0x0000000000000000        0x0 /opt/riscv/lib/gcc/riscv64-unknown-elf/10.2.0/rv32imafc/ilp32f/libgcc.a(_clzsi2.o)

Memory Configuration

Name             Origin             Length             Attributes
ROM_BOOT         0x0000000090000000 0x0000000000000800 xr
ROM_MAIN         0x0000000090000800 0x000000000001f800 xr
RAM              0x0000000088000000 0x000000000000c000 rw
*default*        0x0000000000000000 0xffffffffffffffff

Linker script and memory map

LOAD ./src/float.o
LOAD ./src/gpio.o
LOAD ./src/interrupt.o
LOAD ./src/libc-hooks.o
LOAD ./src/main.o
LOAD ./src/startup.o
LOAD ./src/system.o
LOAD ./src/uart.o
LOAD ./src/xprintf.o
LOAD /opt/riscv/lib/gcc/riscv64-unknown-elf/10.2.0/../../../../riscv64-unknown-elf/lib/rv32imafc/ilp32f/libm.a
LOAD /opt/riscv/lib/gcc/riscv64-unknown-elf/10.2.0/../../../../riscv64-unknown-elf/lib/rv32imafc/ilp32f/libc.a
LOAD /opt/riscv/lib/gcc/riscv64-unknown-elf/10.2.0/rv32imafc/ilp32f/libgcc.a
                0x000000000000a000                STACK_SIZE = 0xa000

.vectors        0x0000000090000000      0x148
                0x0000000090000000                . = ALIGN (0x100)
 *(.vectors)
 .vectors       0x0000000090000000      0x144 ./src/startup.o
 FILL mask 0x00000000
                0x0000000090000144        0x4 LONG 0x0

.trap           0x0000000090000150      0x1ec
                0x0000000090000200                . = ALIGN (0x100)
 *fill*         0x0000000090000150       0xb0 
 *(.trap)
 .trap          0x0000000090000200      0x138 ./src/startup.o
 FILL mask 0x00000000
                0x0000000090000338        0x4 LONG 0x0

.startup        0x000000009000033c      0x144
                0x0000000090000400                . = ALIGN (0x100)
 *fill*         0x000000009000033c       0xc4 
 *(.startup*)
 .startup       0x0000000090000400       0x7c ./src/startup.o
                0x0000000090000400                _start
 *(.startup)
 FILL mask 0x00000000
                0x000000009000047c        0x4 LONG 0x0

.text           0x0000000090000800     0x522a
                0x0000000090000800                . = ALIGN (0x100)
                [!provide]                        PROVIDE (__TEXT_START__ = .)
 *(.text.main)
 .text.main     0x0000000090000800       0x32 ./src/main.o
                0x0000000090000800                main
 *(.text)
 .text          0x0000000090000832       0x72 /opt/riscv/lib/gcc/riscv64-unknown-elf/10.2.0/../../../../riscv64-unknown-elf/lib/rv32imafc/ilp32f/libm.a(lib_a-sf_sin.o)
                0x0000000090000832                sinf
 .text          0x00000000900008a4      0x28a /opt/riscv/lib/gcc/riscv64-unknown-elf/10.2.0/../../../../riscv64-unknown-elf/lib/rv32imafc/ilp32f/libm.a(lib_a-ef_rem_pio2.o)
                0x00000000900008a4                __ieee754_rem_pio2f
 .text          0x0000000090000b2e      0x140 /opt/riscv/lib/gcc/riscv64-unknown-elf/10.2.0/../../../../riscv64-unknown-elf/lib/rv32imafc/ilp32f/libm.a(lib_a-kf_cos.o)
                0x0000000090000b2e                __kernel_cosf
 .text          0x0000000090000c6e      0x6ce /opt/riscv/lib/gcc/riscv64-unknown-elf/10.2.0/../../../../riscv64-unknown-elf/lib/rv32imafc/ilp32f/libm.a(lib_a-kf_rem_pio2.o)
                0x0000000090000c6e                __kernel_rem_pio2f
 .text          0x000000009000133c       0xa2 /opt/riscv/lib/gcc/riscv64-unknown-elf/10.2.0/../../../../riscv64-unknown-elf/lib/rv32imafc/ilp32f/libm.a(lib_a-kf_sin.o)
                0x000000009000133c                __kernel_sinf
 .text          0x00000000900013de        0x6 /opt/riscv/lib/gcc/riscv64-unknown-elf/10.2.0/../../../../riscv64-unknown-elf/lib/rv32imafc/ilp32f/libm.a(lib_a-sf_fabs.o)
                0x00000000900013de                fabsf
 .text          0x00000000900013e4       0xb4 /opt/riscv/lib/gcc/riscv64-unknown-elf/10.2.0/../../../../riscv64-unknown-elf/lib/rv32imafc/ilp32f/libm.a(lib_a-sf_floor.o)
                0x00000000900013e4                floorf
 .text          0x0000000090001498      0x104 /opt/riscv/lib/gcc/riscv64-unknown-elf/10.2.0/../../../../riscv64-unknown-elf/lib/rv32imafc/ilp32f/libm.a(lib_a-sf_scalbn.o)
                0x0000000090001498                scalbnf
 .text          0x000000009000159c       0x62 /opt/riscv/lib/gcc/riscv64-unknown-elf/10.2.0/../../../../riscv64-unknown-elf/lib/rv32imafc/ilp32f/libc.a(lib_a-strlen.o)
                0x000000009000159c                strlen
 .text          0x00000000900015fe      0x360 /opt/riscv/lib/gcc/riscv64-unknown-elf/10.2.0/rv32imafc/ilp32f/libgcc.a(_udivdi3.o)
                0x00000000900015fe                __udivdi3
 .text          0x000000009000195e      0x33e /opt/riscv/lib/gcc/riscv64-unknown-elf/10.2.0/rv32imafc/ilp32f/libgcc.a(_umoddi3.o)
                0x000000009000195e                __umoddi3
 .text          0x0000000090001c9c      0x8aa /opt/riscv/lib/gcc/riscv64-unknown-elf/10.2.0/rv32imafc/ilp32f/libgcc.a(adddf3.o)
                0x0000000090001c9c                __adddf3
 .text          0x0000000090002546      0x688 /opt/riscv/lib/gcc/riscv64-unknown-elf/10.2.0/rv32imafc/ilp32f/libgcc.a(divdf3.o)
                0x0000000090002546                __divdf3
 .text          0x0000000090002bce       0xa4 /opt/riscv/lib/gcc/riscv64-unknown-elf/10.2.0/rv32imafc/ilp32f/libgcc.a(eqdf2.o)
                0x0000000090002bce                __eqdf2
                0x0000000090002bce                __nedf2
 .text          0x0000000090002c72       0xae /opt/riscv/lib/gcc/riscv64-unknown-elf/10.2.0/rv32imafc/ilp32f/libgcc.a(gedf2.o)
                0x0000000090002c72                __gtdf2
                0x0000000090002c72                __gedf2
 .text          0x0000000090002d20       0xae /opt/riscv/lib/gcc/riscv64-unknown-elf/10.2.0/rv32imafc/ilp32f/libgcc.a(ledf2.o)
                0x0000000090002d20                __ltdf2
                0x0000000090002d20                __ledf2
 .text          0x0000000090002dce      0x59a /opt/riscv/lib/gcc/riscv64-unknown-elf/10.2.0/rv32imafc/ilp32f/libgcc.a(muldf3.o)
                0x0000000090002dce                __muldf3
 .text          0x0000000090003368      0x8b4 /opt/riscv/lib/gcc/riscv64-unknown-elf/10.2.0/rv32imafc/ilp32f/libgcc.a(subdf3.o)
                0x0000000090003368                __subdf3
 .text          0x0000000090003c1c       0x7a /opt/riscv/lib/gcc/riscv64-unknown-elf/10.2.0/rv32imafc/ilp32f/libgcc.a(unorddf2.o)
                0x0000000090003c1c                __unorddf2
 .text          0x0000000090003c96       0xc4 /opt/riscv/lib/gcc/riscv64-unknown-elf/10.2.0/rv32imafc/ilp32f/libgcc.a(fixdfsi.o)
                0x0000000090003c96                __fixdfsi
 .text          0x0000000090003d5a       0x66 /opt/riscv/lib/gcc/riscv64-unknown-elf/10.2.0/rv32imafc/ilp32f/libgcc.a(floatsidf.o)
                0x0000000090003d5a                __floatsidf
 .text          0x0000000090003dc0       0xbe /opt/riscv/lib/gcc/riscv64-unknown-elf/10.2.0/rv32imafc/ilp32f/libgcc.a(extendsfdf2.o)
                0x0000000090003dc0                __extendsfdf2
 .text          0x0000000090003e7e      0x220 /opt/riscv/lib/gcc/riscv64-unknown-elf/10.2.0/rv32imafc/ilp32f/libgcc.a(truncdfsf2.o)
                0x0000000090003e7e                __truncdfsf2
 .text          0x000000009000409e       0x3c /opt/riscv/lib/gcc/riscv64-unknown-elf/10.2.0/rv32imafc/ilp32f/libgcc.a(_clzsi2.o)
                0x000000009000409e                __clzsi2
 *(.text.*)
 .text.mem_wr32
                0x00000000900040da       0x20 ./src/float.o
 .text.main_floating
                0x00000000900040fa       0xd0 ./src/float.o
                0x00000000900040fa                main_floating
 .text.mem_wr32
                0x00000000900041ca       0x20 ./src/gpio.o
 .text.mem_rd32
                0x00000000900041ea       0x18 ./src/gpio.o
 .text.GPIO_Init
                0x0000000090004202       0x64 ./src/gpio.o
                0x0000000090004202                GPIO_Init
 .text.GPIO_SetSEG
                0x0000000090004266      0x164 ./src/gpio.o
                0x0000000090004266                GPIO_SetSEG
 .text.GPIO_SetSEG_SignedDecimal
                0x00000000900043ca      0x284 ./src/gpio.o
                0x00000000900043ca                GPIO_SetSEG_SignedDecimal
 .text.GPIO_SetLED
                0x000000009000464e       0x5e ./src/gpio.o
                0x000000009000464e                GPIO_SetLED
 .text.GPIO_GetKEY
                0x00000000900046ac       0x34 ./src/gpio.o
                0x00000000900046ac                GPIO_GetKEY
 .text.GPIO_GetSW10
                0x00000000900046e0       0x30 ./src/gpio.o
                0x00000000900046e0                GPIO_GetSW10
 .text.mem_wr32
                0x0000000090004710       0x20 ./src/interrupt.o
 .text.mem_rd32
                0x0000000090004730       0x18 ./src/interrupt.o
 .text.INT_Init
                0x0000000090004748       0x9c ./src/interrupt.o
                0x0000000090004748                INT_Init
 .text.INT_Timer_Handler
                0x00000000900047e4       0x68 ./src/interrupt.o
                0x00000000900047e4                INT_Timer_Handler
 .text.INT_IRQ_Handler
                0x000000009000484c       0x32 ./src/interrupt.o
                0x000000009000484c                INT_IRQ_Handler
 .text.Get_System_Freq
                0x000000009000487e       0x42 ./src/system.o
                0x000000009000487e                Get_System_Freq
 .text.Wait_mSec
                0x00000000900048c0      0x136 ./src/system.o
                0x00000000900048c0                Wait_mSec
 .text.mem_wr8  0x00000000900049f6       0x24 ./src/uart.o
 .text.mem_rd8  0x0000000090004a1a       0x1e ./src/uart.o
 .text.INT_UART_Handler
                0x0000000090004a38       0x90 ./src/uart.o
                0x0000000090004a38                INT_UART_Handler
 .text.UART_Init
                0x0000000090004ac8       0x88 ./src/uart.o
                0x0000000090004ac8                UART_Init
 .text.UART_TxD
                0x0000000090004b50       0x36 ./src/uart.o
                0x0000000090004b50                UART_TxD
 .text.UART_RxD
                0x0000000090004b86       0x2c ./src/uart.o
                0x0000000090004b86                UART_RxD
 .text.ilog10   0x0000000090004bb2      0x15a ./src/xprintf.o
 .text.i10x     0x0000000090004d0c      0x118 ./src/xprintf.o
 .text.ftoa     0x0000000090004e24      0x472 ./src/xprintf.o
 .text.xfputc   0x0000000090005296       0x68 ./src/xprintf.o
                0x0000000090005296                xfputc
 .text.xvfprintf
                0x00000000900052fe      0x6da ./src/xprintf.o
 .text.xprintf  0x00000000900059d8       0x52 ./src/xprintf.o
                0x00000000900059d8                xprintf
                [!provide]                        PROVIDE (__TEXT_END__ = .)

.rodata         0x0000000090005a30      0x790
                0x0000000090005b00                . = ALIGN (0x100)
 *fill*         0x0000000090005a30       0xd0 
 *(.rodata)
 .rodata        0x0000000090005b00       0x2c ./src/float.o
 *fill*         0x0000000090005b2c        0x4 
 .rodata        0x0000000090005b30       0x68 ./src/xprintf.o
 .rodata        0x0000000090005b98      0x398 /opt/riscv/lib/gcc/riscv64-unknown-elf/10.2.0/../../../../riscv64-unknown-elf/lib/rv32imafc/ilp32f/libm.a(lib_a-ef_rem_pio2.o)
 .rodata        0x0000000090005f30       0x38 /opt/riscv/lib/gcc/riscv64-unknown-elf/10.2.0/../../../../riscv64-unknown-elf/lib/rv32imafc/ilp32f/libm.a(lib_a-kf_rem_pio2.o)
 .rodata        0x0000000090005f68       0x3c /opt/riscv/lib/gcc/riscv64-unknown-elf/10.2.0/rv32imafc/ilp32f/libgcc.a(divdf3.o)
 .rodata        0x0000000090005fa4       0x3c /opt/riscv/lib/gcc/riscv64-unknown-elf/10.2.0/rv32imafc/ilp32f/libgcc.a(muldf3.o)
 .rodata        0x0000000090005fe0      0x100 /opt/riscv/lib/gcc/riscv64-unknown-elf/10.2.0/rv32imafc/ilp32f/libgcc.a(_clz.o)
                0x0000000090005fe0                __clz_tab
 *(.rodata.*)
 .rodata.LED7SEG
                0x00000000900060e0       0x10 ./src/gpio.o
 .rodata.xvfprintf
                0x00000000900060f0       0xd0 ./src/xprintf.o
                0x00000000900061c0                . = ALIGN (0x4)
                0x00000000900061c0                PROVIDE (__ROM_INIT_BGN__ = .)

.data           0x0000000088000000        0x0 load address 0x00000000900061c0
                0x0000000088000000                . = ALIGN (0x100)
                0x0000000088000000                PROVIDE (__RAM_INIT_BGN__ = .)
 *(.data)
 *(.data*)

.srodata        0x0000000088000000       0x88 load address 0x00000000900061c0
                0x0000000088000800                PROVIDE (__GLOBAL_PTR__ = (. + 0x800))
 *(.srodata)
 *(.srodata*)
 .srodata.cst4  0x0000000088000000       0x24 /opt/riscv/lib/gcc/riscv64-unknown-elf/10.2.0/../../../../riscv64-unknown-elf/lib/rv32imafc/ilp32f/libm.a(lib_a-ef_rem_pio2.o)
 .srodata.cst4  0x0000000088000024       0x24 /opt/riscv/lib/gcc/riscv64-unknown-elf/10.2.0/../../../../riscv64-unknown-elf/lib/rv32imafc/ilp32f/libm.a(lib_a-kf_cos.o)
                                         0x28 (size before relaxing)
 .srodata.cst4  0x0000000088000048       0x10 /opt/riscv/lib/gcc/riscv64-unknown-elf/10.2.0/../../../../riscv64-unknown-elf/lib/rv32imafc/ilp32f/libm.a(lib_a-kf_rem_pio2.o)
                                         0x1c (size before relaxing)
 .srodata.cst4  0x0000000088000058       0x1c /opt/riscv/lib/gcc/riscv64-unknown-elf/10.2.0/../../../../riscv64-unknown-elf/lib/rv32imafc/ilp32f/libm.a(lib_a-kf_sin.o)
                                         0x20 (size before relaxing)
 .srodata.cst4  0x0000000088000074        0x8 /opt/riscv/lib/gcc/riscv64-unknown-elf/10.2.0/../../../../riscv64-unknown-elf/lib/rv32imafc/ilp32f/libm.a(lib_a-sf_floor.o)
 .srodata.cst4  0x000000008800007c        0xc /opt/riscv/lib/gcc/riscv64-unknown-elf/10.2.0/../../../../riscv64-unknown-elf/lib/rv32imafc/ilp32f/libm.a(lib_a-sf_scalbn.o)
                                         0x10 (size before relaxing)

.sdata          0x0000000088000088        0x0 load address 0x0000000090006248
 *(.sdata)
 *(.sdata.*)
                0x0000000088000088                PROVIDE (__RAM_INIT_END__ = .)

.sbss           0x0000000088000088       0x1c load address 0x0000000090006248
                0x0000000088000088                PROVIDE (__BSS_BGN__ = .)
 *(.sbss)
 *(.sbss.*)
 .sbss.num.0    0x0000000088000088        0x4 ./src/interrupt.o
 .sbss.data1.2  0x000000008800008c        0x4 ./src/uart.o
 .sbss.data2.1  0x0000000088000090        0x4 ./src/uart.o
 .sbss.data0.0  0x0000000088000094        0x4 ./src/uart.o
 .sbss.xfunc_output
                0x0000000088000098        0x4 ./src/xprintf.o
                0x0000000088000098                xfunc_output
 .sbss.strptr   0x000000008800009c        0x4 ./src/xprintf.o
 .sbss.xfunc_input
                0x00000000880000a0        0x4 ./src/xprintf.o
                0x00000000880000a0                xfunc_input
 *(.scommon)

.bss            0x00000000880000a4        0x0 load address 0x0000000090006248
 *(.bss)
 *(.bss.*)
                0x00000000880000a4                . = ALIGN (0x4)
                0x00000000880000a4                PROVIDE (__BSS_END__ = .)

.stack          0x0000000088002000     0xa000
                [!provide]                        PROVIDE (__STACK_START__ = .)
                0x000000008800c000                . = (. + STACK_SIZE)
 *fill*         0x0000000088002000     0xa000 
                0x000000008800c000                PROVIDE (__STACK_TOP__ = .)
                [!provide]                        PROVIDE (__STACK_END__ = .)

/DISCARD/
 *(.eh_frame .eh_frame.*)
OUTPUT(mmRISC_SampleFPU.elf elf32-littleriscv)

.debug_info     0x0000000000000000     0x53ff
 .debug_info    0x0000000000000000      0x1e2 ./src/float.o
 .debug_info    0x00000000000001e2      0x37d ./src/gpio.o
 .debug_info    0x000000000000055f      0x226 ./src/interrupt.o
 .debug_info    0x0000000000000785      0x15b ./src/main.o
 .debug_info    0x00000000000008e0      0x1e2 ./src/system.o
 .debug_info    0x0000000000000ac2      0x27f ./src/uart.o
 .debug_info    0x0000000000000d41      0x6f1 ./src/xprintf.o
 .debug_info    0x0000000000001432      0x7b2 /opt/riscv/lib/gcc/riscv64-unknown-elf/10.2.0/rv32imafc/ilp32f/libgcc.a(_udivdi3.o)
 .debug_info    0x0000000000001be4      0x80c /opt/riscv/lib/gcc/riscv64-unknown-elf/10.2.0/rv32imafc/ilp32f/libgcc.a(_umoddi3.o)
 .debug_info    0x00000000000023f0      0x5cc /opt/riscv/lib/gcc/riscv64-unknown-elf/10.2.0/rv32imafc/ilp32f/libgcc.a(adddf3.o)
 .debug_info    0x00000000000029bc      0x761 /opt/riscv/lib/gcc/riscv64-unknown-elf/10.2.0/rv32imafc/ilp32f/libgcc.a(divdf3.o)
 .debug_info    0x000000000000311d      0x270 /opt/riscv/lib/gcc/riscv64-unknown-elf/10.2.0/rv32imafc/ilp32f/libgcc.a(eqdf2.o)
 .debug_info    0x000000000000338d      0x259 /opt/riscv/lib/gcc/riscv64-unknown-elf/10.2.0/rv32imafc/ilp32f/libgcc.a(gedf2.o)
 .debug_info    0x00000000000035e6      0x259 /opt/riscv/lib/gcc/riscv64-unknown-elf/10.2.0/rv32imafc/ilp32f/libgcc.a(ledf2.o)
 .debug_info    0x000000000000383f      0x7a1 /opt/riscv/lib/gcc/riscv64-unknown-elf/10.2.0/rv32imafc/ilp32f/libgcc.a(muldf3.o)
 .debug_info    0x0000000000003fe0      0x5cc /opt/riscv/lib/gcc/riscv64-unknown-elf/10.2.0/rv32imafc/ilp32f/libgcc.a(subdf3.o)
 .debug_info    0x00000000000045ac      0x265 /opt/riscv/lib/gcc/riscv64-unknown-elf/10.2.0/rv32imafc/ilp32f/libgcc.a(unorddf2.o)
 .debug_info    0x0000000000004811      0x1ea /opt/riscv/lib/gcc/riscv64-unknown-elf/10.2.0/rv32imafc/ilp32f/libgcc.a(fixdfsi.o)
 .debug_info    0x00000000000049fb      0x29b /opt/riscv/lib/gcc/riscv64-unknown-elf/10.2.0/rv32imafc/ilp32f/libgcc.a(floatsidf.o)
 .debug_info    0x0000000000004c96      0x28e /opt/riscv/lib/gcc/riscv64-unknown-elf/10.2.0/rv32imafc/ilp32f/libgcc.a(extendsfdf2.o)
 .debug_info    0x0000000000004f24      0x2c0 /opt/riscv/lib/gcc/riscv64-unknown-elf/10.2.0/rv32imafc/ilp32f/libgcc.a(truncdfsf2.o)
 .debug_info    0x00000000000051e4       0xd7 /opt/riscv/lib/gcc/riscv64-unknown-elf/10.2.0/rv32imafc/ilp32f/libgcc.a(_clz.o)
 .debug_info    0x00000000000052bb      0x144 /opt/riscv/lib/gcc/riscv64-unknown-elf/10.2.0/rv32imafc/ilp32f/libgcc.a(_clzsi2.o)

.debug_abbrev   0x0000000000000000     0x1c71
 .debug_abbrev  0x0000000000000000       0xf4 ./src/float.o
 .debug_abbrev  0x00000000000000f4      0x121 ./src/gpio.o
 .debug_abbrev  0x0000000000000215      0x10a ./src/interrupt.o
 .debug_abbrev  0x000000000000031f       0xc1 ./src/main.o
 .debug_abbrev  0x00000000000003e0       0xbb ./src/system.o
 .debug_abbrev  0x000000000000049b      0x147 ./src/uart.o
 .debug_abbrev  0x00000000000005e2      0x1f6 ./src/xprintf.o
 .debug_abbrev  0x00000000000007d8      0x19d /opt/riscv/lib/gcc/riscv64-unknown-elf/10.2.0/rv32imafc/ilp32f/libgcc.a(_udivdi3.o)
 .debug_abbrev  0x0000000000000975      0x1b9 /opt/riscv/lib/gcc/riscv64-unknown-elf/10.2.0/rv32imafc/ilp32f/libgcc.a(_umoddi3.o)
 .debug_abbrev  0x0000000000000b2e      0x166 /opt/riscv/lib/gcc/riscv64-unknown-elf/10.2.0/rv32imafc/ilp32f/libgcc.a(adddf3.o)
 .debug_abbrev  0x0000000000000c94      0x162 /opt/riscv/lib/gcc/riscv64-unknown-elf/10.2.0/rv32imafc/ilp32f/libgcc.a(divdf3.o)
 .debug_abbrev  0x0000000000000df6      0x147 /opt/riscv/lib/gcc/riscv64-unknown-elf/10.2.0/rv32imafc/ilp32f/libgcc.a(eqdf2.o)
 .debug_abbrev  0x0000000000000f3d      0x158 /opt/riscv/lib/gcc/riscv64-unknown-elf/10.2.0/rv32imafc/ilp32f/libgcc.a(gedf2.o)
 .debug_abbrev  0x0000000000001095      0x158 /opt/riscv/lib/gcc/riscv64-unknown-elf/10.2.0/rv32imafc/ilp32f/libgcc.a(ledf2.o)
 .debug_abbrev  0x00000000000011ed      0x17d /opt/riscv/lib/gcc/riscv64-unknown-elf/10.2.0/rv32imafc/ilp32f/libgcc.a(muldf3.o)
 .debug_abbrev  0x000000000000136a      0x166 /opt/riscv/lib/gcc/riscv64-unknown-elf/10.2.0/rv32imafc/ilp32f/libgcc.a(subdf3.o)
 .debug_abbrev  0x00000000000014d0      0x138 /opt/riscv/lib/gcc/riscv64-unknown-elf/10.2.0/rv32imafc/ilp32f/libgcc.a(unorddf2.o)
 .debug_abbrev  0x0000000000001608      0x144 /opt/riscv/lib/gcc/riscv64-unknown-elf/10.2.0/rv32imafc/ilp32f/libgcc.a(fixdfsi.o)
 .debug_abbrev  0x000000000000174c      0x164 /opt/riscv/lib/gcc/riscv64-unknown-elf/10.2.0/rv32imafc/ilp32f/libgcc.a(floatsidf.o)
 .debug_abbrev  0x00000000000018b0      0x149 /opt/riscv/lib/gcc/riscv64-unknown-elf/10.2.0/rv32imafc/ilp32f/libgcc.a(extendsfdf2.o)
 .debug_abbrev  0x00000000000019f9      0x13e /opt/riscv/lib/gcc/riscv64-unknown-elf/10.2.0/rv32imafc/ilp32f/libgcc.a(truncdfsf2.o)
 .debug_abbrev  0x0000000000001b37       0x70 /opt/riscv/lib/gcc/riscv64-unknown-elf/10.2.0/rv32imafc/ilp32f/libgcc.a(_clz.o)
 .debug_abbrev  0x0000000000001ba7       0xca /opt/riscv/lib/gcc/riscv64-unknown-elf/10.2.0/rv32imafc/ilp32f/libgcc.a(_clzsi2.o)

.debug_aranges  0x0000000000000000      0x3e8
 .debug_aranges
                0x0000000000000000       0x28 ./src/float.o
 .debug_aranges
                0x0000000000000028       0x58 ./src/gpio.o
 .debug_aranges
                0x0000000000000080       0x40 ./src/interrupt.o
 .debug_aranges
                0x00000000000000c0       0x20 ./src/main.o
 .debug_aranges
                0x00000000000000e0       0x28 ./src/system.o
 .debug_aranges
                0x0000000000000108       0x58 ./src/uart.o
 .debug_aranges
                0x0000000000000160       0x90 ./src/xprintf.o
 .debug_aranges
                0x00000000000001f0       0x20 /opt/riscv/lib/gcc/riscv64-unknown-elf/10.2.0/rv32imafc/ilp32f/libgcc.a(_udivdi3.o)
 .debug_aranges
                0x0000000000000210       0x20 /opt/riscv/lib/gcc/riscv64-unknown-elf/10.2.0/rv32imafc/ilp32f/libgcc.a(_umoddi3.o)
 .debug_aranges
                0x0000000000000230       0x20 /opt/riscv/lib/gcc/riscv64-unknown-elf/10.2.0/rv32imafc/ilp32f/libgcc.a(adddf3.o)
 .debug_aranges
                0x0000000000000250       0x20 /opt/riscv/lib/gcc/riscv64-unknown-elf/10.2.0/rv32imafc/ilp32f/libgcc.a(divdf3.o)
 .debug_aranges
                0x0000000000000270       0x20 /opt/riscv/lib/gcc/riscv64-unknown-elf/10.2.0/rv32imafc/ilp32f/libgcc.a(eqdf2.o)
 .debug_aranges
                0x0000000000000290       0x20 /opt/riscv/lib/gcc/riscv64-unknown-elf/10.2.0/rv32imafc/ilp32f/libgcc.a(gedf2.o)
 .debug_aranges
                0x00000000000002b0       0x20 /opt/riscv/lib/gcc/riscv64-unknown-elf/10.2.0/rv32imafc/ilp32f/libgcc.a(ledf2.o)
 .debug_aranges
                0x00000000000002d0       0x20 /opt/riscv/lib/gcc/riscv64-unknown-elf/10.2.0/rv32imafc/ilp32f/libgcc.a(muldf3.o)
 .debug_aranges
                0x00000000000002f0       0x20 /opt/riscv/lib/gcc/riscv64-unknown-elf/10.2.0/rv32imafc/ilp32f/libgcc.a(subdf3.o)
 .debug_aranges
                0x0000000000000310       0x20 /opt/riscv/lib/gcc/riscv64-unknown-elf/10.2.0/rv32imafc/ilp32f/libgcc.a(unorddf2.o)
 .debug_aranges
                0x0000000000000330       0x20 /opt/riscv/lib/gcc/riscv64-unknown-elf/10.2.0/rv32imafc/ilp32f/libgcc.a(fixdfsi.o)
 .debug_aranges
                0x0000000000000350       0x20 /opt/riscv/lib/gcc/riscv64-unknown-elf/10.2.0/rv32imafc/ilp32f/libgcc.a(floatsidf.o)
 .debug_aranges
                0x0000000000000370       0x20 /opt/riscv/lib/gcc/riscv64-unknown-elf/10.2.0/rv32imafc/ilp32f/libgcc.a(extendsfdf2.o)
 .debug_aranges
                0x0000000000000390       0x20 /opt/riscv/lib/gcc/riscv64-unknown-elf/10.2.0/rv32imafc/ilp32f/libgcc.a(truncdfsf2.o)
 .debug_aranges
                0x00000000000003b0       0x18 /opt/riscv/lib/gcc/riscv64-unknown-elf/10.2.0/rv32imafc/ilp32f/libgcc.a(_clz.o)
 .debug_aranges
                0x00000000000003c8       0x20 /opt/riscv/lib/gcc/riscv64-unknown-elf/10.2.0/rv32imafc/ilp32f/libgcc.a(_clzsi2.o)

.debug_ranges   0x0000000000000000     0x1188
 .debug_ranges  0x0000000000000000       0x18 ./src/float.o
 .debug_ranges  0x0000000000000018       0x48 ./src/gpio.o
 .debug_ranges  0x0000000000000060       0x30 ./src/interrupt.o
 .debug_ranges  0x0000000000000090       0x10 ./src/main.o
 .debug_ranges  0x00000000000000a0       0x18 ./src/system.o
 .debug_ranges  0x00000000000000b8       0x48 ./src/uart.o
 .debug_ranges  0x0000000000000100       0x80 ./src/xprintf.o
 .debug_ranges  0x0000000000000180       0xf8 /opt/riscv/lib/gcc/riscv64-unknown-elf/10.2.0/rv32imafc/ilp32f/libgcc.a(_udivdi3.o)
 .debug_ranges  0x0000000000000278       0xd8 /opt/riscv/lib/gcc/riscv64-unknown-elf/10.2.0/rv32imafc/ilp32f/libgcc.a(_umoddi3.o)
 .debug_ranges  0x0000000000000350      0x3b8 /opt/riscv/lib/gcc/riscv64-unknown-elf/10.2.0/rv32imafc/ilp32f/libgcc.a(adddf3.o)
 .debug_ranges  0x0000000000000708      0x1e8 /opt/riscv/lib/gcc/riscv64-unknown-elf/10.2.0/rv32imafc/ilp32f/libgcc.a(divdf3.o)
 .debug_ranges  0x00000000000008f0       0x60 /opt/riscv/lib/gcc/riscv64-unknown-elf/10.2.0/rv32imafc/ilp32f/libgcc.a(eqdf2.o)
 .debug_ranges  0x0000000000000950       0x38 /opt/riscv/lib/gcc/riscv64-unknown-elf/10.2.0/rv32imafc/ilp32f/libgcc.a(gedf2.o)
 .debug_ranges  0x0000000000000988       0x38 /opt/riscv/lib/gcc/riscv64-unknown-elf/10.2.0/rv32imafc/ilp32f/libgcc.a(ledf2.o)
 .debug_ranges  0x00000000000009c0      0x240 /opt/riscv/lib/gcc/riscv64-unknown-elf/10.2.0/rv32imafc/ilp32f/libgcc.a(muldf3.o)
 .debug_ranges  0x0000000000000c00      0x3c8 /opt/riscv/lib/gcc/riscv64-unknown-elf/10.2.0/rv32imafc/ilp32f/libgcc.a(subdf3.o)
 .debug_ranges  0x0000000000000fc8       0x38 /opt/riscv/lib/gcc/riscv64-unknown-elf/10.2.0/rv32imafc/ilp32f/libgcc.a(unorddf2.o)
 .debug_ranges  0x0000000000001000       0x58 /opt/riscv/lib/gcc/riscv64-unknown-elf/10.2.0/rv32imafc/ilp32f/libgcc.a(fixdfsi.o)
 .debug_ranges  0x0000000000001058       0x68 /opt/riscv/lib/gcc/riscv64-unknown-elf/10.2.0/rv32imafc/ilp32f/libgcc.a(floatsidf.o)
 .debug_ranges  0x00000000000010c0       0x20 /opt/riscv/lib/gcc/riscv64-unknown-elf/10.2.0/rv32imafc/ilp32f/libgcc.a(extendsfdf2.o)
 .debug_ranges  0x00000000000010e0       0x88 /opt/riscv/lib/gcc/riscv64-unknown-elf/10.2.0/rv32imafc/ilp32f/libgcc.a(truncdfsf2.o)
 .debug_ranges  0x0000000000001168       0x20 /opt/riscv/lib/gcc/riscv64-unknown-elf/10.2.0/rv32imafc/ilp32f/libgcc.a(_clzsi2.o)

.debug_macro    0x0000000000000000     0x2d04
 .debug_macro   0x0000000000000000      0x282 ./src/float.o
 .debug_macro   0x0000000000000282      0x71e ./src/float.o
 .debug_macro   0x00000000000009a0       0x22 ./src/float.o
 .debug_macro   0x00000000000009c2       0x52 ./src/float.o
 .debug_macro   0x0000000000000a14       0x20 ./src/float.o
 .debug_macro   0x0000000000000a34       0x94 ./src/float.o
 .debug_macro   0x0000000000000ac8       0x34 ./src/float.o
 .debug_macro   0x0000000000000afc       0x34 ./src/float.o
 .debug_macro   0x0000000000000b30       0x16 ./src/float.o
 .debug_macro   0x0000000000000b46       0x57 ./src/float.o
 .debug_macro   0x0000000000000b9d       0x97 ./src/float.o
 .debug_macro   0x0000000000000c34      0x341 ./src/float.o
 .debug_macro   0x0000000000000f75       0xfd ./src/float.o
 .debug_macro   0x0000000000001072       0x10 ./src/float.o
 .debug_macro   0x0000000000001082       0x16 ./src/float.o
 .debug_macro   0x0000000000001098       0x43 ./src/float.o
 .debug_macro   0x00000000000010db       0x34 ./src/float.o
 .debug_macro   0x000000000000110f       0x10 ./src/float.o
 .debug_macro   0x000000000000111f       0x52 ./src/float.o
 .debug_macro   0x0000000000001171      0x182 ./src/float.o
 .debug_macro   0x00000000000012f3       0x10 ./src/float.o
 .debug_macro   0x0000000000001303       0x6a ./src/float.o
 .debug_macro   0x000000000000136d       0x1c ./src/float.o
 .debug_macro   0x0000000000001389       0x52 ./src/float.o
 .debug_macro   0x00000000000013db       0x22 ./src/float.o
 .debug_macro   0x00000000000013fd       0x10 ./src/float.o
 .debug_macro   0x000000000000140d       0x52 ./src/float.o
 .debug_macro   0x000000000000145f       0xd5 ./src/float.o
 .debug_macro   0x0000000000001534       0x1c ./src/float.o
 .debug_macro   0x0000000000001550       0x3d ./src/float.o
 .debug_macro   0x000000000000158d       0x16 ./src/float.o
 .debug_macro   0x00000000000015a3      0x16f ./src/float.o
 .debug_macro   0x0000000000001712      0x19b ./src/float.o
 .debug_macro   0x00000000000018ad      0x103 ./src/float.o
 .debug_macro   0x00000000000019b0      0x1df ./src/float.o
 .debug_macro   0x0000000000001b8f       0x46 ./src/float.o
 .debug_macro   0x0000000000001bd5       0x10 ./src/float.o
 .debug_macro   0x0000000000001be5       0x1c ./src/float.o
 .debug_macro   0x0000000000001c01       0x16 ./src/float.o
 .debug_macro   0x0000000000001c17       0x35 ./src/float.o
 .debug_macro   0x0000000000001c4c       0x16 ./src/float.o
 .debug_macro   0x0000000000001c62       0x29 ./src/float.o
 .debug_macro   0x0000000000001c8b       0x16 ./src/float.o
 .debug_macro   0x0000000000001ca1       0x4c ./src/float.o
 .debug_macro   0x0000000000001ced       0xa0 ./src/float.o
 .debug_macro   0x0000000000001d8d       0x28 ./src/float.o
 .debug_macro   0x0000000000001db5      0x1d9 ./src/gpio.o
 .debug_macro   0x0000000000001f8e       0x8e ./src/gpio.o
 .debug_macro   0x000000000000201c       0x51 ./src/gpio.o
 .debug_macro   0x000000000000206d       0x58 ./src/gpio.o
 .debug_macro   0x00000000000020c5      0x1f4 ./src/interrupt.o
 .debug_macro   0x00000000000022b9       0xac ./src/interrupt.o
 .debug_macro   0x0000000000002365      0x2bd ./src/main.o
 .debug_macro   0x0000000000002622      0x174 ./src/main.o
 .debug_macro   0x0000000000002796       0x1c ./src/main.o
 .debug_macro   0x00000000000027b2      0x1d9 ./src/system.o
 .debug_macro   0x000000000000298b      0x1ef ./src/uart.o
 .debug_macro   0x0000000000002b7a      0x122 ./src/xprintf.o
 .debug_macro   0x0000000000002c9c       0x10 ./src/xprintf.o
 .debug_macro   0x0000000000002cac       0x58 ./src/xprintf.o

.debug_line     0x0000000000000000     0xadaf
 .debug_line    0x0000000000000000      0x401 ./src/float.o
 .debug_line    0x0000000000000401      0x94e ./src/gpio.o
 .debug_line    0x0000000000000d4f      0x43d ./src/interrupt.o
 .debug_line    0x000000000000118c      0x35e ./src/main.o
 .debug_line    0x00000000000014ea      0x3b6 ./src/system.o
 .debug_line    0x00000000000018a0      0x524 ./src/uart.o
 .debug_line    0x0000000000001dc4     0x171e ./src/xprintf.o
 .debug_line    0x00000000000034e2      0x74f /opt/riscv/lib/gcc/riscv64-unknown-elf/10.2.0/rv32imafc/ilp32f/libgcc.a(_udivdi3.o)
 .debug_line    0x0000000000003c31      0x7f3 /opt/riscv/lib/gcc/riscv64-unknown-elf/10.2.0/rv32imafc/ilp32f/libgcc.a(_umoddi3.o)
 .debug_line    0x0000000000004424     0x15a7 /opt/riscv/lib/gcc/riscv64-unknown-elf/10.2.0/rv32imafc/ilp32f/libgcc.a(adddf3.o)
 .debug_line    0x00000000000059cb     0x121c /opt/riscv/lib/gcc/riscv64-unknown-elf/10.2.0/rv32imafc/ilp32f/libgcc.a(divdf3.o)
 .debug_line    0x0000000000006be7      0x2de /opt/riscv/lib/gcc/riscv64-unknown-elf/10.2.0/rv32imafc/ilp32f/libgcc.a(eqdf2.o)
 .debug_line    0x0000000000006ec5      0x2fd /opt/riscv/lib/gcc/riscv64-unknown-elf/10.2.0/rv32imafc/ilp32f/libgcc.a(gedf2.o)
 .debug_line    0x00000000000071c2      0x2fd /opt/riscv/lib/gcc/riscv64-unknown-elf/10.2.0/rv32imafc/ilp32f/libgcc.a(ledf2.o)
 .debug_line    0x00000000000074bf     0x102c /opt/riscv/lib/gcc/riscv64-unknown-elf/10.2.0/rv32imafc/ilp32f/libgcc.a(muldf3.o)
 .debug_line    0x00000000000084eb     0x15f9 /opt/riscv/lib/gcc/riscv64-unknown-elf/10.2.0/rv32imafc/ilp32f/libgcc.a(subdf3.o)
 .debug_line    0x0000000000009ae4      0x229 /opt/riscv/lib/gcc/riscv64-unknown-elf/10.2.0/rv32imafc/ilp32f/libgcc.a(unorddf2.o)
 .debug_line    0x0000000000009d0d      0x2d8 /opt/riscv/lib/gcc/riscv64-unknown-elf/10.2.0/rv32imafc/ilp32f/libgcc.a(fixdfsi.o)
 .debug_line    0x0000000000009fe5      0x24e /opt/riscv/lib/gcc/riscv64-unknown-elf/10.2.0/rv32imafc/ilp32f/libgcc.a(floatsidf.o)
 .debug_line    0x000000000000a233      0x3b5 /opt/riscv/lib/gcc/riscv64-unknown-elf/10.2.0/rv32imafc/ilp32f/libgcc.a(extendsfdf2.o)
 .debug_line    0x000000000000a5e8      0x689 /opt/riscv/lib/gcc/riscv64-unknown-elf/10.2.0/rv32imafc/ilp32f/libgcc.a(truncdfsf2.o)
 .debug_line    0x000000000000ac71       0x59 /opt/riscv/lib/gcc/riscv64-unknown-elf/10.2.0/rv32imafc/ilp32f/libgcc.a(_clz.o)
 .debug_line    0x000000000000acca       0xe5 /opt/riscv/lib/gcc/riscv64-unknown-elf/10.2.0/rv32imafc/ilp32f/libgcc.a(_clzsi2.o)

.debug_str      0x0000000000000000     0x8cd0
 .debug_str     0x0000000000000000     0x7b7a ./src/float.o
                                       0x7d86 (size before relaxing)
 .debug_str     0x0000000000007b7a       0xaa ./src/gpio.o
                                       0x7188 (size before relaxing)
 .debug_str     0x0000000000007c24      0x279 ./src/interrupt.o
                                       0x7483 (size before relaxing)
 .debug_str     0x0000000000007e9d      0x120 ./src/main.o
                                       0x7f35 (size before relaxing)
 .debug_str     0x0000000000007fbd       0x52 ./src/system.o
                                       0x700a (size before relaxing)
 .debug_str     0x000000000000800f       0x8f ./src/uart.o
                                       0x7283 (size before relaxing)
 .debug_str     0x000000000000809e      0x17d ./src/xprintf.o
                                       0x5d8f (size before relaxing)
 .debug_str     0x000000000000821b      0x243 /opt/riscv/lib/gcc/riscv64-unknown-elf/10.2.0/rv32imafc/ilp32f/libgcc.a(_udivdi3.o)
                                        0x2f3 (size before relaxing)
 .debug_str     0x000000000000845e        0xa /opt/riscv/lib/gcc/riscv64-unknown-elf/10.2.0/rv32imafc/ilp32f/libgcc.a(_umoddi3.o)
                                        0x2f3 (size before relaxing)
 .debug_str     0x0000000000008468      0x250 /opt/riscv/lib/gcc/riscv64-unknown-elf/10.2.0/rv32imafc/ilp32f/libgcc.a(adddf3.o)
                                        0x34e (size before relaxing)
 .debug_str     0x00000000000086b8      0x19e /opt/riscv/lib/gcc/riscv64-unknown-elf/10.2.0/rv32imafc/ilp32f/libgcc.a(divdf3.o)
                                        0x410 (size before relaxing)
 .debug_str     0x0000000000008856       0x59 /opt/riscv/lib/gcc/riscv64-unknown-elf/10.2.0/rv32imafc/ilp32f/libgcc.a(eqdf2.o)
                                        0x25f (size before relaxing)
 .debug_str     0x00000000000088af       0x5e /opt/riscv/lib/gcc/riscv64-unknown-elf/10.2.0/rv32imafc/ilp32f/libgcc.a(gedf2.o)
                                        0x283 (size before relaxing)
 .debug_str     0x000000000000890d       0x3a /opt/riscv/lib/gcc/riscv64-unknown-elf/10.2.0/rv32imafc/ilp32f/libgcc.a(ledf2.o)
                                        0x283 (size before relaxing)
 .debug_str     0x0000000000008947      0x161 /opt/riscv/lib/gcc/riscv64-unknown-elf/10.2.0/rv32imafc/ilp32f/libgcc.a(muldf3.o)
                                        0x468 (size before relaxing)
 .debug_str     0x0000000000008aa8       0x3c /opt/riscv/lib/gcc/riscv64-unknown-elf/10.2.0/rv32imafc/ilp32f/libgcc.a(subdf3.o)
                                        0x34e (size before relaxing)
 .debug_str     0x0000000000008ae4       0x40 /opt/riscv/lib/gcc/riscv64-unknown-elf/10.2.0/rv32imafc/ilp32f/libgcc.a(unorddf2.o)
                                        0x265 (size before relaxing)
 .debug_str     0x0000000000008b24       0x51 /opt/riscv/lib/gcc/riscv64-unknown-elf/10.2.0/rv32imafc/ilp32f/libgcc.a(fixdfsi.o)
                                        0x25c (size before relaxing)
 .debug_str     0x0000000000008b75       0x6f /opt/riscv/lib/gcc/riscv64-unknown-elf/10.2.0/rv32imafc/ilp32f/libgcc.a(floatsidf.o)
                                        0x2fb (size before relaxing)
 .debug_str     0x0000000000008be4       0x80 /opt/riscv/lib/gcc/riscv64-unknown-elf/10.2.0/rv32imafc/ilp32f/libgcc.a(extendsfdf2.o)
                                        0x289 (size before relaxing)
 .debug_str     0x0000000000008c64       0x6c /opt/riscv/lib/gcc/riscv64-unknown-elf/10.2.0/rv32imafc/ilp32f/libgcc.a(truncdfsf2.o)
                                        0x2de (size before relaxing)
 .debug_str     0x0000000000008cd0      0x23a /opt/riscv/lib/gcc/riscv64-unknown-elf/10.2.0/rv32imafc/ilp32f/libgcc.a(_clz.o)
 .debug_str     0x0000000000008cd0      0x257 /opt/riscv/lib/gcc/riscv64-unknown-elf/10.2.0/rv32imafc/ilp32f/libgcc.a(_clzsi2.o)

.comment        0x0000000000000000       0x12
 .comment       0x0000000000000000       0x12 ./src/float.o
                                         0x13 (size before relaxing)
 .comment       0x0000000000000012       0x13 ./src/gpio.o
 .comment       0x0000000000000012       0x13 ./src/interrupt.o
 .comment       0x0000000000000012       0x13 ./src/main.o
 .comment       0x0000000000000012       0x13 ./src/system.o
 .comment       0x0000000000000012       0x13 ./src/uart.o
 .comment       0x0000000000000012       0x13 ./src/xprintf.o
 .comment       0x0000000000000012       0x13 /opt/riscv/lib/gcc/riscv64-unknown-elf/10.2.0/../../../../riscv64-unknown-elf/lib/rv32imafc/ilp32f/libm.a(lib_a-sf_sin.o)
 .comment       0x0000000000000012       0x13 /opt/riscv/lib/gcc/riscv64-unknown-elf/10.2.0/../../../../riscv64-unknown-elf/lib/rv32imafc/ilp32f/libm.a(lib_a-ef_rem_pio2.o)
 .comment       0x0000000000000012       0x13 /opt/riscv/lib/gcc/riscv64-unknown-elf/10.2.0/../../../../riscv64-unknown-elf/lib/rv32imafc/ilp32f/libm.a(lib_a-kf_cos.o)
 .comment       0x0000000000000012       0x13 /opt/riscv/lib/gcc/riscv64-unknown-elf/10.2.0/../../../../riscv64-unknown-elf/lib/rv32imafc/ilp32f/libm.a(lib_a-kf_rem_pio2.o)
 .comment       0x0000000000000012       0x13 /opt/riscv/lib/gcc/riscv64-unknown-elf/10.2.0/../../../../riscv64-unknown-elf/lib/rv32imafc/ilp32f/libm.a(lib_a-kf_sin.o)
 .comment       0x0000000000000012       0x13 /opt/riscv/lib/gcc/riscv64-unknown-elf/10.2.0/../../../../riscv64-unknown-elf/lib/rv32imafc/ilp32f/libm.a(lib_a-sf_fabs.o)
 .comment       0x0000000000000012       0x13 /opt/riscv/lib/gcc/riscv64-unknown-elf/10.2.0/../../../../riscv64-unknown-elf/lib/rv32imafc/ilp32f/libm.a(lib_a-sf_floor.o)
 .comment       0x0000000000000012       0x13 /opt/riscv/lib/gcc/riscv64-unknown-elf/10.2.0/../../../../riscv64-unknown-elf/lib/rv32imafc/ilp32f/libm.a(lib_a-sf_scalbn.o)
 .comment       0x0000000000000012       0x13 /opt/riscv/lib/gcc/riscv64-unknown-elf/10.2.0/../../../../riscv64-unknown-elf/lib/rv32imafc/ilp32f/libc.a(lib_a-strlen.o)
 .comment       0x0000000000000012       0x13 /opt/riscv/lib/gcc/riscv64-unknown-elf/10.2.0/rv32imafc/ilp32f/libgcc.a(_udivdi3.o)
 .comment       0x0000000000000012       0x13 /opt/riscv/lib/gcc/riscv64-unknown-elf/10.2.0/rv32imafc/ilp32f/libgcc.a(_umoddi3.o)
 .comment       0x0000000000000012       0x13 /opt/riscv/lib/gcc/riscv64-unknown-elf/10.2.0/rv32imafc/ilp32f/libgcc.a(adddf3.o)
 .comment       0x0000000000000012       0x13 /opt/riscv/lib/gcc/riscv64-unknown-elf/10.2.0/rv32imafc/ilp32f/libgcc.a(divdf3.o)
 .comment       0x0000000000000012       0x13 /opt/riscv/lib/gcc/riscv64-unknown-elf/10.2.0/rv32imafc/ilp32f/libgcc.a(eqdf2.o)
 .comment       0x0000000000000012       0x13 /opt/riscv/lib/gcc/riscv64-unknown-elf/10.2.0/rv32imafc/ilp32f/libgcc.a(gedf2.o)
 .comment       0x0000000000000012       0x13 /opt/riscv/lib/gcc/riscv64-unknown-elf/10.2.0/rv32imafc/ilp32f/libgcc.a(ledf2.o)
 .comment       0x0000000000000012       0x13 /opt/riscv/lib/gcc/riscv64-unknown-elf/10.2.0/rv32imafc/ilp32f/libgcc.a(muldf3.o)
 .comment       0x0000000000000012       0x13 /opt/riscv/lib/gcc/riscv64-unknown-elf/10.2.0/rv32imafc/ilp32f/libgcc.a(subdf3.o)
 .comment       0x0000000000000012       0x13 /opt/riscv/lib/gcc/riscv64-unknown-elf/10.2.0/rv32imafc/ilp32f/libgcc.a(unorddf2.o)
 .comment       0x0000000000000012       0x13 /opt/riscv/lib/gcc/riscv64-unknown-elf/10.2.0/rv32imafc/ilp32f/libgcc.a(fixdfsi.o)
 .comment       0x0000000000000012       0x13 /opt/riscv/lib/gcc/riscv64-unknown-elf/10.2.0/rv32imafc/ilp32f/libgcc.a(floatsidf.o)
 .comment       0x0000000000000012       0x13 /opt/riscv/lib/gcc/riscv64-unknown-elf/10.2.0/rv32imafc/ilp32f/libgcc.a(extendsfdf2.o)
 .comment       0x0000000000000012       0x13 /opt/riscv/lib/gcc/riscv64-unknown-elf/10.2.0/rv32imafc/ilp32f/libgcc.a(truncdfsf2.o)
 .comment       0x0000000000000012       0x13 /opt/riscv/lib/gcc/riscv64-unknown-elf/10.2.0/rv32imafc/ilp32f/libgcc.a(_clz.o)
 .comment       0x0000000000000012       0x13 /opt/riscv/lib/gcc/riscv64-unknown-elf/10.2.0/rv32imafc/ilp32f/libgcc.a(_clzsi2.o)

.riscv.attributes
                0x0000000000000000       0x34
 .riscv.attributes
                0x0000000000000000       0x30 ./src/float.o
 .riscv.attributes
                0x0000000000000030       0x30 ./src/gpio.o
 .riscv.attributes
                0x0000000000000060       0x34 ./src/interrupt.o
 .riscv.attributes
                0x0000000000000094       0x34 ./src/main.o
 .riscv.attributes
                0x00000000000000c8       0x34 ./src/system.o
 .riscv.attributes
                0x00000000000000fc       0x30 ./src/uart.o
 .riscv.attributes
                0x000000000000012c       0x30 ./src/xprintf.o
 .riscv.attributes
                0x000000000000015c       0x30 /opt/riscv/lib/gcc/riscv64-unknown-elf/10.2.0/../../../../riscv64-unknown-elf/lib/rv32imafc/ilp32f/libm.a(lib_a-sf_sin.o)
 .riscv.attributes
                0x000000000000018c       0x30 /opt/riscv/lib/gcc/riscv64-unknown-elf/10.2.0/../../../../riscv64-unknown-elf/lib/rv32imafc/ilp32f/libm.a(lib_a-ef_rem_pio2.o)
 .riscv.attributes
                0x00000000000001bc       0x30 /opt/riscv/lib/gcc/riscv64-unknown-elf/10.2.0/../../../../riscv64-unknown-elf/lib/rv32imafc/ilp32f/libm.a(lib_a-kf_cos.o)
 .riscv.attributes
                0x00000000000001ec       0x30 /opt/riscv/lib/gcc/riscv64-unknown-elf/10.2.0/../../../../riscv64-unknown-elf/lib/rv32imafc/ilp32f/libm.a(lib_a-kf_rem_pio2.o)
 .riscv.attributes
                0x000000000000021c       0x30 /opt/riscv/lib/gcc/riscv64-unknown-elf/10.2.0/../../../../riscv64-unknown-elf/lib/rv32imafc/ilp32f/libm.a(lib_a-kf_sin.o)
 .riscv.attributes
                0x000000000000024c       0x30 /opt/riscv/lib/gcc/riscv64-unknown-elf/10.2.0/../../../../riscv64-unknown-elf/lib/rv32imafc/ilp32f/libm.a(lib_a-sf_fabs.o)
 .riscv.attributes
                0x000000000000027c       0x30 /opt/riscv/lib/gcc/riscv64-unknown-elf/10.2.0/../../../../riscv64-unknown-elf/lib/rv32imafc/ilp32f/libm.a(lib_a-sf_floor.o)
 .riscv.attributes
                0x00000000000002ac       0x30 /opt/riscv/lib/gcc/riscv64-unknown-elf/10.2.0/../../../../riscv64-unknown-elf/lib/rv32imafc/ilp32f/libm.a(lib_a-sf_scalbn.o)
 .riscv.attributes
                0x00000000000002dc       0x30 /opt/riscv/lib/gcc/riscv64-unknown-elf/10.2.0/../../../../riscv64-unknown-elf/lib/rv32imafc/ilp32f/libc.a(lib_a-strlen.o)
 .riscv.attributes
                0x000000000000030c       0x30 /opt/riscv/lib/gcc/riscv64-unknown-elf/10.2.0/rv32imafc/ilp32f/libgcc.a(_udivdi3.o)
 .riscv.attributes
                0x000000000000033c       0x30 /opt/riscv/lib/gcc/riscv64-unknown-elf/10.2.0/rv32imafc/ilp32f/libgcc.a(_umoddi3.o)
 .riscv.attributes
                0x000000000000036c       0x34 /opt/riscv/lib/gcc/riscv64-unknown-elf/10.2.0/rv32imafc/ilp32f/libgcc.a(adddf3.o)
 .riscv.attributes
                0x00000000000003a0       0x34 /opt/riscv/lib/gcc/riscv64-unknown-elf/10.2.0/rv32imafc/ilp32f/libgcc.a(divdf3.o)
 .riscv.attributes
                0x00000000000003d4       0x34 /opt/riscv/lib/gcc/riscv64-unknown-elf/10.2.0/rv32imafc/ilp32f/libgcc.a(eqdf2.o)
 .riscv.attributes
                0x0000000000000408       0x34 /opt/riscv/lib/gcc/riscv64-unknown-elf/10.2.0/rv32imafc/ilp32f/libgcc.a(gedf2.o)
 .riscv.attributes
                0x000000000000043c       0x34 /opt/riscv/lib/gcc/riscv64-unknown-elf/10.2.0/rv32imafc/ilp32f/libgcc.a(ledf2.o)
 .riscv.attributes
                0x0000000000000470       0x34 /opt/riscv/lib/gcc/riscv64-unknown-elf/10.2.0/rv32imafc/ilp32f/libgcc.a(muldf3.o)
 .riscv.attributes
                0x00000000000004a4       0x34 /opt/riscv/lib/gcc/riscv64-unknown-elf/10.2.0/rv32imafc/ilp32f/libgcc.a(subdf3.o)
 .riscv.attributes
                0x00000000000004d8       0x34 /opt/riscv/lib/gcc/riscv64-unknown-elf/10.2.0/rv32imafc/ilp32f/libgcc.a(unorddf2.o)
 .riscv.attributes
                0x000000000000050c       0x34 /opt/riscv/lib/gcc/riscv64-unknown-elf/10.2.0/rv32imafc/ilp32f/libgcc.a(fixdfsi.o)
 .riscv.attributes
                0x0000000000000540       0x30 /opt/riscv/lib/gcc/riscv64-unknown-elf/10.2.0/rv32imafc/ilp32f/libgcc.a(floatsidf.o)
 .riscv.attributes
                0x0000000000000570       0x34 /opt/riscv/lib/gcc/riscv64-unknown-elf/10.2.0/rv32imafc/ilp32f/libgcc.a(extendsfdf2.o)
 .riscv.attributes
                0x00000000000005a4       0x34 /opt/riscv/lib/gcc/riscv64-unknown-elf/10.2.0/rv32imafc/ilp32f/libgcc.a(truncdfsf2.o)
 .riscv.attributes
                0x00000000000005d8       0x30 /opt/riscv/lib/gcc/riscv64-unknown-elf/10.2.0/rv32imafc/ilp32f/libgcc.a(_clz.o)
 .riscv.attributes
                0x0000000000000608       0x30 /opt/riscv/lib/gcc/riscv64-unknown-elf/10.2.0/rv32imafc/ilp32f/libgcc.a(_clzsi2.o)

.debug_frame    0x0000000000000000      0x98c
 .debug_frame   0x0000000000000000       0x54 ./src/float.o
 .debug_frame   0x0000000000000054      0x148 ./src/gpio.o
 .debug_frame   0x000000000000019c       0xd4 ./src/interrupt.o
 .debug_frame   0x0000000000000270       0x38 ./src/main.o
 .debug_frame   0x00000000000002a8       0x74 ./src/system.o
 .debug_frame   0x000000000000031c      0x148 ./src/uart.o
 .debug_frame   0x0000000000000464      0x29c ./src/xprintf.o
 .debug_frame   0x0000000000000700       0x44 /opt/riscv/lib/gcc/riscv64-unknown-elf/10.2.0/rv32imafc/ilp32f/libgcc.a(adddf3.o)
 .debug_frame   0x0000000000000744       0x58 /opt/riscv/lib/gcc/riscv64-unknown-elf/10.2.0/rv32imafc/ilp32f/libgcc.a(divdf3.o)
 .debug_frame   0x000000000000079c       0x20 /opt/riscv/lib/gcc/riscv64-unknown-elf/10.2.0/rv32imafc/ilp32f/libgcc.a(eqdf2.o)
 .debug_frame   0x00000000000007bc       0x20 /opt/riscv/lib/gcc/riscv64-unknown-elf/10.2.0/rv32imafc/ilp32f/libgcc.a(gedf2.o)
 .debug_frame   0x00000000000007dc       0x20 /opt/riscv/lib/gcc/riscv64-unknown-elf/10.2.0/rv32imafc/ilp32f/libgcc.a(ledf2.o)
 .debug_frame   0x00000000000007fc       0x58 /opt/riscv/lib/gcc/riscv64-unknown-elf/10.2.0/rv32imafc/ilp32f/libgcc.a(muldf3.o)
 .debug_frame   0x0000000000000854       0x44 /opt/riscv/lib/gcc/riscv64-unknown-elf/10.2.0/rv32imafc/ilp32f/libgcc.a(subdf3.o)
 .debug_frame   0x0000000000000898       0x20 /opt/riscv/lib/gcc/riscv64-unknown-elf/10.2.0/rv32imafc/ilp32f/libgcc.a(unorddf2.o)
 .debug_frame   0x00000000000008b8       0x20 /opt/riscv/lib/gcc/riscv64-unknown-elf/10.2.0/rv32imafc/ilp32f/libgcc.a(fixdfsi.o)
 .debug_frame   0x00000000000008d8       0x38 /opt/riscv/lib/gcc/riscv64-unknown-elf/10.2.0/rv32imafc/ilp32f/libgcc.a(floatsidf.o)
 .debug_frame   0x0000000000000910       0x3c /opt/riscv/lib/gcc/riscv64-unknown-elf/10.2.0/rv32imafc/ilp32f/libgcc.a(extendsfdf2.o)
 .debug_frame   0x000000000000094c       0x20 /opt/riscv/lib/gcc/riscv64-unknown-elf/10.2.0/rv32imafc/ilp32f/libgcc.a(truncdfsf2.o)
 .debug_frame   0x000000000000096c       0x20 /opt/riscv/lib/gcc/riscv64-unknown-elf/10.2.0/rv32imafc/ilp32f/libgcc.a(_clzsi2.o)

.debug_loc      0x0000000000000000     0x843a
 .debug_loc     0x0000000000000000      0xbcd /opt/riscv/lib/gcc/riscv64-unknown-elf/10.2.0/rv32imafc/ilp32f/libgcc.a(_udivdi3.o)
 .debug_loc     0x0000000000000bcd      0x930 /opt/riscv/lib/gcc/riscv64-unknown-elf/10.2.0/rv32imafc/ilp32f/libgcc.a(_umoddi3.o)
 .debug_loc     0x00000000000014fd     0x1a56 /opt/riscv/lib/gcc/riscv64-unknown-elf/10.2.0/rv32imafc/ilp32f/libgcc.a(adddf3.o)
 .debug_loc     0x0000000000002f53     0x15e6 /opt/riscv/lib/gcc/riscv64-unknown-elf/10.2.0/rv32imafc/ilp32f/libgcc.a(divdf3.o)
 .debug_loc     0x0000000000004539      0x1a3 /opt/riscv/lib/gcc/riscv64-unknown-elf/10.2.0/rv32imafc/ilp32f/libgcc.a(eqdf2.o)
 .debug_loc     0x00000000000046dc      0x155 /opt/riscv/lib/gcc/riscv64-unknown-elf/10.2.0/rv32imafc/ilp32f/libgcc.a(gedf2.o)
 .debug_loc     0x0000000000004831      0x155 /opt/riscv/lib/gcc/riscv64-unknown-elf/10.2.0/rv32imafc/ilp32f/libgcc.a(ledf2.o)
 .debug_loc     0x0000000000004986     0x10e9 /opt/riscv/lib/gcc/riscv64-unknown-elf/10.2.0/rv32imafc/ilp32f/libgcc.a(muldf3.o)
 .debug_loc     0x0000000000005a6f     0x1c3f /opt/riscv/lib/gcc/riscv64-unknown-elf/10.2.0/rv32imafc/ilp32f/libgcc.a(subdf3.o)
 .debug_loc     0x00000000000076ae       0xef /opt/riscv/lib/gcc/riscv64-unknown-elf/10.2.0/rv32imafc/ilp32f/libgcc.a(unorddf2.o)
 .debug_loc     0x000000000000779d      0x2a8 /opt/riscv/lib/gcc/riscv64-unknown-elf/10.2.0/rv32imafc/ilp32f/libgcc.a(fixdfsi.o)
 .debug_loc     0x0000000000007a45      0x159 /opt/riscv/lib/gcc/riscv64-unknown-elf/10.2.0/rv32imafc/ilp32f/libgcc.a(floatsidf.o)
 .debug_loc     0x0000000000007b9e      0x26c /opt/riscv/lib/gcc/riscv64-unknown-elf/10.2.0/rv32imafc/ilp32f/libgcc.a(extendsfdf2.o)
 .debug_loc     0x0000000000007e0a      0x5c5 /opt/riscv/lib/gcc/riscv64-unknown-elf/10.2.0/rv32imafc/ilp32f/libgcc.a(truncdfsf2.o)
 .debug_loc     0x00000000000083cf       0x6b /opt/riscv/lib/gcc/riscv64-unknown-elf/10.2.0/rv32imafc/ilp32f/libgcc.a(_clzsi2.o)
