Archive member included to satisfy reference by file (symbol)

/opt/riscv/riscv64-unknown-elf/lib/rv32imafc/ilp32f/libm.a(lib_a-sf_sin.o)
                              ./src/float.o (sinf)
/opt/riscv/riscv64-unknown-elf/lib/rv32imafc/ilp32f/libm.a(lib_a-ef_rem_pio2.o)
                              /opt/riscv/riscv64-unknown-elf/lib/rv32imafc/ilp32f/libm.a(lib_a-sf_sin.o) (__ieee754_rem_pio2f)
/opt/riscv/riscv64-unknown-elf/lib/rv32imafc/ilp32f/libm.a(lib_a-kf_cos.o)
                              /opt/riscv/riscv64-unknown-elf/lib/rv32imafc/ilp32f/libm.a(lib_a-sf_sin.o) (__kernel_cosf)
/opt/riscv/riscv64-unknown-elf/lib/rv32imafc/ilp32f/libm.a(lib_a-kf_rem_pio2.o)
                              /opt/riscv/riscv64-unknown-elf/lib/rv32imafc/ilp32f/libm.a(lib_a-ef_rem_pio2.o) (__kernel_rem_pio2f)
/opt/riscv/riscv64-unknown-elf/lib/rv32imafc/ilp32f/libm.a(lib_a-kf_sin.o)
                              /opt/riscv/riscv64-unknown-elf/lib/rv32imafc/ilp32f/libm.a(lib_a-sf_sin.o) (__kernel_sinf)
/opt/riscv/riscv64-unknown-elf/lib/rv32imafc/ilp32f/libm.a(lib_a-sf_fabs.o)
                              /opt/riscv/riscv64-unknown-elf/lib/rv32imafc/ilp32f/libm.a(lib_a-ef_rem_pio2.o) (fabsf)
/opt/riscv/riscv64-unknown-elf/lib/rv32imafc/ilp32f/libm.a(lib_a-sf_floor.o)
                              /opt/riscv/riscv64-unknown-elf/lib/rv32imafc/ilp32f/libm.a(lib_a-kf_rem_pio2.o) (floorf)
/opt/riscv/riscv64-unknown-elf/lib/rv32imafc/ilp32f/libm.a(lib_a-sf_scalbn.o)
                              /opt/riscv/riscv64-unknown-elf/lib/rv32imafc/ilp32f/libm.a(lib_a-kf_rem_pio2.o) (scalbnf)
/opt/riscv/riscv64-unknown-elf/lib/rv32imafc/ilp32f/libc.a(lib_a-strlen.o)
                              ./src/xprintf.o (strlen)
/opt/riscv/lib/gcc/riscv64-unknown-elf/12.2.0/rv32imafc/ilp32f/libgcc.a(_udivdi3.o)
                              ./src/xprintf.o (__udivdi3)
/opt/riscv/lib/gcc/riscv64-unknown-elf/12.2.0/rv32imafc/ilp32f/libgcc.a(_umoddi3.o)
                              ./src/xprintf.o (__umoddi3)
/opt/riscv/lib/gcc/riscv64-unknown-elf/12.2.0/rv32imafc/ilp32f/libgcc.a(adddf3.o)
                              ./src/xprintf.o (__adddf3)
/opt/riscv/lib/gcc/riscv64-unknown-elf/12.2.0/rv32imafc/ilp32f/libgcc.a(divdf3.o)
                              ./src/xprintf.o (__divdf3)
/opt/riscv/lib/gcc/riscv64-unknown-elf/12.2.0/rv32imafc/ilp32f/libgcc.a(eqdf2.o)
                              ./src/xprintf.o (__nedf2)
/opt/riscv/lib/gcc/riscv64-unknown-elf/12.2.0/rv32imafc/ilp32f/libgcc.a(gedf2.o)
                              ./src/xprintf.o (__gedf2)
/opt/riscv/lib/gcc/riscv64-unknown-elf/12.2.0/rv32imafc/ilp32f/libgcc.a(ledf2.o)
                              ./src/xprintf.o (__ledf2)
/opt/riscv/lib/gcc/riscv64-unknown-elf/12.2.0/rv32imafc/ilp32f/libgcc.a(muldf3.o)
                              ./src/float.o (__muldf3)
/opt/riscv/lib/gcc/riscv64-unknown-elf/12.2.0/rv32imafc/ilp32f/libgcc.a(subdf3.o)
                              ./src/xprintf.o (__subdf3)
/opt/riscv/lib/gcc/riscv64-unknown-elf/12.2.0/rv32imafc/ilp32f/libgcc.a(unorddf2.o)
                              ./src/xprintf.o (__unorddf2)
/opt/riscv/lib/gcc/riscv64-unknown-elf/12.2.0/rv32imafc/ilp32f/libgcc.a(fixdfsi.o)
                              ./src/xprintf.o (__fixdfsi)
/opt/riscv/lib/gcc/riscv64-unknown-elf/12.2.0/rv32imafc/ilp32f/libgcc.a(floatsidf.o)
                              ./src/xprintf.o (__floatsidf)
/opt/riscv/lib/gcc/riscv64-unknown-elf/12.2.0/rv32imafc/ilp32f/libgcc.a(extendsfdf2.o)
                              ./src/float.o (__extendsfdf2)
/opt/riscv/lib/gcc/riscv64-unknown-elf/12.2.0/rv32imafc/ilp32f/libgcc.a(truncdfsf2.o)
                              ./src/float.o (__truncdfsf2)
/opt/riscv/lib/gcc/riscv64-unknown-elf/12.2.0/rv32imafc/ilp32f/libgcc.a(_clz.o)
                              /opt/riscv/lib/gcc/riscv64-unknown-elf/12.2.0/rv32imafc/ilp32f/libgcc.a(_udivdi3.o) (__clz_tab)
/opt/riscv/lib/gcc/riscv64-unknown-elf/12.2.0/rv32imafc/ilp32f/libgcc.a(_clzsi2.o)
                              /opt/riscv/lib/gcc/riscv64-unknown-elf/12.2.0/rv32imafc/ilp32f/libgcc.a(adddf3.o) (__clzsi2)

Discarded input sections

 .group         0x00000000        0xc ./src/float.o
 .group         0x00000000        0xc ./src/float.o
 .group         0x00000000        0xc ./src/float.o
 .group         0x00000000        0xc ./src/float.o
 .group         0x00000000        0xc ./src/float.o
 .group         0x00000000        0xc ./src/float.o
 .group         0x00000000        0xc ./src/float.o
 .group         0x00000000        0xc ./src/float.o
 .group         0x00000000        0xc ./src/float.o
 .group         0x00000000        0xc ./src/float.o
 .group         0x00000000        0xc ./src/float.o
 .group         0x00000000        0xc ./src/float.o
 .group         0x00000000        0xc ./src/float.o
 .group         0x00000000        0xc ./src/float.o
 .group         0x00000000        0xc ./src/float.o
 .group         0x00000000        0xc ./src/float.o
 .group         0x00000000        0xc ./src/float.o
 .group         0x00000000        0xc ./src/float.o
 .group         0x00000000        0xc ./src/float.o
 .group         0x00000000        0xc ./src/float.o
 .group         0x00000000        0xc ./src/float.o
 .group         0x00000000        0xc ./src/float.o
 .group         0x00000000        0xc ./src/float.o
 .group         0x00000000        0xc ./src/float.o
 .group         0x00000000        0xc ./src/float.o
 .group         0x00000000        0xc ./src/float.o
 .group         0x00000000        0xc ./src/float.o
 .group         0x00000000        0xc ./src/float.o
 .group         0x00000000        0xc ./src/float.o
 .group         0x00000000        0xc ./src/float.o
 .group         0x00000000        0xc ./src/float.o
 .group         0x00000000        0xc ./src/float.o
 .group         0x00000000        0xc ./src/float.o
 .group         0x00000000        0xc ./src/float.o
 .group         0x00000000        0xc ./src/float.o
 .group         0x00000000        0xc ./src/float.o
 .group         0x00000000        0xc ./src/float.o
 .group         0x00000000        0xc ./src/float.o
 .group         0x00000000        0xc ./src/float.o
 .group         0x00000000        0xc ./src/float.o
 .group         0x00000000        0xc ./src/float.o
 .group         0x00000000        0xc ./src/float.o
 .group         0x00000000        0xc ./src/float.o
 .group         0x00000000        0xc ./src/float.o
 .group         0x00000000        0xc ./src/float.o
 .text          0x00000000        0x0 ./src/float.o
 .data          0x00000000        0x0 ./src/float.o
 .bss           0x00000000        0x0 ./src/float.o
 .rodata.LED7SEG
                0x00000000       0x10 ./src/float.o
 .group         0x00000000        0xc ./src/gpio.o
 .group         0x00000000        0xc ./src/gpio.o
 .group         0x00000000        0xc ./src/gpio.o
 .group         0x00000000        0xc ./src/gpio.o
 .group         0x00000000        0xc ./src/gpio.o
 .group         0x00000000        0xc ./src/gpio.o
 .group         0x00000000        0xc ./src/gpio.o
 .group         0x00000000        0xc ./src/gpio.o
 .group         0x00000000        0xc ./src/gpio.o
 .group         0x00000000        0xc ./src/gpio.o
 .group         0x00000000        0xc ./src/gpio.o
 .group         0x00000000        0xc ./src/gpio.o
 .group         0x00000000        0xc ./src/gpio.o
 .group         0x00000000        0xc ./src/gpio.o
 .group         0x00000000        0xc ./src/gpio.o
 .group         0x00000000        0xc ./src/gpio.o
 .group         0x00000000        0xc ./src/gpio.o
 .group         0x00000000        0xc ./src/gpio.o
 .group         0x00000000        0xc ./src/gpio.o
 .group         0x00000000        0xc ./src/gpio.o
 .group         0x00000000        0xc ./src/gpio.o
 .group         0x00000000        0xc ./src/gpio.o
 .group         0x00000000        0xc ./src/gpio.o
 .group         0x00000000        0xc ./src/gpio.o
 .group         0x00000000        0xc ./src/gpio.o
 .group         0x00000000        0xc ./src/gpio.o
 .group         0x00000000        0xc ./src/gpio.o
 .group         0x00000000        0xc ./src/gpio.o
 .group         0x00000000        0xc ./src/gpio.o
 .group         0x00000000        0xc ./src/gpio.o
 .group         0x00000000        0xc ./src/gpio.o
 .group         0x00000000        0xc ./src/gpio.o
 .group         0x00000000        0xc ./src/gpio.o
 .group         0x00000000        0xc ./src/gpio.o
 .group         0x00000000        0xc ./src/gpio.o
 .group         0x00000000        0xc ./src/gpio.o
 .text          0x00000000        0x0 ./src/gpio.o
 .data          0x00000000        0x0 ./src/gpio.o
 .bss           0x00000000        0x0 ./src/gpio.o
 .debug_macro   0x00000000      0x784 ./src/gpio.o
 .debug_macro   0x00000000       0x22 ./src/gpio.o
 .debug_macro   0x00000000      0x103 ./src/gpio.o
 .debug_macro   0x00000000       0x6a ./src/gpio.o
 .debug_macro   0x00000000      0x1df ./src/gpio.o
 .debug_macro   0x00000000       0x20 ./src/gpio.o
 .debug_macro   0x00000000       0x34 ./src/gpio.o
 .debug_macro   0x00000000       0x34 ./src/gpio.o
 .debug_macro   0x00000000       0x16 ./src/gpio.o
 .debug_macro   0x00000000       0x9e ./src/gpio.o
 .debug_macro   0x00000000      0x341 ./src/gpio.o
 .debug_macro   0x00000000      0x10b ./src/gpio.o
 .debug_macro   0x00000000       0x10 ./src/gpio.o
 .debug_macro   0x00000000       0x16 ./src/gpio.o
 .debug_macro   0x00000000       0x43 ./src/gpio.o
 .debug_macro   0x00000000       0x34 ./src/gpio.o
 .debug_macro   0x00000000       0x10 ./src/gpio.o
 .debug_macro   0x00000000       0x52 ./src/gpio.o
 .debug_macro   0x00000000      0x182 ./src/gpio.o
 .debug_macro   0x00000000       0x10 ./src/gpio.o
 .debug_macro   0x00000000       0x1c ./src/gpio.o
 .debug_macro   0x00000000       0x52 ./src/gpio.o
 .debug_macro   0x00000000       0x22 ./src/gpio.o
 .debug_macro   0x00000000       0x10 ./src/gpio.o
 .debug_macro   0x00000000       0x52 ./src/gpio.o
 .debug_macro   0x00000000       0xd5 ./src/gpio.o
 .debug_macro   0x00000000       0x1c ./src/gpio.o
 .debug_macro   0x00000000       0x3d ./src/gpio.o
 .debug_macro   0x00000000       0x16 ./src/gpio.o
 .debug_macro   0x00000000      0x16f ./src/gpio.o
 .debug_macro   0x00000000       0x46 ./src/gpio.o
 .debug_macro   0x00000000       0x10 ./src/gpio.o
 .debug_macro   0x00000000       0xa0 ./src/gpio.o
 .group         0x00000000        0xc ./src/interrupt.o
 .group         0x00000000        0xc ./src/interrupt.o
 .group         0x00000000        0xc ./src/interrupt.o
 .group         0x00000000        0xc ./src/interrupt.o
 .group         0x00000000        0xc ./src/interrupt.o
 .group         0x00000000        0xc ./src/interrupt.o
 .group         0x00000000        0xc ./src/interrupt.o
 .group         0x00000000        0xc ./src/interrupt.o
 .group         0x00000000        0xc ./src/interrupt.o
 .group         0x00000000        0xc ./src/interrupt.o
 .group         0x00000000        0xc ./src/interrupt.o
 .group         0x00000000        0xc ./src/interrupt.o
 .group         0x00000000        0xc ./src/interrupt.o
 .group         0x00000000        0xc ./src/interrupt.o
 .group         0x00000000        0xc ./src/interrupt.o
 .group         0x00000000        0xc ./src/interrupt.o
 .group         0x00000000        0xc ./src/interrupt.o
 .group         0x00000000        0xc ./src/interrupt.o
 .group         0x00000000        0xc ./src/interrupt.o
 .group         0x00000000        0xc ./src/interrupt.o
 .group         0x00000000        0xc ./src/interrupt.o
 .group         0x00000000        0xc ./src/interrupt.o
 .group         0x00000000        0xc ./src/interrupt.o
 .group         0x00000000        0xc ./src/interrupt.o
 .group         0x00000000        0xc ./src/interrupt.o
 .group         0x00000000        0xc ./src/interrupt.o
 .group         0x00000000        0xc ./src/interrupt.o
 .group         0x00000000        0xc ./src/interrupt.o
 .group         0x00000000        0xc ./src/interrupt.o
 .group         0x00000000        0xc ./src/interrupt.o
 .group         0x00000000        0xc ./src/interrupt.o
 .group         0x00000000        0xc ./src/interrupt.o
 .group         0x00000000        0xc ./src/interrupt.o
 .group         0x00000000        0xc ./src/interrupt.o
 .group         0x00000000        0xc ./src/interrupt.o
 .group         0x00000000        0xc ./src/interrupt.o
 .group         0x00000000        0xc ./src/interrupt.o
 .group         0x00000000        0xc ./src/interrupt.o
 .group         0x00000000        0xc ./src/interrupt.o
 .text          0x00000000        0x0 ./src/interrupt.o
 .data          0x00000000        0x0 ./src/interrupt.o
 .bss           0x00000000        0x0 ./src/interrupt.o
 .rodata.LED7SEG
                0x00000000       0x10 ./src/interrupt.o
 .text.INT_Generate
                0x00000000       0x8a ./src/interrupt.o
 .debug_macro   0x00000000      0x784 ./src/interrupt.o
 .debug_macro   0x00000000       0x22 ./src/interrupt.o
 .debug_macro   0x00000000       0x8e ./src/interrupt.o
 .debug_macro   0x00000000       0x51 ./src/interrupt.o
 .debug_macro   0x00000000      0x103 ./src/interrupt.o
 .debug_macro   0x00000000       0x6a ./src/interrupt.o
 .debug_macro   0x00000000      0x1df ./src/interrupt.o
 .debug_macro   0x00000000       0x58 ./src/interrupt.o
 .debug_macro   0x00000000       0x20 ./src/interrupt.o
 .debug_macro   0x00000000       0x34 ./src/interrupt.o
 .debug_macro   0x00000000       0x34 ./src/interrupt.o
 .debug_macro   0x00000000       0x16 ./src/interrupt.o
 .debug_macro   0x00000000       0x9e ./src/interrupt.o
 .debug_macro   0x00000000      0x341 ./src/interrupt.o
 .debug_macro   0x00000000      0x10b ./src/interrupt.o
 .debug_macro   0x00000000       0x10 ./src/interrupt.o
 .debug_macro   0x00000000       0x16 ./src/interrupt.o
 .debug_macro   0x00000000       0x43 ./src/interrupt.o
 .debug_macro   0x00000000       0x34 ./src/interrupt.o
 .debug_macro   0x00000000       0x10 ./src/interrupt.o
 .debug_macro   0x00000000       0x52 ./src/interrupt.o
 .debug_macro   0x00000000      0x182 ./src/interrupt.o
 .debug_macro   0x00000000       0x10 ./src/interrupt.o
 .debug_macro   0x00000000       0x1c ./src/interrupt.o
 .debug_macro   0x00000000       0x52 ./src/interrupt.o
 .debug_macro   0x00000000       0x22 ./src/interrupt.o
 .debug_macro   0x00000000       0x10 ./src/interrupt.o
 .debug_macro   0x00000000       0x52 ./src/interrupt.o
 .debug_macro   0x00000000       0xd5 ./src/interrupt.o
 .debug_macro   0x00000000       0x1c ./src/interrupt.o
 .debug_macro   0x00000000       0x3d ./src/interrupt.o
 .debug_macro   0x00000000       0x16 ./src/interrupt.o
 .debug_macro   0x00000000      0x16f ./src/interrupt.o
 .debug_macro   0x00000000       0x46 ./src/interrupt.o
 .debug_macro   0x00000000       0x10 ./src/interrupt.o
 .debug_macro   0x00000000       0x1c ./src/interrupt.o
 .debug_macro   0x00000000       0xa0 ./src/interrupt.o
 .debug_macro   0x00000000       0x28 ./src/interrupt.o
 .group         0x00000000        0xc ./src/libc-hooks.o
 .group         0x00000000        0xc ./src/libc-hooks.o
 .group         0x00000000        0xc ./src/libc-hooks.o
 .group         0x00000000        0xc ./src/libc-hooks.o
 .group         0x00000000        0xc ./src/libc-hooks.o
 .group         0x00000000        0xc ./src/libc-hooks.o
 .group         0x00000000        0xc ./src/libc-hooks.o
 .group         0x00000000        0xc ./src/libc-hooks.o
 .group         0x00000000        0xc ./src/libc-hooks.o
 .group         0x00000000        0xc ./src/libc-hooks.o
 .group         0x00000000        0xc ./src/libc-hooks.o
 .group         0x00000000        0xc ./src/libc-hooks.o
 .group         0x00000000        0xc ./src/libc-hooks.o
 .group         0x00000000        0xc ./src/libc-hooks.o
 .group         0x00000000        0xc ./src/libc-hooks.o
 .group         0x00000000        0xc ./src/libc-hooks.o
 .group         0x00000000        0xc ./src/libc-hooks.o
 .group         0x00000000        0xc ./src/libc-hooks.o
 .group         0x00000000        0xc ./src/libc-hooks.o
 .group         0x00000000        0xc ./src/libc-hooks.o
 .group         0x00000000        0xc ./src/libc-hooks.o
 .group         0x00000000        0xc ./src/libc-hooks.o
 .group         0x00000000        0xc ./src/libc-hooks.o
 .group         0x00000000        0xc ./src/libc-hooks.o
 .group         0x00000000        0xc ./src/libc-hooks.o
 .group         0x00000000        0xc ./src/libc-hooks.o
 .group         0x00000000        0xc ./src/libc-hooks.o
 .group         0x00000000        0xc ./src/libc-hooks.o
 .group         0x00000000        0xc ./src/libc-hooks.o
 .group         0x00000000        0xc ./src/libc-hooks.o
 .group         0x00000000        0xc ./src/libc-hooks.o
 .group         0x00000000        0xc ./src/libc-hooks.o
 .group         0x00000000        0xc ./src/libc-hooks.o
 .group         0x00000000        0xc ./src/libc-hooks.o
 .group         0x00000000        0xc ./src/libc-hooks.o
 .group         0x00000000        0xc ./src/libc-hooks.o
 .group         0x00000000        0xc ./src/libc-hooks.o
 .text          0x00000000        0x0 ./src/libc-hooks.o
 .data          0x00000000        0x0 ./src/libc-hooks.o
 .bss           0x00000000        0x0 ./src/libc-hooks.o
 .bss.heap_base
                0x00000000     0x2000 ./src/libc-hooks.o
 .sbss.heap_sz  0x00000000        0x4 ./src/libc-hooks.o
 .text._sbrk    0x00000000       0x5c ./src/libc-hooks.o
 .text._open    0x00000000       0x18 ./src/libc-hooks.o
 .text._close   0x00000000       0x14 ./src/libc-hooks.o
 .text._stdout_hook_default
                0x00000000       0x14 ./src/libc-hooks.o
 .sdata._stdout_hook
                0x00000000        0x4 ./src/libc-hooks.o
 .text.__stdout_hook_install
                0x00000000       0x1e ./src/libc-hooks.o
 .text._stdin_hook_default
                0x00000000       0x10 ./src/libc-hooks.o
 .sdata._stdin_hook
                0x00000000        0x4 ./src/libc-hooks.o
 .text.__stdin_hook_install
                0x00000000       0x1e ./src/libc-hooks.o
 .text._read    0x00000000       0x98 ./src/libc-hooks.o
 .text._write   0x00000000       0x78 ./src/libc-hooks.o
 .text._lseek   0x00000000       0x1c ./src/libc-hooks.o
 .text._exit    0x00000000        0xc ./src/libc-hooks.o
 .text._isatty  0x00000000       0x14 ./src/libc-hooks.o
 .text._kill    0x00000000       0x18 ./src/libc-hooks.o
 .text._getpid  0x00000000       0x10 ./src/libc-hooks.o
 .text._fstat   0x00000000       0x20 ./src/libc-hooks.o
 .debug_info    0x00000000      0x5c2 ./src/libc-hooks.o
 .debug_abbrev  0x00000000      0x1d7 ./src/libc-hooks.o
 .debug_aranges
                0x00000000       0x90 ./src/libc-hooks.o
 .debug_rnglists
                0x00000000       0x94 ./src/libc-hooks.o
 .debug_macro   0x00000000      0x1d4 ./src/libc-hooks.o
 .debug_macro   0x00000000      0x784 ./src/libc-hooks.o
 .debug_macro   0x00000000       0x22 ./src/libc-hooks.o
 .debug_macro   0x00000000       0x52 ./src/libc-hooks.o
 .debug_macro   0x00000000       0x20 ./src/libc-hooks.o
 .debug_macro   0x00000000       0x94 ./src/libc-hooks.o
 .debug_macro   0x00000000       0x34 ./src/libc-hooks.o
 .debug_macro   0x00000000       0x34 ./src/libc-hooks.o
 .debug_macro   0x00000000       0x16 ./src/libc-hooks.o
 .debug_macro   0x00000000       0x57 ./src/libc-hooks.o
 .debug_macro   0x00000000       0x9e ./src/libc-hooks.o
 .debug_macro   0x00000000      0x341 ./src/libc-hooks.o
 .debug_macro   0x00000000      0x10b ./src/libc-hooks.o
 .debug_macro   0x00000000       0x10 ./src/libc-hooks.o
 .debug_macro   0x00000000       0x16 ./src/libc-hooks.o
 .debug_macro   0x00000000       0x43 ./src/libc-hooks.o
 .debug_macro   0x00000000       0x34 ./src/libc-hooks.o
 .debug_macro   0x00000000       0x10 ./src/libc-hooks.o
 .debug_macro   0x00000000       0x52 ./src/libc-hooks.o
 .debug_macro   0x00000000      0x182 ./src/libc-hooks.o
 .debug_macro   0x00000000       0x10 ./src/libc-hooks.o
 .debug_macro   0x00000000       0x6a ./src/libc-hooks.o
 .debug_macro   0x00000000       0x1c ./src/libc-hooks.o
 .debug_macro   0x00000000       0x52 ./src/libc-hooks.o
 .debug_macro   0x00000000       0x22 ./src/libc-hooks.o
 .debug_macro   0x00000000       0x10 ./src/libc-hooks.o
 .debug_macro   0x00000000       0x52 ./src/libc-hooks.o
 .debug_macro   0x00000000       0xd5 ./src/libc-hooks.o
 .debug_macro   0x00000000       0x1c ./src/libc-hooks.o
 .debug_macro   0x00000000       0x3d ./src/libc-hooks.o
 .debug_macro   0x00000000       0x16 ./src/libc-hooks.o
 .debug_macro   0x00000000      0x16f ./src/libc-hooks.o
 .debug_macro   0x00000000       0x16 ./src/libc-hooks.o
 .debug_macro   0x00000000       0x35 ./src/libc-hooks.o
 .debug_macro   0x00000000       0x10 ./src/libc-hooks.o
 .debug_macro   0x00000000       0x10 ./src/libc-hooks.o
 .debug_macro   0x00000000       0x35 ./src/libc-hooks.o
 .debug_macro   0x00000000      0x12c ./src/libc-hooks.o
 .debug_line    0x00000000      0x433 ./src/libc-hooks.o
 .debug_str     0x00000000     0x6d3f ./src/libc-hooks.o
 .debug_line_str
                0x00000000      0x2c9 ./src/libc-hooks.o
 .comment       0x00000000       0x1c ./src/libc-hooks.o
 .debug_frame   0x00000000      0x22c ./src/libc-hooks.o
 .riscv.attributes
                0x00000000       0x42 ./src/libc-hooks.o
 .group         0x00000000        0xc ./src/main.o
 .group         0x00000000        0xc ./src/main.o
 .group         0x00000000        0xc ./src/main.o
 .group         0x00000000        0xc ./src/main.o
 .group         0x00000000        0xc ./src/main.o
 .group         0x00000000        0xc ./src/main.o
 .group         0x00000000        0xc ./src/main.o
 .group         0x00000000        0xc ./src/main.o
 .group         0x00000000        0xc ./src/main.o
 .group         0x00000000        0xc ./src/main.o
 .group         0x00000000        0xc ./src/main.o
 .group         0x00000000        0xc ./src/main.o
 .group         0x00000000        0xc ./src/main.o
 .group         0x00000000        0xc ./src/main.o
 .group         0x00000000        0xc ./src/main.o
 .group         0x00000000        0xc ./src/main.o
 .group         0x00000000        0xc ./src/main.o
 .group         0x00000000        0xc ./src/main.o
 .group         0x00000000        0xc ./src/main.o
 .group         0x00000000        0xc ./src/main.o
 .group         0x00000000        0xc ./src/main.o
 .group         0x00000000        0xc ./src/main.o
 .group         0x00000000        0xc ./src/main.o
 .group         0x00000000        0xc ./src/main.o
 .group         0x00000000        0xc ./src/main.o
 .group         0x00000000        0xc ./src/main.o
 .group         0x00000000        0xc ./src/main.o
 .group         0x00000000        0xc ./src/main.o
 .group         0x00000000        0xc ./src/main.o
 .group         0x00000000        0xc ./src/main.o
 .group         0x00000000        0xc ./src/main.o
 .group         0x00000000        0xc ./src/main.o
 .group         0x00000000        0xc ./src/main.o
 .group         0x00000000        0xc ./src/main.o
 .group         0x00000000        0xc ./src/main.o
 .group         0x00000000        0xc ./src/main.o
 .group         0x00000000        0xc ./src/main.o
 .group         0x00000000        0xc ./src/main.o
 .group         0x00000000        0xc ./src/main.o
 .group         0x00000000        0xc ./src/main.o
 .group         0x00000000        0xc ./src/main.o
 .group         0x00000000        0xc ./src/main.o
 .group         0x00000000        0xc ./src/main.o
 .group         0x00000000        0xc ./src/main.o
 .group         0x00000000        0xc ./src/main.o
 .text          0x00000000        0x0 ./src/main.o
 .data          0x00000000        0x0 ./src/main.o
 .bss           0x00000000        0x0 ./src/main.o
 .rodata.LED7SEG
                0x00000000       0x10 ./src/main.o
 .debug_macro   0x00000000      0x784 ./src/main.o
 .debug_macro   0x00000000       0x22 ./src/main.o
 .debug_macro   0x00000000       0x52 ./src/main.o
 .debug_macro   0x00000000       0x20 ./src/main.o
 .debug_macro   0x00000000       0x94 ./src/main.o
 .debug_macro   0x00000000       0x34 ./src/main.o
 .debug_macro   0x00000000       0x34 ./src/main.o
 .debug_macro   0x00000000       0x16 ./src/main.o
 .debug_macro   0x00000000       0x43 ./src/main.o
 .debug_macro   0x00000000       0x57 ./src/main.o
 .debug_macro   0x00000000       0x34 ./src/main.o
 .debug_macro   0x00000000       0x10 ./src/main.o
 .debug_macro   0x00000000       0x52 ./src/main.o
 .debug_macro   0x00000000      0x182 ./src/main.o
 .debug_macro   0x00000000      0x341 ./src/main.o
 .debug_macro   0x00000000      0x19b ./src/main.o
 .debug_macro   0x00000000      0x103 ./src/main.o
 .debug_macro   0x00000000       0x6a ./src/main.o
 .debug_macro   0x00000000      0x1df ./src/main.o
 .debug_macro   0x00000000       0x35 ./src/main.o
 .debug_macro   0x00000000       0x10 ./src/main.o
 .debug_macro   0x00000000       0x10 ./src/main.o
 .debug_macro   0x00000000       0x1c ./src/main.o
 .debug_macro   0x00000000       0x52 ./src/main.o
 .debug_macro   0x00000000       0x22 ./src/main.o
 .debug_macro   0x00000000       0x10 ./src/main.o
 .debug_macro   0x00000000       0x52 ./src/main.o
 .debug_macro   0x00000000       0xd5 ./src/main.o
 .debug_macro   0x00000000       0x1c ./src/main.o
 .debug_macro   0x00000000       0x3d ./src/main.o
 .debug_macro   0x00000000       0x16 ./src/main.o
 .debug_macro   0x00000000      0x16f ./src/main.o
 .debug_macro   0x00000000       0x16 ./src/main.o
 .debug_macro   0x00000000       0x16 ./src/main.o
 .debug_macro   0x00000000       0x29 ./src/main.o
 .debug_macro   0x00000000       0x46 ./src/main.o
 .debug_macro   0x00000000       0x10 ./src/main.o
 .debug_macro   0x00000000       0x1c ./src/main.o
 .debug_macro   0x00000000       0x16 ./src/main.o
 .debug_macro   0x00000000       0x4c ./src/main.o
 .debug_macro   0x00000000       0xa0 ./src/main.o
 .debug_macro   0x00000000       0xc4 ./src/main.o
 .debug_macro   0x00000000       0x28 ./src/main.o
 .text          0x00000000        0x0 ./src/startup.o
 .data          0x00000000        0x0 ./src/startup.o
 .bss           0x00000000        0x0 ./src/startup.o
 .riscv.attributes
                0x00000000       0x44 ./src/startup.o
 .group         0x00000000        0xc ./src/system.o
 .group         0x00000000        0xc ./src/system.o
 .group         0x00000000        0xc ./src/system.o
 .group         0x00000000        0xc ./src/system.o
 .group         0x00000000        0xc ./src/system.o
 .group         0x00000000        0xc ./src/system.o
 .group         0x00000000        0xc ./src/system.o
 .group         0x00000000        0xc ./src/system.o
 .group         0x00000000        0xc ./src/system.o
 .group         0x00000000        0xc ./src/system.o
 .group         0x00000000        0xc ./src/system.o
 .group         0x00000000        0xc ./src/system.o
 .group         0x00000000        0xc ./src/system.o
 .group         0x00000000        0xc ./src/system.o
 .group         0x00000000        0xc ./src/system.o
 .group         0x00000000        0xc ./src/system.o
 .group         0x00000000        0xc ./src/system.o
 .group         0x00000000        0xc ./src/system.o
 .group         0x00000000        0xc ./src/system.o
 .group         0x00000000        0xc ./src/system.o
 .group         0x00000000        0xc ./src/system.o
 .group         0x00000000        0xc ./src/system.o
 .group         0x00000000        0xc ./src/system.o
 .group         0x00000000        0xc ./src/system.o
 .group         0x00000000        0xc ./src/system.o
 .group         0x00000000        0xc ./src/system.o
 .group         0x00000000        0xc ./src/system.o
 .group         0x00000000        0xc ./src/system.o
 .group         0x00000000        0xc ./src/system.o
 .group         0x00000000        0xc ./src/system.o
 .group         0x00000000        0xc ./src/system.o
 .group         0x00000000        0xc ./src/system.o
 .group         0x00000000        0xc ./src/system.o
 .group         0x00000000        0xc ./src/system.o
 .group         0x00000000        0xc ./src/system.o
 .group         0x00000000        0xc ./src/system.o
 .text          0x00000000        0x0 ./src/system.o
 .data          0x00000000        0x0 ./src/system.o
 .bss           0x00000000        0x0 ./src/system.o
 .debug_macro   0x00000000      0x784 ./src/system.o
 .debug_macro   0x00000000       0x22 ./src/system.o
 .debug_macro   0x00000000       0x8e ./src/system.o
 .debug_macro   0x00000000       0x51 ./src/system.o
 .debug_macro   0x00000000      0x103 ./src/system.o
 .debug_macro   0x00000000       0x6a ./src/system.o
 .debug_macro   0x00000000      0x1df ./src/system.o
 .debug_macro   0x00000000       0x58 ./src/system.o
 .debug_macro   0x00000000       0x20 ./src/system.o
 .debug_macro   0x00000000       0x34 ./src/system.o
 .debug_macro   0x00000000       0x34 ./src/system.o
 .debug_macro   0x00000000       0x16 ./src/system.o
 .debug_macro   0x00000000       0x9e ./src/system.o
 .debug_macro   0x00000000      0x341 ./src/system.o
 .debug_macro   0x00000000      0x10b ./src/system.o
 .debug_macro   0x00000000       0x10 ./src/system.o
 .debug_macro   0x00000000       0x16 ./src/system.o
 .debug_macro   0x00000000       0x43 ./src/system.o
 .debug_macro   0x00000000       0x34 ./src/system.o
 .debug_macro   0x00000000       0x10 ./src/system.o
 .debug_macro   0x00000000       0x52 ./src/system.o
 .debug_macro   0x00000000      0x182 ./src/system.o
 .debug_macro   0x00000000       0x10 ./src/system.o
 .debug_macro   0x00000000       0x1c ./src/system.o
 .debug_macro   0x00000000       0x52 ./src/system.o
 .debug_macro   0x00000000       0x22 ./src/system.o
 .debug_macro   0x00000000       0x10 ./src/system.o
 .debug_macro   0x00000000       0x52 ./src/system.o
 .debug_macro   0x00000000       0xd5 ./src/system.o
 .debug_macro   0x00000000       0x1c ./src/system.o
 .debug_macro   0x00000000       0x3d ./src/system.o
 .debug_macro   0x00000000       0x16 ./src/system.o
 .debug_macro   0x00000000      0x16f ./src/system.o
 .debug_macro   0x00000000       0x46 ./src/system.o
 .debug_macro   0x00000000       0x10 ./src/system.o
 .debug_macro   0x00000000       0x1c ./src/system.o
 .group         0x00000000        0xc ./src/uart.o
 .group         0x00000000        0xc ./src/uart.o
 .group         0x00000000        0xc ./src/uart.o
 .group         0x00000000        0xc ./src/uart.o
 .group         0x00000000        0xc ./src/uart.o
 .group         0x00000000        0xc ./src/uart.o
 .group         0x00000000        0xc ./src/uart.o
 .group         0x00000000        0xc ./src/uart.o
 .group         0x00000000        0xc ./src/uart.o
 .group         0x00000000        0xc ./src/uart.o
 .group         0x00000000        0xc ./src/uart.o
 .group         0x00000000        0xc ./src/uart.o
 .group         0x00000000        0xc ./src/uart.o
 .group         0x00000000        0xc ./src/uart.o
 .group         0x00000000        0xc ./src/uart.o
 .group         0x00000000        0xc ./src/uart.o
 .group         0x00000000        0xc ./src/uart.o
 .group         0x00000000        0xc ./src/uart.o
 .group         0x00000000        0xc ./src/uart.o
 .group         0x00000000        0xc ./src/uart.o
 .group         0x00000000        0xc ./src/uart.o
 .group         0x00000000        0xc ./src/uart.o
 .group         0x00000000        0xc ./src/uart.o
 .group         0x00000000        0xc ./src/uart.o
 .group         0x00000000        0xc ./src/uart.o
 .group         0x00000000        0xc ./src/uart.o
 .group         0x00000000        0xc ./src/uart.o
 .group         0x00000000        0xc ./src/uart.o
 .group         0x00000000        0xc ./src/uart.o
 .group         0x00000000        0xc ./src/uart.o
 .group         0x00000000        0xc ./src/uart.o
 .group         0x00000000        0xc ./src/uart.o
 .group         0x00000000        0xc ./src/uart.o
 .group         0x00000000        0xc ./src/uart.o
 .group         0x00000000        0xc ./src/uart.o
 .group         0x00000000        0xc ./src/uart.o
 .group         0x00000000        0xc ./src/uart.o
 .group         0x00000000        0xc ./src/uart.o
 .text          0x00000000        0x0 ./src/uart.o
 .data          0x00000000        0x0 ./src/uart.o
 .bss           0x00000000        0x0 ./src/uart.o
 .rodata.LED7SEG
                0x00000000       0x10 ./src/uart.o
 .text.uart_puts
                0x00000000       0x42 ./src/uart.o
 .text.putchar  0x00000000       0x40 ./src/uart.o
 .debug_macro   0x00000000      0x784 ./src/uart.o
 .debug_macro   0x00000000       0x22 ./src/uart.o
 .debug_macro   0x00000000       0x8e ./src/uart.o
 .debug_macro   0x00000000       0x51 ./src/uart.o
 .debug_macro   0x00000000      0x103 ./src/uart.o
 .debug_macro   0x00000000       0x6a ./src/uart.o
 .debug_macro   0x00000000      0x1df ./src/uart.o
 .debug_macro   0x00000000       0x58 ./src/uart.o
 .debug_macro   0x00000000       0x20 ./src/uart.o
 .debug_macro   0x00000000       0x34 ./src/uart.o
 .debug_macro   0x00000000       0x34 ./src/uart.o
 .debug_macro   0x00000000       0x16 ./src/uart.o
 .debug_macro   0x00000000       0x9e ./src/uart.o
 .debug_macro   0x00000000      0x341 ./src/uart.o
 .debug_macro   0x00000000      0x10b ./src/uart.o
 .debug_macro   0x00000000       0x10 ./src/uart.o
 .debug_macro   0x00000000       0x16 ./src/uart.o
 .debug_macro   0x00000000       0x43 ./src/uart.o
 .debug_macro   0x00000000       0x34 ./src/uart.o
 .debug_macro   0x00000000       0x10 ./src/uart.o
 .debug_macro   0x00000000       0x52 ./src/uart.o
 .debug_macro   0x00000000      0x182 ./src/uart.o
 .debug_macro   0x00000000       0x10 ./src/uart.o
 .debug_macro   0x00000000       0x1c ./src/uart.o
 .debug_macro   0x00000000       0x52 ./src/uart.o
 .debug_macro   0x00000000       0x22 ./src/uart.o
 .debug_macro   0x00000000       0x10 ./src/uart.o
 .debug_macro   0x00000000       0x52 ./src/uart.o
 .debug_macro   0x00000000       0xd5 ./src/uart.o
 .debug_macro   0x00000000       0x1c ./src/uart.o
 .debug_macro   0x00000000       0x3d ./src/uart.o
 .debug_macro   0x00000000       0x16 ./src/uart.o
 .debug_macro   0x00000000      0x16f ./src/uart.o
 .debug_macro   0x00000000       0x46 ./src/uart.o
 .debug_macro   0x00000000       0x10 ./src/uart.o
 .debug_macro   0x00000000       0x1c ./src/uart.o
 .debug_macro   0x00000000       0xa0 ./src/uart.o
 .debug_macro   0x00000000       0x28 ./src/uart.o
 .group         0x00000000        0xc ./src/xprintf.o
 .group         0x00000000        0xc ./src/xprintf.o
 .group         0x00000000        0xc ./src/xprintf.o
 .group         0x00000000        0xc ./src/xprintf.o
 .group         0x00000000        0xc ./src/xprintf.o
 .group         0x00000000        0xc ./src/xprintf.o
 .group         0x00000000        0xc ./src/xprintf.o
 .group         0x00000000        0xc ./src/xprintf.o
 .group         0x00000000        0xc ./src/xprintf.o
 .group         0x00000000        0xc ./src/xprintf.o
 .group         0x00000000        0xc ./src/xprintf.o
 .group         0x00000000        0xc ./src/xprintf.o
 .group         0x00000000        0xc ./src/xprintf.o
 .group         0x00000000        0xc ./src/xprintf.o
 .group         0x00000000        0xc ./src/xprintf.o
 .group         0x00000000        0xc ./src/xprintf.o
 .group         0x00000000        0xc ./src/xprintf.o
 .group         0x00000000        0xc ./src/xprintf.o
 .group         0x00000000        0xc ./src/xprintf.o
 .group         0x00000000        0xc ./src/xprintf.o
 .group         0x00000000        0xc ./src/xprintf.o
 .text          0x00000000        0x0 ./src/xprintf.o
 .data          0x00000000        0x0 ./src/xprintf.o
 .bss           0x00000000        0x0 ./src/xprintf.o
 .text.xputc    0x00000000       0x2c ./src/xprintf.o
 .text.xputs    0x00000000       0x2c ./src/xprintf.o
 .text.xfputs   0x00000000       0x46 ./src/xprintf.o
 .text.xfprintf
                0x00000000       0x52 ./src/xprintf.o
 .text.xsprintf
                0x00000000       0x70 ./src/xprintf.o
 .text.put_dump
                0x00000000      0x19a ./src/xprintf.o
 .text.xgets    0x00000000       0xea ./src/xprintf.o
 .text.xatoi    0x00000000      0x216 ./src/xprintf.o
 .text.xatof    0x00000000      0x3cc ./src/xprintf.o
 .debug_macro   0x00000000      0x784 ./src/xprintf.o
 .debug_macro   0x00000000       0x46 ./src/xprintf.o
 .debug_macro   0x00000000       0x22 ./src/xprintf.o
 .debug_macro   0x00000000       0x52 ./src/xprintf.o
 .debug_macro   0x00000000       0x20 ./src/xprintf.o
 .debug_macro   0x00000000       0x94 ./src/xprintf.o
 .debug_macro   0x00000000       0x34 ./src/xprintf.o
 .debug_macro   0x00000000       0x34 ./src/xprintf.o
 .debug_macro   0x00000000      0x189 ./src/xprintf.o
 .debug_macro   0x00000000       0x16 ./src/xprintf.o
 .debug_macro   0x00000000       0x43 ./src/xprintf.o
 .debug_macro   0x00000000       0x57 ./src/xprintf.o
 .debug_macro   0x00000000       0x34 ./src/xprintf.o
 .debug_macro   0x00000000       0x10 ./src/xprintf.o
 .debug_macro   0x00000000       0x52 ./src/xprintf.o
 .debug_macro   0x00000000      0x182 ./src/xprintf.o
 .debug_macro   0x00000000      0x341 ./src/xprintf.o
 .debug_macro   0x00000000       0x35 ./src/xprintf.o
 .debug_macro   0x00000000      0x19b ./src/xprintf.o
 .text          0x00000000        0x0 /opt/riscv/riscv64-unknown-elf/lib/rv32imafc/ilp32f/libm.a(lib_a-sf_sin.o)
 .data          0x00000000        0x0 /opt/riscv/riscv64-unknown-elf/lib/rv32imafc/ilp32f/libm.a(lib_a-sf_sin.o)
 .bss           0x00000000        0x0 /opt/riscv/riscv64-unknown-elf/lib/rv32imafc/ilp32f/libm.a(lib_a-sf_sin.o)
 .text          0x00000000        0x0 /opt/riscv/riscv64-unknown-elf/lib/rv32imafc/ilp32f/libm.a(lib_a-ef_rem_pio2.o)
 .data          0x00000000        0x0 /opt/riscv/riscv64-unknown-elf/lib/rv32imafc/ilp32f/libm.a(lib_a-ef_rem_pio2.o)
 .bss           0x00000000        0x0 /opt/riscv/riscv64-unknown-elf/lib/rv32imafc/ilp32f/libm.a(lib_a-ef_rem_pio2.o)
 .text          0x00000000        0x0 /opt/riscv/riscv64-unknown-elf/lib/rv32imafc/ilp32f/libm.a(lib_a-kf_cos.o)
 .data          0x00000000        0x0 /opt/riscv/riscv64-unknown-elf/lib/rv32imafc/ilp32f/libm.a(lib_a-kf_cos.o)
 .bss           0x00000000        0x0 /opt/riscv/riscv64-unknown-elf/lib/rv32imafc/ilp32f/libm.a(lib_a-kf_cos.o)
 .text          0x00000000        0x0 /opt/riscv/riscv64-unknown-elf/lib/rv32imafc/ilp32f/libm.a(lib_a-kf_rem_pio2.o)
 .data          0x00000000        0x0 /opt/riscv/riscv64-unknown-elf/lib/rv32imafc/ilp32f/libm.a(lib_a-kf_rem_pio2.o)
 .bss           0x00000000        0x0 /opt/riscv/riscv64-unknown-elf/lib/rv32imafc/ilp32f/libm.a(lib_a-kf_rem_pio2.o)
 .text          0x00000000        0x0 /opt/riscv/riscv64-unknown-elf/lib/rv32imafc/ilp32f/libm.a(lib_a-kf_sin.o)
 .data          0x00000000        0x0 /opt/riscv/riscv64-unknown-elf/lib/rv32imafc/ilp32f/libm.a(lib_a-kf_sin.o)
 .bss           0x00000000        0x0 /opt/riscv/riscv64-unknown-elf/lib/rv32imafc/ilp32f/libm.a(lib_a-kf_sin.o)
 .text          0x00000000        0x0 /opt/riscv/riscv64-unknown-elf/lib/rv32imafc/ilp32f/libm.a(lib_a-sf_fabs.o)
 .data          0x00000000        0x0 /opt/riscv/riscv64-unknown-elf/lib/rv32imafc/ilp32f/libm.a(lib_a-sf_fabs.o)
 .bss           0x00000000        0x0 /opt/riscv/riscv64-unknown-elf/lib/rv32imafc/ilp32f/libm.a(lib_a-sf_fabs.o)
 .text          0x00000000        0x0 /opt/riscv/riscv64-unknown-elf/lib/rv32imafc/ilp32f/libm.a(lib_a-sf_floor.o)
 .data          0x00000000        0x0 /opt/riscv/riscv64-unknown-elf/lib/rv32imafc/ilp32f/libm.a(lib_a-sf_floor.o)
 .bss           0x00000000        0x0 /opt/riscv/riscv64-unknown-elf/lib/rv32imafc/ilp32f/libm.a(lib_a-sf_floor.o)
 .text          0x00000000        0x0 /opt/riscv/riscv64-unknown-elf/lib/rv32imafc/ilp32f/libm.a(lib_a-sf_scalbn.o)
 .data          0x00000000        0x0 /opt/riscv/riscv64-unknown-elf/lib/rv32imafc/ilp32f/libm.a(lib_a-sf_scalbn.o)
 .bss           0x00000000        0x0 /opt/riscv/riscv64-unknown-elf/lib/rv32imafc/ilp32f/libm.a(lib_a-sf_scalbn.o)
 .text          0x00000000        0x0 /opt/riscv/riscv64-unknown-elf/lib/rv32imafc/ilp32f/libc.a(lib_a-strlen.o)
 .data          0x00000000        0x0 /opt/riscv/riscv64-unknown-elf/lib/rv32imafc/ilp32f/libc.a(lib_a-strlen.o)
 .bss           0x00000000        0x0 /opt/riscv/riscv64-unknown-elf/lib/rv32imafc/ilp32f/libc.a(lib_a-strlen.o)
 .data          0x00000000        0x0 /opt/riscv/lib/gcc/riscv64-unknown-elf/12.2.0/rv32imafc/ilp32f/libgcc.a(_udivdi3.o)
 .bss           0x00000000        0x0 /opt/riscv/lib/gcc/riscv64-unknown-elf/12.2.0/rv32imafc/ilp32f/libgcc.a(_udivdi3.o)
 .eh_frame      0x00000000       0x28 /opt/riscv/lib/gcc/riscv64-unknown-elf/12.2.0/rv32imafc/ilp32f/libgcc.a(_udivdi3.o)
 .data          0x00000000        0x0 /opt/riscv/lib/gcc/riscv64-unknown-elf/12.2.0/rv32imafc/ilp32f/libgcc.a(_umoddi3.o)
 .bss           0x00000000        0x0 /opt/riscv/lib/gcc/riscv64-unknown-elf/12.2.0/rv32imafc/ilp32f/libgcc.a(_umoddi3.o)
 .eh_frame      0x00000000       0x28 /opt/riscv/lib/gcc/riscv64-unknown-elf/12.2.0/rv32imafc/ilp32f/libgcc.a(_umoddi3.o)
 .data          0x00000000        0x0 /opt/riscv/lib/gcc/riscv64-unknown-elf/12.2.0/rv32imafc/ilp32f/libgcc.a(adddf3.o)
 .bss           0x00000000        0x0 /opt/riscv/lib/gcc/riscv64-unknown-elf/12.2.0/rv32imafc/ilp32f/libgcc.a(adddf3.o)
 .data          0x00000000        0x0 /opt/riscv/lib/gcc/riscv64-unknown-elf/12.2.0/rv32imafc/ilp32f/libgcc.a(divdf3.o)
 .bss           0x00000000        0x0 /opt/riscv/lib/gcc/riscv64-unknown-elf/12.2.0/rv32imafc/ilp32f/libgcc.a(divdf3.o)
 .data          0x00000000        0x0 /opt/riscv/lib/gcc/riscv64-unknown-elf/12.2.0/rv32imafc/ilp32f/libgcc.a(eqdf2.o)
 .bss           0x00000000        0x0 /opt/riscv/lib/gcc/riscv64-unknown-elf/12.2.0/rv32imafc/ilp32f/libgcc.a(eqdf2.o)
 .data          0x00000000        0x0 /opt/riscv/lib/gcc/riscv64-unknown-elf/12.2.0/rv32imafc/ilp32f/libgcc.a(gedf2.o)
 .bss           0x00000000        0x0 /opt/riscv/lib/gcc/riscv64-unknown-elf/12.2.0/rv32imafc/ilp32f/libgcc.a(gedf2.o)
 .data          0x00000000        0x0 /opt/riscv/lib/gcc/riscv64-unknown-elf/12.2.0/rv32imafc/ilp32f/libgcc.a(ledf2.o)
 .bss           0x00000000        0x0 /opt/riscv/lib/gcc/riscv64-unknown-elf/12.2.0/rv32imafc/ilp32f/libgcc.a(ledf2.o)
 .data          0x00000000        0x0 /opt/riscv/lib/gcc/riscv64-unknown-elf/12.2.0/rv32imafc/ilp32f/libgcc.a(muldf3.o)
 .bss           0x00000000        0x0 /opt/riscv/lib/gcc/riscv64-unknown-elf/12.2.0/rv32imafc/ilp32f/libgcc.a(muldf3.o)
 .data          0x00000000        0x0 /opt/riscv/lib/gcc/riscv64-unknown-elf/12.2.0/rv32imafc/ilp32f/libgcc.a(subdf3.o)
 .bss           0x00000000        0x0 /opt/riscv/lib/gcc/riscv64-unknown-elf/12.2.0/rv32imafc/ilp32f/libgcc.a(subdf3.o)
 .data          0x00000000        0x0 /opt/riscv/lib/gcc/riscv64-unknown-elf/12.2.0/rv32imafc/ilp32f/libgcc.a(unorddf2.o)
 .bss           0x00000000        0x0 /opt/riscv/lib/gcc/riscv64-unknown-elf/12.2.0/rv32imafc/ilp32f/libgcc.a(unorddf2.o)
 .data          0x00000000        0x0 /opt/riscv/lib/gcc/riscv64-unknown-elf/12.2.0/rv32imafc/ilp32f/libgcc.a(fixdfsi.o)
 .bss           0x00000000        0x0 /opt/riscv/lib/gcc/riscv64-unknown-elf/12.2.0/rv32imafc/ilp32f/libgcc.a(fixdfsi.o)
 .data          0x00000000        0x0 /opt/riscv/lib/gcc/riscv64-unknown-elf/12.2.0/rv32imafc/ilp32f/libgcc.a(floatsidf.o)
 .bss           0x00000000        0x0 /opt/riscv/lib/gcc/riscv64-unknown-elf/12.2.0/rv32imafc/ilp32f/libgcc.a(floatsidf.o)
 .data          0x00000000        0x0 /opt/riscv/lib/gcc/riscv64-unknown-elf/12.2.0/rv32imafc/ilp32f/libgcc.a(extendsfdf2.o)
 .bss           0x00000000        0x0 /opt/riscv/lib/gcc/riscv64-unknown-elf/12.2.0/rv32imafc/ilp32f/libgcc.a(extendsfdf2.o)
 .data          0x00000000        0x0 /opt/riscv/lib/gcc/riscv64-unknown-elf/12.2.0/rv32imafc/ilp32f/libgcc.a(truncdfsf2.o)
 .bss           0x00000000        0x0 /opt/riscv/lib/gcc/riscv64-unknown-elf/12.2.0/rv32imafc/ilp32f/libgcc.a(truncdfsf2.o)
 .text          0x00000000        0x0 /opt/riscv/lib/gcc/riscv64-unknown-elf/12.2.0/rv32imafc/ilp32f/libgcc.a(_clz.o)
 .data          0x00000000        0x0 /opt/riscv/lib/gcc/riscv64-unknown-elf/12.2.0/rv32imafc/ilp32f/libgcc.a(_clz.o)
 .bss           0x00000000        0x0 /opt/riscv/lib/gcc/riscv64-unknown-elf/12.2.0/rv32imafc/ilp32f/libgcc.a(_clz.o)
 .data          0x00000000        0x0 /opt/riscv/lib/gcc/riscv64-unknown-elf/12.2.0/rv32imafc/ilp32f/libgcc.a(_clzsi2.o)
 .bss           0x00000000        0x0 /opt/riscv/lib/gcc/riscv64-unknown-elf/12.2.0/rv32imafc/ilp32f/libgcc.a(_clzsi2.o)

Memory Configuration

Name             Origin             Length             Attributes
ROM_BOOT         0x90000000         0x00000800         xr
ROM_MAIN         0x90000800         0x0001f800         xr
RAM              0x88000000         0x0000c000         rw
*default*        0x00000000         0xffffffff

Linker script and memory map

LOAD ./src/float.o
LOAD ./src/gpio.o
LOAD ./src/interrupt.o
LOAD ./src/libc-hooks.o
LOAD ./src/main.o
LOAD ./src/startup.o
LOAD ./src/system.o
LOAD ./src/uart.o
LOAD ./src/xprintf.o
LOAD /opt/riscv/riscv64-unknown-elf/lib/rv32imafc/ilp32f/libm.a
LOAD /opt/riscv/riscv64-unknown-elf/lib/rv32imafc/ilp32f/libc.a
LOAD /opt/riscv/lib/gcc/riscv64-unknown-elf/12.2.0/rv32imafc/ilp32f/libgcc.a
                0x0000a000                        STACK_SIZE = 0xa000

.vectors        0x90000000      0x148
                0x90000000                        . = ALIGN (0x100)
 *(.vectors)
 .vectors       0x90000000      0x144 ./src/startup.o
 FILL mask 0x00000000
                0x90000144        0x4 LONG 0x0

.trap           0x90000150       0xba
                0x90000200                        . = ALIGN (0x100)
 *fill*         0x90000150       0xb0 
 *(.trap)
 .trap          0x90000200        0x6 ./src/startup.o
 FILL mask 0x00000000
                0x90000206        0x4 LONG 0x0

.startup        0x9000020a      0x176
                0x90000300                        . = ALIGN (0x100)
 *fill*         0x9000020a       0xf6 
 *(.startup*)
 .startup       0x90000300       0x7c ./src/startup.o
                0x90000300                _start
 *(.startup)
 FILL mask 0x00000000
                0x9000037c        0x4 LONG 0x0

.text           0x90000800     0x5d22
                0x90000800                        . = ALIGN (0x100)
                [!provide]                        PROVIDE (__TEXT_START__ = .)
 *(.text.main)
 .text.main     0x90000800       0x48 ./src/main.o
                0x90000800                main
 *(.text)
 .text          0x90000848      0x35e /opt/riscv/lib/gcc/riscv64-unknown-elf/12.2.0/rv32imafc/ilp32f/libgcc.a(_udivdi3.o)
                0x90000848                __udivdi3
 .text          0x90000ba6      0x328 /opt/riscv/lib/gcc/riscv64-unknown-elf/12.2.0/rv32imafc/ilp32f/libgcc.a(_umoddi3.o)
                0x90000ba6                __umoddi3
 .text          0x90000ece      0x978 /opt/riscv/lib/gcc/riscv64-unknown-elf/12.2.0/rv32imafc/ilp32f/libgcc.a(adddf3.o)
                0x90000ece                __adddf3
 .text          0x90001846      0x676 /opt/riscv/lib/gcc/riscv64-unknown-elf/12.2.0/rv32imafc/ilp32f/libgcc.a(divdf3.o)
                0x90001846                __divdf3
 .text          0x90001ebc       0x96 /opt/riscv/lib/gcc/riscv64-unknown-elf/12.2.0/rv32imafc/ilp32f/libgcc.a(eqdf2.o)
                0x90001ebc                __eqdf2
                0x90001ebc                __nedf2
 .text          0x90001f52       0xc8 /opt/riscv/lib/gcc/riscv64-unknown-elf/12.2.0/rv32imafc/ilp32f/libgcc.a(gedf2.o)
                0x90001f52                __gtdf2
                0x90001f52                __gedf2
 .text          0x9000201a       0xc8 /opt/riscv/lib/gcc/riscv64-unknown-elf/12.2.0/rv32imafc/ilp32f/libgcc.a(ledf2.o)
                0x9000201a                __ltdf2
                0x9000201a                __ledf2
 .text          0x900020e2      0x5bc /opt/riscv/lib/gcc/riscv64-unknown-elf/12.2.0/rv32imafc/ilp32f/libgcc.a(muldf3.o)
                0x900020e2                __muldf3
 .text          0x9000269e      0x97c /opt/riscv/lib/gcc/riscv64-unknown-elf/12.2.0/rv32imafc/ilp32f/libgcc.a(subdf3.o)
                0x9000269e                __subdf3
 .text          0x9000301a       0x62 /opt/riscv/lib/gcc/riscv64-unknown-elf/12.2.0/rv32imafc/ilp32f/libgcc.a(unorddf2.o)
                0x9000301a                __unorddf2
 .text          0x9000307c       0xce /opt/riscv/lib/gcc/riscv64-unknown-elf/12.2.0/rv32imafc/ilp32f/libgcc.a(fixdfsi.o)
                0x9000307c                __fixdfsi
 .text          0x9000314a       0x66 /opt/riscv/lib/gcc/riscv64-unknown-elf/12.2.0/rv32imafc/ilp32f/libgcc.a(floatsidf.o)
                0x9000314a                __floatsidf
 .text          0x900031b0       0xbe /opt/riscv/lib/gcc/riscv64-unknown-elf/12.2.0/rv32imafc/ilp32f/libgcc.a(extendsfdf2.o)
                0x900031b0                __extendsfdf2
 .text          0x9000326e      0x262 /opt/riscv/lib/gcc/riscv64-unknown-elf/12.2.0/rv32imafc/ilp32f/libgcc.a(truncdfsf2.o)
                0x9000326e                __truncdfsf2
 .text          0x900034d0       0x3c /opt/riscv/lib/gcc/riscv64-unknown-elf/12.2.0/rv32imafc/ilp32f/libgcc.a(_clzsi2.o)
                0x900034d0                __clzsi2
 *(.text.*)
 .text.mem_wr32
                0x9000350c       0x20 ./src/float.o
 .text.main_floating
                0x9000352c       0xd0 ./src/float.o
                0x9000352c                main_floating
 .text.mem_wr32
                0x900035fc       0x20 ./src/gpio.o
 .text.mem_rd32
                0x9000361c       0x18 ./src/gpio.o
 .text.GPIO_Init
                0x90003634       0x64 ./src/gpio.o
                0x90003634                GPIO_Init
 .text.GPIO_SetSEG
                0x90003698      0x164 ./src/gpio.o
                0x90003698                GPIO_SetSEG
 .text.GPIO_SetSEG_SignedDecimal
                0x900037fc      0x28a ./src/gpio.o
                0x900037fc                GPIO_SetSEG_SignedDecimal
 .text.GPIO_SetLED
                0x90003a86       0x5e ./src/gpio.o
                0x90003a86                GPIO_SetLED
 .text.GPIO_GetKEY
                0x90003ae4       0x34 ./src/gpio.o
                0x90003ae4                GPIO_GetKEY
 .text.GPIO_GetSW10
                0x90003b18       0x30 ./src/gpio.o
                0x90003b18                GPIO_GetSW10
 .text.mem_wr32
                0x90003b48       0x20 ./src/interrupt.o
 .text.mem_rd32
                0x90003b68       0x18 ./src/interrupt.o
 .text.INT_Init
                0x90003b80       0x54 ./src/interrupt.o
                0x90003b80                INT_Init
 .text.IRQ_Config
                0x90003bd4      0x430 ./src/interrupt.o
                0x90003bd4                IRQ_Config
 .text.INT_Config
                0x90004004       0xda ./src/interrupt.o
                0x90004004                INT_Config
 .text.MTIME_Init
                0x900040de       0xfa ./src/interrupt.o
                0x900040de                MTIME_Init
 .text.INT_Handler_EXT
                0x900041d8       0xaa ./src/interrupt.o
                0x900041d8                INT_Handler_EXT
 .text.INT_Handler_MTIME
                0x90004282      0x102 ./src/interrupt.o
                0x90004282                INT_Handler_MTIME
 .text.INT_Handler_MSOFT
                0x90004384       0xae ./src/interrupt.o
                0x90004384                INT_Handler_MSOFT
 .text.INT_Handler_IRQ
                0x90004432      0x18a ./src/interrupt.o
                0x90004432                INT_Handler_IRQ
 .text.Get_System_Freq
                0x900045bc       0x42 ./src/system.o
                0x900045bc                Get_System_Freq
 .text.Wait_mSec
                0x900045fe      0x136 ./src/system.o
                0x900045fe                Wait_mSec
 .text.mem_wr8  0x90004734       0x24 ./src/uart.o
 .text.mem_rd8  0x90004758       0x1e ./src/uart.o
 .text.INT_UART_Handler
                0x90004776       0x42 ./src/uart.o
                0x90004776                INT_UART_Handler
 .text.UART_Init
                0x900047b8       0x88 ./src/uart.o
                0x900047b8                UART_Init
 .text.UART_TxD
                0x90004840       0x36 ./src/uart.o
                0x90004840                UART_TxD
 .text.UART_RxD
                0x90004876       0x2c ./src/uart.o
                0x90004876                UART_RxD
 .text.ilog10   0x900048a2      0x15a ./src/xprintf.o
 .text.i10x     0x900049fc      0x118 ./src/xprintf.o
 .text.ftoa     0x90004b14      0x47c ./src/xprintf.o
 .text.xfputc   0x90004f90       0x68 ./src/xprintf.o
                0x90004f90                xfputc
 .text.xvfprintf
                0x90004ff8      0x6da ./src/xprintf.o
 .text.xprintf  0x900056d2       0x52 ./src/xprintf.o
                0x900056d2                xprintf
 .text.sinf     0x90005724       0x72 /opt/riscv/riscv64-unknown-elf/lib/rv32imafc/ilp32f/libm.a(lib_a-sf_sin.o)
                0x90005724                sinf
 .text.__ieee754_rem_pio2f
                0x90005796      0x2c0 /opt/riscv/riscv64-unknown-elf/lib/rv32imafc/ilp32f/libm.a(lib_a-ef_rem_pio2.o)
                0x90005796                __ieee754_rem_pio2f
 .text.__kernel_cosf
                0x90005a56      0x140 /opt/riscv/riscv64-unknown-elf/lib/rv32imafc/ilp32f/libm.a(lib_a-kf_cos.o)
                0x90005a56                __kernel_cosf
 .text.__kernel_rem_pio2f
                0x90005b96      0x6ce /opt/riscv/riscv64-unknown-elf/lib/rv32imafc/ilp32f/libm.a(lib_a-kf_rem_pio2.o)
                0x90005b96                __kernel_rem_pio2f
 .text.__kernel_sinf
                0x90006264       0xa2 /opt/riscv/riscv64-unknown-elf/lib/rv32imafc/ilp32f/libm.a(lib_a-kf_sin.o)
                0x90006264                __kernel_sinf
 .text.fabsf    0x90006306        0x6 /opt/riscv/riscv64-unknown-elf/lib/rv32imafc/ilp32f/libm.a(lib_a-sf_fabs.o)
                0x90006306                fabsf
 .text.floorf   0x9000630c       0xba /opt/riscv/riscv64-unknown-elf/lib/rv32imafc/ilp32f/libm.a(lib_a-sf_floor.o)
                0x9000630c                floorf
 .text.scalbnf  0x900063c6       0xf8 /opt/riscv/riscv64-unknown-elf/lib/rv32imafc/ilp32f/libm.a(lib_a-sf_scalbn.o)
                0x900063c6                scalbnf
 .text.strlen   0x900064be       0x64 /opt/riscv/riscv64-unknown-elf/lib/rv32imafc/ilp32f/libc.a(lib_a-strlen.o)
                0x900064be                strlen
                [!provide]                        PROVIDE (__TEXT_END__ = .)

.rodata         0x90006528      0x75c
                0x90006600                        . = ALIGN (0x100)
 *fill*         0x90006528       0xd8 
 *(.rodata)
 .rodata        0x90006600       0x2c ./src/float.o
 *fill*         0x9000662c        0x4 
 .rodata        0x90006630       0x68 ./src/xprintf.o
 .rodata        0x90006698       0x3c /opt/riscv/lib/gcc/riscv64-unknown-elf/12.2.0/rv32imafc/ilp32f/libgcc.a(divdf3.o)
 .rodata        0x900066d4      0x100 /opt/riscv/lib/gcc/riscv64-unknown-elf/12.2.0/rv32imafc/ilp32f/libgcc.a(_clz.o)
                0x900066d4                __clz_tab
 *(.rodata.*)
 .rodata.LED7SEG
                0x900067d4       0x10 ./src/gpio.o
 .rodata.xvfprintf
                0x900067e4       0xd0 ./src/xprintf.o
 .rodata.npio2_hw
                0x900068b4       0x80 /opt/riscv/riscv64-unknown-elf/lib/rv32imafc/ilp32f/libm.a(lib_a-ef_rem_pio2.o)
 .rodata.two_over_pi
                0x90006934      0x318 /opt/riscv/riscv64-unknown-elf/lib/rv32imafc/ilp32f/libm.a(lib_a-ef_rem_pio2.o)
 .rodata.PIo2   0x90006c4c       0x2c /opt/riscv/riscv64-unknown-elf/lib/rv32imafc/ilp32f/libm.a(lib_a-kf_rem_pio2.o)
 .rodata.init_jk
                0x90006c78        0xc /opt/riscv/riscv64-unknown-elf/lib/rv32imafc/ilp32f/libm.a(lib_a-kf_rem_pio2.o)
                0x90006c84                        . = ALIGN (0x4)
                0x90006c84                        PROVIDE (__ROM_INIT_BGN__ = .)

.data           0x88000000        0x0 load address 0x90006c84
                0x88000000                        . = ALIGN (0x100)
                0x88000000                        PROVIDE (__RAM_INIT_BGN__ = .)
 *(.data)
 *(.data*)

.srodata        0x88000000       0x8c load address 0x90006c84
                0x88000800                        PROVIDE (__GLOBAL_PTR__ = (. + 0x800))
 *(.srodata)
 *(.srodata*)
 .srodata.cst4  0x88000000       0x24 /opt/riscv/riscv64-unknown-elf/lib/rv32imafc/ilp32f/libm.a(lib_a-ef_rem_pio2.o)
 .srodata.cst4  0x88000024       0x24 /opt/riscv/riscv64-unknown-elf/lib/rv32imafc/ilp32f/libm.a(lib_a-kf_cos.o)
                                 0x28 (size before relaxing)
 .srodata.cst4  0x88000048       0x10 /opt/riscv/riscv64-unknown-elf/lib/rv32imafc/ilp32f/libm.a(lib_a-kf_rem_pio2.o)
                                 0x1c (size before relaxing)
 .srodata.cst4  0x88000058       0x1c /opt/riscv/riscv64-unknown-elf/lib/rv32imafc/ilp32f/libm.a(lib_a-kf_sin.o)
                                 0x20 (size before relaxing)
 .srodata.cst4  0x88000074        0x8 /opt/riscv/riscv64-unknown-elf/lib/rv32imafc/ilp32f/libm.a(lib_a-sf_floor.o)
                                  0xc (size before relaxing)
 .srodata.cst4  0x8800007c        0xc /opt/riscv/riscv64-unknown-elf/lib/rv32imafc/ilp32f/libm.a(lib_a-sf_scalbn.o)
                                 0x10 (size before relaxing)
 .srodata.cst4  0x88000088        0x4 /opt/riscv/lib/gcc/riscv64-unknown-elf/12.2.0/rv32imafc/ilp32f/libgcc.a(truncdfsf2.o)

.sdata          0x8800008c        0x0 load address 0x90006d10
 *(.sdata)
 *(.sdata.*)
                0x8800008c                        PROVIDE (__RAM_INIT_END__ = .)

.sbss           0x8800008c       0x14 load address 0x90006d10
                0x8800008c                        PROVIDE (__BSS_BGN__ = .)
 *(.sbss)
 *(.sbss.*)
 .sbss.num.0    0x8800008c        0x4 ./src/interrupt.o
 .sbss.uart_rxd_data
                0x88000090        0x4 ./src/uart.o
                0x88000090                uart_rxd_data
 .sbss.xfunc_output
                0x88000094        0x4 ./src/xprintf.o
                0x88000094                xfunc_output
 .sbss.strptr   0x88000098        0x4 ./src/xprintf.o
 .sbss.xfunc_input
                0x8800009c        0x4 ./src/xprintf.o
                0x8800009c                xfunc_input
 *(.scommon)

.bss            0x880000a0        0x0 load address 0x90006d10
 *(.bss)
 *(.bss.*)
                0x880000a0                        . = ALIGN (0x4)
                0x880000a0                        PROVIDE (__BSS_END__ = .)

.stack          0x88002000     0xa000
                [!provide]                        PROVIDE (__STACK_START__ = .)
                0x8800c000                        . = (. + STACK_SIZE)
 *fill*         0x88002000     0xa000 
                0x8800c000                        PROVIDE (__STACK_TOP__ = .)
                [!provide]                        PROVIDE (__STACK_END__ = .)

/DISCARD/
 *(.eh_frame .eh_frame.*)
OUTPUT(mmRISC_SampleFPU.elf elf32-littleriscv)

.debug_info     0x00000000     0x53c2
 .debug_info    0x00000000      0x224 ./src/float.o
 .debug_info    0x00000224      0x374 ./src/gpio.o
 .debug_info    0x00000598      0x68e ./src/interrupt.o
 .debug_info    0x00000c26      0x1af ./src/main.o
 .debug_info    0x00000dd5      0x1d8 ./src/system.o
 .debug_info    0x00000fad      0x247 ./src/uart.o
 .debug_info    0x000011f4      0x6aa ./src/xprintf.o
 .debug_info    0x0000189e      0x761 /opt/riscv/lib/gcc/riscv64-unknown-elf/12.2.0/rv32imafc/ilp32f/libgcc.a(_udivdi3.o)
 .debug_info    0x00001fff      0x7b4 /opt/riscv/lib/gcc/riscv64-unknown-elf/12.2.0/rv32imafc/ilp32f/libgcc.a(_umoddi3.o)
 .debug_info    0x000027b3      0x53f /opt/riscv/lib/gcc/riscv64-unknown-elf/12.2.0/rv32imafc/ilp32f/libgcc.a(adddf3.o)
 .debug_info    0x00002cf2      0x6ce /opt/riscv/lib/gcc/riscv64-unknown-elf/12.2.0/rv32imafc/ilp32f/libgcc.a(divdf3.o)
 .debug_info    0x000033c0      0x239 /opt/riscv/lib/gcc/riscv64-unknown-elf/12.2.0/rv32imafc/ilp32f/libgcc.a(eqdf2.o)
 .debug_info    0x000035f9      0x22a /opt/riscv/lib/gcc/riscv64-unknown-elf/12.2.0/rv32imafc/ilp32f/libgcc.a(gedf2.o)
 .debug_info    0x00003823      0x22a /opt/riscv/lib/gcc/riscv64-unknown-elf/12.2.0/rv32imafc/ilp32f/libgcc.a(ledf2.o)
 .debug_info    0x00003a4d      0x6e7 /opt/riscv/lib/gcc/riscv64-unknown-elf/12.2.0/rv32imafc/ilp32f/libgcc.a(muldf3.o)
 .debug_info    0x00004134      0x53b /opt/riscv/lib/gcc/riscv64-unknown-elf/12.2.0/rv32imafc/ilp32f/libgcc.a(subdf3.o)
 .debug_info    0x0000466f      0x235 /opt/riscv/lib/gcc/riscv64-unknown-elf/12.2.0/rv32imafc/ilp32f/libgcc.a(unorddf2.o)
 .debug_info    0x000048a4      0x1cb /opt/riscv/lib/gcc/riscv64-unknown-elf/12.2.0/rv32imafc/ilp32f/libgcc.a(fixdfsi.o)
 .debug_info    0x00004a6f      0x268 /opt/riscv/lib/gcc/riscv64-unknown-elf/12.2.0/rv32imafc/ilp32f/libgcc.a(floatsidf.o)
 .debug_info    0x00004cd7      0x251 /opt/riscv/lib/gcc/riscv64-unknown-elf/12.2.0/rv32imafc/ilp32f/libgcc.a(extendsfdf2.o)
 .debug_info    0x00004f28      0x280 /opt/riscv/lib/gcc/riscv64-unknown-elf/12.2.0/rv32imafc/ilp32f/libgcc.a(truncdfsf2.o)
 .debug_info    0x000051a8       0xd8 /opt/riscv/lib/gcc/riscv64-unknown-elf/12.2.0/rv32imafc/ilp32f/libgcc.a(_clz.o)
 .debug_info    0x00005280      0x142 /opt/riscv/lib/gcc/riscv64-unknown-elf/12.2.0/rv32imafc/ilp32f/libgcc.a(_clzsi2.o)

.debug_abbrev   0x00000000     0x1e4f
 .debug_abbrev  0x00000000      0x13a ./src/float.o
 .debug_abbrev  0x0000013a      0x135 ./src/gpio.o
 .debug_abbrev  0x0000026f      0x1dd ./src/interrupt.o
 .debug_abbrev  0x0000044c       0xdd ./src/main.o
 .debug_abbrev  0x00000529       0xb9 ./src/system.o
 .debug_abbrev  0x000005e2      0x187 ./src/uart.o
 .debug_abbrev  0x00000769      0x216 ./src/xprintf.o
 .debug_abbrev  0x0000097f      0x1a6 /opt/riscv/lib/gcc/riscv64-unknown-elf/12.2.0/rv32imafc/ilp32f/libgcc.a(_udivdi3.o)
 .debug_abbrev  0x00000b25      0x1aa /opt/riscv/lib/gcc/riscv64-unknown-elf/12.2.0/rv32imafc/ilp32f/libgcc.a(_umoddi3.o)
 .debug_abbrev  0x00000ccf      0x17a /opt/riscv/lib/gcc/riscv64-unknown-elf/12.2.0/rv32imafc/ilp32f/libgcc.a(adddf3.o)
 .debug_abbrev  0x00000e49      0x17a /opt/riscv/lib/gcc/riscv64-unknown-elf/12.2.0/rv32imafc/ilp32f/libgcc.a(divdf3.o)
 .debug_abbrev  0x00000fc3      0x15a /opt/riscv/lib/gcc/riscv64-unknown-elf/12.2.0/rv32imafc/ilp32f/libgcc.a(eqdf2.o)
 .debug_abbrev  0x0000111d      0x13e /opt/riscv/lib/gcc/riscv64-unknown-elf/12.2.0/rv32imafc/ilp32f/libgcc.a(gedf2.o)
 .debug_abbrev  0x0000125b      0x13e /opt/riscv/lib/gcc/riscv64-unknown-elf/12.2.0/rv32imafc/ilp32f/libgcc.a(ledf2.o)
 .debug_abbrev  0x00001399      0x18c /opt/riscv/lib/gcc/riscv64-unknown-elf/12.2.0/rv32imafc/ilp32f/libgcc.a(muldf3.o)
 .debug_abbrev  0x00001525      0x17a /opt/riscv/lib/gcc/riscv64-unknown-elf/12.2.0/rv32imafc/ilp32f/libgcc.a(subdf3.o)
 .debug_abbrev  0x0000169f      0x14b /opt/riscv/lib/gcc/riscv64-unknown-elf/12.2.0/rv32imafc/ilp32f/libgcc.a(unorddf2.o)
 .debug_abbrev  0x000017ea      0x143 /opt/riscv/lib/gcc/riscv64-unknown-elf/12.2.0/rv32imafc/ilp32f/libgcc.a(fixdfsi.o)
 .debug_abbrev  0x0000192d      0x164 /opt/riscv/lib/gcc/riscv64-unknown-elf/12.2.0/rv32imafc/ilp32f/libgcc.a(floatsidf.o)
 .debug_abbrev  0x00001a91      0x14a /opt/riscv/lib/gcc/riscv64-unknown-elf/12.2.0/rv32imafc/ilp32f/libgcc.a(extendsfdf2.o)
 .debug_abbrev  0x00001bdb      0x13a /opt/riscv/lib/gcc/riscv64-unknown-elf/12.2.0/rv32imafc/ilp32f/libgcc.a(truncdfsf2.o)
 .debug_abbrev  0x00001d15       0x70 /opt/riscv/lib/gcc/riscv64-unknown-elf/12.2.0/rv32imafc/ilp32f/libgcc.a(_clz.o)
 .debug_abbrev  0x00001d85       0xca /opt/riscv/lib/gcc/riscv64-unknown-elf/12.2.0/rv32imafc/ilp32f/libgcc.a(_clzsi2.o)

.debug_aranges  0x00000000      0x418
 .debug_aranges
                0x00000000       0x28 ./src/float.o
 .debug_aranges
                0x00000028       0x58 ./src/gpio.o
 .debug_aranges
                0x00000080       0x70 ./src/interrupt.o
 .debug_aranges
                0x000000f0       0x20 ./src/main.o
 .debug_aranges
                0x00000110       0x28 ./src/system.o
 .debug_aranges
                0x00000138       0x58 ./src/uart.o
 .debug_aranges
                0x00000190       0x90 ./src/xprintf.o
 .debug_aranges
                0x00000220       0x20 /opt/riscv/lib/gcc/riscv64-unknown-elf/12.2.0/rv32imafc/ilp32f/libgcc.a(_udivdi3.o)
 .debug_aranges
                0x00000240       0x20 /opt/riscv/lib/gcc/riscv64-unknown-elf/12.2.0/rv32imafc/ilp32f/libgcc.a(_umoddi3.o)
 .debug_aranges
                0x00000260       0x20 /opt/riscv/lib/gcc/riscv64-unknown-elf/12.2.0/rv32imafc/ilp32f/libgcc.a(adddf3.o)
 .debug_aranges
                0x00000280       0x20 /opt/riscv/lib/gcc/riscv64-unknown-elf/12.2.0/rv32imafc/ilp32f/libgcc.a(divdf3.o)
 .debug_aranges
                0x000002a0       0x20 /opt/riscv/lib/gcc/riscv64-unknown-elf/12.2.0/rv32imafc/ilp32f/libgcc.a(eqdf2.o)
 .debug_aranges
                0x000002c0       0x20 /opt/riscv/lib/gcc/riscv64-unknown-elf/12.2.0/rv32imafc/ilp32f/libgcc.a(gedf2.o)
 .debug_aranges
                0x000002e0       0x20 /opt/riscv/lib/gcc/riscv64-unknown-elf/12.2.0/rv32imafc/ilp32f/libgcc.a(ledf2.o)
 .debug_aranges
                0x00000300       0x20 /opt/riscv/lib/gcc/riscv64-unknown-elf/12.2.0/rv32imafc/ilp32f/libgcc.a(muldf3.o)
 .debug_aranges
                0x00000320       0x20 /opt/riscv/lib/gcc/riscv64-unknown-elf/12.2.0/rv32imafc/ilp32f/libgcc.a(subdf3.o)
 .debug_aranges
                0x00000340       0x20 /opt/riscv/lib/gcc/riscv64-unknown-elf/12.2.0/rv32imafc/ilp32f/libgcc.a(unorddf2.o)
 .debug_aranges
                0x00000360       0x20 /opt/riscv/lib/gcc/riscv64-unknown-elf/12.2.0/rv32imafc/ilp32f/libgcc.a(fixdfsi.o)
 .debug_aranges
                0x00000380       0x20 /opt/riscv/lib/gcc/riscv64-unknown-elf/12.2.0/rv32imafc/ilp32f/libgcc.a(floatsidf.o)
 .debug_aranges
                0x000003a0       0x20 /opt/riscv/lib/gcc/riscv64-unknown-elf/12.2.0/rv32imafc/ilp32f/libgcc.a(extendsfdf2.o)
 .debug_aranges
                0x000003c0       0x20 /opt/riscv/lib/gcc/riscv64-unknown-elf/12.2.0/rv32imafc/ilp32f/libgcc.a(truncdfsf2.o)
 .debug_aranges
                0x000003e0       0x18 /opt/riscv/lib/gcc/riscv64-unknown-elf/12.2.0/rv32imafc/ilp32f/libgcc.a(_clz.o)
 .debug_aranges
                0x000003f8       0x20 /opt/riscv/lib/gcc/riscv64-unknown-elf/12.2.0/rv32imafc/ilp32f/libgcc.a(_clzsi2.o)

.debug_rnglists
                0x00000000     0x128b
 .debug_rnglists
                0x00000000       0x1f ./src/float.o
 .debug_rnglists
                0x0000001f       0x55 ./src/gpio.o
 .debug_rnglists
                0x00000074       0x70 ./src/interrupt.o
 .debug_rnglists
                0x000000e4       0x16 ./src/main.o
 .debug_rnglists
                0x000000fa       0x1f ./src/system.o
 .debug_rnglists
                0x00000119       0x55 ./src/uart.o
 .debug_rnglists
                0x0000016e       0x94 ./src/xprintf.o
 .debug_rnglists
                0x00000202      0x111 /opt/riscv/lib/gcc/riscv64-unknown-elf/12.2.0/rv32imafc/ilp32f/libgcc.a(_udivdi3.o)
 .debug_rnglists
                0x00000313       0xac /opt/riscv/lib/gcc/riscv64-unknown-elf/12.2.0/rv32imafc/ilp32f/libgcc.a(_umoddi3.o)
 .debug_rnglists
                0x000003bf      0x384 /opt/riscv/lib/gcc/riscv64-unknown-elf/12.2.0/rv32imafc/ilp32f/libgcc.a(adddf3.o)
 .debug_rnglists
                0x00000743      0x12f /opt/riscv/lib/gcc/riscv64-unknown-elf/12.2.0/rv32imafc/ilp32f/libgcc.a(divdf3.o)
 .debug_rnglists
                0x00000872       0x60 /opt/riscv/lib/gcc/riscv64-unknown-elf/12.2.0/rv32imafc/ilp32f/libgcc.a(eqdf2.o)
 .debug_rnglists
                0x000008d2       0x72 /opt/riscv/lib/gcc/riscv64-unknown-elf/12.2.0/rv32imafc/ilp32f/libgcc.a(gedf2.o)
 .debug_rnglists
                0x00000944       0x72 /opt/riscv/lib/gcc/riscv64-unknown-elf/12.2.0/rv32imafc/ilp32f/libgcc.a(ledf2.o)
 .debug_rnglists
                0x000009b6      0x228 /opt/riscv/lib/gcc/riscv64-unknown-elf/12.2.0/rv32imafc/ilp32f/libgcc.a(muldf3.o)
 .debug_rnglists
                0x00000bde      0x41e /opt/riscv/lib/gcc/riscv64-unknown-elf/12.2.0/rv32imafc/ilp32f/libgcc.a(subdf3.o)
 .debug_rnglists
                0x00000ffc       0x3b /opt/riscv/lib/gcc/riscv64-unknown-elf/12.2.0/rv32imafc/ilp32f/libgcc.a(unorddf2.o)
 .debug_rnglists
                0x00001037       0x57 /opt/riscv/lib/gcc/riscv64-unknown-elf/12.2.0/rv32imafc/ilp32f/libgcc.a(fixdfsi.o)
 .debug_rnglists
                0x0000108e       0x61 /opt/riscv/lib/gcc/riscv64-unknown-elf/12.2.0/rv32imafc/ilp32f/libgcc.a(floatsidf.o)
 .debug_rnglists
                0x000010ef       0x32 /opt/riscv/lib/gcc/riscv64-unknown-elf/12.2.0/rv32imafc/ilp32f/libgcc.a(extendsfdf2.o)
 .debug_rnglists
                0x00001121      0x142 /opt/riscv/lib/gcc/riscv64-unknown-elf/12.2.0/rv32imafc/ilp32f/libgcc.a(truncdfsf2.o)
 .debug_rnglists
                0x00001263       0x28 /opt/riscv/lib/gcc/riscv64-unknown-elf/12.2.0/rv32imafc/ilp32f/libgcc.a(_clzsi2.o)

.debug_macro    0x00000000     0x2db0
 .debug_macro   0x00000000      0x282 ./src/float.o
 .debug_macro   0x00000282      0x784 ./src/float.o
 .debug_macro   0x00000a06       0x22 ./src/float.o
 .debug_macro   0x00000a28       0x52 ./src/float.o
 .debug_macro   0x00000a7a       0x20 ./src/float.o
 .debug_macro   0x00000a9a       0x94 ./src/float.o
 .debug_macro   0x00000b2e       0x34 ./src/float.o
 .debug_macro   0x00000b62       0x34 ./src/float.o
 .debug_macro   0x00000b96       0x16 ./src/float.o
 .debug_macro   0x00000bac       0x57 ./src/float.o
 .debug_macro   0x00000c03       0x9e ./src/float.o
 .debug_macro   0x00000ca1      0x341 ./src/float.o
 .debug_macro   0x00000fe2      0x10b ./src/float.o
 .debug_macro   0x000010ed       0x10 ./src/float.o
 .debug_macro   0x000010fd       0x16 ./src/float.o
 .debug_macro   0x00001113       0x43 ./src/float.o
 .debug_macro   0x00001156       0x34 ./src/float.o
 .debug_macro   0x0000118a       0x10 ./src/float.o
 .debug_macro   0x0000119a       0x52 ./src/float.o
 .debug_macro   0x000011ec      0x182 ./src/float.o
 .debug_macro   0x0000136e       0x10 ./src/float.o
 .debug_macro   0x0000137e       0x6a ./src/float.o
 .debug_macro   0x000013e8       0x1c ./src/float.o
 .debug_macro   0x00001404       0x52 ./src/float.o
 .debug_macro   0x00001456       0x22 ./src/float.o
 .debug_macro   0x00001478       0x10 ./src/float.o
 .debug_macro   0x00001488       0x52 ./src/float.o
 .debug_macro   0x000014da       0xd5 ./src/float.o
 .debug_macro   0x000015af       0x1c ./src/float.o
 .debug_macro   0x000015cb       0x3d ./src/float.o
 .debug_macro   0x00001608       0x16 ./src/float.o
 .debug_macro   0x0000161e      0x16f ./src/float.o
 .debug_macro   0x0000178d      0x19b ./src/float.o
 .debug_macro   0x00001928      0x103 ./src/float.o
 .debug_macro   0x00001a2b      0x1df ./src/float.o
 .debug_macro   0x00001c0a       0x46 ./src/float.o
 .debug_macro   0x00001c50       0x10 ./src/float.o
 .debug_macro   0x00001c60       0x1c ./src/float.o
 .debug_macro   0x00001c7c       0x16 ./src/float.o
 .debug_macro   0x00001c92       0x35 ./src/float.o
 .debug_macro   0x00001cc7       0x16 ./src/float.o
 .debug_macro   0x00001cdd       0x29 ./src/float.o
 .debug_macro   0x00001d06       0x16 ./src/float.o
 .debug_macro   0x00001d1c       0x4c ./src/float.o
 .debug_macro   0x00001d68       0xa0 ./src/float.o
 .debug_macro   0x00001e08       0x28 ./src/float.o
 .debug_macro   0x00001e30      0x1d9 ./src/gpio.o
 .debug_macro   0x00002009       0x8e ./src/gpio.o
 .debug_macro   0x00002097       0x51 ./src/gpio.o
 .debug_macro   0x000020e8       0x58 ./src/gpio.o
 .debug_macro   0x00002140      0x1f8 ./src/interrupt.o
 .debug_macro   0x00002338       0xc4 ./src/interrupt.o
 .debug_macro   0x000023fc      0x2bd ./src/main.o
 .debug_macro   0x000026b9      0x189 ./src/main.o
 .debug_macro   0x00002842       0x1c ./src/main.o
 .debug_macro   0x0000285e      0x1d9 ./src/system.o
 .debug_macro   0x00002a37      0x1ef ./src/uart.o
 .debug_macro   0x00002c26      0x122 ./src/xprintf.o
 .debug_macro   0x00002d48       0x10 ./src/xprintf.o
 .debug_macro   0x00002d58       0x58 ./src/xprintf.o

.debug_line     0x00000000     0xaf21
 .debug_line    0x00000000      0x20f ./src/float.o
 .debug_line    0x0000020f      0x7b6 ./src/gpio.o
 .debug_line    0x000009c5      0x941 ./src/interrupt.o
 .debug_line    0x00001306      0x1bc ./src/main.o
 .debug_line    0x000014c2      0x212 ./src/system.o
 .debug_line    0x000016d4      0x32d ./src/uart.o
 .debug_line    0x00001a01     0x1615 ./src/xprintf.o
 .debug_line    0x00003016      0x713 /opt/riscv/lib/gcc/riscv64-unknown-elf/12.2.0/rv32imafc/ilp32f/libgcc.a(_udivdi3.o)
 .debug_line    0x00003729      0x78d /opt/riscv/lib/gcc/riscv64-unknown-elf/12.2.0/rv32imafc/ilp32f/libgcc.a(_umoddi3.o)
 .debug_line    0x00003eb6     0x16af /opt/riscv/lib/gcc/riscv64-unknown-elf/12.2.0/rv32imafc/ilp32f/libgcc.a(adddf3.o)
 .debug_line    0x00005565     0x123f /opt/riscv/lib/gcc/riscv64-unknown-elf/12.2.0/rv32imafc/ilp32f/libgcc.a(divdf3.o)
 .debug_line    0x000067a4      0x271 /opt/riscv/lib/gcc/riscv64-unknown-elf/12.2.0/rv32imafc/ilp32f/libgcc.a(eqdf2.o)
 .debug_line    0x00006a15      0x35e /opt/riscv/lib/gcc/riscv64-unknown-elf/12.2.0/rv32imafc/ilp32f/libgcc.a(gedf2.o)
 .debug_line    0x00006d73      0x35e /opt/riscv/lib/gcc/riscv64-unknown-elf/12.2.0/rv32imafc/ilp32f/libgcc.a(ledf2.o)
 .debug_line    0x000070d1     0x109d /opt/riscv/lib/gcc/riscv64-unknown-elf/12.2.0/rv32imafc/ilp32f/libgcc.a(muldf3.o)
 .debug_line    0x0000816e     0x17c7 /opt/riscv/lib/gcc/riscv64-unknown-elf/12.2.0/rv32imafc/ilp32f/libgcc.a(subdf3.o)
 .debug_line    0x00009935      0x20b /opt/riscv/lib/gcc/riscv64-unknown-elf/12.2.0/rv32imafc/ilp32f/libgcc.a(unorddf2.o)
 .debug_line    0x00009b40      0x295 /opt/riscv/lib/gcc/riscv64-unknown-elf/12.2.0/rv32imafc/ilp32f/libgcc.a(fixdfsi.o)
 .debug_line    0x00009dd5      0x223 /opt/riscv/lib/gcc/riscv64-unknown-elf/12.2.0/rv32imafc/ilp32f/libgcc.a(floatsidf.o)
 .debug_line    0x00009ff8      0x38b /opt/riscv/lib/gcc/riscv64-unknown-elf/12.2.0/rv32imafc/ilp32f/libgcc.a(extendsfdf2.o)
 .debug_line    0x0000a383      0xa94 /opt/riscv/lib/gcc/riscv64-unknown-elf/12.2.0/rv32imafc/ilp32f/libgcc.a(truncdfsf2.o)
 .debug_line    0x0000ae17       0x3f /opt/riscv/lib/gcc/riscv64-unknown-elf/12.2.0/rv32imafc/ilp32f/libgcc.a(_clz.o)
 .debug_line    0x0000ae56       0xcb /opt/riscv/lib/gcc/riscv64-unknown-elf/12.2.0/rv32imafc/ilp32f/libgcc.a(_clzsi2.o)

.debug_str      0x00000000     0x8c75
 .debug_str     0x00000000     0x7d35 ./src/float.o
                               0x7f4e (size before relaxing)
 .debug_str     0x00007d35       0x90 ./src/gpio.o
                               0x732e (size before relaxing)
 .debug_str     0x00007dc5      0x3f4 ./src/interrupt.o
                               0x77db (size before relaxing)
 .debug_str     0x000081b9      0x122 ./src/main.o
                               0x816a (size before relaxing)
 .debug_str     0x000082db       0x28 ./src/system.o
                               0x71a0 (size before relaxing)
 .debug_str     0x00008303       0x4d ./src/uart.o
                               0x7420 (size before relaxing)
 .debug_str     0x00008350      0x173 ./src/xprintf.o
                               0x5f32 (size before relaxing)
 .debug_str     0x000084c3      0x1a7 /opt/riscv/lib/gcc/riscv64-unknown-elf/12.2.0/rv32imafc/ilp32f/libgcc.a(_udivdi3.o)
                                0x257 (size before relaxing)
 .debug_str     0x0000866a        0xa /opt/riscv/lib/gcc/riscv64-unknown-elf/12.2.0/rv32imafc/ilp32f/libgcc.a(_umoddi3.o)
                                0x257 (size before relaxing)
 .debug_str     0x00008674      0x226 /opt/riscv/lib/gcc/riscv64-unknown-elf/12.2.0/rv32imafc/ilp32f/libgcc.a(adddf3.o)
                                0x2b1 (size before relaxing)
 .debug_str     0x0000889a      0x16b /opt/riscv/lib/gcc/riscv64-unknown-elf/12.2.0/rv32imafc/ilp32f/libgcc.a(divdf3.o)
                                0x373 (size before relaxing)
 .debug_str     0x00008a05       0x27 /opt/riscv/lib/gcc/riscv64-unknown-elf/12.2.0/rv32imafc/ilp32f/libgcc.a(eqdf2.o)
                                0x1c3 (size before relaxing)
 .debug_str     0x00008a2c       0x2c /opt/riscv/lib/gcc/riscv64-unknown-elf/12.2.0/rv32imafc/ilp32f/libgcc.a(gedf2.o)
                                0x1e7 (size before relaxing)
 .debug_str     0x00008a58        0x8 /opt/riscv/lib/gcc/riscv64-unknown-elf/12.2.0/rv32imafc/ilp32f/libgcc.a(ledf2.o)
                                0x1e7 (size before relaxing)
 .debug_str     0x00008a60      0x12e /opt/riscv/lib/gcc/riscv64-unknown-elf/12.2.0/rv32imafc/ilp32f/libgcc.a(muldf3.o)
                                0x3cb (size before relaxing)
 .debug_str     0x00008b8e        0x9 /opt/riscv/lib/gcc/riscv64-unknown-elf/12.2.0/rv32imafc/ilp32f/libgcc.a(subdf3.o)
                                0x2b1 (size before relaxing)
 .debug_str     0x00008b97        0xb /opt/riscv/lib/gcc/riscv64-unknown-elf/12.2.0/rv32imafc/ilp32f/libgcc.a(unorddf2.o)
                                0x1c6 (size before relaxing)
 .debug_str     0x00008ba2       0x1d /opt/riscv/lib/gcc/riscv64-unknown-elf/12.2.0/rv32imafc/ilp32f/libgcc.a(fixdfsi.o)
                                0x1be (size before relaxing)
 .debug_str     0x00008bbf       0x39 /opt/riscv/lib/gcc/riscv64-unknown-elf/12.2.0/rv32imafc/ilp32f/libgcc.a(floatsidf.o)
                                0x25b (size before relaxing)
 .debug_str     0x00008bf8       0x48 /opt/riscv/lib/gcc/riscv64-unknown-elf/12.2.0/rv32imafc/ilp32f/libgcc.a(extendsfdf2.o)
                                0x1e7 (size before relaxing)
 .debug_str     0x00008c40       0x35 /opt/riscv/lib/gcc/riscv64-unknown-elf/12.2.0/rv32imafc/ilp32f/libgcc.a(truncdfsf2.o)
                                0x23d (size before relaxing)
 .debug_str     0x00008c75      0x1a4 /opt/riscv/lib/gcc/riscv64-unknown-elf/12.2.0/rv32imafc/ilp32f/libgcc.a(_clz.o)
 .debug_str     0x00008c75      0x1c1 /opt/riscv/lib/gcc/riscv64-unknown-elf/12.2.0/rv32imafc/ilp32f/libgcc.a(_clzsi2.o)

.debug_line_str
                0x00000000      0x612
 .debug_line_str
                0x00000000      0x271 ./src/float.o
                                0x337 (size before relaxing)
 .debug_line_str
                0x00000271        0xe ./src/gpio.o
                                0x2ce (size before relaxing)
 .debug_line_str
                0x0000027f       0x1f ./src/interrupt.o
                                0x2ff (size before relaxing)
 .debug_line_str
                0x0000029e        0xe ./src/main.o
                                0x337 (size before relaxing)
 .debug_line_str
                0x000002ac       0x10 ./src/system.o
                                0x2d3 (size before relaxing)
 .debug_line_str
                0x000002bc        0xe ./src/uart.o
                                0x2e4 (size before relaxing)
 .debug_line_str
                0x000002ca       0x11 ./src/xprintf.o
                                0x24e (size before relaxing)
 .debug_line_str
                0x000002db       0xbf /opt/riscv/lib/gcc/riscv64-unknown-elf/12.2.0/rv32imafc/ilp32f/libgcc.a(_udivdi3.o)
                                0x146 (size before relaxing)
 .debug_line_str
                0x0000039a      0x146 /opt/riscv/lib/gcc/riscv64-unknown-elf/12.2.0/rv32imafc/ilp32f/libgcc.a(_umoddi3.o)
 .debug_line_str
                0x0000039a       0x5a /opt/riscv/lib/gcc/riscv64-unknown-elf/12.2.0/rv32imafc/ilp32f/libgcc.a(adddf3.o)
                                0x152 (size before relaxing)
 .debug_line_str
                0x000003f4       0x37 /opt/riscv/lib/gcc/riscv64-unknown-elf/12.2.0/rv32imafc/ilp32f/libgcc.a(divdf3.o)
                                0x15c (size before relaxing)
 .debug_line_str
                0x0000042b       0x3c /opt/riscv/lib/gcc/riscv64-unknown-elf/12.2.0/rv32imafc/ilp32f/libgcc.a(eqdf2.o)
                                0x15f (size before relaxing)
 .debug_line_str
                0x00000467       0x2c /opt/riscv/lib/gcc/riscv64-unknown-elf/12.2.0/rv32imafc/ilp32f/libgcc.a(gedf2.o)
                                0x15f (size before relaxing)
 .debug_line_str
                0x00000493       0x2c /opt/riscv/lib/gcc/riscv64-unknown-elf/12.2.0/rv32imafc/ilp32f/libgcc.a(ledf2.o)
                                0x15f (size before relaxing)
 .debug_line_str
                0x000004bf       0x2d /opt/riscv/lib/gcc/riscv64-unknown-elf/12.2.0/rv32imafc/ilp32f/libgcc.a(muldf3.o)
                                0x15c (size before relaxing)
 .debug_line_str
                0x000004ec       0x2d /opt/riscv/lib/gcc/riscv64-unknown-elf/12.2.0/rv32imafc/ilp32f/libgcc.a(subdf3.o)
                                0x152 (size before relaxing)
 .debug_line_str
                0x00000519       0x2f /opt/riscv/lib/gcc/riscv64-unknown-elf/12.2.0/rv32imafc/ilp32f/libgcc.a(unorddf2.o)
                                0x168 (size before relaxing)
 .debug_line_str
                0x00000548       0x2e /opt/riscv/lib/gcc/riscv64-unknown-elf/12.2.0/rv32imafc/ilp32f/libgcc.a(fixdfsi.o)
                                0x15f (size before relaxing)
 .debug_line_str
                0x00000576       0x30 /opt/riscv/lib/gcc/riscv64-unknown-elf/12.2.0/rv32imafc/ilp32f/libgcc.a(floatsidf.o)
                                0x165 (size before relaxing)
 .debug_line_str
                0x000005a6       0x3b /opt/riscv/lib/gcc/riscv64-unknown-elf/12.2.0/rv32imafc/ilp32f/libgcc.a(extendsfdf2.o)
                                0x16a (size before relaxing)
 .debug_line_str
                0x000005e1       0x31 /opt/riscv/lib/gcc/riscv64-unknown-elf/12.2.0/rv32imafc/ilp32f/libgcc.a(truncdfsf2.o)
                                0x167 (size before relaxing)
 .debug_line_str
                0x00000612      0x146 /opt/riscv/lib/gcc/riscv64-unknown-elf/12.2.0/rv32imafc/ilp32f/libgcc.a(_clz.o)
 .debug_line_str
                0x00000612      0x146 /opt/riscv/lib/gcc/riscv64-unknown-elf/12.2.0/rv32imafc/ilp32f/libgcc.a(_clzsi2.o)

.comment        0x00000000       0x2d
 .comment       0x00000000       0x1b ./src/float.o
                                 0x1c (size before relaxing)
 .comment       0x0000001b       0x1c ./src/gpio.o
 .comment       0x0000001b       0x1c ./src/interrupt.o
 .comment       0x0000001b       0x1c ./src/main.o
 .comment       0x0000001b       0x1c ./src/system.o
 .comment       0x0000001b       0x1c ./src/uart.o
 .comment       0x0000001b       0x1c ./src/xprintf.o
 .comment       0x0000001b       0x12 /opt/riscv/riscv64-unknown-elf/lib/rv32imafc/ilp32f/libm.a(lib_a-sf_sin.o)
                                 0x13 (size before relaxing)
 .comment       0x0000002d       0x13 /opt/riscv/riscv64-unknown-elf/lib/rv32imafc/ilp32f/libm.a(lib_a-ef_rem_pio2.o)
 .comment       0x0000002d       0x13 /opt/riscv/riscv64-unknown-elf/lib/rv32imafc/ilp32f/libm.a(lib_a-kf_cos.o)
 .comment       0x0000002d       0x13 /opt/riscv/riscv64-unknown-elf/lib/rv32imafc/ilp32f/libm.a(lib_a-kf_rem_pio2.o)
 .comment       0x0000002d       0x13 /opt/riscv/riscv64-unknown-elf/lib/rv32imafc/ilp32f/libm.a(lib_a-kf_sin.o)
 .comment       0x0000002d       0x13 /opt/riscv/riscv64-unknown-elf/lib/rv32imafc/ilp32f/libm.a(lib_a-sf_fabs.o)
 .comment       0x0000002d       0x13 /opt/riscv/riscv64-unknown-elf/lib/rv32imafc/ilp32f/libm.a(lib_a-sf_floor.o)
 .comment       0x0000002d       0x13 /opt/riscv/riscv64-unknown-elf/lib/rv32imafc/ilp32f/libm.a(lib_a-sf_scalbn.o)
 .comment       0x0000002d       0x13 /opt/riscv/riscv64-unknown-elf/lib/rv32imafc/ilp32f/libc.a(lib_a-strlen.o)
 .comment       0x0000002d       0x1c /opt/riscv/lib/gcc/riscv64-unknown-elf/12.2.0/rv32imafc/ilp32f/libgcc.a(_udivdi3.o)
 .comment       0x0000002d       0x1c /opt/riscv/lib/gcc/riscv64-unknown-elf/12.2.0/rv32imafc/ilp32f/libgcc.a(_umoddi3.o)
 .comment       0x0000002d       0x1c /opt/riscv/lib/gcc/riscv64-unknown-elf/12.2.0/rv32imafc/ilp32f/libgcc.a(adddf3.o)
 .comment       0x0000002d       0x1c /opt/riscv/lib/gcc/riscv64-unknown-elf/12.2.0/rv32imafc/ilp32f/libgcc.a(divdf3.o)
 .comment       0x0000002d       0x1c /opt/riscv/lib/gcc/riscv64-unknown-elf/12.2.0/rv32imafc/ilp32f/libgcc.a(eqdf2.o)
 .comment       0x0000002d       0x1c /opt/riscv/lib/gcc/riscv64-unknown-elf/12.2.0/rv32imafc/ilp32f/libgcc.a(gedf2.o)
 .comment       0x0000002d       0x1c /opt/riscv/lib/gcc/riscv64-unknown-elf/12.2.0/rv32imafc/ilp32f/libgcc.a(ledf2.o)
 .comment       0x0000002d       0x1c /opt/riscv/lib/gcc/riscv64-unknown-elf/12.2.0/rv32imafc/ilp32f/libgcc.a(muldf3.o)
 .comment       0x0000002d       0x1c /opt/riscv/lib/gcc/riscv64-unknown-elf/12.2.0/rv32imafc/ilp32f/libgcc.a(subdf3.o)
 .comment       0x0000002d       0x1c /opt/riscv/lib/gcc/riscv64-unknown-elf/12.2.0/rv32imafc/ilp32f/libgcc.a(unorddf2.o)
 .comment       0x0000002d       0x1c /opt/riscv/lib/gcc/riscv64-unknown-elf/12.2.0/rv32imafc/ilp32f/libgcc.a(fixdfsi.o)
 .comment       0x0000002d       0x1c /opt/riscv/lib/gcc/riscv64-unknown-elf/12.2.0/rv32imafc/ilp32f/libgcc.a(floatsidf.o)
 .comment       0x0000002d       0x1c /opt/riscv/lib/gcc/riscv64-unknown-elf/12.2.0/rv32imafc/ilp32f/libgcc.a(extendsfdf2.o)
 .comment       0x0000002d       0x1c /opt/riscv/lib/gcc/riscv64-unknown-elf/12.2.0/rv32imafc/ilp32f/libgcc.a(truncdfsf2.o)
 .comment       0x0000002d       0x1c /opt/riscv/lib/gcc/riscv64-unknown-elf/12.2.0/rv32imafc/ilp32f/libgcc.a(_clz.o)
 .comment       0x0000002d       0x1c /opt/riscv/lib/gcc/riscv64-unknown-elf/12.2.0/rv32imafc/ilp32f/libgcc.a(_clzsi2.o)

.riscv.attributes
                0x00000000       0x46
 .riscv.attributes
                0x00000000       0x42 ./src/float.o
 .riscv.attributes
                0x00000042       0x42 ./src/gpio.o
 .riscv.attributes
                0x00000084       0x46 ./src/interrupt.o
 .riscv.attributes
                0x000000ca       0x46 ./src/main.o
 .riscv.attributes
                0x00000110       0x46 ./src/system.o
 .riscv.attributes
                0x00000156       0x42 ./src/uart.o
 .riscv.attributes
                0x00000198       0x42 ./src/xprintf.o
 .riscv.attributes
                0x000001da       0x42 /opt/riscv/riscv64-unknown-elf/lib/rv32imafc/ilp32f/libm.a(lib_a-sf_sin.o)
 .riscv.attributes
                0x0000021c       0x42 /opt/riscv/riscv64-unknown-elf/lib/rv32imafc/ilp32f/libm.a(lib_a-ef_rem_pio2.o)
 .riscv.attributes
                0x0000025e       0x42 /opt/riscv/riscv64-unknown-elf/lib/rv32imafc/ilp32f/libm.a(lib_a-kf_cos.o)
 .riscv.attributes
                0x000002a0       0x42 /opt/riscv/riscv64-unknown-elf/lib/rv32imafc/ilp32f/libm.a(lib_a-kf_rem_pio2.o)
 .riscv.attributes
                0x000002e2       0x42 /opt/riscv/riscv64-unknown-elf/lib/rv32imafc/ilp32f/libm.a(lib_a-kf_sin.o)
 .riscv.attributes
                0x00000324       0x42 /opt/riscv/riscv64-unknown-elf/lib/rv32imafc/ilp32f/libm.a(lib_a-sf_fabs.o)
 .riscv.attributes
                0x00000366       0x42 /opt/riscv/riscv64-unknown-elf/lib/rv32imafc/ilp32f/libm.a(lib_a-sf_floor.o)
 .riscv.attributes
                0x000003a8       0x42 /opt/riscv/riscv64-unknown-elf/lib/rv32imafc/ilp32f/libm.a(lib_a-sf_scalbn.o)
 .riscv.attributes
                0x000003ea       0x42 /opt/riscv/riscv64-unknown-elf/lib/rv32imafc/ilp32f/libc.a(lib_a-strlen.o)
 .riscv.attributes
                0x0000042c       0x42 /opt/riscv/lib/gcc/riscv64-unknown-elf/12.2.0/rv32imafc/ilp32f/libgcc.a(_udivdi3.o)
 .riscv.attributes
                0x0000046e       0x42 /opt/riscv/lib/gcc/riscv64-unknown-elf/12.2.0/rv32imafc/ilp32f/libgcc.a(_umoddi3.o)
 .riscv.attributes
                0x000004b0       0x46 /opt/riscv/lib/gcc/riscv64-unknown-elf/12.2.0/rv32imafc/ilp32f/libgcc.a(adddf3.o)
 .riscv.attributes
                0x000004f6       0x46 /opt/riscv/lib/gcc/riscv64-unknown-elf/12.2.0/rv32imafc/ilp32f/libgcc.a(divdf3.o)
 .riscv.attributes
                0x0000053c       0x46 /opt/riscv/lib/gcc/riscv64-unknown-elf/12.2.0/rv32imafc/ilp32f/libgcc.a(eqdf2.o)
 .riscv.attributes
                0x00000582       0x46 /opt/riscv/lib/gcc/riscv64-unknown-elf/12.2.0/rv32imafc/ilp32f/libgcc.a(gedf2.o)
 .riscv.attributes
                0x000005c8       0x46 /opt/riscv/lib/gcc/riscv64-unknown-elf/12.2.0/rv32imafc/ilp32f/libgcc.a(ledf2.o)
 .riscv.attributes
                0x0000060e       0x46 /opt/riscv/lib/gcc/riscv64-unknown-elf/12.2.0/rv32imafc/ilp32f/libgcc.a(muldf3.o)
 .riscv.attributes
                0x00000654       0x46 /opt/riscv/lib/gcc/riscv64-unknown-elf/12.2.0/rv32imafc/ilp32f/libgcc.a(subdf3.o)
 .riscv.attributes
                0x0000069a       0x46 /opt/riscv/lib/gcc/riscv64-unknown-elf/12.2.0/rv32imafc/ilp32f/libgcc.a(unorddf2.o)
 .riscv.attributes
                0x000006e0       0x46 /opt/riscv/lib/gcc/riscv64-unknown-elf/12.2.0/rv32imafc/ilp32f/libgcc.a(fixdfsi.o)
 .riscv.attributes
                0x00000726       0x42 /opt/riscv/lib/gcc/riscv64-unknown-elf/12.2.0/rv32imafc/ilp32f/libgcc.a(floatsidf.o)
 .riscv.attributes
                0x00000768       0x46 /opt/riscv/lib/gcc/riscv64-unknown-elf/12.2.0/rv32imafc/ilp32f/libgcc.a(extendsfdf2.o)
 .riscv.attributes
                0x000007ae       0x46 /opt/riscv/lib/gcc/riscv64-unknown-elf/12.2.0/rv32imafc/ilp32f/libgcc.a(truncdfsf2.o)
 .riscv.attributes
                0x000007f4       0x42 /opt/riscv/lib/gcc/riscv64-unknown-elf/12.2.0/rv32imafc/ilp32f/libgcc.a(_clz.o)
 .riscv.attributes
                0x00000836       0x42 /opt/riscv/lib/gcc/riscv64-unknown-elf/12.2.0/rv32imafc/ilp32f/libgcc.a(_clzsi2.o)

.debug_frame    0x00000000      0xcdc
 .debug_frame   0x00000000       0x54 ./src/float.o
 .debug_frame   0x00000054      0x148 ./src/gpio.o
 .debug_frame   0x0000019c      0x41c ./src/interrupt.o
 .debug_frame   0x000005b8       0x30 ./src/main.o
 .debug_frame   0x000005e8       0x74 ./src/system.o
 .debug_frame   0x0000065c      0x148 ./src/uart.o
 .debug_frame   0x000007a4      0x2ac ./src/xprintf.o
 .debug_frame   0x00000a50       0x44 /opt/riscv/lib/gcc/riscv64-unknown-elf/12.2.0/rv32imafc/ilp32f/libgcc.a(adddf3.o)
 .debug_frame   0x00000a94       0x58 /opt/riscv/lib/gcc/riscv64-unknown-elf/12.2.0/rv32imafc/ilp32f/libgcc.a(divdf3.o)
 .debug_frame   0x00000aec       0x20 /opt/riscv/lib/gcc/riscv64-unknown-elf/12.2.0/rv32imafc/ilp32f/libgcc.a(eqdf2.o)
 .debug_frame   0x00000b0c       0x20 /opt/riscv/lib/gcc/riscv64-unknown-elf/12.2.0/rv32imafc/ilp32f/libgcc.a(gedf2.o)
 .debug_frame   0x00000b2c       0x20 /opt/riscv/lib/gcc/riscv64-unknown-elf/12.2.0/rv32imafc/ilp32f/libgcc.a(ledf2.o)
 .debug_frame   0x00000b4c       0x58 /opt/riscv/lib/gcc/riscv64-unknown-elf/12.2.0/rv32imafc/ilp32f/libgcc.a(muldf3.o)
 .debug_frame   0x00000ba4       0x44 /opt/riscv/lib/gcc/riscv64-unknown-elf/12.2.0/rv32imafc/ilp32f/libgcc.a(subdf3.o)
 .debug_frame   0x00000be8       0x20 /opt/riscv/lib/gcc/riscv64-unknown-elf/12.2.0/rv32imafc/ilp32f/libgcc.a(unorddf2.o)
 .debug_frame   0x00000c08       0x20 /opt/riscv/lib/gcc/riscv64-unknown-elf/12.2.0/rv32imafc/ilp32f/libgcc.a(fixdfsi.o)
 .debug_frame   0x00000c28       0x38 /opt/riscv/lib/gcc/riscv64-unknown-elf/12.2.0/rv32imafc/ilp32f/libgcc.a(floatsidf.o)
 .debug_frame   0x00000c60       0x3c /opt/riscv/lib/gcc/riscv64-unknown-elf/12.2.0/rv32imafc/ilp32f/libgcc.a(extendsfdf2.o)
 .debug_frame   0x00000c9c       0x20 /opt/riscv/lib/gcc/riscv64-unknown-elf/12.2.0/rv32imafc/ilp32f/libgcc.a(truncdfsf2.o)
 .debug_frame   0x00000cbc       0x20 /opt/riscv/lib/gcc/riscv64-unknown-elf/12.2.0/rv32imafc/ilp32f/libgcc.a(_clzsi2.o)

.debug_loclists
                0x00000000     0x81e0
 .debug_loclists
                0x00000000      0xa4c /opt/riscv/lib/gcc/riscv64-unknown-elf/12.2.0/rv32imafc/ilp32f/libgcc.a(_udivdi3.o)
 .debug_loclists
                0x00000a4c      0x81d /opt/riscv/lib/gcc/riscv64-unknown-elf/12.2.0/rv32imafc/ilp32f/libgcc.a(_umoddi3.o)
 .debug_loclists
                0x00001269     0x1cb8 /opt/riscv/lib/gcc/riscv64-unknown-elf/12.2.0/rv32imafc/ilp32f/libgcc.a(adddf3.o)
 .debug_loclists
                0x00002f21     0x1317 /opt/riscv/lib/gcc/riscv64-unknown-elf/12.2.0/rv32imafc/ilp32f/libgcc.a(divdf3.o)
 .debug_loclists
                0x00004238      0x172 /opt/riscv/lib/gcc/riscv64-unknown-elf/12.2.0/rv32imafc/ilp32f/libgcc.a(eqdf2.o)
 .debug_loclists
                0x000043aa      0x306 /opt/riscv/lib/gcc/riscv64-unknown-elf/12.2.0/rv32imafc/ilp32f/libgcc.a(gedf2.o)
 .debug_loclists
                0x000046b0      0x306 /opt/riscv/lib/gcc/riscv64-unknown-elf/12.2.0/rv32imafc/ilp32f/libgcc.a(ledf2.o)
 .debug_loclists
                0x000049b6      0xe83 /opt/riscv/lib/gcc/riscv64-unknown-elf/12.2.0/rv32imafc/ilp32f/libgcc.a(muldf3.o)
 .debug_loclists
                0x00005839     0x1ca2 /opt/riscv/lib/gcc/riscv64-unknown-elf/12.2.0/rv32imafc/ilp32f/libgcc.a(subdf3.o)
 .debug_loclists
                0x000074db      0x10f /opt/riscv/lib/gcc/riscv64-unknown-elf/12.2.0/rv32imafc/ilp32f/libgcc.a(unorddf2.o)
 .debug_loclists
                0x000075ea      0x293 /opt/riscv/lib/gcc/riscv64-unknown-elf/12.2.0/rv32imafc/ilp32f/libgcc.a(fixdfsi.o)
 .debug_loclists
                0x0000787d      0x134 /opt/riscv/lib/gcc/riscv64-unknown-elf/12.2.0/rv32imafc/ilp32f/libgcc.a(floatsidf.o)
 .debug_loclists
                0x000079b1      0x201 /opt/riscv/lib/gcc/riscv64-unknown-elf/12.2.0/rv32imafc/ilp32f/libgcc.a(extendsfdf2.o)
 .debug_loclists
                0x00007bb2      0x5cc /opt/riscv/lib/gcc/riscv64-unknown-elf/12.2.0/rv32imafc/ilp32f/libgcc.a(truncdfsf2.o)
 .debug_loclists
                0x0000817e       0x62 /opt/riscv/lib/gcc/riscv64-unknown-elf/12.2.0/rv32imafc/ilp32f/libgcc.a(_clzsi2.o)
