------------------------------------------------------------
Timing Analyzer Summary
------------------------------------------------------------

Type  : Slow 1200mV 85C Model Setup 'CLK'
Slack : 3.865
TNS   : 0.000

Type  : Slow 1200mV 85C Model Setup 'TCK'
Slack : 14.223
TNS   : 0.000

Type  : Slow 1200mV 85C Model Setup 'CLK50'
Slack : 16.946
TNS   : 0.000

Type  : Slow 1200mV 85C Model Hold 'CLK'
Slack : 0.278
TNS   : 0.000

Type  : Slow 1200mV 85C Model Hold 'CLK50'
Slack : 0.355
TNS   : 0.000

Type  : Slow 1200mV 85C Model Hold 'TCK'
Slack : 0.378
TNS   : 0.000

Type  : Slow 1200mV 85C Model Recovery 'TCK'
Slack : 1.942
TNS   : 0.000

Type  : Slow 1200mV 85C Model Recovery 'CLK'
Slack : 4.836
TNS   : 0.000

Type  : Slow 1200mV 85C Model Recovery 'LOCK'
Slack : 10.729
TNS   : 0.000

Type  : Slow 1200mV 85C Model Removal 'CLK'
Slack : 0.932
TNS   : 0.000

Type  : Slow 1200mV 85C Model Removal 'TCK'
Slack : 2.859
TNS   : 0.000

Type  : Slow 1200mV 85C Model Removal 'LOCK'
Slack : 5.085
TNS   : 0.000

Type  : Slow 1200mV 85C Model Minimum Pulse Width 'CLK50'
Slack : 9.703
TNS   : 0.000

Type  : Slow 1200mV 85C Model Minimum Pulse Width 'CLK'
Slack : 29.663
TNS   : 0.000

Type  : Slow 1200mV 85C Model Minimum Pulse Width 'TCK'
Slack : 49.670
TNS   : 0.000

Type  : Slow 1200mV 85C Model Minimum Pulse Width 'LOCK'
Slack : 49.771
TNS   : 0.000

Type  : Slow 1200mV 0C Model Setup 'CLK'
Slack : 5.531
TNS   : 0.000

Type  : Slow 1200mV 0C Model Setup 'TCK'
Slack : 14.731
TNS   : 0.000

Type  : Slow 1200mV 0C Model Setup 'CLK50'
Slack : 17.233
TNS   : 0.000

Type  : Slow 1200mV 0C Model Hold 'CLK'
Slack : 0.272
TNS   : 0.000

Type  : Slow 1200mV 0C Model Hold 'CLK50'
Slack : 0.321
TNS   : 0.000

Type  : Slow 1200mV 0C Model Hold 'TCK'
Slack : 0.339
TNS   : 0.000

Type  : Slow 1200mV 0C Model Recovery 'TCK'
Slack : 2.195
TNS   : 0.000

Type  : Slow 1200mV 0C Model Recovery 'CLK'
Slack : 5.369
TNS   : 0.000

Type  : Slow 1200mV 0C Model Recovery 'LOCK'
Slack : 11.077
TNS   : 0.000

Type  : Slow 1200mV 0C Model Removal 'CLK'
Slack : 0.858
TNS   : 0.000

Type  : Slow 1200mV 0C Model Removal 'TCK'
Slack : 2.534
TNS   : 0.000

Type  : Slow 1200mV 0C Model Removal 'LOCK'
Slack : 4.619
TNS   : 0.000

Type  : Slow 1200mV 0C Model Minimum Pulse Width 'CLK50'
Slack : 9.721
TNS   : 0.000

Type  : Slow 1200mV 0C Model Minimum Pulse Width 'CLK'
Slack : 29.683
TNS   : 0.000

Type  : Slow 1200mV 0C Model Minimum Pulse Width 'TCK'
Slack : 49.691
TNS   : 0.000

Type  : Slow 1200mV 0C Model Minimum Pulse Width 'LOCK'
Slack : 49.759
TNS   : 0.000

Type  : Fast 1200mV 0C Model Setup 'CLK'
Slack : 7.730
TNS   : 0.000

Type  : Fast 1200mV 0C Model Setup 'TCK'
Slack : 16.814
TNS   : 0.000

Type  : Fast 1200mV 0C Model Setup 'CLK50'
Slack : 18.655
TNS   : 0.000

Type  : Fast 1200mV 0C Model Hold 'CLK'
Slack : 0.109
TNS   : 0.000

Type  : Fast 1200mV 0C Model Hold 'CLK50'
Slack : 0.151
TNS   : 0.000

Type  : Fast 1200mV 0C Model Hold 'TCK'
Slack : 0.166
TNS   : 0.000

Type  : Fast 1200mV 0C Model Recovery 'TCK'
Slack : 3.522
TNS   : 0.000

Type  : Fast 1200mV 0C Model Recovery 'CLK'
Slack : 7.709
TNS   : 0.000

Type  : Fast 1200mV 0C Model Recovery 'LOCK'
Slack : 12.736
TNS   : 0.000

Type  : Fast 1200mV 0C Model Removal 'CLK'
Slack : 0.408
TNS   : 0.000

Type  : Fast 1200mV 0C Model Removal 'TCK'
Slack : 1.152
TNS   : 0.000

Type  : Fast 1200mV 0C Model Removal 'LOCK'
Slack : 2.381
TNS   : 0.000

Type  : Fast 1200mV 0C Model Minimum Pulse Width 'CLK50'
Slack : 9.468
TNS   : 0.000

Type  : Fast 1200mV 0C Model Minimum Pulse Width 'CLK'
Slack : 29.710
TNS   : 0.000

Type  : Fast 1200mV 0C Model Minimum Pulse Width 'TCK'
Slack : 49.370
TNS   : 0.000

Type  : Fast 1200mV 0C Model Minimum Pulse Width 'LOCK'
Slack : 49.770
TNS   : 0.000

------------------------------------------------------------
