Archive member included to satisfy reference by file (symbol)

/opt/riscv/riscv64-unknown-elf/lib/rv32imafc/ilp32f/libm.a(lib_a-w_pow.o)
                              ./src/startrek.o (pow)
/opt/riscv/riscv64-unknown-elf/lib/rv32imafc/ilp32f/libm.a(lib_a-w_sqrt.o)
                              ./src/startrek.o (sqrt)
/opt/riscv/riscv64-unknown-elf/lib/rv32imafc/ilp32f/libm.a(lib_a-e_pow.o)
                              /opt/riscv/riscv64-unknown-elf/lib/rv32imafc/ilp32f/libm.a(lib_a-w_pow.o) (__ieee754_pow)
/opt/riscv/riscv64-unknown-elf/lib/rv32imafc/ilp32f/libm.a(lib_a-e_sqrt.o)
                              /opt/riscv/riscv64-unknown-elf/lib/rv32imafc/ilp32f/libm.a(lib_a-w_sqrt.o) (__ieee754_sqrt)
/opt/riscv/riscv64-unknown-elf/lib/rv32imafc/ilp32f/libm.a(lib_a-math_err.o)
                              /opt/riscv/riscv64-unknown-elf/lib/rv32imafc/ilp32f/libm.a(lib_a-e_pow.o) (__math_uflow)
/opt/riscv/riscv64-unknown-elf/lib/rv32imafc/ilp32f/libm.a(lib_a-s_fabs.o)
                              /opt/riscv/riscv64-unknown-elf/lib/rv32imafc/ilp32f/libm.a(lib_a-e_pow.o) (fabs)
/opt/riscv/riscv64-unknown-elf/lib/rv32imafc/ilp32f/libm.a(lib_a-s_finite.o)
                              /opt/riscv/riscv64-unknown-elf/lib/rv32imafc/ilp32f/libm.a(lib_a-w_pow.o) (finite)
/opt/riscv/riscv64-unknown-elf/lib/rv32imafc/ilp32f/libm.a(lib_a-s_scalbn.o)
                              /opt/riscv/riscv64-unknown-elf/lib/rv32imafc/ilp32f/libm.a(lib_a-e_pow.o) (scalbn)
/opt/riscv/riscv64-unknown-elf/lib/rv32imafc/ilp32f/libc.a(lib_a-atof.o)
                              ./src/startrek.o (atof)
/opt/riscv/riscv64-unknown-elf/lib/rv32imafc/ilp32f/libc.a(lib_a-atoi.o)
                              ./src/startrek.o (atoi)
/opt/riscv/riscv64-unknown-elf/lib/rv32imafc/ilp32f/libc.a(lib_a-errno.o)
                              /opt/riscv/riscv64-unknown-elf/lib/rv32imafc/ilp32f/libm.a(lib_a-w_pow.o) (__errno)
/opt/riscv/riscv64-unknown-elf/lib/rv32imafc/ilp32f/libc.a(lib_a-exit.o)
                              ./src/startrek.o (exit)
/opt/riscv/riscv64-unknown-elf/lib/rv32imafc/ilp32f/libc.a(lib_a-getchar.o)
                              ./src/startrek.o (getchar)
/opt/riscv/riscv64-unknown-elf/lib/rv32imafc/ilp32f/libc.a(lib_a-impure.o)
                              /opt/riscv/riscv64-unknown-elf/lib/rv32imafc/ilp32f/libc.a(lib_a-exit.o) (_global_impure_ptr)
/opt/riscv/riscv64-unknown-elf/lib/rv32imafc/ilp32f/libc.a(lib_a-rand.o)
                              ./src/startrek.o (srand)
/opt/riscv/riscv64-unknown-elf/lib/rv32imafc/ilp32f/libc.a(lib_a-strcat.o)
                              ./src/startrek.o (strcat)
/opt/riscv/riscv64-unknown-elf/lib/rv32imafc/ilp32f/libc.a(lib_a-strcpy.o)
                              ./src/startrek.o (strcpy)
/opt/riscv/riscv64-unknown-elf/lib/rv32imafc/ilp32f/libc.a(lib_a-strlen.o)
                              ./src/startrek.o (strlen)
/opt/riscv/riscv64-unknown-elf/lib/rv32imafc/ilp32f/libc.a(lib_a-strncmp.o)
                              ./src/startrek.o (strncmp)
/opt/riscv/riscv64-unknown-elf/lib/rv32imafc/ilp32f/libc.a(lib_a-strtod.o)
                              /opt/riscv/riscv64-unknown-elf/lib/rv32imafc/ilp32f/libc.a(lib_a-atof.o) (strtod)
/opt/riscv/riscv64-unknown-elf/lib/rv32imafc/ilp32f/libc.a(lib_a-strtol.o)
                              /opt/riscv/riscv64-unknown-elf/lib/rv32imafc/ilp32f/libc.a(lib_a-atoi.o) (_strtol_r)
/opt/riscv/riscv64-unknown-elf/lib/rv32imafc/ilp32f/libc.a(lib_a-__call_atexit.o)
                              /opt/riscv/riscv64-unknown-elf/lib/rv32imafc/ilp32f/libc.a(lib_a-exit.o) (__call_exitprocs)
/opt/riscv/riscv64-unknown-elf/lib/rv32imafc/ilp32f/libc.a(lib_a-atexit.o)
                              /opt/riscv/riscv64-unknown-elf/lib/rv32imafc/ilp32f/libc.a(lib_a-__call_atexit.o) (atexit)
/opt/riscv/riscv64-unknown-elf/lib/rv32imafc/ilp32f/libc.a(lib_a-ctype_.o)
                              /opt/riscv/riscv64-unknown-elf/lib/rv32imafc/ilp32f/libc.a(lib_a-strtol.o) (_ctype_)
/opt/riscv/riscv64-unknown-elf/lib/rv32imafc/ilp32f/libc.a(lib_a-fini.o)
                              /opt/riscv/riscv64-unknown-elf/lib/rv32imafc/ilp32f/libc.a(lib_a-__call_atexit.o) (__libc_fini_array)
/opt/riscv/riscv64-unknown-elf/lib/rv32imafc/ilp32f/libc.a(lib_a-gdtoa-gethex.o)
                              /opt/riscv/riscv64-unknown-elf/lib/rv32imafc/ilp32f/libc.a(lib_a-strtod.o) (__gethex)
/opt/riscv/riscv64-unknown-elf/lib/rv32imafc/ilp32f/libc.a(lib_a-gdtoa-hexnan.o)
                              /opt/riscv/riscv64-unknown-elf/lib/rv32imafc/ilp32f/libc.a(lib_a-strtod.o) (__match)
/opt/riscv/riscv64-unknown-elf/lib/rv32imafc/ilp32f/libc.a(lib_a-getc.o)
                              /opt/riscv/riscv64-unknown-elf/lib/rv32imafc/ilp32f/libc.a(lib_a-getchar.o) (_getc_r)
/opt/riscv/riscv64-unknown-elf/lib/rv32imafc/ilp32f/libc.a(lib_a-lnumeric.o)
                              /opt/riscv/riscv64-unknown-elf/lib/rv32imafc/ilp32f/libc.a(lib_a-strtod.o) (_C_numeric_locale)
[...]
Memory Configuration

Name             Origin             Length             Attributes
ROM              0x90000000         0x00020000         xr
RAM              0x88000000         0x0000c000         rw
*default*        0x00000000         0xffffffff

Linker script and memory map

LOAD ./src/gpio.o
LOAD ./src/interrupt.o
LOAD ./src/libc-hooks.o
LOAD ./src/main.o
LOAD ./src/startrek.o
LOAD ./src/startrek_doc.o
LOAD ./src/startup.o
LOAD ./src/system.o
LOAD ./src/uart.o
LOAD ./src/xprintf.o
LOAD /opt/riscv/riscv64-unknown-elf/lib/rv32imafc/ilp32f/libm.a
LOAD /opt/riscv/riscv64-unknown-elf/lib/rv32imafc/ilp32f/libc.a
LOAD /opt/riscv/lib/gcc/riscv64-unknown-elf/12.2.0/rv32imafc/ilp32f/libgcc.a
                0x00008000                        STACK_SIZE = 0x8000

.vectors        0x90000000       0x48
                0x90000000                        . = ALIGN (0x100)
 *(.vectors)
 .vectors       0x90000000       0x44 ./src/startup.o
 FILL mask 0x00000000
                0x90000044        0x4 LONG 0x0

.trap           0x90000050      0x190
                0x90000100                        . = ALIGN (0x100)
 *fill*         0x90000050       0xb0 
 *(.trap)
 .trap          0x90000100       0xdc ./src/startup.o
 FILL mask 0x00000000
                0x900001dc        0x4 LONG 0x0

.startup        0x900001e0       0xa0
                0x90000200                        . = ALIGN (0x100)
 *fill*         0x900001e0       0x20 
 *(.startup*)
 .startup       0x90000200       0x7c ./src/startup.o
                0x90000200                _start
 *(.startup)
 FILL mask 0x00000000
                0x9000027c        0x4 LONG 0x0

.text           0x90000280     0xff14
                0x90000300                        . = ALIGN (0x100)
 *fill*         0x90000280       0x80 
                [!provide]                        PROVIDE (__TEXT_START__ = .)
 *(.text.main)
 .text.main     0x90000300       0x2a ./src/main.o
                0x90000300                main
 *(.text)
 .text          0x9000032a       0xa8 /opt/riscv/riscv64-unknown-elf/lib/rv32imafc/ilp32f/libc.a(lib_a-memset.o)
                0x9000032a                memset
 .text          0x900003d2      0x35e /opt/riscv/lib/gcc/riscv64-unknown-elf/12.2.0/rv32imafc/ilp32f/libgcc.a(_udivdi3.o)
                0x900003d2                __udivdi3
 .text          0x90000730      0x328 /opt/riscv/lib/gcc/riscv64-unknown-elf/12.2.0/rv32imafc/ilp32f/libgcc.a(_umoddi3.o)
                0x90000730                __umoddi3
 .text          0x90000a58      0x978 /opt/riscv/lib/gcc/riscv64-unknown-elf/12.2.0/rv32imafc/ilp32f/libgcc.a(adddf3.o)
                0x90000a58                __adddf3
 .text          0x900013d0      0x676 /opt/riscv/lib/gcc/riscv64-unknown-elf/12.2.0/rv32imafc/ilp32f/libgcc.a(divdf3.o)
                0x900013d0                __divdf3
 .text          0x90001a46       0x96 /opt/riscv/lib/gcc/riscv64-unknown-elf/12.2.0/rv32imafc/ilp32f/libgcc.a(eqdf2.o)
                0x90001a46                __eqdf2
                0x90001a46                __nedf2
 .text          0x90001adc       0xc8 /opt/riscv/lib/gcc/riscv64-unknown-elf/12.2.0/rv32imafc/ilp32f/libgcc.a(gedf2.o)
                0x90001adc                __gtdf2
                0x90001adc                __gedf2
 .text          0x90001ba4       0xc8 /opt/riscv/lib/gcc/riscv64-unknown-elf/12.2.0/rv32imafc/ilp32f/libgcc.a(ledf2.o)
                0x90001ba4                __ltdf2
                0x90001ba4                __ledf2
 .text          0x90001c6c      0x5bc /opt/riscv/lib/gcc/riscv64-unknown-elf/12.2.0/rv32imafc/ilp32f/libgcc.a(muldf3.o)
                0x90001c6c                __muldf3
 .text          0x90002228      0x97e /opt/riscv/lib/gcc/riscv64-unknown-elf/12.2.0/rv32imafc/ilp32f/libgcc.a(subdf3.o)
                0x90002228                __subdf3
 .text          0x90002ba6       0x62 /opt/riscv/lib/gcc/riscv64-unknown-elf/12.2.0/rv32imafc/ilp32f/libgcc.a(unorddf2.o)
                0x90002ba6                __unorddf2
 .text          0x90002c08       0xce /opt/riscv/lib/gcc/riscv64-unknown-elf/12.2.0/rv32imafc/ilp32f/libgcc.a(fixdfsi.o)
                0x90002c08                __fixdfsi
 .text          0x90002cd6       0x94 /opt/riscv/lib/gcc/riscv64-unknown-elf/12.2.0/rv32imafc/ilp32f/libgcc.a(fixunsdfsi.o)
                0x90002cd6                __fixunsdfsi
 .text          0x90002d6a       0x66 /opt/riscv/lib/gcc/riscv64-unknown-elf/12.2.0/rv32imafc/ilp32f/libgcc.a(floatsidf.o)
                0x90002d6a                __floatsidf
 .text          0x90002dd0       0x4c /opt/riscv/lib/gcc/riscv64-unknown-elf/12.2.0/rv32imafc/ilp32f/libgcc.a(floatunsidf.o)
                0x90002dd0                __floatunsidf
 .text          0x90002e1c      0x10e /opt/riscv/lib/gcc/riscv64-unknown-elf/12.2.0/rv32imafc/ilp32f/libgcc.a(fixdfdi.o)
                0x90002e1c                __fixdfdi
 .text          0x90002f2a      0x1a6 /opt/riscv/lib/gcc/riscv64-unknown-elf/12.2.0/rv32imafc/ilp32f/libgcc.a(floatdidf.o)
                0x90002f2a                __floatdidf
 .text          0x900030d0       0x28 /opt/riscv/lib/gcc/riscv64-unknown-elf/12.2.0/rv32imafc/ilp32f/libgcc.a(_lshrdi3.o)
                0x900030d0                __lshrdi3
 .text          0x900030f8       0x28 /opt/riscv/lib/gcc/riscv64-unknown-elf/12.2.0/rv32imafc/ilp32f/libgcc.a(_ashldi3.o)
                0x900030f8                __ashldi3
 .text          0x90003120       0x3c /opt/riscv/lib/gcc/riscv64-unknown-elf/12.2.0/rv32imafc/ilp32f/libgcc.a(_clzsi2.o)
                0x90003120                __clzsi2
 *(.text.*)
 .text.mem_wr32
                0x9000315c       0x20 ./src/gpio.o
 .text.mem_rd32
                0x9000317c       0x18 ./src/gpio.o
 .text.GPIO_Init
                0x90003194       0x64 ./src/gpio.o
                0x90003194                GPIO_Init
 .text.GPIO_SetSEG
                0x900031f8      0x164 ./src/gpio.o
                0x900031f8                GPIO_SetSEG
 .text.GPIO_SetLED
                0x9000335c       0x5e ./src/gpio.o
                0x9000335c                GPIO_SetLED
 .text.GPIO_GetKEY
                0x900033ba       0x34 ./src/gpio.o
                0x900033ba                GPIO_GetKEY
 .text.GPIO_GetSW10
                0x900033ee       0x30 ./src/gpio.o
                0x900033ee                GPIO_GetSW10
 .text.mem_wr32
                0x9000341e       0x20 ./src/interrupt.o
 .text.mem_rd32
                0x9000343e       0x18 ./src/interrupt.o
 .text.INT_Init
                0x90003456       0x68 ./src/interrupt.o
                0x90003456                INT_Init
 .text.INT_TIM_Handler
                0x900034be       0x68 ./src/interrupt.o
                0x900034be                INT_TIM_Handler
 .text.INT_EXT_Handler
                0x90003526       0x16 ./src/interrupt.o
                0x90003526                INT_EXT_Handler
 .text._sbrk    0x9000353c       0x5c ./src/libc-hooks.o
                0x9000353c                _sbrk
 .text._close   0x90003598       0x14 ./src/libc-hooks.o
                0x90003598                _close
 .text._stdout_hook_default
                0x900035ac       0x14 ./src/libc-hooks.o
 .text._stdin_hook_default
                0x900035c0       0x10 ./src/libc-hooks.o
 .text._read    0x900035d0       0x98 ./src/libc-hooks.o
                0x900035d0                _read
 .text._write   0x90003668       0x78 ./src/libc-hooks.o
                0x90003668                _write
 .text._lseek   0x900036e0       0x1c ./src/libc-hooks.o
                0x900036e0                _lseek
 .text._exit    0x900036fc        0xc ./src/libc-hooks.o
                0x900036fc                _exit
 .text._isatty  0x90003708       0x14 ./src/libc-hooks.o
                0x90003708                _isatty
 .text._kill    0x9000371c       0x18 ./src/libc-hooks.o
                0x9000371c                _kill
 .text._getpid  0x90003734       0x10 ./src/libc-hooks.o
                0x90003734                _getpid
 .text._fstat   0x90003744       0x20 ./src/libc-hooks.o
                0x90003744                _fstat
 .text.main_startrek
                0x90003764       0x18 ./src/startrek.o
                0x90003764                main_startrek
 .text.intro    0x9000377c      0x132 ./src/startrek.o
                0x9000377c                intro
 .text.new_game
                0x900038ae      0x252 ./src/startrek.o
                0x900038ae                new_game
 .text.initialize
                0x90003b00      0x476 ./src/startrek.o
                0x90003b00                initialize
 .text.new_quadrant
                0x90003f76      0x55a ./src/startrek.o
                0x90003f76                new_quadrant
 .text.course_control
                0x900044d0      0x702 ./src/startrek.o
                0x900044d0                course_control
 .text.complete_maneuver
                0x90004bd2      0x116 ./src/startrek.o
                0x90004bd2                complete_maneuver
 .text.exceed_quadrant_limits
                0x90004ce8      0x476 ./src/startrek.o
                0x90004ce8                exceed_quadrant_limits
 .text.maneuver_energy
                0x9000515e       0x82 ./src/startrek.o
                0x9000515e                maneuver_energy
 .text.short_range_scan
                0x900051e0      0x45a ./src/startrek.o
                0x900051e0                short_range_scan
 .text.long_range_scan
                0x9000563a      0x172 ./src/startrek.o
                0x9000563a                long_range_scan
 .text.phaser_control
                0x900057ac      0x4a6 ./src/startrek.o
                0x900057ac                phaser_control
 .text.photon_torpedoes
                0x90005c52      0x4c4 ./src/startrek.o
                0x90005c52                photon_torpedoes
 .text.torpedo_hit
                0x90006116      0x350 ./src/startrek.o
                0x90006116                torpedo_hit
 .text.damage_control
                0x90006466      0x2d6 ./src/startrek.o
                0x90006466                damage_control
 .text.sheild_control
                0x9000673c      0x14c ./src/startrek.o
                0x9000673c                sheild_control
 .text.library_computer
                0x90006888      0x142 ./src/startrek.o
                0x90006888                library_computer
 .text.galactic_record
                0x900069ca      0x110 ./src/startrek.o
                0x900069ca                galactic_record
 .text.status_report
                0x90006ada      0x140 ./src/startrek.o
                0x90006ada                status_report
 .text.torpedo_data
                0x90006c1a      0x116 ./src/startrek.o
                0x90006c1a                torpedo_data
 .text.nav_data
                0x90006d30       0xa4 ./src/startrek.o
                0x90006d30                nav_data
 .text.dirdist_calc
                0x90006dd4      0x180 ./src/startrek.o
                0x90006dd4                dirdist_calc
 .text.galaxy_map
                0x90006f54      0x18e ./src/startrek.o
                0x90006f54                galaxy_map
 .text.compute_vector
                0x900070e2      0x13a ./src/startrek.o
                0x900070e2                compute_vector
 .text.sub1     0x9000721c      0x1a6 ./src/startrek.o
                0x9000721c                sub1
 .text.sub2     0x900073c2      0x1a6 ./src/startrek.o
                0x900073c2                sub2
 .text.ship_destroyed
                0x90007568       0x2c ./src/startrek.o
                0x90007568                ship_destroyed
 .text.end_of_time
                0x90007594       0x38 ./src/startrek.o
                0x90007594                end_of_time
 .text.resign_commision
                0x900075cc       0x36 ./src/startrek.o
                0x900075cc                resign_commision
 .text.won_game
                0x90007602      0x110 ./src/startrek.o
                0x90007602                won_game
 .text.end_of_game
                0x90007712       0x84 ./src/startrek.o
                0x90007712                end_of_game
 .text.klingons_move
                0x90007796       0xd6 ./src/startrek.o
                0x90007796                klingons_move
 .text.klingons_shoot
                0x9000786c      0x2d6 ./src/startrek.o
                0x9000786c                klingons_shoot
 .text.repair_damage
                0x90007b42      0x378 ./src/startrek.o
                0x90007b42                repair_damage
 .text.find_empty_place
                0x90007eba       0x6e ./src/startrek.o
                0x90007eba                find_empty_place
 .text.insert_in_quadrant
                0x90007f28       0xf8 ./src/startrek.o
                0x90007f28                insert_in_quadrant
 .text.get_device_name
                0x90008020       0x58 ./src/startrek.o
                0x90008020                get_device_name
 .text.string_compare
                0x90008078      0x10e ./src/startrek.o
                0x90008078                string_compare
 .text.quadrant_name
                0x90008186      0x112 ./src/startrek.o
                0x90008186                quadrant_name
 .text.function_d
                0x90008298       0xe4 ./src/startrek.o
                0x90008298                function_d
 .text.function_r
                0x9000837c       0x18 ./src/startrek.o
                0x9000837c                function_r
 .text.mid_str  0x90008394       0x8c ./src/startrek.o
                0x90008394                mid_str
 .text.cint     0x90008420       0x48 ./src/startrek.o
                0x90008420                cint
 .text.randomize
                0x90008468       0x24 ./src/startrek.o
                0x90008468                randomize
 .text.get_rand
                0x9000848c       0x26 ./src/startrek.o
                0x9000848c                get_rand
 .text.rnd      0x900084b2       0x4c ./src/startrek.o
                0x900084b2                rnd
 .text.show_document
                0x900084fe       0x26 ./src/startrek_doc.o
                0x900084fe                show_document
 .text.Get_System_Freq
                0x90008524       0x42 ./src/system.o
                0x90008524                Get_System_Freq
 .text.mem_wr8  0x90008566       0x24 ./src/uart.o
 .text.mem_rd8  0x9000858a       0x1e ./src/uart.o
 .text.INT_UART_Handler
                0x900085a8       0x90 ./src/uart.o
                0x900085a8                INT_UART_Handler
 .text.UART_Init
                0x90008638       0x84 ./src/uart.o
                0x90008638                UART_Init
 .text.UART_TxD
                0x900086bc       0x3a ./src/uart.o
                0x900086bc                UART_TxD
 .text.UART_RxD
                0x900086f6       0x30 ./src/uart.o
                0x900086f6                UART_RxD
 .text.putchar  0x90008726       0x38 ./src/uart.o
                0x90008726                putchar
 .text.ilog10   0x9000875e      0x15a ./src/xprintf.o
 .text.i10x     0x900088b8      0x118 ./src/xprintf.o
 .text.ftoa     0x900089d0      0x48a ./src/xprintf.o
 .text.xputc    0x90008e5a       0x26 ./src/xprintf.o
                0x90008e5a                xputc
 .text.xfputc   0x90008e80       0x68 ./src/xprintf.o
                0x90008e80                xfputc
 .text.xputs    0x90008ee8       0x26 ./src/xprintf.o
                0x90008ee8                xputs
 .text.xfputs   0x90008f0e       0x42 ./src/xprintf.o
                0x90008f0e                xfputs
 .text.xvfprintf
                0x90008f50      0x6ec ./src/xprintf.o
 .text.xprintf  0x9000963c       0x52 ./src/xprintf.o
                0x9000963c                xprintf
 .text.xgets    0x9000968e       0xda ./src/xprintf.o
                0x9000968e                xgets
 .text.pow      0x90009768       0xee /opt/riscv/riscv64-unknown-elf/lib/rv32imafc/ilp32f/libm.a(lib_a-w_pow.o)
                0x90009768                pow
 .text.sqrt     0x90009856       0x64 /opt/riscv/riscv64-unknown-elf/lib/rv32imafc/ilp32f/libm.a(lib_a-w_sqrt.o)
                0x90009856                sqrt
 .text.__ieee754_pow
                0x900098ba      0xbb2 /opt/riscv/riscv64-unknown-elf/lib/rv32imafc/ilp32f/libm.a(lib_a-e_pow.o)
                0x900098ba                __ieee754_pow
 .text.__ieee754_sqrt
                0x9000a46c      0x1c6 /opt/riscv/riscv64-unknown-elf/lib/rv32imafc/ilp32f/libm.a(lib_a-e_sqrt.o)
                0x9000a46c                __ieee754_sqrt
 .text.with_errno
                0x9000a632       0x24 /opt/riscv/riscv64-unknown-elf/lib/rv32imafc/ilp32f/libm.a(lib_a-math_err.o)
 .text.xflow    0x9000a656       0x34 /opt/riscv/riscv64-unknown-elf/lib/rv32imafc/ilp32f/libm.a(lib_a-math_err.o)
 .text.__math_uflow
                0x9000a68a       0x10 /opt/riscv/riscv64-unknown-elf/lib/rv32imafc/ilp32f/libm.a(lib_a-math_err.o)
                0x9000a68a                __math_uflow
 .text.__math_oflow
                0x9000a69a       0x10 /opt/riscv/riscv64-unknown-elf/lib/rv32imafc/ilp32f/libm.a(lib_a-math_err.o)
                0x9000a69a                __math_oflow
 .text.fabs     0x9000a6aa        0x6 /opt/riscv/riscv64-unknown-elf/lib/rv32imafc/ilp32f/libm.a(lib_a-s_fabs.o)
                0x9000a6aa                fabs
 .text.finite   0x9000a6b0       0x10 /opt/riscv/riscv64-unknown-elf/lib/rv32imafc/ilp32f/libm.a(lib_a-s_finite.o)
                0x9000a6b0                finite
 .text.scalbn   0x9000a6c0      0x15a /opt/riscv/riscv64-unknown-elf/lib/rv32imafc/ilp32f/libm.a(lib_a-s_scalbn.o)
                0x9000a6c0                scalbn
 .text.atof     0x9000a81a        0x6 /opt/riscv/riscv64-unknown-elf/lib/rv32imafc/ilp32f/libc.a(lib_a-atof.o)
                0x9000a81a                atof
 .text.atoi     0x9000a820        0x8 /opt/riscv/riscv64-unknown-elf/lib/rv32imafc/ilp32f/libc.a(lib_a-atoi.o)
                0x9000a820                atoi
 .text.__errno  0x9000a828        0xa /opt/riscv/riscv64-unknown-elf/lib/rv32imafc/ilp32f/libc.a(lib_a-errno.o)
                0x9000a828                __errno
 .text.exit     0x9000a832       0x22 /opt/riscv/riscv64-unknown-elf/lib/rv32imafc/ilp32f/libc.a(lib_a-exit.o)
                0x9000a832                exit
 .text.getchar  0x9000a854        0xe /opt/riscv/riscv64-unknown-elf/lib/rv32imafc/ilp32f/libc.a(lib_a-getchar.o)
                0x9000a854                getchar
 .text.srand    0x9000a862       0x12 /opt/riscv/riscv64-unknown-elf/lib/rv32imafc/ilp32f/libc.a(lib_a-rand.o)
                0x9000a862                srand
 .text.rand     0x9000a874       0x4e /opt/riscv/riscv64-unknown-elf/lib/rv32imafc/ilp32f/libc.a(lib_a-rand.o)
                0x9000a874                rand
 .text.strcat   0x9000a8c2       0x5a /opt/riscv/riscv64-unknown-elf/lib/rv32imafc/ilp32f/libc.a(lib_a-strcat.o)
                0x9000a8c2                strcat
 .text.strcpy   0x9000a91c       0x78 /opt/riscv/riscv64-unknown-elf/lib/rv32imafc/ilp32f/libc.a(lib_a-strcpy.o)
                0x9000a91c                strcpy
 .text.strlen   0x9000a994       0x64 /opt/riscv/riscv64-unknown-elf/lib/rv32imafc/ilp32f/libc.a(lib_a-strlen.o)
                0x9000a994                strlen
 .text.strncmp  0x9000a9f8       0x86 /opt/riscv/riscv64-unknown-elf/lib/rv32imafc/ilp32f/libc.a(lib_a-strncmp.o)
                0x9000a9f8                strncmp
 .text.sulp     0x9000aa7e       0x4e /opt/riscv/riscv64-unknown-elf/lib/rv32imafc/ilp32f/libc.a(lib_a-strtod.o)
 .text._strtod_l
                0x9000aacc      0xe90 /opt/riscv/riscv64-unknown-elf/lib/rv32imafc/ilp32f/libc.a(lib_a-strtod.o)
                0x9000aacc                _strtod_l
 .text.strtod   0x9000b95c       0x1a /opt/riscv/riscv64-unknown-elf/lib/rv32imafc/ilp32f/libc.a(lib_a-strtod.o)
                0x9000b95c                strtod
 .text._strtol_l.constprop.0
                0x9000b976      0x16e /opt/riscv/riscv64-unknown-elf/lib/rv32imafc/ilp32f/libc.a(lib_a-strtol.o)
 .text.strtol   0x9000bae4       0x14 /opt/riscv/riscv64-unknown-elf/lib/rv32imafc/ilp32f/libc.a(lib_a-strtol.o)
                0x9000bae4                strtol
 .text.__call_exitprocs
                0x9000baf8       0xc2 /opt/riscv/riscv64-unknown-elf/lib/rv32imafc/ilp32f/libc.a(lib_a-__call_atexit.o)
                0x9000baf8                __call_exitprocs
 .text.rshift   0x9000bbba       0xa4 /opt/riscv/riscv64-unknown-elf/lib/rv32imafc/ilp32f/libc.a(lib_a-gdtoa-gethex.o)
 .text.__gethex
                0x9000bc5e      0x62e /opt/riscv/riscv64-unknown-elf/lib/rv32imafc/ilp32f/libc.a(lib_a-gdtoa-gethex.o)
                0x9000bc5e                __gethex
 .text.__match  0x9000c28c       0x30 /opt/riscv/riscv64-unknown-elf/lib/rv32imafc/ilp32f/libc.a(lib_a-gdtoa-hexnan.o)
                0x9000c28c                __match
 .text.__hexnan
                0x9000c2bc      0x1c4 /opt/riscv/riscv64-unknown-elf/lib/rv32imafc/ilp32f/libc.a(lib_a-gdtoa-hexnan.o)
                0x9000c2bc                __hexnan
 .text._getc_r  0x9000c480       0x4a /opt/riscv/riscv64-unknown-elf/lib/rv32imafc/ilp32f/libc.a(lib_a-getc.o)
                0x9000c480                _getc_r
 .text.__locale_mb_cur_max
                0x9000c4ca        0xa /opt/riscv/riscv64-unknown-elf/lib/rv32imafc/ilp32f/libc.a(lib_a-locale.o)
                0x9000c4ca                __locale_mb_cur_max
 .text.__ascii_mbtowc
                0x9000c4d4       0x40 /opt/riscv/riscv64-unknown-elf/lib/rv32imafc/ilp32f/libc.a(lib_a-mbtowc_r.o)
                0x9000c4d4                __ascii_mbtowc
 .text.memcpy   0x9000c514      0x146 /opt/riscv/riscv64-unknown-elf/lib/rv32imafc/ilp32f/libc.a(lib_a-memcpy.o)
                0x9000c514                memcpy
 .text._Balloc  0x9000c65a       0x66 /opt/riscv/riscv64-unknown-elf/lib/rv32imafc/ilp32f/libc.a(lib_a-mprec.o)
                0x9000c65a                _Balloc
 .text._Bfree   0x9000c6c0       0x12 /opt/riscv/riscv64-unknown-elf/lib/rv32imafc/ilp32f/libc.a(lib_a-mprec.o)
                0x9000c6c0                _Bfree
 .text.__multadd
                0x9000c6d2       0xea /opt/riscv/riscv64-unknown-elf/lib/rv32imafc/ilp32f/libc.a(lib_a-mprec.o)
                0x9000c6d2                __multadd
 .text.__s2b    0x9000c7bc       0xc8 /opt/riscv/riscv64-unknown-elf/lib/rv32imafc/ilp32f/libc.a(lib_a-mprec.o)
                0x9000c7bc                __s2b
 .text.__hi0bits
                0x9000c884       0x50 /opt/riscv/riscv64-unknown-elf/lib/rv32imafc/ilp32f/libc.a(lib_a-mprec.o)
                0x9000c884                __hi0bits
 .text.__lo0bits
                0x9000c8d4       0x8a /opt/riscv/riscv64-unknown-elf/lib/rv32imafc/ilp32f/libc.a(lib_a-mprec.o)
                0x9000c8d4                __lo0bits
 .text.__i2b    0x9000c95e       0x6c /opt/riscv/riscv64-unknown-elf/lib/rv32imafc/ilp32f/libc.a(lib_a-mprec.o)
                0x9000c95e                __i2b
 .text.__multiply
                0x9000c9ca      0x198 /opt/riscv/riscv64-unknown-elf/lib/rv32imafc/ilp32f/libc.a(lib_a-mprec.o)
                0x9000c9ca                __multiply
 .text.__pow5mult
                0x9000cb62       0xd8 /opt/riscv/riscv64-unknown-elf/lib/rv32imafc/ilp32f/libc.a(lib_a-mprec.o)
                0x9000cb62                __pow5mult
 .text.__lshift
                0x9000cc3a      0x110 /opt/riscv/riscv64-unknown-elf/lib/rv32imafc/ilp32f/libc.a(lib_a-mprec.o)
                0x9000cc3a                __lshift
 .text.__mcmp   0x9000cd4a       0x3c /opt/riscv/riscv64-unknown-elf/lib/rv32imafc/ilp32f/libc.a(lib_a-mprec.o)
                0x9000cd4a                __mcmp
 .text.__mdiff  0x9000cd86      0x1a4 /opt/riscv/riscv64-unknown-elf/lib/rv32imafc/ilp32f/libc.a(lib_a-mprec.o)
                0x9000cd86                __mdiff
 .text.__ulp    0x9000cf2a       0x48 /opt/riscv/riscv64-unknown-elf/lib/rv32imafc/ilp32f/libc.a(lib_a-mprec.o)
                0x9000cf2a                __ulp
 .text.__b2d    0x9000cf72       0xd4 /opt/riscv/riscv64-unknown-elf/lib/rv32imafc/ilp32f/libc.a(lib_a-mprec.o)
                0x9000cf72                __b2d
 .text.__d2b    0x9000d046       0xea /opt/riscv/riscv64-unknown-elf/lib/rv32imafc/ilp32f/libc.a(lib_a-mprec.o)
                0x9000d046                __d2b
 .text.__ratio  0x9000d130       0x60 /opt/riscv/riscv64-unknown-elf/lib/rv32imafc/ilp32f/libc.a(lib_a-mprec.o)
                0x9000d130                __ratio
 .text.__copybits
                0x9000d190       0x46 /opt/riscv/riscv64-unknown-elf/lib/rv32imafc/ilp32f/libc.a(lib_a-mprec.o)
                0x9000d190                __copybits
 .text.__any_on
                0x9000d1d6       0x48 /opt/riscv/riscv64-unknown-elf/lib/rv32imafc/ilp32f/libc.a(lib_a-mprec.o)
                0x9000d1d6                __any_on
 .text.__srget_r
                0x9000d21e       0x40 /opt/riscv/riscv64-unknown-elf/lib/rv32imafc/ilp32f/libc.a(lib_a-rget.o)
                0x9000d21e                __srget_r
 .text.nan      0x9000d25e        0xe /opt/riscv/riscv64-unknown-elf/lib/rv32imafc/ilp32f/libc.a(lib_a-s_nan.o)
                0x9000d25e                nan
 .text.__ascii_wctomb
                0x9000d26c       0x20 /opt/riscv/riscv64-unknown-elf/lib/rv32imafc/ilp32f/libc.a(lib_a-wctomb_r.o)
                0x9000d26c                __ascii_wctomb
 .text.__assert_func
                0x9000d28c       0x44 /opt/riscv/riscv64-unknown-elf/lib/rv32imafc/ilp32f/libc.a(lib_a-assert.o)
                0x9000d28c                __assert_func
 .text._calloc_r
                0x9000d2d0       0xa6 /opt/riscv/riscv64-unknown-elf/lib/rv32imafc/ilp32f/libc.a(lib_a-callocr.o)
                0x9000d2d0                _calloc_r
 .text._cleanup_r
                0x9000d376        0xa /opt/riscv/riscv64-unknown-elf/lib/rv32imafc/ilp32f/libc.a(lib_a-findfp.o)
                0x9000d376                _cleanup_r
 .text.__sinit.part.0
                0x9000d380      0x134 /opt/riscv/riscv64-unknown-elf/lib/rv32imafc/ilp32f/libc.a(lib_a-findfp.o)
 .text.__sinit  0x9000d4b4        0xa /opt/riscv/riscv64-unknown-elf/lib/rv32imafc/ilp32f/libc.a(lib_a-findfp.o)
                0x9000d4b4                __sinit
 .text.__sfp_lock_acquire
                0x9000d4be        0x2 /opt/riscv/riscv64-unknown-elf/lib/rv32imafc/ilp32f/libc.a(lib_a-findfp.o)
                0x9000d4be                __sfp_lock_acquire
 .text.__sfp_lock_release
                0x9000d4c0        0x2 /opt/riscv/riscv64-unknown-elf/lib/rv32imafc/ilp32f/libc.a(lib_a-findfp.o)
                0x9000d4c0                __sfp_lock_release
 .text.fiprintf
                0x9000d4c2       0x30 /opt/riscv/riscv64-unknown-elf/lib/rv32imafc/ilp32f/libc.a(lib_a-fiprintf.o)
                0x9000d4c2                fiprintf
 .text._fwalk   0x9000d4f2       0x6c /opt/riscv/riscv64-unknown-elf/lib/rv32imafc/ilp32f/libc.a(lib_a-fwalk.o)
                0x9000d4f2                _fwalk
 .text._fwalk_reent
                0x9000d55e       0x74 /opt/riscv/riscv64-unknown-elf/lib/rv32imafc/ilp32f/libc.a(lib_a-fwalk.o)
                0x9000d55e                _fwalk_reent
 .text._malloc_r
                0x9000d5d2      0x59e /opt/riscv/riscv64-unknown-elf/lib/rv32imafc/ilp32f/libc.a(lib_a-mallocr.o)
                0x9000d5d2                _malloc_r
 .text.__malloc_lock
                0x9000db70        0x2 /opt/riscv/riscv64-unknown-elf/lib/rv32imafc/ilp32f/libc.a(lib_a-mlock.o)
                0x9000db70                __malloc_lock
 .text.__malloc_unlock
                0x9000db72        0x2 /opt/riscv/riscv64-unknown-elf/lib/rv32imafc/ilp32f/libc.a(lib_a-mlock.o)
                0x9000db72                __malloc_unlock
 .text.lflush   0x9000db74       0x14 /opt/riscv/riscv64-unknown-elf/lib/rv32imafc/ilp32f/libc.a(lib_a-refill.o)
 .text.__srefill_r
                0x9000db88      0x13a /opt/riscv/riscv64-unknown-elf/lib/rv32imafc/ilp32f/libc.a(lib_a-refill.o)
                0x9000db88                __srefill_r
 .text._sbrk_r  0x9000dcc2       0x3a /opt/riscv/riscv64-unknown-elf/lib/rv32imafc/ilp32f/libc.a(lib_a-sbrkr.o)
                0x9000dcc2                _sbrk_r
 .text.__sread  0x9000dcfc       0x38 /opt/riscv/riscv64-unknown-elf/lib/rv32imafc/ilp32f/libc.a(lib_a-stdio.o)
                0x9000dcfc                __sread
 .text.__swrite
                0x9000dd34       0x54 /opt/riscv/riscv64-unknown-elf/lib/rv32imafc/ilp32f/libc.a(lib_a-stdio.o)
                0x9000dd34                __swrite
 .text.__sseek  0x9000dd88       0x4a /opt/riscv/riscv64-unknown-elf/lib/rv32imafc/ilp32f/libc.a(lib_a-stdio.o)
                0x9000dd88                __sseek
 .text.__sclose
                0x9000ddd2        0x8 /opt/riscv/riscv64-unknown-elf/lib/rv32imafc/ilp32f/libc.a(lib_a-stdio.o)
                0x9000ddd2                __sclose
 .text.__sprint_r.part.0
                0x9000ddda       0x98 /opt/riscv/riscv64-unknown-elf/lib/rv32imafc/ilp32f/libc.a(lib_a-vfiprintf.o)
 .text._vfiprintf_r
                0x9000de72      0xdde /opt/riscv/riscv64-unknown-elf/lib/rv32imafc/ilp32f/libc.a(lib_a-vfiprintf.o)
                0x9000de72                _vfiprintf_r
 .text.__sbprintf
                0x9000ec50       0x94 /opt/riscv/riscv64-unknown-elf/lib/rv32imafc/ilp32f/libc.a(lib_a-vfiprintf.o)
 .text._write_r
                0x9000ece4       0x40 /opt/riscv/riscv64-unknown-elf/lib/rv32imafc/ilp32f/libc.a(lib_a-writer.o)
                0x9000ece4                _write_r
 .text.__swsetup_r
                0x9000ed24       0xde /opt/riscv/riscv64-unknown-elf/lib/rv32imafc/ilp32f/libc.a(lib_a-wsetup.o)
                0x9000ed24                __swsetup_r
 .text.abort    0x9000ee02       0x10 /opt/riscv/riscv64-unknown-elf/lib/rv32imafc/ilp32f/libc.a(lib_a-abort.o)
                0x9000ee02                abort
 .text._close_r
                0x9000ee12       0x3a /opt/riscv/riscv64-unknown-elf/lib/rv32imafc/ilp32f/libc.a(lib_a-closer.o)
                0x9000ee12                _close_r
 .text._fclose_r
                0x9000ee4c       0xa6 /opt/riscv/riscv64-unknown-elf/lib/rv32imafc/ilp32f/libc.a(lib_a-fclose.o)
                0x9000ee4c                _fclose_r
 .text.__sflush_r
                0x9000eef2      0x180 /opt/riscv/riscv64-unknown-elf/lib/rv32imafc/ilp32f/libc.a(lib_a-fflush.o)
                0x9000eef2                __sflush_r
 .text._fflush_r
                0x9000f072       0x38 /opt/riscv/riscv64-unknown-elf/lib/rv32imafc/ilp32f/libc.a(lib_a-fflush.o)
                0x9000f072                _fflush_r
 .text.fflush   0x9000f0aa       0x58 /opt/riscv/riscv64-unknown-elf/lib/rv32imafc/ilp32f/libc.a(lib_a-fflush.o)
                0x9000f0aa                fflush
 .text.__fputwc
                0x9000f102       0xa2 /opt/riscv/riscv64-unknown-elf/lib/rv32imafc/ilp32f/libc.a(lib_a-fputwc.o)
                0x9000f102                __fputwc
 .text._fputwc_r
                0x9000f1a4       0x20 /opt/riscv/riscv64-unknown-elf/lib/rv32imafc/ilp32f/libc.a(lib_a-fputwc.o)
                0x9000f1a4                _fputwc_r
 .text._malloc_trim_r
                0x9000f1c4       0xd8 /opt/riscv/riscv64-unknown-elf/lib/rv32imafc/ilp32f/libc.a(lib_a-freer.o)
                0x9000f1c4                _malloc_trim_r
 .text._free_r  0x9000f29c      0x236 /opt/riscv/riscv64-unknown-elf/lib/rv32imafc/ilp32f/libc.a(lib_a-freer.o)
                0x9000f29c                _free_r
 .text.__sfvwrite_r
                0x9000f4d2      0x314 /opt/riscv/riscv64-unknown-elf/lib/rv32imafc/ilp32f/libc.a(lib_a-fvwrite.o)
                0x9000f4d2                __sfvwrite_r
 .text._localeconv_r
                0x9000f7e6        0xa /opt/riscv/riscv64-unknown-elf/lib/rv32imafc/ilp32f/libc.a(lib_a-localeconv.o)
                0x9000f7e6                _localeconv_r
 .text._lseek_r
                0x9000f7f0       0x40 /opt/riscv/riscv64-unknown-elf/lib/rv32imafc/ilp32f/libc.a(lib_a-lseekr.o)
                0x9000f7f0                _lseek_r
 .text.__smakebuf_r
                0x9000f830      0x110 /opt/riscv/riscv64-unknown-elf/lib/rv32imafc/ilp32f/libc.a(lib_a-makebuf.o)
                0x9000f830                __smakebuf_r
 .text.memchr   0x9000f940       0x90 /opt/riscv/riscv64-unknown-elf/lib/rv32imafc/ilp32f/libc.a(lib_a-memchr.o)
                0x9000f940                memchr
 .text.memmove  0x9000f9d0       0xd2 /opt/riscv/riscv64-unknown-elf/lib/rv32imafc/ilp32f/libc.a(lib_a-memmove-stub.o)
                0x9000f9d0                memmove
 .text._read_r  0x9000faa2       0x40 /opt/riscv/riscv64-unknown-elf/lib/rv32imafc/ilp32f/libc.a(lib_a-readr.o)
                0x9000faa2                _read_r
 .text._realloc_r
                0x9000fae2      0x3d0 /opt/riscv/riscv64-unknown-elf/lib/rv32imafc/ilp32f/libc.a(lib_a-reallocr.o)
                0x9000fae2                _realloc_r
 .text.raise    0x9000feb2       0x72 /opt/riscv/riscv64-unknown-elf/lib/rv32imafc/ilp32f/libc.a(lib_a-signal.o)
                0x9000feb2                raise
 .text._kill_r  0x9000ff24       0x3e /opt/riscv/riscv64-unknown-elf/lib/rv32imafc/ilp32f/libc.a(lib_a-signalr.o)
                0x9000ff24                _kill_r
 .text._getpid_r
                0x9000ff62        0x4 /opt/riscv/riscv64-unknown-elf/lib/rv32imafc/ilp32f/libc.a(lib_a-signalr.o)
                0x9000ff62                _getpid_r
 .text.strncpy  0x9000ff66       0x7c /opt/riscv/riscv64-unknown-elf/lib/rv32imafc/ilp32f/libc.a(lib_a-strncpy.o)
                0x9000ff66                strncpy
 .text.__swbuf_r
                0x9000ffe2       0xf2 /opt/riscv/riscv64-unknown-elf/lib/rv32imafc/ilp32f/libc.a(lib_a-wbuf.o)
                0x9000ffe2                __swbuf_r
 .text._wcrtomb_r
                0x900100d4       0x48 /opt/riscv/riscv64-unknown-elf/lib/rv32imafc/ilp32f/libc.a(lib_a-wcrtomb.o)
                0x900100d4                _wcrtomb_r
 .text._fstat_r
                0x9001011c       0x3e /opt/riscv/riscv64-unknown-elf/lib/rv32imafc/ilp32f/libc.a(lib_a-fstatr.o)
                0x9001011c                _fstat_r
 .text._isatty_r
                0x9001015a       0x3a /opt/riscv/riscv64-unknown-elf/lib/rv32imafc/ilp32f/libc.a(lib_a-isattyr.o)
                0x9001015a                _isatty_r
                [!provide]                        PROVIDE (__TEXT_END__ = .)

.rodata         0x90010198     0x4354
                0x90010200                        . = ALIGN (0x100)
 *fill*         0x90010198       0x68 
 *(.rodata)
 .rodata        0x90010200       0x14 ./src/main.o
 *fill*         0x90010214        0x4 
 .rodata        0x90010218     0x1a38 ./src/startrek.o
 .rodata        0x90011c50     0x1f03 ./src/startrek_doc.o
 *fill*         0x90013b53        0x5 
 .rodata        0x90013b58       0x68 ./src/xprintf.o
 .rodata        0x90013bc0       0x3c /opt/riscv/lib/gcc/riscv64-unknown-elf/12.2.0/rv32imafc/ilp32f/libgcc.a(divdf3.o)
 .rodata        0x90013bfc      0x100 /opt/riscv/lib/gcc/riscv64-unknown-elf/12.2.0/rv32imafc/ilp32f/libgcc.a(_clz.o)
                0x90013bfc                __clz_tab
 *(.rodata.*)
 .rodata.LED7SEG
                0x90013cfc       0x10 ./src/gpio.o
 .rodata.xvfprintf
                0x90013d0c       0xd0 ./src/xprintf.o
 .rodata._strtod_l.str1.4
                0x90013ddc        0xf /opt/riscv/riscv64-unknown-elf/lib/rv32imafc/ilp32f/libc.a(lib_a-strtod.o)
                                 0x11 (size before relaxing)
 *fill*         0x90013deb        0x1 
 .rodata._strtod_l
                0x90013dec       0xd0 /opt/riscv/riscv64-unknown-elf/lib/rv32imafc/ilp32f/libc.a(lib_a-strtod.o)
 .rodata.fpinan.0
                0x90013ebc       0x14 /opt/riscv/riscv64-unknown-elf/lib/rv32imafc/ilp32f/libc.a(lib_a-strtod.o)
 .rodata.fpi.1  0x90013ed0       0x14 /opt/riscv/riscv64-unknown-elf/lib/rv32imafc/ilp32f/libc.a(lib_a-strtod.o)
 *fill*         0x90013ee4        0x4 
 .rodata.tinytens
                0x90013ee8       0x28 /opt/riscv/riscv64-unknown-elf/lib/rv32imafc/ilp32f/libc.a(lib_a-strtod.o)
 .rodata._ctype_
                0x90013f10      0x101 /opt/riscv/riscv64-unknown-elf/lib/rv32imafc/ilp32f/libc.a(lib_a-ctype_.o)
                0x90013f10                _ctype_
 *fill*         0x90014011        0x3 
 .rodata.__gethex.str1.4
                0x90014014       0x6c /opt/riscv/riscv64-unknown-elf/lib/rv32imafc/ilp32f/libc.a(lib_a-gdtoa-gethex.o)
 .rodata.__hexdig
                0x90014080      0x100 /opt/riscv/riscv64-unknown-elf/lib/rv32imafc/ilp32f/libc.a(lib_a-gdtoa-gethex.o)
                0x90014080                __hexdig
 .rodata.str1.4
                0x90014180        0x2 /opt/riscv/riscv64-unknown-elf/lib/rv32imafc/ilp32f/libc.a(lib_a-lnumeric.o)
                                  0x5 (size before relaxing)
 *fill*         0x90014182        0x2 
 .rodata._C_numeric_locale
                0x90014184        0xc /opt/riscv/riscv64-unknown-elf/lib/rv32imafc/ilp32f/libc.a(lib_a-lnumeric.o)
                0x90014184                _C_numeric_locale
 .rodata._setlocale_r.str1.4
                0x90014190        0xa /opt/riscv/riscv64-unknown-elf/lib/rv32imafc/ilp32f/libc.a(lib_a-locale.o)
                                  0xd (size before relaxing)
 .rodata.str1.4
                0x9001419a        0x2 /opt/riscv/riscv64-unknown-elf/lib/rv32imafc/ilp32f/libc.a(lib_a-locale.o)
 *fill*         0x9001419a        0x2 
 .rodata.__multadd.str1.4
                0x9001419c       0x51 /opt/riscv/riscv64-unknown-elf/lib/rv32imafc/ilp32f/libc.a(lib_a-mprec.o)
                                 0x65 (size before relaxing)
 *fill*         0x900141ed        0x3 
 .rodata.p05.0  0x900141f0        0xc /opt/riscv/riscv64-unknown-elf/lib/rv32imafc/ilp32f/libc.a(lib_a-mprec.o)
 *fill*         0x900141fc        0x4 
 .rodata.__mprec_bigtens
                0x90014200       0x28 /opt/riscv/riscv64-unknown-elf/lib/rv32imafc/ilp32f/libc.a(lib_a-mprec.o)
                0x90014200                __mprec_bigtens
 .rodata.__mprec_tens
                0x90014228       0xc8 /opt/riscv/riscv64-unknown-elf/lib/rv32imafc/ilp32f/libc.a(lib_a-mprec.o)
                0x90014228                __mprec_tens
 .rodata.__assert_func.str1.4
                0x900142f0       0x3f /opt/riscv/riscv64-unknown-elf/lib/rv32imafc/ilp32f/libc.a(lib_a-assert.o)
                                 0x43 (size before relaxing)
 *fill*         0x9001432f        0x1 
 .rodata._vfiprintf_r.str1.4
                0x90014330       0x2f /opt/riscv/riscv64-unknown-elf/lib/rv32imafc/ilp32f/libc.a(lib_a-vfiprintf.o)
 *fill*         0x9001435f        0x1 
 .rodata._vfiprintf_r
                0x90014360      0x16c /opt/riscv/riscv64-unknown-elf/lib/rv32imafc/ilp32f/libc.a(lib_a-vfiprintf.o)
 .rodata.zeroes.0
                0x900144cc       0x10 /opt/riscv/riscv64-unknown-elf/lib/rv32imafc/ilp32f/libc.a(lib_a-vfiprintf.o)
 .rodata.blanks.1
                0x900144dc       0x10 /opt/riscv/riscv64-unknown-elf/lib/rv32imafc/ilp32f/libc.a(lib_a-vfiprintf.o)
                0x900144ec                        . = ALIGN (0x4)
                0x900144ec                        PROVIDE (__ROM_INIT_BGN__ = .)

.data           0x88000000      0xa94 load address 0x900144ec
                0x88000000                        . = ALIGN (0x100)
                0x88000000                        PROVIDE (__RAM_INIT_BGN__ = .)
 *(.data)
 *(.data*)
 .data.c        0x88000000       0x78 ./src/startrek.o
                0x88000000                c
 .data.device_name.2
                0x88000078       0x24 ./src/startrek.o
 .data.quad_name.1
                0x8800009c       0x44 ./src/startrek.o
 .data.sect_name.0
                0x880000e0       0x14 ./src/startrek.o
 *fill*         0x880000f4        0x4 
 .data.impure_data
                0x880000f8      0x428 /opt/riscv/riscv64-unknown-elf/lib/rv32imafc/ilp32f/libc.a(lib_a-impure.o)
 .data.__global_locale
                0x88000520      0x16c /opt/riscv/riscv64-unknown-elf/lib/rv32imafc/ilp32f/libc.a(lib_a-locale.o)
                0x88000520                __global_locale
 .data.__malloc_av_
                0x8800068c      0x408 /opt/riscv/riscv64-unknown-elf/lib/rv32imafc/ilp32f/libc.a(lib_a-mallocr.o)
                0x8800068c                __malloc_av_

.srodata        0x88000a98      0x188 load address 0x90014f80
                0x88001298                        PROVIDE (__GLOBAL_PTR__ = (. + 0x800))
 *(.srodata)
 *(.srodata*)
 .srodata.cst8  0x88000a98        0x8 /opt/riscv/riscv64-unknown-elf/lib/rv32imafc/ilp32f/libm.a(lib_a-w_pow.o)
 .srodata.cst8  0x88000aa0       0xf8 /opt/riscv/riscv64-unknown-elf/lib/rv32imafc/ilp32f/libm.a(lib_a-e_pow.o)
                                0x100 (size before relaxing)
 .srodata.cst8  0x88000b98       0x20 /opt/riscv/riscv64-unknown-elf/lib/rv32imafc/ilp32f/libm.a(lib_a-math_err.o)
                                 0x30 (size before relaxing)
 .srodata.cst8  0x88000bb8       0x30 /opt/riscv/riscv64-unknown-elf/lib/rv32imafc/ilp32f/libm.a(lib_a-s_scalbn.o)
 .srodata._global_impure_ptr
                0x88000be8        0x4 /opt/riscv/riscv64-unknown-elf/lib/rv32imafc/ilp32f/libc.a(lib_a-impure.o)
                0x88000be8                _global_impure_ptr
 *fill*         0x88000bec        0x4 
 .srodata.cst8  0x88000bf0       0x28 /opt/riscv/riscv64-unknown-elf/lib/rv32imafc/ilp32f/libc.a(lib_a-strtod.o)
                                 0x48 (size before relaxing)
 .srodata.cst8  0x88000c18        0x8 /opt/riscv/riscv64-unknown-elf/lib/rv32imafc/ilp32f/libc.a(lib_a-s_nan.o)

.sdata          0x88000c20       0x20 load address 0x90015108
 *(.sdata)
 *(.sdata.*)
 .sdata._stdout_hook
                0x88000c20        0x4 ./src/libc-hooks.o
 .sdata._stdin_hook
                0x88000c24        0x4 ./src/libc-hooks.o
 .sdata.e0      0x88000c28        0x4 ./src/startrek.o
                0x88000c28                e0
 .sdata.p0      0x88000c2c        0x4 ./src/startrek.o
                0x88000c2c                p0
 .sdata._impure_ptr
                0x88000c30        0x4 /opt/riscv/riscv64-unknown-elf/lib/rv32imafc/ilp32f/libc.a(lib_a-impure.o)
                0x88000c30                _impure_ptr
 .sdata.numempty
                0x88000c34        0x2 /opt/riscv/riscv64-unknown-elf/lib/rv32imafc/ilp32f/libc.a(lib_a-lnumeric.o)
 *fill*         0x88000c36        0x2 
 .sdata.__malloc_sbrk_base
                0x88000c38        0x4 /opt/riscv/riscv64-unknown-elf/lib/rv32imafc/ilp32f/libc.a(lib_a-mallocr.o)
                0x88000c38                __malloc_sbrk_base
 .sdata.__malloc_trim_threshold
                0x88000c3c        0x4 /opt/riscv/riscv64-unknown-elf/lib/rv32imafc/ilp32f/libc.a(lib_a-mallocr.o)
                0x88000c3c                __malloc_trim_threshold
                0x88000c40                        PROVIDE (__RAM_INIT_END__ = .)

.sbss           0x88000c40      0x104 load address 0x90015128
                0x88000c40                        PROVIDE (__BSS_BGN__ = .)
 *(.sbss)
 *(.sbss.*)
 .sbss.num.0    0x88000c40        0x4 ./src/interrupt.o
 .sbss.heap_sz  0x88000c44        0x4 ./src/libc-hooks.o
 .sbss.b3       0x88000c48        0x4 ./src/startrek.o
                0x88000c48                b3
 .sbss.b4       0x88000c4c        0x4 ./src/startrek.o
                0x88000c4c                b4
 .sbss.b5       0x88000c50        0x4 ./src/startrek.o
                0x88000c50                b5
 .sbss.b9       0x88000c54        0x4 ./src/startrek.o
                0x88000c54                b9
 .sbss.d0       0x88000c58        0x4 ./src/startrek.o
                0x88000c58                d0
 .sbss.d1       0x88000c5c        0x4 ./src/startrek.o
                0x88000c5c                d1
 .sbss.e        0x88000c60        0x4 ./src/startrek.o
                0x88000c60                e
 .sbss.g5       0x88000c64        0x4 ./src/startrek.o
                0x88000c64                g5
 .sbss.k3       0x88000c68        0x4 ./src/startrek.o
                0x88000c68                k3
 .sbss.k7       0x88000c6c        0x4 ./src/startrek.o
                0x88000c6c                k7
 .sbss.k9       0x88000c70        0x4 ./src/startrek.o
                0x88000c70                k9
 .sbss.n        0x88000c74        0x4 ./src/startrek.o
                0x88000c74                n
 .sbss.p        0x88000c78        0x4 ./src/startrek.o
                0x88000c78                p
 .sbss.q1       0x88000c7c        0x4 ./src/startrek.o
                0x88000c7c                q1
 .sbss.q2       0x88000c80        0x4 ./src/startrek.o
                0x88000c80                q2
 .sbss.r1       0x88000c84        0x4 ./src/startrek.o
                0x88000c84                r1
 .sbss.r2       0x88000c88        0x4 ./src/startrek.o
                0x88000c88                r2
 .sbss.s        0x88000c8c        0x4 ./src/startrek.o
                0x88000c8c                s
 .sbss.s3       0x88000c90        0x4 ./src/startrek.o
                0x88000c90                s3
 .sbss.s8       0x88000c94        0x4 ./src/startrek.o
                0x88000c94                s8
 .sbss.t0       0x88000c98        0x4 ./src/startrek.o
                0x88000c98                t0
 .sbss.t9       0x88000c9c        0x4 ./src/startrek.o
                0x88000c9c                t9
 .sbss.z3       0x88000ca0        0x4 ./src/startrek.o
                0x88000ca0                z3
 .sbss.z1       0x88000ca4        0x4 ./src/startrek.o
                0x88000ca4                z1
 .sbss.z2       0x88000ca8        0x4 ./src/startrek.o
                0x88000ca8                z2
 .sbss.z4       0x88000cac        0x4 ./src/startrek.o
                0x88000cac                z4
 .sbss.z5       0x88000cb0        0x4 ./src/startrek.o
                0x88000cb0                z5
 *fill*         0x88000cb4        0x4 
 .sbss.a        0x88000cb8        0x8 ./src/startrek.o
                0x88000cb8                a
 .sbss.c1       0x88000cc0        0x8 ./src/startrek.o
                0x88000cc0                c1
 .sbss.d4       0x88000cc8        0x8 ./src/startrek.o
                0x88000cc8                d4
 .sbss.s1       0x88000cd0        0x8 ./src/startrek.o
                0x88000cd0                s1
 .sbss.s2       0x88000cd8        0x8 ./src/startrek.o
                0x88000cd8                s2
 .sbss.t        0x88000ce0        0x8 ./src/startrek.o
                0x88000ce0                t
 .sbss.w1       0x88000ce8        0x8 ./src/startrek.o
                0x88000ce8                w1
 .sbss.x        0x88000cf0        0x8 ./src/startrek.o
                0x88000cf0                x
 .sbss.y        0x88000cf8        0x8 ./src/startrek.o
                0x88000cf8                y
 .sbss.x1       0x88000d00        0x8 ./src/startrek.o
                0x88000d00                x1
 .sbss.x2       0x88000d08        0x8 ./src/startrek.o
                0x88000d08                x2
 .sbss.sA       0x88000d10        0x4 ./src/startrek.o
                0x88000d10                sA
 .sbss.sC       0x88000d14        0x7 ./src/startrek.o
                0x88000d14                sC
 *fill*         0x88000d1b        0x1 
 .sbss.data1.2  0x88000d1c        0x4 ./src/uart.o
 .sbss.data2.1  0x88000d20        0x4 ./src/uart.o
 .sbss.data0.0  0x88000d24        0x4 ./src/uart.o
 .sbss.xfunc_output
                0x88000d28        0x4 ./src/xprintf.o
                0x88000d28                xfunc_output
 .sbss.strptr   0x88000d2c        0x4 ./src/xprintf.o
 .sbss.xfunc_input
                0x88000d30        0x4 ./src/xprintf.o
                0x88000d30                xfunc_input
 .sbss.__malloc_max_total_mem
                0x88000d34        0x4 /opt/riscv/riscv64-unknown-elf/lib/rv32imafc/ilp32f/libc.a(lib_a-mallocr.o)
                0x88000d34                __malloc_max_total_mem
 .sbss.__malloc_max_sbrked_mem
                0x88000d38        0x4 /opt/riscv/riscv64-unknown-elf/lib/rv32imafc/ilp32f/libc.a(lib_a-mallocr.o)
                0x88000d38                __malloc_max_sbrked_mem
 .sbss.__malloc_top_pad
                0x88000d3c        0x4 /opt/riscv/riscv64-unknown-elf/lib/rv32imafc/ilp32f/libc.a(lib_a-mallocr.o)
                0x88000d3c                __malloc_top_pad
 .sbss.errno    0x88000d40        0x4 /opt/riscv/riscv64-unknown-elf/lib/rv32imafc/ilp32f/libc.a(lib_a-reent.o)
                0x88000d40                errno
 *(.scommon)

.bss            0x88000d48     0x24fc load address 0x90015128
 *(.bss)
 *(.bss.*)
 .bss.heap_base
                0x88000d48     0x2000 ./src/libc-hooks.o
 .bss.g         0x88002d48      0x144 ./src/startrek.o
                0x88002d48                g
 .bss.k         0x88002e8c       0x40 ./src/startrek.o
                0x88002e8c                k
 .bss.z         0x88002ecc      0x144 ./src/startrek.o
                0x88002ecc                z
 .bss.d         0x88003010       0x48 ./src/startrek.o
                0x88003010                d
 .bss.sQ        0x88003058       0xc2 ./src/startrek.o
                0x88003058                sQ
 *fill*         0x8800311a        0x2 
 .bss.sG2       0x8800311c       0xff ./src/startrek.o
                0x8800311c                sG2
 *fill*         0x8800321b        0x1 
 .bss.__malloc_current_mallinfo
                0x8800321c       0x28 /opt/riscv/riscv64-unknown-elf/lib/rv32imafc/ilp32f/libc.a(lib_a-mallocr.o)
                0x8800321c                __malloc_current_mallinfo
                0x88003244                        . = ALIGN (0x4)
                0x88003244                        PROVIDE (__BSS_END__ = .)

.stack          0x88004000     0x8000
                [!provide]                        PROVIDE (__STACK_START__ = .)
                0x8800c000                        . = (. + STACK_SIZE)
 *fill*         0x88004000     0x8000 
                0x8800c000                        PROVIDE (__STACK_TOP__ = .)
                [!provide]                        PROVIDE (__STACK_END__ = .)

/DISCARD/
 *(.eh_frame .eh_frame.*)
OUTPUT(mmRISC_StarTrek.elf elf32-littleriscv)

.debug_info     0x00000000     0x6efb
 .debug_info    0x00000000      0x247 ./src/gpio.o
 .debug_info    0x00000247      0x21d ./src/interrupt.o
 .debug_info    0x00000464      0x5c2 ./src/libc-hooks.o
 .debug_info    0x00000a26      0x18e ./src/main.o
 .debug_info    0x00000bb4     0x15ed ./src/startrek.o
 .debug_info    0x000021a1       0xe3 ./src/startrek_doc.o
 .debug_info    0x00002284       0xe3 ./src/system.o
 .debug_info    0x00002367      0x28f ./src/uart.o
 .debug_info    0x000025f6      0x6aa ./src/xprintf.o
 .debug_info    0x00002ca0      0x761 /opt/riscv/lib/gcc/riscv64-unknown-elf/12.2.0/rv32imafc/ilp32f/libgcc.a(_udivdi3.o)
 .debug_info    0x00003401      0x7b4 /opt/riscv/lib/gcc/riscv64-unknown-elf/12.2.0/rv32imafc/ilp32f/libgcc.a(_umoddi3.o)
 .debug_info    0x00003bb5      0x53f /opt/riscv/lib/gcc/riscv64-unknown-elf/12.2.0/rv32imafc/ilp32f/libgcc.a(adddf3.o)
 .debug_info    0x000040f4      0x6ce /opt/riscv/lib/gcc/riscv64-unknown-elf/12.2.0/rv32imafc/ilp32f/libgcc.a(divdf3.o)
 .debug_info    0x000047c2      0x239 /opt/riscv/lib/gcc/riscv64-unknown-elf/12.2.0/rv32imafc/ilp32f/libgcc.a(eqdf2.o)
 .debug_info    0x000049fb      0x22a /opt/riscv/lib/gcc/riscv64-unknown-elf/12.2.0/rv32imafc/ilp32f/libgcc.a(gedf2.o)
 .debug_info    0x00004c25      0x22a /opt/riscv/lib/gcc/riscv64-unknown-elf/12.2.0/rv32imafc/ilp32f/libgcc.a(ledf2.o)
 .debug_info    0x00004e4f      0x6e7 /opt/riscv/lib/gcc/riscv64-unknown-elf/12.2.0/rv32imafc/ilp32f/libgcc.a(muldf3.o)
 .debug_info    0x00005536      0x53b /opt/riscv/lib/gcc/riscv64-unknown-elf/12.2.0/rv32imafc/ilp32f/libgcc.a(subdf3.o)
 .debug_info    0x00005a71      0x235 /opt/riscv/lib/gcc/riscv64-unknown-elf/12.2.0/rv32imafc/ilp32f/libgcc.a(unorddf2.o)
 .debug_info    0x00005ca6      0x1cb /opt/riscv/lib/gcc/riscv64-unknown-elf/12.2.0/rv32imafc/ilp32f/libgcc.a(fixdfsi.o)
 .debug_info    0x00005e71      0x1b8 /opt/riscv/lib/gcc/riscv64-unknown-elf/12.2.0/rv32imafc/ilp32f/libgcc.a(fixunsdfsi.o)
 .debug_info    0x00006029      0x268 /opt/riscv/lib/gcc/riscv64-unknown-elf/12.2.0/rv32imafc/ilp32f/libgcc.a(floatsidf.o)
 .debug_info    0x00006291      0x25d /opt/riscv/lib/gcc/riscv64-unknown-elf/12.2.0/rv32imafc/ilp32f/libgcc.a(floatunsidf.o)
 .debug_info    0x000064ee      0x1dd /opt/riscv/lib/gcc/riscv64-unknown-elf/12.2.0/rv32imafc/ilp32f/libgcc.a(fixdfdi.o)
 .debug_info    0x000066cb      0x2d4 /opt/riscv/lib/gcc/riscv64-unknown-elf/12.2.0/rv32imafc/ilp32f/libgcc.a(floatdidf.o)
 .debug_info    0x0000699f      0x1a1 /opt/riscv/lib/gcc/riscv64-unknown-elf/12.2.0/rv32imafc/ilp32f/libgcc.a(_lshrdi3.o)
 .debug_info    0x00006b40      0x1a1 /opt/riscv/lib/gcc/riscv64-unknown-elf/12.2.0/rv32imafc/ilp32f/libgcc.a(_ashldi3.o)
 .debug_info    0x00006ce1       0xd8 /opt/riscv/lib/gcc/riscv64-unknown-elf/12.2.0/rv32imafc/ilp32f/libgcc.a(_clz.o)
 .debug_info    0x00006db9      0x142 /opt/riscv/lib/gcc/riscv64-unknown-elf/12.2.0/rv32imafc/ilp32f/libgcc.a(_clzsi2.o)

.debug_abbrev   0x00000000     0x2767
 .debug_abbrev  0x00000000      0x124 ./src/gpio.o
 .debug_abbrev  0x00000124      0x16a ./src/interrupt.o
 .debug_abbrev  0x0000028e      0x1d7 ./src/libc-hooks.o
 .debug_abbrev  0x00000465      0x10d ./src/main.o
 .debug_abbrev  0x00000572      0x37a ./src/startrek.o
 .debug_abbrev  0x000008ec       0x94 ./src/startrek_doc.o
 .debug_abbrev  0x00000980       0x82 ./src/system.o
 .debug_abbrev  0x00000a02      0x170 ./src/uart.o
 .debug_abbrev  0x00000b72      0x216 ./src/xprintf.o
 .debug_abbrev  0x00000d88      0x1a6 /opt/riscv/lib/gcc/riscv64-unknown-elf/12.2.0/rv32imafc/ilp32f/libgcc.a(_udivdi3.o)
 .debug_abbrev  0x00000f2e      0x1aa /opt/riscv/lib/gcc/riscv64-unknown-elf/12.2.0/rv32imafc/ilp32f/libgcc.a(_umoddi3.o)
 .debug_abbrev  0x000010d8      0x17a /opt/riscv/lib/gcc/riscv64-unknown-elf/12.2.0/rv32imafc/ilp32f/libgcc.a(adddf3.o)
 .debug_abbrev  0x00001252      0x17a /opt/riscv/lib/gcc/riscv64-unknown-elf/12.2.0/rv32imafc/ilp32f/libgcc.a(divdf3.o)
 .debug_abbrev  0x000013cc      0x15a /opt/riscv/lib/gcc/riscv64-unknown-elf/12.2.0/rv32imafc/ilp32f/libgcc.a(eqdf2.o)
 .debug_abbrev  0x00001526      0x13e /opt/riscv/lib/gcc/riscv64-unknown-elf/12.2.0/rv32imafc/ilp32f/libgcc.a(gedf2.o)
 .debug_abbrev  0x00001664      0x13e /opt/riscv/lib/gcc/riscv64-unknown-elf/12.2.0/rv32imafc/ilp32f/libgcc.a(ledf2.o)
 .debug_abbrev  0x000017a2      0x18c /opt/riscv/lib/gcc/riscv64-unknown-elf/12.2.0/rv32imafc/ilp32f/libgcc.a(muldf3.o)
 .debug_abbrev  0x0000192e      0x17a /opt/riscv/lib/gcc/riscv64-unknown-elf/12.2.0/rv32imafc/ilp32f/libgcc.a(subdf3.o)
 .debug_abbrev  0x00001aa8      0x14b /opt/riscv/lib/gcc/riscv64-unknown-elf/12.2.0/rv32imafc/ilp32f/libgcc.a(unorddf2.o)
 .debug_abbrev  0x00001bf3      0x143 /opt/riscv/lib/gcc/riscv64-unknown-elf/12.2.0/rv32imafc/ilp32f/libgcc.a(fixdfsi.o)
 .debug_abbrev  0x00001d36      0x13a /opt/riscv/lib/gcc/riscv64-unknown-elf/12.2.0/rv32imafc/ilp32f/libgcc.a(fixunsdfsi.o)
 .debug_abbrev  0x00001e70      0x164 /opt/riscv/lib/gcc/riscv64-unknown-elf/12.2.0/rv32imafc/ilp32f/libgcc.a(floatsidf.o)
 .debug_abbrev  0x00001fd4      0x163 /opt/riscv/lib/gcc/riscv64-unknown-elf/12.2.0/rv32imafc/ilp32f/libgcc.a(floatunsidf.o)
 .debug_abbrev  0x00002137      0x153 /opt/riscv/lib/gcc/riscv64-unknown-elf/12.2.0/rv32imafc/ilp32f/libgcc.a(fixdfdi.o)
 .debug_abbrev  0x0000228a      0x18b /opt/riscv/lib/gcc/riscv64-unknown-elf/12.2.0/rv32imafc/ilp32f/libgcc.a(floatdidf.o)
 .debug_abbrev  0x00002415      0x10c /opt/riscv/lib/gcc/riscv64-unknown-elf/12.2.0/rv32imafc/ilp32f/libgcc.a(_lshrdi3.o)
 .debug_abbrev  0x00002521      0x10c /opt/riscv/lib/gcc/riscv64-unknown-elf/12.2.0/rv32imafc/ilp32f/libgcc.a(_ashldi3.o)
 .debug_abbrev  0x0000262d       0x70 /opt/riscv/lib/gcc/riscv64-unknown-elf/12.2.0/rv32imafc/ilp32f/libgcc.a(_clz.o)
 .debug_abbrev  0x0000269d       0xca /opt/riscv/lib/gcc/riscv64-unknown-elf/12.2.0/rv32imafc/ilp32f/libgcc.a(_clzsi2.o)

.debug_aranges  0x00000000      0x668
 .debug_aranges
                0x00000000       0x50 ./src/gpio.o
 .debug_aranges
                0x00000050       0x40 ./src/interrupt.o
 .debug_aranges
                0x00000090       0x90 ./src/libc-hooks.o
 .debug_aranges
                0x00000120       0x20 ./src/main.o
 .debug_aranges
                0x00000140      0x188 ./src/startrek.o
 .debug_aranges
                0x000002c8       0x20 ./src/startrek_doc.o
 .debug_aranges
                0x000002e8       0x20 ./src/system.o
 .debug_aranges
                0x00000308       0x58 ./src/uart.o
 .debug_aranges
                0x00000360       0x90 ./src/xprintf.o
 .debug_aranges
                0x000003f0       0x20 /opt/riscv/lib/gcc/riscv64-unknown-elf/12.2.0/rv32imafc/ilp32f/libgcc.a(_udivdi3.o)
 .debug_aranges
                0x00000410       0x20 /opt/riscv/lib/gcc/riscv64-unknown-elf/12.2.0/rv32imafc/ilp32f/libgcc.a(_umoddi3.o)
 .debug_aranges
                0x00000430       0x20 /opt/riscv/lib/gcc/riscv64-unknown-elf/12.2.0/rv32imafc/ilp32f/libgcc.a(adddf3.o)
 .debug_aranges
                0x00000450       0x20 /opt/riscv/lib/gcc/riscv64-unknown-elf/12.2.0/rv32imafc/ilp32f/libgcc.a(divdf3.o)
 .debug_aranges
                0x00000470       0x20 /opt/riscv/lib/gcc/riscv64-unknown-elf/12.2.0/rv32imafc/ilp32f/libgcc.a(eqdf2.o)
 .debug_aranges
                0x00000490       0x20 /opt/riscv/lib/gcc/riscv64-unknown-elf/12.2.0/rv32imafc/ilp32f/libgcc.a(gedf2.o)
 .debug_aranges
                0x000004b0       0x20 /opt/riscv/lib/gcc/riscv64-unknown-elf/12.2.0/rv32imafc/ilp32f/libgcc.a(ledf2.o)
 .debug_aranges
                0x000004d0       0x20 /opt/riscv/lib/gcc/riscv64-unknown-elf/12.2.0/rv32imafc/ilp32f/libgcc.a(muldf3.o)
 .debug_aranges
                0x000004f0       0x20 /opt/riscv/lib/gcc/riscv64-unknown-elf/12.2.0/rv32imafc/ilp32f/libgcc.a(subdf3.o)
 .debug_aranges
                0x00000510       0x20 /opt/riscv/lib/gcc/riscv64-unknown-elf/12.2.0/rv32imafc/ilp32f/libgcc.a(unorddf2.o)
 .debug_aranges
                0x00000530       0x20 /opt/riscv/lib/gcc/riscv64-unknown-elf/12.2.0/rv32imafc/ilp32f/libgcc.a(fixdfsi.o)
 .debug_aranges
                0x00000550       0x20 /opt/riscv/lib/gcc/riscv64-unknown-elf/12.2.0/rv32imafc/ilp32f/libgcc.a(fixunsdfsi.o)
 .debug_aranges
                0x00000570       0x20 /opt/riscv/lib/gcc/riscv64-unknown-elf/12.2.0/rv32imafc/ilp32f/libgcc.a(floatsidf.o)
 .debug_aranges
                0x00000590       0x20 /opt/riscv/lib/gcc/riscv64-unknown-elf/12.2.0/rv32imafc/ilp32f/libgcc.a(floatunsidf.o)
 .debug_aranges
                0x000005b0       0x20 /opt/riscv/lib/gcc/riscv64-unknown-elf/12.2.0/rv32imafc/ilp32f/libgcc.a(fixdfdi.o)
 .debug_aranges
                0x000005d0       0x20 /opt/riscv/lib/gcc/riscv64-unknown-elf/12.2.0/rv32imafc/ilp32f/libgcc.a(floatdidf.o)
 .debug_aranges
                0x000005f0       0x20 /opt/riscv/lib/gcc/riscv64-unknown-elf/12.2.0/rv32imafc/ilp32f/libgcc.a(_lshrdi3.o)
 .debug_aranges
                0x00000610       0x20 /opt/riscv/lib/gcc/riscv64-unknown-elf/12.2.0/rv32imafc/ilp32f/libgcc.a(_ashldi3.o)
 .debug_aranges
                0x00000630       0x18 /opt/riscv/lib/gcc/riscv64-unknown-elf/12.2.0/rv32imafc/ilp32f/libgcc.a(_clz.o)
 .debug_aranges
                0x00000648       0x20 /opt/riscv/lib/gcc/riscv64-unknown-elf/12.2.0/rv32imafc/ilp32f/libgcc.a(_clzsi2.o)

.debug_rnglists
                0x00000000     0x1458
 .debug_rnglists
                0x00000000       0x4c ./src/gpio.o
 .debug_rnglists
                0x0000004c       0x3a ./src/interrupt.o
 .debug_rnglists
                0x00000086       0x94 ./src/libc-hooks.o
 .debug_rnglists
                0x0000011a       0x16 ./src/main.o
 .debug_rnglists
                0x00000130      0x1ab ./src/startrek.o
 .debug_rnglists
                0x000002db       0x16 ./src/startrek_doc.o
 .debug_rnglists
                0x000002f1       0x16 ./src/system.o
 .debug_rnglists
                0x00000307       0x55 ./src/uart.o
 .debug_rnglists
                0x0000035c       0x94 ./src/xprintf.o
 .debug_rnglists
                0x000003f0      0x111 /opt/riscv/lib/gcc/riscv64-unknown-elf/12.2.0/rv32imafc/ilp32f/libgcc.a(_udivdi3.o)
 .debug_rnglists
                0x00000501       0xac /opt/riscv/lib/gcc/riscv64-unknown-elf/12.2.0/rv32imafc/ilp32f/libgcc.a(_umoddi3.o)
 .debug_rnglists
                0x000005ad      0x384 /opt/riscv/lib/gcc/riscv64-unknown-elf/12.2.0/rv32imafc/ilp32f/libgcc.a(adddf3.o)
 .debug_rnglists
                0x00000931      0x12f /opt/riscv/lib/gcc/riscv64-unknown-elf/12.2.0/rv32imafc/ilp32f/libgcc.a(divdf3.o)
 .debug_rnglists
                0x00000a60       0x60 /opt/riscv/lib/gcc/riscv64-unknown-elf/12.2.0/rv32imafc/ilp32f/libgcc.a(eqdf2.o)
 .debug_rnglists
                0x00000ac0       0x72 /opt/riscv/lib/gcc/riscv64-unknown-elf/12.2.0/rv32imafc/ilp32f/libgcc.a(gedf2.o)
 .debug_rnglists
                0x00000b32       0x72 /opt/riscv/lib/gcc/riscv64-unknown-elf/12.2.0/rv32imafc/ilp32f/libgcc.a(ledf2.o)
 .debug_rnglists
                0x00000ba4      0x228 /opt/riscv/lib/gcc/riscv64-unknown-elf/12.2.0/rv32imafc/ilp32f/libgcc.a(muldf3.o)
 .debug_rnglists
                0x00000dcc      0x41e /opt/riscv/lib/gcc/riscv64-unknown-elf/12.2.0/rv32imafc/ilp32f/libgcc.a(subdf3.o)
 .debug_rnglists
                0x000011ea       0x3b /opt/riscv/lib/gcc/riscv64-unknown-elf/12.2.0/rv32imafc/ilp32f/libgcc.a(unorddf2.o)
 .debug_rnglists
                0x00001225       0x57 /opt/riscv/lib/gcc/riscv64-unknown-elf/12.2.0/rv32imafc/ilp32f/libgcc.a(fixdfsi.o)
 .debug_rnglists
                0x0000127c       0x1f /opt/riscv/lib/gcc/riscv64-unknown-elf/12.2.0/rv32imafc/ilp32f/libgcc.a(fixunsdfsi.o)
 .debug_rnglists
                0x0000129b       0x61 /opt/riscv/lib/gcc/riscv64-unknown-elf/12.2.0/rv32imafc/ilp32f/libgcc.a(floatsidf.o)
 .debug_rnglists
                0x000012fc       0x6a /opt/riscv/lib/gcc/riscv64-unknown-elf/12.2.0/rv32imafc/ilp32f/libgcc.a(floatunsidf.o)
 .debug_rnglists
                0x00001366       0x3b /opt/riscv/lib/gcc/riscv64-unknown-elf/12.2.0/rv32imafc/ilp32f/libgcc.a(fixdfdi.o)
 .debug_rnglists
                0x000013a1       0x8f /opt/riscv/lib/gcc/riscv64-unknown-elf/12.2.0/rv32imafc/ilp32f/libgcc.a(floatdidf.o)
 .debug_rnglists
                0x00001430       0x28 /opt/riscv/lib/gcc/riscv64-unknown-elf/12.2.0/rv32imafc/ilp32f/libgcc.a(_clzsi2.o)

.debug_macro    0x00000000     0x3187
 .debug_macro   0x00000000      0x1d9 ./src/gpio.o
 .debug_macro   0x000001d9      0x77e ./src/gpio.o
 .debug_macro   0x00000957       0x22 ./src/gpio.o
 .debug_macro   0x00000979       0x8e ./src/gpio.o
 .debug_macro   0x00000a07       0x51 ./src/gpio.o
 .debug_macro   0x00000a58      0x103 ./src/gpio.o
 .debug_macro   0x00000b5b       0x6a ./src/gpio.o
 .debug_macro   0x00000bc5      0x1df ./src/gpio.o
 .debug_macro   0x00000da4       0x58 ./src/gpio.o
 .debug_macro   0x00000dfc       0x20 ./src/gpio.o
 .debug_macro   0x00000e1c       0x34 ./src/gpio.o
 .debug_macro   0x00000e50       0x34 ./src/gpio.o
 .debug_macro   0x00000e84       0x16 ./src/gpio.o
 .debug_macro   0x00000e9a       0x9e ./src/gpio.o
 .debug_macro   0x00000f38      0x341 ./src/gpio.o
 .debug_macro   0x00001279      0x10b ./src/gpio.o
 .debug_macro   0x00001384       0x10 ./src/gpio.o
 .debug_macro   0x00001394       0x16 ./src/gpio.o
 .debug_macro   0x000013aa       0x43 ./src/gpio.o
 .debug_macro   0x000013ed       0x34 ./src/gpio.o
 .debug_macro   0x00001421       0x10 ./src/gpio.o
 .debug_macro   0x00001431       0x52 ./src/gpio.o
 .debug_macro   0x00001483      0x182 ./src/gpio.o
 .debug_macro   0x00001605       0x10 ./src/gpio.o
 .debug_macro   0x00001615       0x1c ./src/gpio.o
 .debug_macro   0x00001631       0x52 ./src/gpio.o
 .debug_macro   0x00001683       0x22 ./src/gpio.o
 .debug_macro   0x000016a5       0x10 ./src/gpio.o
 .debug_macro   0x000016b5       0x52 ./src/gpio.o
 .debug_macro   0x00001707       0xd5 ./src/gpio.o
 .debug_macro   0x000017dc       0x1c ./src/gpio.o
 .debug_macro   0x000017f8       0x3d ./src/gpio.o
 .debug_macro   0x00001835       0x16 ./src/gpio.o
 .debug_macro   0x0000184b      0x16f ./src/gpio.o
 .debug_macro   0x000019ba       0x46 ./src/gpio.o
 .debug_macro   0x00001a00       0x1c ./src/gpio.o
 .debug_macro   0x00001a1c       0x94 ./src/gpio.o
 .debug_macro   0x00001ab0      0x1f4 ./src/interrupt.o
 .debug_macro   0x00001ca4       0x1c ./src/interrupt.o
 .debug_macro   0x00001cc0       0x28 ./src/interrupt.o
 .debug_macro   0x00001ce8       0x3a ./src/interrupt.o
 .debug_macro   0x00001d22      0x1d4 ./src/libc-hooks.o
 .debug_macro   0x00001ef6       0x52 ./src/libc-hooks.o
 .debug_macro   0x00001f48       0x94 ./src/libc-hooks.o
 .debug_macro   0x00001fdc       0x57 ./src/libc-hooks.o
 .debug_macro   0x00002033       0x16 ./src/libc-hooks.o
 .debug_macro   0x00002049       0x35 ./src/libc-hooks.o
 .debug_macro   0x0000207e       0x10 ./src/libc-hooks.o
 .debug_macro   0x0000208e       0x10 ./src/libc-hooks.o
 .debug_macro   0x0000209e       0x35 ./src/libc-hooks.o
 .debug_macro   0x000020d3      0x12c ./src/libc-hooks.o
 .debug_macro   0x000021ff      0x239 ./src/main.o
 .debug_macro   0x00002438      0x189 ./src/main.o
 .debug_macro   0x000025c1      0x19b ./src/main.o
 .debug_macro   0x0000275c       0x1c ./src/main.o
 .debug_macro   0x00002778       0x16 ./src/main.o
 .debug_macro   0x0000278e       0x16 ./src/main.o
 .debug_macro   0x000027a4       0x29 ./src/main.o
 .debug_macro   0x000027cd      0x282 ./src/startrek.o
 .debug_macro   0x00002a4f       0x16 ./src/startrek.o
 .debug_macro   0x00002a65      0x1d0 ./src/startrek_doc.o
 .debug_macro   0x00002c35      0x1d9 ./src/system.o
 .debug_macro   0x00002e0e      0x1ef ./src/uart.o
 .debug_macro   0x00002ffd      0x122 ./src/xprintf.o
 .debug_macro   0x0000311f       0x10 ./src/xprintf.o
 .debug_macro   0x0000312f       0x58 ./src/xprintf.o

.debug_line     0x00000000     0xdac0
 .debug_line    0x00000000      0x3e8 ./src/gpio.o
 .debug_line    0x000003e8      0x231 ./src/interrupt.o
 .debug_line    0x00000619      0x433 ./src/libc-hooks.o
 .debug_line    0x00000a4c      0x15a ./src/main.o
 .debug_line    0x00000ba6     0x33cb ./src/startrek.o
 .debug_line    0x00003f71      0x11b ./src/startrek_doc.o
 .debug_line    0x0000408c      0x160 ./src/system.o
 .debug_line    0x000041ec      0x363 ./src/uart.o
 .debug_line    0x0000454f     0x1615 ./src/xprintf.o
 .debug_line    0x00005b64      0x713 /opt/riscv/lib/gcc/riscv64-unknown-elf/12.2.0/rv32imafc/ilp32f/libgcc.a(_udivdi3.o)
 .debug_line    0x00006277      0x78d /opt/riscv/lib/gcc/riscv64-unknown-elf/12.2.0/rv32imafc/ilp32f/libgcc.a(_umoddi3.o)
 .debug_line    0x00006a04     0x16af /opt/riscv/lib/gcc/riscv64-unknown-elf/12.2.0/rv32imafc/ilp32f/libgcc.a(adddf3.o)
 .debug_line    0x000080b3     0x123f /opt/riscv/lib/gcc/riscv64-unknown-elf/12.2.0/rv32imafc/ilp32f/libgcc.a(divdf3.o)
 .debug_line    0x000092f2      0x271 /opt/riscv/lib/gcc/riscv64-unknown-elf/12.2.0/rv32imafc/ilp32f/libgcc.a(eqdf2.o)
 .debug_line    0x00009563      0x35e /opt/riscv/lib/gcc/riscv64-unknown-elf/12.2.0/rv32imafc/ilp32f/libgcc.a(gedf2.o)
 .debug_line    0x000098c1      0x35e /opt/riscv/lib/gcc/riscv64-unknown-elf/12.2.0/rv32imafc/ilp32f/libgcc.a(ledf2.o)
 .debug_line    0x00009c1f     0x109d /opt/riscv/lib/gcc/riscv64-unknown-elf/12.2.0/rv32imafc/ilp32f/libgcc.a(muldf3.o)
 .debug_line    0x0000acbc     0x17c7 /opt/riscv/lib/gcc/riscv64-unknown-elf/12.2.0/rv32imafc/ilp32f/libgcc.a(subdf3.o)
 .debug_line    0x0000c483      0x20b /opt/riscv/lib/gcc/riscv64-unknown-elf/12.2.0/rv32imafc/ilp32f/libgcc.a(unorddf2.o)
 .debug_line    0x0000c68e      0x295 /opt/riscv/lib/gcc/riscv64-unknown-elf/12.2.0/rv32imafc/ilp32f/libgcc.a(fixdfsi.o)
 .debug_line    0x0000c923      0x22b /opt/riscv/lib/gcc/riscv64-unknown-elf/12.2.0/rv32imafc/ilp32f/libgcc.a(fixunsdfsi.o)
 .debug_line    0x0000cb4e      0x223 /opt/riscv/lib/gcc/riscv64-unknown-elf/12.2.0/rv32imafc/ilp32f/libgcc.a(floatsidf.o)
 .debug_line    0x0000cd71      0x241 /opt/riscv/lib/gcc/riscv64-unknown-elf/12.2.0/rv32imafc/ilp32f/libgcc.a(floatunsidf.o)
 .debug_line    0x0000cfb2      0x30f /opt/riscv/lib/gcc/riscv64-unknown-elf/12.2.0/rv32imafc/ilp32f/libgcc.a(fixdfdi.o)
 .debug_line    0x0000d2c1      0x4e7 /opt/riscv/lib/gcc/riscv64-unknown-elf/12.2.0/rv32imafc/ilp32f/libgcc.a(floatdidf.o)
 .debug_line    0x0000d7a8      0x107 /opt/riscv/lib/gcc/riscv64-unknown-elf/12.2.0/rv32imafc/ilp32f/libgcc.a(_lshrdi3.o)
 .debug_line    0x0000d8af      0x107 /opt/riscv/lib/gcc/riscv64-unknown-elf/12.2.0/rv32imafc/ilp32f/libgcc.a(_ashldi3.o)
 .debug_line    0x0000d9b6       0x3f /opt/riscv/lib/gcc/riscv64-unknown-elf/12.2.0/rv32imafc/ilp32f/libgcc.a(_clz.o)
 .debug_line    0x0000d9f5       0xcb /opt/riscv/lib/gcc/riscv64-unknown-elf/12.2.0/rv32imafc/ilp32f/libgcc.a(_clzsi2.o)

.debug_str      0x00000000     0x9353
 .debug_str     0x00000000     0x70bd ./src/gpio.o
                               0x72b9 (size before relaxing)
 .debug_str     0x000070bd      0x220 ./src/interrupt.o
                               0x74b3 (size before relaxing)
 .debug_str     0x000072dd      0x73c ./src/libc-hooks.o
                               0x6d36 (size before relaxing)
 .debug_str     0x00007a19      0x92d ./src/main.o
                               0x7d5a (size before relaxing)
 .debug_str     0x00008346      0x6b0 ./src/startrek.o
                               0x822d (size before relaxing)
 .debug_str     0x000089f6        0x6 ./src/startrek_doc.o
                               0x70a4 (size before relaxing)
 .debug_str     0x000089fc       0x15 ./src/system.o
                               0x717b (size before relaxing)
 .debug_str     0x00008a11       0x5e ./src/uart.o
                               0x7436 (size before relaxing)
 .debug_str     0x00008a6f      0x15b ./src/xprintf.o
                               0x5f29 (size before relaxing)
 .debug_str     0x00008bca      0x1a7 /opt/riscv/lib/gcc/riscv64-unknown-elf/12.2.0/rv32imafc/ilp32f/libgcc.a(_udivdi3.o)
                                0x257 (size before relaxing)
 .debug_str     0x00008d71        0xa /opt/riscv/lib/gcc/riscv64-unknown-elf/12.2.0/rv32imafc/ilp32f/libgcc.a(_umoddi3.o)
                                0x257 (size before relaxing)
 .debug_str     0x00008d7b      0x21c /opt/riscv/lib/gcc/riscv64-unknown-elf/12.2.0/rv32imafc/ilp32f/libgcc.a(adddf3.o)
                                0x2b1 (size before relaxing)
 .debug_str     0x00008f97      0x16b /opt/riscv/lib/gcc/riscv64-unknown-elf/12.2.0/rv32imafc/ilp32f/libgcc.a(divdf3.o)
                                0x373 (size before relaxing)
 .debug_str     0x00009102       0x27 /opt/riscv/lib/gcc/riscv64-unknown-elf/12.2.0/rv32imafc/ilp32f/libgcc.a(eqdf2.o)
                                0x1c3 (size before relaxing)
 .debug_str     0x00009129       0x2c /opt/riscv/lib/gcc/riscv64-unknown-elf/12.2.0/rv32imafc/ilp32f/libgcc.a(gedf2.o)
                                0x1e7 (size before relaxing)
 .debug_str     0x00009155        0x8 /opt/riscv/lib/gcc/riscv64-unknown-elf/12.2.0/rv32imafc/ilp32f/libgcc.a(ledf2.o)
                                0x1e7 (size before relaxing)
 .debug_str     0x0000915d      0x12e /opt/riscv/lib/gcc/riscv64-unknown-elf/12.2.0/rv32imafc/ilp32f/libgcc.a(muldf3.o)
                                0x3cb (size before relaxing)
 .debug_str     0x0000928b        0x9 /opt/riscv/lib/gcc/riscv64-unknown-elf/12.2.0/rv32imafc/ilp32f/libgcc.a(subdf3.o)
                                0x2b1 (size before relaxing)
 .debug_str     0x00009294        0xb /opt/riscv/lib/gcc/riscv64-unknown-elf/12.2.0/rv32imafc/ilp32f/libgcc.a(unorddf2.o)
                                0x1c6 (size before relaxing)
 .debug_str     0x0000929f       0x1d /opt/riscv/lib/gcc/riscv64-unknown-elf/12.2.0/rv32imafc/ilp32f/libgcc.a(fixdfsi.o)
                                0x1be (size before relaxing)
 .debug_str     0x000092bc        0xd /opt/riscv/lib/gcc/riscv64-unknown-elf/12.2.0/rv32imafc/ilp32f/libgcc.a(fixunsdfsi.o)
                                0x1ba (size before relaxing)
 .debug_str     0x000092c9       0x39 /opt/riscv/lib/gcc/riscv64-unknown-elf/12.2.0/rv32imafc/ilp32f/libgcc.a(floatsidf.o)
                                0x25b (size before relaxing)
 .debug_str     0x00009302        0xe /opt/riscv/lib/gcc/riscv64-unknown-elf/12.2.0/rv32imafc/ilp32f/libgcc.a(floatunsidf.o)
                                0x256 (size before relaxing)
 .debug_str     0x00009310       0x14 /opt/riscv/lib/gcc/riscv64-unknown-elf/12.2.0/rv32imafc/ilp32f/libgcc.a(fixdfdi.o)
                                0x1c8 (size before relaxing)
 .debug_str     0x00009324       0x16 /opt/riscv/lib/gcc/riscv64-unknown-elf/12.2.0/rv32imafc/ilp32f/libgcc.a(floatdidf.o)
                                0x279 (size before relaxing)
 .debug_str     0x0000933a       0x19 /opt/riscv/lib/gcc/riscv64-unknown-elf/12.2.0/rv32imafc/ilp32f/libgcc.a(_lshrdi3.o)
                                0x1e1 (size before relaxing)
 .debug_str     0x00009353      0x1e1 /opt/riscv/lib/gcc/riscv64-unknown-elf/12.2.0/rv32imafc/ilp32f/libgcc.a(_ashldi3.o)
 .debug_str     0x00009353      0x1a4 /opt/riscv/lib/gcc/riscv64-unknown-elf/12.2.0/rv32imafc/ilp32f/libgcc.a(_clz.o)
 .debug_str     0x00009353      0x1c1 /opt/riscv/lib/gcc/riscv64-unknown-elf/12.2.0/rv32imafc/ilp32f/libgcc.a(_clzsi2.o)

.debug_line_str
                0x00000000      0x6a4
 .debug_line_str
                0x00000000      0x21b ./src/gpio.o
                                0x2cc (size before relaxing)
 .debug_line_str
                0x0000021b       0x2c ./src/interrupt.o
                                0x2f4 (size before relaxing)
 .debug_line_str
                0x00000247       0x2c ./src/libc-hooks.o
                                0x2c7 (size before relaxing)
 .debug_line_str
                0x00000273       0x32 ./src/main.o
                                0x312 (size before relaxing)
 .debug_line_str
                0x000002a5       0x25 ./src/startrek.o
                                0x331 (size before relaxing)
 .debug_line_str
                0x000002ca       0x16 ./src/startrek_doc.o
                                0x2dd (size before relaxing)
 .debug_line_str
                0x000002e0       0x10 ./src/system.o
                                0x2d1 (size before relaxing)
 .debug_line_str
                0x000002f0       0x17 ./src/uart.o
                                0x2e2 (size before relaxing)
 .debug_line_str
                0x00000307       0x11 ./src/xprintf.o
                                0x24c (size before relaxing)
 .debug_line_str
                0x00000318       0xbf /opt/riscv/lib/gcc/riscv64-unknown-elf/12.2.0/rv32imafc/ilp32f/libgcc.a(_udivdi3.o)
                                0x146 (size before relaxing)
 .debug_line_str
                0x000003d7      0x146 /opt/riscv/lib/gcc/riscv64-unknown-elf/12.2.0/rv32imafc/ilp32f/libgcc.a(_umoddi3.o)
 .debug_line_str
                0x000003d7       0x5a /opt/riscv/lib/gcc/riscv64-unknown-elf/12.2.0/rv32imafc/ilp32f/libgcc.a(adddf3.o)
                                0x152 (size before relaxing)
 .debug_line_str
                0x00000431       0x37 /opt/riscv/lib/gcc/riscv64-unknown-elf/12.2.0/rv32imafc/ilp32f/libgcc.a(divdf3.o)
                                0x15c (size before relaxing)
 .debug_line_str
                0x00000468       0x3c /opt/riscv/lib/gcc/riscv64-unknown-elf/12.2.0/rv32imafc/ilp32f/libgcc.a(eqdf2.o)
                                0x15f (size before relaxing)
 .debug_line_str
                0x000004a4       0x2c /opt/riscv/lib/gcc/riscv64-unknown-elf/12.2.0/rv32imafc/ilp32f/libgcc.a(gedf2.o)
                                0x15f (size before relaxing)
 .debug_line_str
                0x000004d0       0x2c /opt/riscv/lib/gcc/riscv64-unknown-elf/12.2.0/rv32imafc/ilp32f/libgcc.a(ledf2.o)
                                0x15f (size before relaxing)
 .debug_line_str
                0x000004fc       0x2d /opt/riscv/lib/gcc/riscv64-unknown-elf/12.2.0/rv32imafc/ilp32f/libgcc.a(muldf3.o)
                                0x15c (size before relaxing)
 .debug_line_str
                0x00000529       0x2d /opt/riscv/lib/gcc/riscv64-unknown-elf/12.2.0/rv32imafc/ilp32f/libgcc.a(subdf3.o)
                                0x152 (size before relaxing)
 .debug_line_str
                0x00000556       0x2f /opt/riscv/lib/gcc/riscv64-unknown-elf/12.2.0/rv32imafc/ilp32f/libgcc.a(unorddf2.o)
                                0x168 (size before relaxing)
 .debug_line_str
                0x00000585       0x2e /opt/riscv/lib/gcc/riscv64-unknown-elf/12.2.0/rv32imafc/ilp32f/libgcc.a(fixdfsi.o)
                                0x15f (size before relaxing)
 .debug_line_str
                0x000005b3       0x31 /opt/riscv/lib/gcc/riscv64-unknown-elf/12.2.0/rv32imafc/ilp32f/libgcc.a(fixunsdfsi.o)
                                0x168 (size before relaxing)
 .debug_line_str
                0x000005e4       0x30 /opt/riscv/lib/gcc/riscv64-unknown-elf/12.2.0/rv32imafc/ilp32f/libgcc.a(floatsidf.o)
                                0x165 (size before relaxing)
 .debug_line_str
                0x00000614       0x32 /opt/riscv/lib/gcc/riscv64-unknown-elf/12.2.0/rv32imafc/ilp32f/libgcc.a(floatunsidf.o)
                                0x16b (size before relaxing)
 .debug_line_str
                0x00000646       0x2e /opt/riscv/lib/gcc/riscv64-unknown-elf/12.2.0/rv32imafc/ilp32f/libgcc.a(fixdfdi.o)
                                0x15f (size before relaxing)
 .debug_line_str
                0x00000674       0x30 /opt/riscv/lib/gcc/riscv64-unknown-elf/12.2.0/rv32imafc/ilp32f/libgcc.a(floatdidf.o)
                                0x165 (size before relaxing)
 .debug_line_str
                0x000006a4      0x146 /opt/riscv/lib/gcc/riscv64-unknown-elf/12.2.0/rv32imafc/ilp32f/libgcc.a(_lshrdi3.o)
 .debug_line_str
                0x000006a4      0x146 /opt/riscv/lib/gcc/riscv64-unknown-elf/12.2.0/rv32imafc/ilp32f/libgcc.a(_ashldi3.o)
 .debug_line_str
                0x000006a4      0x146 /opt/riscv/lib/gcc/riscv64-unknown-elf/12.2.0/rv32imafc/ilp32f/libgcc.a(_clz.o)
 .debug_line_str
                0x000006a4      0x146 /opt/riscv/lib/gcc/riscv64-unknown-elf/12.2.0/rv32imafc/ilp32f/libgcc.a(_clzsi2.o)

.comment        0x00000000       0x2d
 .comment       0x00000000       0x1b ./src/gpio.o
                                 0x1c (size before relaxing)
 .comment       0x0000001b       0x1c ./src/interrupt.o
 .comment       0x0000001b       0x1c ./src/libc-hooks.o
 .comment       0x0000001b       0x1c ./src/main.o
 .comment       0x0000001b       0x1c ./src/startrek.o
 .comment       0x0000001b       0x1c ./src/startrek_doc.o
 .comment       0x0000001b       0x1c ./src/system.o
 .comment       0x0000001b       0x1c ./src/uart.o
 .comment       0x0000001b       0x1c ./src/xprintf.o
 .comment       0x0000001b       0x12 /opt/riscv/riscv64-unknown-elf/lib/rv32imafc/ilp32f/libm.a(lib_a-w_pow.o)
                                 0x13 (size before relaxing)
 .comment       0x0000002d       0x13 /opt/riscv/riscv64-unknown-elf/lib/rv32imafc/ilp32f/libm.a(lib_a-w_sqrt.o)
 .comment       0x0000002d       0x13 /opt/riscv/riscv64-unknown-elf/lib/rv32imafc/ilp32f/libm.a(lib_a-e_pow.o)
 .comment       0x0000002d       0x13 /opt/riscv/riscv64-unknown-elf/lib/rv32imafc/ilp32f/libm.a(lib_a-e_sqrt.o)
 .comment       0x0000002d       0x13 /opt/riscv/riscv64-unknown-elf/lib/rv32imafc/ilp32f/libm.a(lib_a-math_err.o)
 .comment       0x0000002d       0x13 /opt/riscv/riscv64-unknown-elf/lib/rv32imafc/ilp32f/libm.a(lib_a-s_fabs.o)
 .comment       0x0000002d       0x13 /opt/riscv/riscv64-unknown-elf/lib/rv32imafc/ilp32f/libm.a(lib_a-s_finite.o)
 .comment       0x0000002d       0x13 /opt/riscv/riscv64-unknown-elf/lib/rv32imafc/ilp32f/libm.a(lib_a-s_scalbn.o)
 .comment       0x0000002d       0x13 /opt/riscv/riscv64-unknown-elf/lib/rv32imafc/ilp32f/libc.a(lib_a-atof.o)
 .comment       0x0000002d       0x13 /opt/riscv/riscv64-unknown-elf/lib/rv32imafc/ilp32f/libc.a(lib_a-atoi.o)
 .comment       0x0000002d       0x13 /opt/riscv/riscv64-unknown-elf/lib/rv32imafc/ilp32f/libc.a(lib_a-errno.o)
 .comment       0x0000002d       0x13 /opt/riscv/riscv64-unknown-elf/lib/rv32imafc/ilp32f/libc.a(lib_a-exit.o)
 .comment       0x0000002d       0x13 /opt/riscv/riscv64-unknown-elf/lib/rv32imafc/ilp32f/libc.a(lib_a-getchar.o)
 .comment       0x0000002d       0x13 /opt/riscv/riscv64-unknown-elf/lib/rv32imafc/ilp32f/libc.a(lib_a-impure.o)
 .comment       0x0000002d       0x13 /opt/riscv/riscv64-unknown-elf/lib/rv32imafc/ilp32f/libc.a(lib_a-rand.o)
 .comment       0x0000002d       0x13 /opt/riscv/riscv64-unknown-elf/lib/rv32imafc/ilp32f/libc.a(lib_a-strcat.o)
 .comment       0x0000002d       0x13 /opt/riscv/riscv64-unknown-elf/lib/rv32imafc/ilp32f/libc.a(lib_a-strcpy.o)
 .comment       0x0000002d       0x13 /opt/riscv/riscv64-unknown-elf/lib/rv32imafc/ilp32f/libc.a(lib_a-strlen.o)
 .comment       0x0000002d       0x13 /opt/riscv/riscv64-unknown-elf/lib/rv32imafc/ilp32f/libc.a(lib_a-strncmp.o)
 .comment       0x0000002d       0x13 /opt/riscv/riscv64-unknown-elf/lib/rv32imafc/ilp32f/libc.a(lib_a-strtod.o)
 .comment       0x0000002d       0x13 /opt/riscv/riscv64-unknown-elf/lib/rv32imafc/ilp32f/libc.a(lib_a-strtol.o)
 .comment       0x0000002d       0x13 /opt/riscv/riscv64-unknown-elf/lib/rv32imafc/ilp32f/libc.a(lib_a-__call_atexit.o)
 .comment       0x0000002d       0x13 /opt/riscv/riscv64-unknown-elf/lib/rv32imafc/ilp32f/libc.a(lib_a-ctype_.o)
 .comment       0x0000002d       0x13 /opt/riscv/riscv64-unknown-elf/lib/rv32imafc/ilp32f/libc.a(lib_a-gdtoa-gethex.o)
 .comment       0x0000002d       0x13 /opt/riscv/riscv64-unknown-elf/lib/rv32imafc/ilp32f/libc.a(lib_a-gdtoa-hexnan.o)
 .comment       0x0000002d       0x13 /opt/riscv/riscv64-unknown-elf/lib/rv32imafc/ilp32f/libc.a(lib_a-getc.o)
 .comment       0x0000002d       0x13 /opt/riscv/riscv64-unknown-elf/lib/rv32imafc/ilp32f/libc.a(lib_a-lnumeric.o)
 .comment       0x0000002d       0x13 /opt/riscv/riscv64-unknown-elf/lib/rv32imafc/ilp32f/libc.a(lib_a-locale.o)
 .comment       0x0000002d       0x13 /opt/riscv/riscv64-unknown-elf/lib/rv32imafc/ilp32f/libc.a(lib_a-mbtowc_r.o)
 .comment       0x0000002d       0x13 /opt/riscv/riscv64-unknown-elf/lib/rv32imafc/ilp32f/libc.a(lib_a-memcpy.o)
 .comment       0x0000002d       0x13 /opt/riscv/riscv64-unknown-elf/lib/rv32imafc/ilp32f/libc.a(lib_a-mprec.o)
 .comment       0x0000002d       0x13 /opt/riscv/riscv64-unknown-elf/lib/rv32imafc/ilp32f/libc.a(lib_a-rget.o)
 .comment       0x0000002d       0x13 /opt/riscv/riscv64-unknown-elf/lib/rv32imafc/ilp32f/libc.a(lib_a-s_nan.o)
 .comment       0x0000002d       0x13 /opt/riscv/riscv64-unknown-elf/lib/rv32imafc/ilp32f/libc.a(lib_a-wctomb_r.o)
 .comment       0x0000002d       0x13 /opt/riscv/riscv64-unknown-elf/lib/rv32imafc/ilp32f/libc.a(lib_a-assert.o)
 .comment       0x0000002d       0x13 /opt/riscv/riscv64-unknown-elf/lib/rv32imafc/ilp32f/libc.a(lib_a-callocr.o)
 .comment       0x0000002d       0x13 /opt/riscv/riscv64-unknown-elf/lib/rv32imafc/ilp32f/libc.a(lib_a-findfp.o)
 .comment       0x0000002d       0x13 /opt/riscv/riscv64-unknown-elf/lib/rv32imafc/ilp32f/libc.a(lib_a-fiprintf.o)
 .comment       0x0000002d       0x13 /opt/riscv/riscv64-unknown-elf/lib/rv32imafc/ilp32f/libc.a(lib_a-fwalk.o)
 .comment       0x0000002d       0x13 /opt/riscv/riscv64-unknown-elf/lib/rv32imafc/ilp32f/libc.a(lib_a-mallocr.o)
 .comment       0x0000002d       0x13 /opt/riscv/riscv64-unknown-elf/lib/rv32imafc/ilp32f/libc.a(lib_a-mlock.o)
 .comment       0x0000002d       0x13 /opt/riscv/riscv64-unknown-elf/lib/rv32imafc/ilp32f/libc.a(lib_a-refill.o)
 .comment       0x0000002d       0x13 /opt/riscv/riscv64-unknown-elf/lib/rv32imafc/ilp32f/libc.a(lib_a-sbrkr.o)
 .comment       0x0000002d       0x13 /opt/riscv/riscv64-unknown-elf/lib/rv32imafc/ilp32f/libc.a(lib_a-stdio.o)
 .comment       0x0000002d       0x13 /opt/riscv/riscv64-unknown-elf/lib/rv32imafc/ilp32f/libc.a(lib_a-vfiprintf.o)
 .comment       0x0000002d       0x13 /opt/riscv/riscv64-unknown-elf/lib/rv32imafc/ilp32f/libc.a(lib_a-writer.o)
 .comment       0x0000002d       0x13 /opt/riscv/riscv64-unknown-elf/lib/rv32imafc/ilp32f/libc.a(lib_a-wsetup.o)
 .comment       0x0000002d       0x13 /opt/riscv/riscv64-unknown-elf/lib/rv32imafc/ilp32f/libc.a(lib_a-abort.o)
 .comment       0x0000002d       0x13 /opt/riscv/riscv64-unknown-elf/lib/rv32imafc/ilp32f/libc.a(lib_a-closer.o)
 .comment       0x0000002d       0x13 /opt/riscv/riscv64-unknown-elf/lib/rv32imafc/ilp32f/libc.a(lib_a-fclose.o)
 .comment       0x0000002d       0x13 /opt/riscv/riscv64-unknown-elf/lib/rv32imafc/ilp32f/libc.a(lib_a-fflush.o)
 .comment       0x0000002d       0x13 /opt/riscv/riscv64-unknown-elf/lib/rv32imafc/ilp32f/libc.a(lib_a-fputwc.o)
 .comment       0x0000002d       0x13 /opt/riscv/riscv64-unknown-elf/lib/rv32imafc/ilp32f/libc.a(lib_a-freer.o)
 .comment       0x0000002d       0x13 /opt/riscv/riscv64-unknown-elf/lib/rv32imafc/ilp32f/libc.a(lib_a-fvwrite.o)
 .comment       0x0000002d       0x13 /opt/riscv/riscv64-unknown-elf/lib/rv32imafc/ilp32f/libc.a(lib_a-localeconv.o)
 .comment       0x0000002d       0x13 /opt/riscv/riscv64-unknown-elf/lib/rv32imafc/ilp32f/libc.a(lib_a-lseekr.o)
 .comment       0x0000002d       0x13 /opt/riscv/riscv64-unknown-elf/lib/rv32imafc/ilp32f/libc.a(lib_a-makebuf.o)
 .comment       0x0000002d       0x13 /opt/riscv/riscv64-unknown-elf/lib/rv32imafc/ilp32f/libc.a(lib_a-memchr.o)
 .comment       0x0000002d       0x13 /opt/riscv/riscv64-unknown-elf/lib/rv32imafc/ilp32f/libc.a(lib_a-memmove-stub.o)
 .comment       0x0000002d       0x13 /opt/riscv/riscv64-unknown-elf/lib/rv32imafc/ilp32f/libc.a(lib_a-readr.o)
 .comment       0x0000002d       0x13 /opt/riscv/riscv64-unknown-elf/lib/rv32imafc/ilp32f/libc.a(lib_a-reallocr.o)
 .comment       0x0000002d       0x13 /opt/riscv/riscv64-unknown-elf/lib/rv32imafc/ilp32f/libc.a(lib_a-reent.o)
 .comment       0x0000002d       0x13 /opt/riscv/riscv64-unknown-elf/lib/rv32imafc/ilp32f/libc.a(lib_a-signal.o)
 .comment       0x0000002d       0x13 /opt/riscv/riscv64-unknown-elf/lib/rv32imafc/ilp32f/libc.a(lib_a-signalr.o)
 .comment       0x0000002d       0x13 /opt/riscv/riscv64-unknown-elf/lib/rv32imafc/ilp32f/libc.a(lib_a-strncpy.o)
 .comment       0x0000002d       0x13 /opt/riscv/riscv64-unknown-elf/lib/rv32imafc/ilp32f/libc.a(lib_a-wbuf.o)
 .comment       0x0000002d       0x13 /opt/riscv/riscv64-unknown-elf/lib/rv32imafc/ilp32f/libc.a(lib_a-wcrtomb.o)
 .comment       0x0000002d       0x13 /opt/riscv/riscv64-unknown-elf/lib/rv32imafc/ilp32f/libc.a(lib_a-fstatr.o)
 .comment       0x0000002d       0x13 /opt/riscv/riscv64-unknown-elf/lib/rv32imafc/ilp32f/libc.a(lib_a-isattyr.o)
 .comment       0x0000002d       0x1c /opt/riscv/lib/gcc/riscv64-unknown-elf/12.2.0/rv32imafc/ilp32f/libgcc.a(_udivdi3.o)
 .comment       0x0000002d       0x1c /opt/riscv/lib/gcc/riscv64-unknown-elf/12.2.0/rv32imafc/ilp32f/libgcc.a(_umoddi3.o)
 .comment       0x0000002d       0x1c /opt/riscv/lib/gcc/riscv64-unknown-elf/12.2.0/rv32imafc/ilp32f/libgcc.a(adddf3.o)
 .comment       0x0000002d       0x1c /opt/riscv/lib/gcc/riscv64-unknown-elf/12.2.0/rv32imafc/ilp32f/libgcc.a(divdf3.o)
 .comment       0x0000002d       0x1c /opt/riscv/lib/gcc/riscv64-unknown-elf/12.2.0/rv32imafc/ilp32f/libgcc.a(eqdf2.o)
 .comment       0x0000002d       0x1c /opt/riscv/lib/gcc/riscv64-unknown-elf/12.2.0/rv32imafc/ilp32f/libgcc.a(gedf2.o)
 .comment       0x0000002d       0x1c /opt/riscv/lib/gcc/riscv64-unknown-elf/12.2.0/rv32imafc/ilp32f/libgcc.a(ledf2.o)
 .comment       0x0000002d       0x1c /opt/riscv/lib/gcc/riscv64-unknown-elf/12.2.0/rv32imafc/ilp32f/libgcc.a(muldf3.o)
 .comment       0x0000002d       0x1c /opt/riscv/lib/gcc/riscv64-unknown-elf/12.2.0/rv32imafc/ilp32f/libgcc.a(subdf3.o)
 .comment       0x0000002d       0x1c /opt/riscv/lib/gcc/riscv64-unknown-elf/12.2.0/rv32imafc/ilp32f/libgcc.a(unorddf2.o)
 .comment       0x0000002d       0x1c /opt/riscv/lib/gcc/riscv64-unknown-elf/12.2.0/rv32imafc/ilp32f/libgcc.a(fixdfsi.o)
 .comment       0x0000002d       0x1c /opt/riscv/lib/gcc/riscv64-unknown-elf/12.2.0/rv32imafc/ilp32f/libgcc.a(fixunsdfsi.o)
 .comment       0x0000002d       0x1c /opt/riscv/lib/gcc/riscv64-unknown-elf/12.2.0/rv32imafc/ilp32f/libgcc.a(floatsidf.o)
 .comment       0x0000002d       0x1c /opt/riscv/lib/gcc/riscv64-unknown-elf/12.2.0/rv32imafc/ilp32f/libgcc.a(floatunsidf.o)
 .comment       0x0000002d       0x1c /opt/riscv/lib/gcc/riscv64-unknown-elf/12.2.0/rv32imafc/ilp32f/libgcc.a(fixdfdi.o)
 .comment       0x0000002d       0x1c /opt/riscv/lib/gcc/riscv64-unknown-elf/12.2.0/rv32imafc/ilp32f/libgcc.a(floatdidf.o)
 .comment       0x0000002d       0x1c /opt/riscv/lib/gcc/riscv64-unknown-elf/12.2.0/rv32imafc/ilp32f/libgcc.a(_lshrdi3.o)
 .comment       0x0000002d       0x1c /opt/riscv/lib/gcc/riscv64-unknown-elf/12.2.0/rv32imafc/ilp32f/libgcc.a(_ashldi3.o)
 .comment       0x0000002d       0x1c /opt/riscv/lib/gcc/riscv64-unknown-elf/12.2.0/rv32imafc/ilp32f/libgcc.a(_clz.o)
 .comment       0x0000002d       0x1c /opt/riscv/lib/gcc/riscv64-unknown-elf/12.2.0/rv32imafc/ilp32f/libgcc.a(_clzsi2.o)

.riscv.attributes
                0x00000000       0x46
 .riscv.attributes
                0x00000000       0x42 ./src/gpio.o
 .riscv.attributes
                0x00000042       0x46 ./src/interrupt.o
 .riscv.attributes
                0x00000088       0x42 ./src/libc-hooks.o
 .riscv.attributes
                0x000000ca       0x42 ./src/main.o
 .riscv.attributes
                0x0000010c       0x46 ./src/startrek.o
 .riscv.attributes
                0x00000152       0x42 ./src/startrek_doc.o
 .riscv.attributes
                0x00000194       0x46 ./src/system.o
 .riscv.attributes
                0x000001da       0x42 ./src/uart.o
 .riscv.attributes
                0x0000021c       0x42 ./src/xprintf.o
 .riscv.attributes
                0x0000025e       0x42 /opt/riscv/riscv64-unknown-elf/lib/rv32imafc/ilp32f/libm.a(lib_a-w_pow.o)
 .riscv.attributes
                0x000002a0       0x42 /opt/riscv/riscv64-unknown-elf/lib/rv32imafc/ilp32f/libm.a(lib_a-w_sqrt.o)
 .riscv.attributes
                0x000002e2       0x42 /opt/riscv/riscv64-unknown-elf/lib/rv32imafc/ilp32f/libm.a(lib_a-e_pow.o)
 .riscv.attributes
                0x00000324       0x42 /opt/riscv/riscv64-unknown-elf/lib/rv32imafc/ilp32f/libm.a(lib_a-e_sqrt.o)
 .riscv.attributes
                0x00000366       0x42 /opt/riscv/riscv64-unknown-elf/lib/rv32imafc/ilp32f/libm.a(lib_a-math_err.o)
 .riscv.attributes
                0x000003a8       0x42 /opt/riscv/riscv64-unknown-elf/lib/rv32imafc/ilp32f/libm.a(lib_a-s_fabs.o)
 .riscv.attributes
                0x000003ea       0x42 /opt/riscv/riscv64-unknown-elf/lib/rv32imafc/ilp32f/libm.a(lib_a-s_finite.o)
 .riscv.attributes
                0x0000042c       0x42 /opt/riscv/riscv64-unknown-elf/lib/rv32imafc/ilp32f/libm.a(lib_a-s_scalbn.o)
 .riscv.attributes
                0x0000046e       0x42 /opt/riscv/riscv64-unknown-elf/lib/rv32imafc/ilp32f/libc.a(lib_a-atof.o)
 .riscv.attributes
                0x000004b0       0x42 /opt/riscv/riscv64-unknown-elf/lib/rv32imafc/ilp32f/libc.a(lib_a-atoi.o)
 .riscv.attributes
                0x000004f2       0x42 /opt/riscv/riscv64-unknown-elf/lib/rv32imafc/ilp32f/libc.a(lib_a-errno.o)
 .riscv.attributes
                0x00000534       0x42 /opt/riscv/riscv64-unknown-elf/lib/rv32imafc/ilp32f/libc.a(lib_a-exit.o)
 .riscv.attributes
                0x00000576       0x42 /opt/riscv/riscv64-unknown-elf/lib/rv32imafc/ilp32f/libc.a(lib_a-getchar.o)
 .riscv.attributes
                0x000005b8       0x42 /opt/riscv/riscv64-unknown-elf/lib/rv32imafc/ilp32f/libc.a(lib_a-impure.o)
 .riscv.attributes
                0x000005fa       0x42 /opt/riscv/riscv64-unknown-elf/lib/rv32imafc/ilp32f/libc.a(lib_a-rand.o)
 .riscv.attributes
                0x0000063c       0x42 /opt/riscv/riscv64-unknown-elf/lib/rv32imafc/ilp32f/libc.a(lib_a-strcat.o)
 .riscv.attributes
                0x0000067e       0x42 /opt/riscv/riscv64-unknown-elf/lib/rv32imafc/ilp32f/libc.a(lib_a-strcpy.o)
 .riscv.attributes
                0x000006c0       0x42 /opt/riscv/riscv64-unknown-elf/lib/rv32imafc/ilp32f/libc.a(lib_a-strlen.o)
 .riscv.attributes
                0x00000702       0x42 /opt/riscv/riscv64-unknown-elf/lib/rv32imafc/ilp32f/libc.a(lib_a-strncmp.o)
 .riscv.attributes
                0x00000744       0x42 /opt/riscv/riscv64-unknown-elf/lib/rv32imafc/ilp32f/libc.a(lib_a-strtod.o)
 .riscv.attributes
                0x00000786       0x42 /opt/riscv/riscv64-unknown-elf/lib/rv32imafc/ilp32f/libc.a(lib_a-strtol.o)
 .riscv.attributes
                0x000007c8       0x42 /opt/riscv/riscv64-unknown-elf/lib/rv32imafc/ilp32f/libc.a(lib_a-__call_atexit.o)
 .riscv.attributes
                0x0000080a       0x42 /opt/riscv/riscv64-unknown-elf/lib/rv32imafc/ilp32f/libc.a(lib_a-ctype_.o)
 .riscv.attributes
                0x0000084c       0x42 /opt/riscv/riscv64-unknown-elf/lib/rv32imafc/ilp32f/libc.a(lib_a-gdtoa-gethex.o)
 .riscv.attributes
                0x0000088e       0x42 /opt/riscv/riscv64-unknown-elf/lib/rv32imafc/ilp32f/libc.a(lib_a-gdtoa-hexnan.o)
 .riscv.attributes
                0x000008d0       0x42 /opt/riscv/riscv64-unknown-elf/lib/rv32imafc/ilp32f/libc.a(lib_a-getc.o)
 .riscv.attributes
                0x00000912       0x42 /opt/riscv/riscv64-unknown-elf/lib/rv32imafc/ilp32f/libc.a(lib_a-lnumeric.o)
 .riscv.attributes
                0x00000954       0x42 /opt/riscv/riscv64-unknown-elf/lib/rv32imafc/ilp32f/libc.a(lib_a-locale.o)
 .riscv.attributes
                0x00000996       0x42 /opt/riscv/riscv64-unknown-elf/lib/rv32imafc/ilp32f/libc.a(lib_a-mbtowc_r.o)
 .riscv.attributes
                0x000009d8       0x42 /opt/riscv/riscv64-unknown-elf/lib/rv32imafc/ilp32f/libc.a(lib_a-memcpy.o)
 .riscv.attributes
                0x00000a1a       0x42 /opt/riscv/riscv64-unknown-elf/lib/rv32imafc/ilp32f/libc.a(lib_a-mprec.o)
 .riscv.attributes
                0x00000a5c       0x42 /opt/riscv/riscv64-unknown-elf/lib/rv32imafc/ilp32f/libc.a(lib_a-rget.o)
 .riscv.attributes
                0x00000a9e       0x42 /opt/riscv/riscv64-unknown-elf/lib/rv32imafc/ilp32f/libc.a(lib_a-s_nan.o)
 .riscv.attributes
                0x00000ae0       0x42 /opt/riscv/riscv64-unknown-elf/lib/rv32imafc/ilp32f/libc.a(lib_a-wctomb_r.o)
 .riscv.attributes
                0x00000b22       0x42 /opt/riscv/riscv64-unknown-elf/lib/rv32imafc/ilp32f/libc.a(lib_a-assert.o)
 .riscv.attributes
                0x00000b64       0x42 /opt/riscv/riscv64-unknown-elf/lib/rv32imafc/ilp32f/libc.a(lib_a-callocr.o)
 .riscv.attributes
                0x00000ba6       0x42 /opt/riscv/riscv64-unknown-elf/lib/rv32imafc/ilp32f/libc.a(lib_a-findfp.o)
 .riscv.attributes