Archive member included to satisfy reference by file (symbol)

/opt/riscv/riscv64-unknown-elf/lib/rv32imafc/ilp32f/libm.a(lib_a-w_pow.o)
                              ./src/startrek.o (pow)
/opt/riscv/riscv64-unknown-elf/lib/rv32imafc/ilp32f/libm.a(lib_a-w_sqrt.o)
                              ./src/startrek.o (sqrt)
/opt/riscv/riscv64-unknown-elf/lib/rv32imafc/ilp32f/libm.a(lib_a-e_pow.o)
                              /opt/riscv/riscv64-unknown-elf/lib/rv32imafc/ilp32f/libm.a(lib_a-w_pow.o) (__ieee754_pow)
/opt/riscv/riscv64-unknown-elf/lib/rv32imafc/ilp32f/libm.a(lib_a-e_sqrt.o)
                              /opt/riscv/riscv64-unknown-elf/lib/rv32imafc/ilp32f/libm.a(lib_a-w_sqrt.o) (__ieee754_sqrt)
/opt/riscv/riscv64-unknown-elf/lib/rv32imafc/ilp32f/libm.a(lib_a-math_err.o)
                              /opt/riscv/riscv64-unknown-elf/lib/rv32imafc/ilp32f/libm.a(lib_a-e_pow.o) (__math_uflow)
/opt/riscv/riscv64-unknown-elf/lib/rv32imafc/ilp32f/libm.a(lib_a-s_fabs.o)
                              /opt/riscv/riscv64-unknown-elf/lib/rv32imafc/ilp32f/libm.a(lib_a-e_pow.o) (fabs)
/opt/riscv/riscv64-unknown-elf/lib/rv32imafc/ilp32f/libm.a(lib_a-s_finite.o)
                              /opt/riscv/riscv64-unknown-elf/lib/rv32imafc/ilp32f/libm.a(lib_a-w_pow.o) (finite)
/opt/riscv/riscv64-unknown-elf/lib/rv32imafc/ilp32f/libm.a(lib_a-s_scalbn.o)
                              /opt/riscv/riscv64-unknown-elf/lib/rv32imafc/ilp32f/libm.a(lib_a-e_pow.o) (scalbn)
/opt/riscv/riscv64-unknown-elf/lib/rv32imafc/ilp32f/libc.a(lib_a-atof.o)
                              ./src/startrek.o (atof)
/opt/riscv/riscv64-unknown-elf/lib/rv32imafc/ilp32f/libc.a(lib_a-atoi.o)
                              ./src/startrek.o (atoi)
/opt/riscv/riscv64-unknown-elf/lib/rv32imafc/ilp32f/libc.a(lib_a-errno.o)
                              /opt/riscv/riscv64-unknown-elf/lib/rv32imafc/ilp32f/libm.a(lib_a-w_pow.o) (__errno)
/opt/riscv/riscv64-unknown-elf/lib/rv32imafc/ilp32f/libc.a(lib_a-exit.o)
                              ./src/startrek.o (exit)
/opt/riscv/riscv64-unknown-elf/lib/rv32imafc/ilp32f/libc.a(lib_a-getchar.o)
                              ./src/startrek.o (getchar)
/opt/riscv/riscv64-unknown-elf/lib/rv32imafc/ilp32f/libc.a(lib_a-impure.o)
                              /opt/riscv/riscv64-unknown-elf/lib/rv32imafc/ilp32f/libc.a(lib_a-exit.o) (_global_impure_ptr)
/opt/riscv/riscv64-unknown-elf/lib/rv32imafc/ilp32f/libc.a(lib_a-rand.o)
                              ./src/startrek.o (srand)
/opt/riscv/riscv64-unknown-elf/lib/rv32imafc/ilp32f/libc.a(lib_a-strcat.o)
                              ./src/startrek.o (strcat)
/opt/riscv/riscv64-unknown-elf/lib/rv32imafc/ilp32f/libc.a(lib_a-strcpy.o)
                              ./src/startrek.o (strcpy)
/opt/riscv/riscv64-unknown-elf/lib/rv32imafc/ilp32f/libc.a(lib_a-strlen.o)
                              ./src/startrek.o (strlen)
/opt/riscv/riscv64-unknown-elf/lib/rv32imafc/ilp32f/libc.a(lib_a-strncmp.o)
                              ./src/startrek.o (strncmp)
/opt/riscv/riscv64-unknown-elf/lib/rv32imafc/ilp32f/libc.a(lib_a-strtod.o)
                              /opt/riscv/riscv64-unknown-elf/lib/rv32imafc/ilp32f/libc.a(lib_a-atof.o) (strtod)
/opt/riscv/riscv64-unknown-elf/lib/rv32imafc/ilp32f/libc.a(lib_a-strtol.o)
                              /opt/riscv/riscv64-unknown-elf/lib/rv32imafc/ilp32f/libc.a(lib_a-atoi.o) (_strtol_r)
/opt/riscv/riscv64-unknown-elf/lib/rv32imafc/ilp32f/libc.a(lib_a-__call_atexit.o)
                              /opt/riscv/riscv64-unknown-elf/lib/rv32imafc/ilp32f/libc.a(lib_a-exit.o) (__call_exitprocs)
/opt/riscv/riscv64-unknown-elf/lib/rv32imafc/ilp32f/libc.a(lib_a-atexit.o)
                              /opt/riscv/riscv64-unknown-elf/lib/rv32imafc/ilp32f/libc.a(lib_a-__call_atexit.o) (atexit)
/opt/riscv/riscv64-unknown-elf/lib/rv32imafc/ilp32f/libc.a(lib_a-ctype_.o)
                              /opt/riscv/riscv64-unknown-elf/lib/rv32imafc/ilp32f/libc.a(lib_a-strtol.o) (_ctype_)
/opt/riscv/riscv64-unknown-elf/lib/rv32imafc/ilp32f/libc.a(lib_a-fini.o)
                              /opt/riscv/riscv64-unknown-elf/lib/rv32imafc/ilp32f/libc.a(lib_a-__call_atexit.o) (__libc_fini_array)
/opt/riscv/riscv64-unknown-elf/lib/rv32imafc/ilp32f/libc.a(lib_a-gdtoa-gethex.o)
                              /opt/riscv/riscv64-unknown-elf/lib/rv32imafc/ilp32f/libc.a(lib_a-strtod.o) (__gethex)
/opt/riscv/riscv64-unknown-elf/lib/rv32imafc/ilp32f/libc.a(lib_a-gdtoa-hexnan.o)
                              /opt/riscv/riscv64-unknown-elf/lib/rv32imafc/ilp32f/libc.a(lib_a-strtod.o) (__match)
/opt/riscv/riscv64-unknown-elf/lib/rv32imafc/ilp32f/libc.a(lib_a-getc.o)
                              /opt/riscv/riscv64-unknown-elf/lib/rv32imafc/ilp32f/libc.a(lib_a-getchar.o) (_getc_r)
/opt/riscv/riscv64-unknown-elf/lib/rv32imafc/ilp32f/libc.a(lib_a-lnumeric.o)
                              /opt/riscv/riscv64-unknown-elf/lib/rv32imafc/ilp32f/libc.a(lib_a-strtod.o) (_C_numeric_locale)
[...]
Memory Configuration

Name             Origin             Length             Attributes
ROM              0x90000000         0x00020000         xr
RAM              0x88000000         0x0000c000         rw
*default*        0x00000000         0xffffffff

Linker script and memory map

LOAD ./src/gpio.o
LOAD ./src/interrupt.o
LOAD ./src/libc-hooks.o
LOAD ./src/main.o
LOAD ./src/startrek.o
LOAD ./src/startrek_doc.o
LOAD ./src/startup.o
LOAD ./src/system.o
LOAD ./src/uart.o
LOAD ./src/xprintf.o
LOAD /opt/riscv/riscv64-unknown-elf/lib/rv32imafc/ilp32f/libm.a
LOAD /opt/riscv/riscv64-unknown-elf/lib/rv32imafc/ilp32f/libc.a
LOAD /opt/riscv/lib/gcc/riscv64-unknown-elf/12.2.0/rv32imafc/ilp32f/libgcc.a
                0x00008000                        STACK_SIZE = 0x8000

.vectors        0x90000000      0x148
                0x90000000                        . = ALIGN (0x100)
 *(.vectors)
 .vectors       0x90000000      0x144 ./src/startup.o
 FILL mask 0x00000000
                0x90000144        0x4 LONG 0x0

.trap           0x90000150       0xb6
                0x90000200                        . = ALIGN (0x100)
 *fill*         0x90000150       0xb0 
 *(.trap)
 .trap          0x90000200        0x2 ./src/startup.o
 FILL mask 0x00000000
                0x90000202        0x4 LONG 0x0

.startup        0x90000206      0x17a
                0x90000300                        . = ALIGN (0x100)
 *fill*         0x90000206       0xfa 
 *(.startup*)
 .startup       0x90000300       0x7c ./src/startup.o
                0x90000300                _start
 *(.startup)
 FILL mask 0x00000000
                0x9000037c        0x4 LONG 0x0

.text           0x90000380    0x1036c
                0x90000400                        . = ALIGN (0x100)
 *fill*         0x90000380       0x80 
                [!provide]                        PROVIDE (__TEXT_START__ = .)
 *(.text.main)
 .text.main     0x90000400       0x22 ./src/main.o
                0x90000400                main
 *(.text)
 .text          0x90000422       0xa8 /opt/riscv/riscv64-unknown-elf/lib/rv32imafc/ilp32f/libc.a(lib_a-memset.o)
                0x90000422                memset
 .text          0x900004ca      0x35e /opt/riscv/lib/gcc/riscv64-unknown-elf/12.2.0/rv32imafc/ilp32f/libgcc.a(_udivdi3.o)
                0x900004ca                __udivdi3
 .text          0x90000828      0x328 /opt/riscv/lib/gcc/riscv64-unknown-elf/12.2.0/rv32imafc/ilp32f/libgcc.a(_umoddi3.o)
                0x90000828                __umoddi3
 .text          0x90000b50      0x978 /opt/riscv/lib/gcc/riscv64-unknown-elf/12.2.0/rv32imafc/ilp32f/libgcc.a(adddf3.o)
                0x90000b50                __adddf3
 .text          0x900014c8      0x676 /opt/riscv/lib/gcc/riscv64-unknown-elf/12.2.0/rv32imafc/ilp32f/libgcc.a(divdf3.o)
                0x900014c8                __divdf3
 .text          0x90001b3e       0x96 /opt/riscv/lib/gcc/riscv64-unknown-elf/12.2.0/rv32imafc/ilp32f/libgcc.a(eqdf2.o)
                0x90001b3e                __eqdf2
                0x90001b3e                __nedf2
 .text          0x90001bd4       0xc8 /opt/riscv/lib/gcc/riscv64-unknown-elf/12.2.0/rv32imafc/ilp32f/libgcc.a(gedf2.o)
                0x90001bd4                __gtdf2
                0x90001bd4                __gedf2
 .text          0x90001c9c       0xc8 /opt/riscv/lib/gcc/riscv64-unknown-elf/12.2.0/rv32imafc/ilp32f/libgcc.a(ledf2.o)
                0x90001c9c                __ltdf2
                0x90001c9c                __ledf2
 .text          0x90001d64      0x5bc /opt/riscv/lib/gcc/riscv64-unknown-elf/12.2.0/rv32imafc/ilp32f/libgcc.a(muldf3.o)
                0x90001d64                __muldf3
 .text          0x90002320      0x97e /opt/riscv/lib/gcc/riscv64-unknown-elf/12.2.0/rv32imafc/ilp32f/libgcc.a(subdf3.o)
                0x90002320                __subdf3
 .text          0x90002c9e       0x62 /opt/riscv/lib/gcc/riscv64-unknown-elf/12.2.0/rv32imafc/ilp32f/libgcc.a(unorddf2.o)
                0x90002c9e                __unorddf2
 .text          0x90002d00       0xce /opt/riscv/lib/gcc/riscv64-unknown-elf/12.2.0/rv32imafc/ilp32f/libgcc.a(fixdfsi.o)
                0x90002d00                __fixdfsi
 .text          0x90002dce       0x94 /opt/riscv/lib/gcc/riscv64-unknown-elf/12.2.0/rv32imafc/ilp32f/libgcc.a(fixunsdfsi.o)
                0x90002dce                __fixunsdfsi
 .text          0x90002e62       0x66 /opt/riscv/lib/gcc/riscv64-unknown-elf/12.2.0/rv32imafc/ilp32f/libgcc.a(floatsidf.o)
                0x90002e62                __floatsidf
 .text          0x90002ec8       0x4c /opt/riscv/lib/gcc/riscv64-unknown-elf/12.2.0/rv32imafc/ilp32f/libgcc.a(floatunsidf.o)
                0x90002ec8                __floatunsidf
 .text          0x90002f14      0x10e /opt/riscv/lib/gcc/riscv64-unknown-elf/12.2.0/rv32imafc/ilp32f/libgcc.a(fixdfdi.o)
                0x90002f14                __fixdfdi
 .text          0x90003022      0x1a6 /opt/riscv/lib/gcc/riscv64-unknown-elf/12.2.0/rv32imafc/ilp32f/libgcc.a(floatdidf.o)
                0x90003022                __floatdidf
 .text          0x900031c8       0x28 /opt/riscv/lib/gcc/riscv64-unknown-elf/12.2.0/rv32imafc/ilp32f/libgcc.a(_lshrdi3.o)
                0x900031c8                __lshrdi3
 .text          0x900031f0       0x28 /opt/riscv/lib/gcc/riscv64-unknown-elf/12.2.0/rv32imafc/ilp32f/libgcc.a(_ashldi3.o)
                0x900031f0                __ashldi3
 .text          0x90003218       0x3c /opt/riscv/lib/gcc/riscv64-unknown-elf/12.2.0/rv32imafc/ilp32f/libgcc.a(_clzsi2.o)
                0x90003218                __clzsi2
 *(.text.*)
 .text.mem_wr32
                0x90003254       0x20 ./src/gpio.o
 .text.mem_rd32
                0x90003274       0x18 ./src/gpio.o
 .text.GPIO_Init
                0x9000328c       0x64 ./src/gpio.o
                0x9000328c                GPIO_Init
 .text.GPIO_SetSEG
                0x900032f0      0x164 ./src/gpio.o
                0x900032f0                GPIO_SetSEG
 .text.GPIO_SetLED
                0x90003454       0x5e ./src/gpio.o
                0x90003454                GPIO_SetLED
 .text.GPIO_GetKEY
                0x900034b2       0x34 ./src/gpio.o
                0x900034b2                GPIO_GetKEY
 .text.GPIO_GetSW10
                0x900034e6       0x30 ./src/gpio.o
                0x900034e6                GPIO_GetSW10
 .text.mem_wr32
                0x90003516       0x20 ./src/interrupt.o
 .text.mem_rd32
                0x90003536       0x18 ./src/interrupt.o
 .text.EXCEPTION_Handler
                0x9000354e       0x86 ./src/interrupt.o
                0x9000354e                EXCEPTION_Handler
 .text.INT_Init
                0x900035d4       0x4a ./src/interrupt.o
                0x900035d4                INT_Init
 .text.INT_Config
                0x9000361e       0xda ./src/interrupt.o
                0x9000361e                INT_Config
 .text.MTIME_Init
                0x900036f8       0xfa ./src/interrupt.o
                0x900036f8                MTIME_Init
 .text.INT_Handler_EXT
                0x900037f2       0xa8 ./src/interrupt.o
                0x900037f2                INT_Handler_EXT
 .text.INT_Handler_MTIME
                0x9000389a       0xf6 ./src/interrupt.o
                0x9000389a                INT_Handler_MTIME
 .text.INT_Handler_MSOFT
                0x90003990       0xac ./src/interrupt.o
                0x90003990                INT_Handler_MSOFT
 .text.INT_Handler_IRQ
                0x90003a3c       0xe8 ./src/interrupt.o
                0x90003a3c                INT_Handler_IRQ
 .text._sbrk    0x90003b24       0x5c ./src/libc-hooks.o
                0x90003b24                _sbrk
 .text._close   0x90003b80       0x14 ./src/libc-hooks.o
                0x90003b80                _close
 .text._stdout_hook_default
                0x90003b94       0x14 ./src/libc-hooks.o
 .text._stdin_hook_default
                0x90003ba8       0x10 ./src/libc-hooks.o
 .text._read    0x90003bb8       0x98 ./src/libc-hooks.o
                0x90003bb8                _read
 .text._write   0x90003c50       0x78 ./src/libc-hooks.o
                0x90003c50                _write
 .text._lseek   0x90003cc8       0x1c ./src/libc-hooks.o
                0x90003cc8                _lseek
 .text._exit    0x90003ce4        0xc ./src/libc-hooks.o
                0x90003ce4                _exit
 .text._isatty  0x90003cf0       0x14 ./src/libc-hooks.o
                0x90003cf0                _isatty
 .text._kill    0x90003d04       0x18 ./src/libc-hooks.o
                0x90003d04                _kill
 .text._getpid  0x90003d1c       0x10 ./src/libc-hooks.o
                0x90003d1c                _getpid
 .text._fstat   0x90003d2c       0x20 ./src/libc-hooks.o
                0x90003d2c                _fstat
 .text.main_startrek
                0x90003d4c       0x18 ./src/startrek.o
                0x90003d4c                main_startrek
 .text.intro    0x90003d64      0x132 ./src/startrek.o
                0x90003d64                intro
 .text.new_game
                0x90003e96      0x252 ./src/startrek.o
                0x90003e96                new_game
 .text.initialize
                0x900040e8      0x476 ./src/startrek.o
                0x900040e8                initialize
 .text.new_quadrant
                0x9000455e      0x55a ./src/startrek.o
                0x9000455e                new_quadrant
 .text.course_control
                0x90004ab8      0x702 ./src/startrek.o
                0x90004ab8                course_control
 .text.complete_maneuver
                0x900051ba      0x116 ./src/startrek.o
                0x900051ba                complete_maneuver
 .text.exceed_quadrant_limits
                0x900052d0      0x476 ./src/startrek.o
                0x900052d0                exceed_quadrant_limits
 .text.maneuver_energy
                0x90005746       0x82 ./src/startrek.o
                0x90005746                maneuver_energy
 .text.short_range_scan
                0x900057c8      0x45a ./src/startrek.o
                0x900057c8                short_range_scan
 .text.long_range_scan
                0x90005c22      0x172 ./src/startrek.o
                0x90005c22                long_range_scan
 .text.phaser_control
                0x90005d94      0x4a6 ./src/startrek.o
                0x90005d94                phaser_control
 .text.photon_torpedoes
                0x9000623a      0x4c4 ./src/startrek.o
                0x9000623a                photon_torpedoes
 .text.torpedo_hit
                0x900066fe      0x350 ./src/startrek.o
                0x900066fe                torpedo_hit
 .text.damage_control
                0x90006a4e      0x2d6 ./src/startrek.o
                0x90006a4e                damage_control
 .text.sheild_control
                0x90006d24      0x14c ./src/startrek.o
                0x90006d24                sheild_control
 .text.library_computer
                0x90006e70      0x142 ./src/startrek.o
                0x90006e70                library_computer
 .text.galactic_record
                0x90006fb2      0x110 ./src/startrek.o
                0x90006fb2                galactic_record
 .text.status_report
                0x900070c2      0x140 ./src/startrek.o
                0x900070c2                status_report
 .text.torpedo_data
                0x90007202      0x116 ./src/startrek.o
                0x90007202                torpedo_data
 .text.nav_data
                0x90007318       0xa4 ./src/startrek.o
                0x90007318                nav_data
 .text.dirdist_calc
                0x900073bc      0x180 ./src/startrek.o
                0x900073bc                dirdist_calc
 .text.galaxy_map
                0x9000753c      0x18e ./src/startrek.o
                0x9000753c                galaxy_map
 .text.compute_vector
                0x900076ca      0x13a ./src/startrek.o
                0x900076ca                compute_vector
 .text.sub1     0x90007804      0x1a6 ./src/startrek.o
                0x90007804                sub1
 .text.sub2     0x900079aa      0x1a6 ./src/startrek.o
                0x900079aa                sub2
 .text.ship_destroyed
                0x90007b50       0x2c ./src/startrek.o
                0x90007b50                ship_destroyed
 .text.end_of_time
                0x90007b7c       0x38 ./src/startrek.o
                0x90007b7c                end_of_time
 .text.resign_commision
                0x90007bb4       0x36 ./src/startrek.o
                0x90007bb4                resign_commision
 .text.won_game
                0x90007bea      0x110 ./src/startrek.o
                0x90007bea                won_game
 .text.end_of_game
                0x90007cfa       0x84 ./src/startrek.o
                0x90007cfa                end_of_game
 .text.klingons_move
                0x90007d7e       0xd6 ./src/startrek.o
                0x90007d7e                klingons_move
 .text.klingons_shoot
                0x90007e54      0x2d6 ./src/startrek.o
                0x90007e54                klingons_shoot
 .text.repair_damage
                0x9000812a      0x378 ./src/startrek.o
                0x9000812a                repair_damage
 .text.find_empty_place
                0x900084a2       0x6e ./src/startrek.o
                0x900084a2                find_empty_place
 .text.insert_in_quadrant
                0x90008510       0xf8 ./src/startrek.o
                0x90008510                insert_in_quadrant
 .text.get_device_name
                0x90008608       0x58 ./src/startrek.o
                0x90008608                get_device_name
 .text.string_compare
                0x90008660      0x10e ./src/startrek.o
                0x90008660                string_compare
 .text.quadrant_name
                0x9000876e      0x112 ./src/startrek.o
                0x9000876e                quadrant_name
 .text.function_d
                0x90008880       0xe4 ./src/startrek.o
                0x90008880                function_d
 .text.function_r
                0x90008964       0x18 ./src/startrek.o
                0x90008964                function_r
 .text.mid_str  0x9000897c       0x8c ./src/startrek.o
                0x9000897c                mid_str
 .text.cint     0x90008a08       0x48 ./src/startrek.o
                0x90008a08                cint
 .text.randomize
                0x90008a50       0x24 ./src/startrek.o
                0x90008a50                randomize
 .text.get_rand
                0x90008a74       0x26 ./src/startrek.o
                0x90008a74                get_rand
 .text.rnd      0x90008a9a       0x4c ./src/startrek.o
                0x90008a9a                rnd
 .text.show_document
                0x90008ae6       0x26 ./src/startrek_doc.o
                0x90008ae6                show_document
 .text.Get_System_Freq
                0x90008b0c       0x42 ./src/system.o
                0x90008b0c                Get_System_Freq
 .text.mem_wr8  0x90008b4e       0x24 ./src/uart.o
 .text.mem_rd8  0x90008b72       0x1e ./src/uart.o
 .text.UART_Init
                0x90008b90       0x84 ./src/uart.o
                0x90008b90                UART_Init
 .text.UART_TxD
                0x90008c14       0x3a ./src/uart.o
                0x90008c14                UART_TxD
 .text.UART_RxD
                0x90008c4e       0x30 ./src/uart.o
                0x90008c4e                UART_RxD
 .text.putchar  0x90008c7e       0x38 ./src/uart.o
                0x90008c7e                putchar
 .text.ilog10   0x90008cb6      0x15a ./src/xprintf.o
 .text.i10x     0x90008e10      0x118 ./src/xprintf.o
 .text.ftoa     0x90008f28      0x48a ./src/xprintf.o
 .text.xputc    0x900093b2       0x26 ./src/xprintf.o
                0x900093b2                xputc
 .text.xfputc   0x900093d8       0x68 ./src/xprintf.o
                0x900093d8                xfputc
 .text.xputs    0x90009440       0x26 ./src/xprintf.o
                0x90009440                xputs
 .text.xfputs   0x90009466       0x42 ./src/xprintf.o
                0x90009466                xfputs
 .text.xvfprintf
                0x900094a8      0x6ec ./src/xprintf.o
 .text.xprintf  0x90009b94       0x52 ./src/xprintf.o
                0x90009b94                xprintf
 .text.xgets    0x90009be6       0xda ./src/xprintf.o
                0x90009be6                xgets
 .text.pow      0x90009cc0       0xee /opt/riscv/riscv64-unknown-elf/lib/rv32imafc/ilp32f/libm.a(lib_a-w_pow.o)
                0x90009cc0                pow
 .text.sqrt     0x90009dae       0x64 /opt/riscv/riscv64-unknown-elf/lib/rv32imafc/ilp32f/libm.a(lib_a-w_sqrt.o)
                0x90009dae                sqrt
 .text.__ieee754_pow
                0x90009e12      0xbb2 /opt/riscv/riscv64-unknown-elf/lib/rv32imafc/ilp32f/libm.a(lib_a-e_pow.o)
                0x90009e12                __ieee754_pow
 .text.__ieee754_sqrt
                0x9000a9c4      0x1c6 /opt/riscv/riscv64-unknown-elf/lib/rv32imafc/ilp32f/libm.a(lib_a-e_sqrt.o)
                0x9000a9c4                __ieee754_sqrt
 .text.with_errno
                0x9000ab8a       0x24 /opt/riscv/riscv64-unknown-elf/lib/rv32imafc/ilp32f/libm.a(lib_a-math_err.o)
 .text.xflow    0x9000abae       0x34 /opt/riscv/riscv64-unknown-elf/lib/rv32imafc/ilp32f/libm.a(lib_a-math_err.o)
 .text.__math_uflow
                0x9000abe2       0x10 /opt/riscv/riscv64-unknown-elf/lib/rv32imafc/ilp32f/libm.a(lib_a-math_err.o)
                0x9000abe2                __math_uflow
 .text.__math_oflow
                0x9000abf2       0x10 /opt/riscv/riscv64-unknown-elf/lib/rv32imafc/ilp32f/libm.a(lib_a-math_err.o)
                0x9000abf2                __math_oflow
 .text.fabs     0x9000ac02        0x6 /opt/riscv/riscv64-unknown-elf/lib/rv32imafc/ilp32f/libm.a(lib_a-s_fabs.o)
                0x9000ac02                fabs
 .text.finite   0x9000ac08       0x10 /opt/riscv/riscv64-unknown-elf/lib/rv32imafc/ilp32f/libm.a(lib_a-s_finite.o)
                0x9000ac08                finite
 .text.scalbn   0x9000ac18      0x15a /opt/riscv/riscv64-unknown-elf/lib/rv32imafc/ilp32f/libm.a(lib_a-s_scalbn.o)
                0x9000ac18                scalbn
 .text.atof     0x9000ad72        0x6 /opt/riscv/riscv64-unknown-elf/lib/rv32imafc/ilp32f/libc.a(lib_a-atof.o)
                0x9000ad72                atof
 .text.atoi     0x9000ad78        0x8 /opt/riscv/riscv64-unknown-elf/lib/rv32imafc/ilp32f/libc.a(lib_a-atoi.o)
                0x9000ad78                atoi
 .text.__errno  0x9000ad80        0xa /opt/riscv/riscv64-unknown-elf/lib/rv32imafc/ilp32f/libc.a(lib_a-errno.o)
                0x9000ad80                __errno
 .text.exit     0x9000ad8a       0x22 /opt/riscv/riscv64-unknown-elf/lib/rv32imafc/ilp32f/libc.a(lib_a-exit.o)
                0x9000ad8a                exit
 .text.getchar  0x9000adac        0xe /opt/riscv/riscv64-unknown-elf/lib/rv32imafc/ilp32f/libc.a(lib_a-getchar.o)
                0x9000adac                getchar
 .text.srand    0x9000adba       0x12 /opt/riscv/riscv64-unknown-elf/lib/rv32imafc/ilp32f/libc.a(lib_a-rand.o)
                0x9000adba                srand
 .text.rand     0x9000adcc       0x4e /opt/riscv/riscv64-unknown-elf/lib/rv32imafc/ilp32f/libc.a(lib_a-rand.o)
                0x9000adcc                rand
 .text.strcat   0x9000ae1a       0x5a /opt/riscv/riscv64-unknown-elf/lib/rv32imafc/ilp32f/libc.a(lib_a-strcat.o)
                0x9000ae1a                strcat
 .text.strcpy   0x9000ae74       0x78 /opt/riscv/riscv64-unknown-elf/lib/rv32imafc/ilp32f/libc.a(lib_a-strcpy.o)
                0x9000ae74                strcpy
 .text.strlen   0x9000aeec       0x64 /opt/riscv/riscv64-unknown-elf/lib/rv32imafc/ilp32f/libc.a(lib_a-strlen.o)
                0x9000aeec                strlen
 .text.strncmp  0x9000af50       0x86 /opt/riscv/riscv64-unknown-elf/lib/rv32imafc/ilp32f/libc.a(lib_a-strncmp.o)
                0x9000af50                strncmp
 .text.sulp     0x9000afd6       0x4e /opt/riscv/riscv64-unknown-elf/lib/rv32imafc/ilp32f/libc.a(lib_a-strtod.o)
 .text._strtod_l
                0x9000b024      0xe90 /opt/riscv/riscv64-unknown-elf/lib/rv32imafc/ilp32f/libc.a(lib_a-strtod.o)
                0x9000b024                _strtod_l
 .text.strtod   0x9000beb4       0x1a /opt/riscv/riscv64-unknown-elf/lib/rv32imafc/ilp32f/libc.a(lib_a-strtod.o)
                0x9000beb4                strtod
 .text._strtol_l.constprop.0
                0x9000bece      0x16e /opt/riscv/riscv64-unknown-elf/lib/rv32imafc/ilp32f/libc.a(lib_a-strtol.o)
 .text.strtol   0x9000c03c       0x14 /opt/riscv/riscv64-unknown-elf/lib/rv32imafc/ilp32f/libc.a(lib_a-strtol.o)
                0x9000c03c                strtol
 .text.__call_exitprocs
                0x9000c050       0xc2 /opt/riscv/riscv64-unknown-elf/lib/rv32imafc/ilp32f/libc.a(lib_a-__call_atexit.o)
                0x9000c050                __call_exitprocs
 .text.rshift   0x9000c112       0xa4 /opt/riscv/riscv64-unknown-elf/lib/rv32imafc/ilp32f/libc.a(lib_a-gdtoa-gethex.o)
 .text.__gethex
                0x9000c1b6      0x62e /opt/riscv/riscv64-unknown-elf/lib/rv32imafc/ilp32f/libc.a(lib_a-gdtoa-gethex.o)
                0x9000c1b6                __gethex
 .text.__match  0x9000c7e4       0x30 /opt/riscv/riscv64-unknown-elf/lib/rv32imafc/ilp32f/libc.a(lib_a-gdtoa-hexnan.o)
                0x9000c7e4                __match
 .text.__hexnan
                0x9000c814      0x1c4 /opt/riscv/riscv64-unknown-elf/lib/rv32imafc/ilp32f/libc.a(lib_a-gdtoa-hexnan.o)
                0x9000c814                __hexnan
 .text._getc_r  0x9000c9d8       0x4a /opt/riscv/riscv64-unknown-elf/lib/rv32imafc/ilp32f/libc.a(lib_a-getc.o)
                0x9000c9d8                _getc_r
 .text.__locale_mb_cur_max
                0x9000ca22        0xa /opt/riscv/riscv64-unknown-elf/lib/rv32imafc/ilp32f/libc.a(lib_a-locale.o)
                0x9000ca22                __locale_mb_cur_max
 .text.__ascii_mbtowc
                0x9000ca2c       0x40 /opt/riscv/riscv64-unknown-elf/lib/rv32imafc/ilp32f/libc.a(lib_a-mbtowc_r.o)
                0x9000ca2c                __ascii_mbtowc
 .text.memcpy   0x9000ca6c      0x146 /opt/riscv/riscv64-unknown-elf/lib/rv32imafc/ilp32f/libc.a(lib_a-memcpy.o)
                0x9000ca6c                memcpy
 .text._Balloc  0x9000cbb2       0x66 /opt/riscv/riscv64-unknown-elf/lib/rv32imafc/ilp32f/libc.a(lib_a-mprec.o)
                0x9000cbb2                _Balloc
 .text._Bfree   0x9000cc18       0x12 /opt/riscv/riscv64-unknown-elf/lib/rv32imafc/ilp32f/libc.a(lib_a-mprec.o)
                0x9000cc18                _Bfree
 .text.__multadd
                0x9000cc2a       0xea /opt/riscv/riscv64-unknown-elf/lib/rv32imafc/ilp32f/libc.a(lib_a-mprec.o)
                0x9000cc2a                __multadd
 .text.__s2b    0x9000cd14       0xc8 /opt/riscv/riscv64-unknown-elf/lib/rv32imafc/ilp32f/libc.a(lib_a-mprec.o)
                0x9000cd14                __s2b
 .text.__hi0bits
                0x9000cddc       0x50 /opt/riscv/riscv64-unknown-elf/lib/rv32imafc/ilp32f/libc.a(lib_a-mprec.o)
                0x9000cddc                __hi0bits
 .text.__lo0bits
                0x9000ce2c       0x8a /opt/riscv/riscv64-unknown-elf/lib/rv32imafc/ilp32f/libc.a(lib_a-mprec.o)
                0x9000ce2c                __lo0bits
 .text.__i2b    0x9000ceb6       0x6c /opt/riscv/riscv64-unknown-elf/lib/rv32imafc/ilp32f/libc.a(lib_a-mprec.o)
                0x9000ceb6                __i2b
 .text.__multiply
                0x9000cf22      0x198 /opt/riscv/riscv64-unknown-elf/lib/rv32imafc/ilp32f/libc.a(lib_a-mprec.o)
                0x9000cf22                __multiply
 .text.__pow5mult
                0x9000d0ba       0xd8 /opt/riscv/riscv64-unknown-elf/lib/rv32imafc/ilp32f/libc.a(lib_a-mprec.o)
                0x9000d0ba                __pow5mult
 .text.__lshift
                0x9000d192      0x110 /opt/riscv/riscv64-unknown-elf/lib/rv32imafc/ilp32f/libc.a(lib_a-mprec.o)
                0x9000d192                __lshift
 .text.__mcmp   0x9000d2a2       0x3c /opt/riscv/riscv64-unknown-elf/lib/rv32imafc/ilp32f/libc.a(lib_a-mprec.o)
                0x9000d2a2                __mcmp
 .text.__mdiff  0x9000d2de      0x1a4 /opt/riscv/riscv64-unknown-elf/lib/rv32imafc/ilp32f/libc.a(lib_a-mprec.o)
                0x9000d2de                __mdiff
 .text.__ulp    0x9000d482       0x48 /opt/riscv/riscv64-unknown-elf/lib/rv32imafc/ilp32f/libc.a(lib_a-mprec.o)
                0x9000d482                __ulp
 .text.__b2d    0x9000d4ca       0xd4 /opt/riscv/riscv64-unknown-elf/lib/rv32imafc/ilp32f/libc.a(lib_a-mprec.o)
                0x9000d4ca                __b2d
 .text.__d2b    0x9000d59e       0xea /opt/riscv/riscv64-unknown-elf/lib/rv32imafc/ilp32f/libc.a(lib_a-mprec.o)
                0x9000d59e                __d2b
 .text.__ratio  0x9000d688       0x60 /opt/riscv/riscv64-unknown-elf/lib/rv32imafc/ilp32f/libc.a(lib_a-mprec.o)
                0x9000d688                __ratio
 .text.__copybits
                0x9000d6e8       0x46 /opt/riscv/riscv64-unknown-elf/lib/rv32imafc/ilp32f/libc.a(lib_a-mprec.o)
                0x9000d6e8                __copybits
 .text.__any_on
                0x9000d72e       0x48 /opt/riscv/riscv64-unknown-elf/lib/rv32imafc/ilp32f/libc.a(lib_a-mprec.o)
                0x9000d72e                __any_on
 .text.__srget_r
                0x9000d776       0x40 /opt/riscv/riscv64-unknown-elf/lib/rv32imafc/ilp32f/libc.a(lib_a-rget.o)
                0x9000d776                __srget_r
 .text.nan      0x9000d7b6        0xe /opt/riscv/riscv64-unknown-elf/lib/rv32imafc/ilp32f/libc.a(lib_a-s_nan.o)
                0x9000d7b6                nan
 .text.__ascii_wctomb
                0x9000d7c4       0x20 /opt/riscv/riscv64-unknown-elf/lib/rv32imafc/ilp32f/libc.a(lib_a-wctomb_r.o)
                0x9000d7c4                __ascii_wctomb
 .text.__assert_func
                0x9000d7e4       0x44 /opt/riscv/riscv64-unknown-elf/lib/rv32imafc/ilp32f/libc.a(lib_a-assert.o)
                0x9000d7e4                __assert_func
 .text._calloc_r
                0x9000d828       0xa6 /opt/riscv/riscv64-unknown-elf/lib/rv32imafc/ilp32f/libc.a(lib_a-callocr.o)
                0x9000d828                _calloc_r
 .text._cleanup_r
                0x9000d8ce        0xa /opt/riscv/riscv64-unknown-elf/lib/rv32imafc/ilp32f/libc.a(lib_a-findfp.o)
                0x9000d8ce                _cleanup_r
 .text.__sinit.part.0
                0x9000d8d8      0x134 /opt/riscv/riscv64-unknown-elf/lib/rv32imafc/ilp32f/libc.a(lib_a-findfp.o)
 .text.__sinit  0x9000da0c        0xa /opt/riscv/riscv64-unknown-elf/lib/rv32imafc/ilp32f/libc.a(lib_a-findfp.o)
                0x9000da0c                __sinit
 .text.__sfp_lock_acquire
                0x9000da16        0x2 /opt/riscv/riscv64-unknown-elf/lib/rv32imafc/ilp32f/libc.a(lib_a-findfp.o)
                0x9000da16                __sfp_lock_acquire
 .text.__sfp_lock_release
                0x9000da18        0x2 /opt/riscv/riscv64-unknown-elf/lib/rv32imafc/ilp32f/libc.a(lib_a-findfp.o)
                0x9000da18                __sfp_lock_release
 .text.fiprintf
                0x9000da1a       0x30 /opt/riscv/riscv64-unknown-elf/lib/rv32imafc/ilp32f/libc.a(lib_a-fiprintf.o)
                0x9000da1a                fiprintf
 .text._fwalk   0x9000da4a       0x6c /opt/riscv/riscv64-unknown-elf/lib/rv32imafc/ilp32f/libc.a(lib_a-fwalk.o)
                0x9000da4a                _fwalk
 .text._fwalk_reent
                0x9000dab6       0x74 /opt/riscv/riscv64-unknown-elf/lib/rv32imafc/ilp32f/libc.a(lib_a-fwalk.o)
                0x9000dab6                _fwalk_reent
 .text._malloc_r
                0x9000db2a      0x59e /opt/riscv/riscv64-unknown-elf/lib/rv32imafc/ilp32f/libc.a(lib_a-mallocr.o)
                0x9000db2a                _malloc_r
 .text.__malloc_lock
                0x9000e0c8        0x2 /opt/riscv/riscv64-unknown-elf/lib/rv32imafc/ilp32f/libc.a(lib_a-mlock.o)
                0x9000e0c8                __malloc_lock
 .text.__malloc_unlock
                0x9000e0ca        0x2 /opt/riscv/riscv64-unknown-elf/lib/rv32imafc/ilp32f/libc.a(lib_a-mlock.o)
                0x9000e0ca                __malloc_unlock
 .text.lflush   0x9000e0cc       0x14 /opt/riscv/riscv64-unknown-elf/lib/rv32imafc/ilp32f/libc.a(lib_a-refill.o)
 .text.__srefill_r
                0x9000e0e0      0x13a /opt/riscv/riscv64-unknown-elf/lib/rv32imafc/ilp32f/libc.a(lib_a-refill.o)
                0x9000e0e0                __srefill_r
 .text._sbrk_r  0x9000e21a       0x3a /opt/riscv/riscv64-unknown-elf/lib/rv32imafc/ilp32f/libc.a(lib_a-sbrkr.o)
                0x9000e21a                _sbrk_r
 .text.__sread  0x9000e254       0x38 /opt/riscv/riscv64-unknown-elf/lib/rv32imafc/ilp32f/libc.a(lib_a-stdio.o)
                0x9000e254                __sread
 .text.__swrite
                0x9000e28c       0x54 /opt/riscv/riscv64-unknown-elf/lib/rv32imafc/ilp32f/libc.a(lib_a-stdio.o)
                0x9000e28c                __swrite
 .text.__sseek  0x9000e2e0       0x4a /opt/riscv/riscv64-unknown-elf/lib/rv32imafc/ilp32f/libc.a(lib_a-stdio.o)
                0x9000e2e0                __sseek
 .text.__sclose
                0x9000e32a        0x8 /opt/riscv/riscv64-unknown-elf/lib/rv32imafc/ilp32f/libc.a(lib_a-stdio.o)
                0x9000e32a                __sclose
 .text.__sprint_r.part.0
                0x9000e332       0x98 /opt/riscv/riscv64-unknown-elf/lib/rv32imafc/ilp32f/libc.a(lib_a-vfiprintf.o)
 .text._vfiprintf_r
                0x9000e3ca      0xdde /opt/riscv/riscv64-unknown-elf/lib/rv32imafc/ilp32f/libc.a(lib_a-vfiprintf.o)
                0x9000e3ca                _vfiprintf_r
 .text.__sbprintf
                0x9000f1a8       0x94 /opt/riscv/riscv64-unknown-elf/lib/rv32imafc/ilp32f/libc.a(lib_a-vfiprintf.o)
 .text._write_r
                0x9000f23c       0x40 /opt/riscv/riscv64-unknown-elf/lib/rv32imafc/ilp32f/libc.a(lib_a-writer.o)
                0x9000f23c                _write_r
 .text.__swsetup_r
                0x9000f27c       0xde /opt/riscv/riscv64-unknown-elf/lib/rv32imafc/ilp32f/libc.a(lib_a-wsetup.o)
                0x9000f27c                __swsetup_r
 .text.abort    0x9000f35a       0x10 /opt/riscv/riscv64-unknown-elf/lib/rv32imafc/ilp32f/libc.a(lib_a-abort.o)
                0x9000f35a                abort
 .text._close_r
                0x9000f36a       0x3a /opt/riscv/riscv64-unknown-elf/lib/rv32imafc/ilp32f/libc.a(lib_a-closer.o)
                0x9000f36a                _close_r
 .text._fclose_r
                0x9000f3a4       0xa6 /opt/riscv/riscv64-unknown-elf/lib/rv32imafc/ilp32f/libc.a(lib_a-fclose.o)
                0x9000f3a4                _fclose_r
 .text.__sflush_r
                0x9000f44a      0x180 /opt/riscv/riscv64-unknown-elf/lib/rv32imafc/ilp32f/libc.a(lib_a-fflush.o)
                0x9000f44a                __sflush_r
 .text._fflush_r
                0x9000f5ca       0x38 /opt/riscv/riscv64-unknown-elf/lib/rv32imafc/ilp32f/libc.a(lib_a-fflush.o)
                0x9000f5ca                _fflush_r
 .text.fflush   0x9000f602       0x58 /opt/riscv/riscv64-unknown-elf/lib/rv32imafc/ilp32f/libc.a(lib_a-fflush.o)
                0x9000f602                fflush
 .text.__fputwc
                0x9000f65a       0xa2 /opt/riscv/riscv64-unknown-elf/lib/rv32imafc/ilp32f/libc.a(lib_a-fputwc.o)
                0x9000f65a                __fputwc
 .text._fputwc_r
                0x9000f6fc       0x20 /opt/riscv/riscv64-unknown-elf/lib/rv32imafc/ilp32f/libc.a(lib_a-fputwc.o)
                0x9000f6fc                _fputwc_r
 .text._malloc_trim_r
                0x9000f71c       0xd8 /opt/riscv/riscv64-unknown-elf/lib/rv32imafc/ilp32f/libc.a(lib_a-freer.o)
                0x9000f71c                _malloc_trim_r
 .text._free_r  0x9000f7f4      0x236 /opt/riscv/riscv64-unknown-elf/lib/rv32imafc/ilp32f/libc.a(lib_a-freer.o)
                0x9000f7f4                _free_r
 .text.__sfvwrite_r
                0x9000fa2a      0x314 /opt/riscv/riscv64-unknown-elf/lib/rv32imafc/ilp32f/libc.a(lib_a-fvwrite.o)
                0x9000fa2a                __sfvwrite_r
 .text._localeconv_r
                0x9000fd3e        0xa /opt/riscv/riscv64-unknown-elf/lib/rv32imafc/ilp32f/libc.a(lib_a-localeconv.o)
                0x9000fd3e                _localeconv_r
 .text._lseek_r
                0x9000fd48       0x40 /opt/riscv/riscv64-unknown-elf/lib/rv32imafc/ilp32f/libc.a(lib_a-lseekr.o)
                0x9000fd48                _lseek_r
 .text.__smakebuf_r
                0x9000fd88      0x110 /opt/riscv/riscv64-unknown-elf/lib/rv32imafc/ilp32f/libc.a(lib_a-makebuf.o)
                0x9000fd88                __smakebuf_r
 .text.memchr   0x9000fe98       0x90 /opt/riscv/riscv64-unknown-elf/lib/rv32imafc/ilp32f/libc.a(lib_a-memchr.o)
                0x9000fe98                memchr
 .text.memmove  0x9000ff28       0xd2 /opt/riscv/riscv64-unknown-elf/lib/rv32imafc/ilp32f/libc.a(lib_a-memmove-stub.o)
                0x9000ff28                memmove
 .text._read_r  0x9000fffa       0x40 /opt/riscv/riscv64-unknown-elf/lib/rv32imafc/ilp32f/libc.a(lib_a-readr.o)
                0x9000fffa                _read_r
 .text._realloc_r
                0x9001003a      0x3d0 /opt/riscv/riscv64-unknown-elf/lib/rv32imafc/ilp32f/libc.a(lib_a-reallocr.o)
                0x9001003a                _realloc_r
 .text.raise    0x9001040a       0x72 /opt/riscv/riscv64-unknown-elf/lib/rv32imafc/ilp32f/libc.a(lib_a-signal.o)
                0x9001040a                raise
 .text._kill_r  0x9001047c       0x3e /opt/riscv/riscv64-unknown-elf/lib/rv32imafc/ilp32f/libc.a(lib_a-signalr.o)
                0x9001047c                _kill_r
 .text._getpid_r
                0x900104ba        0x4 /opt/riscv/riscv64-unknown-elf/lib/rv32imafc/ilp32f/libc.a(lib_a-signalr.o)
                0x900104ba                _getpid_r
 .text.strncpy  0x900104be       0x7c /opt/riscv/riscv64-unknown-elf/lib/rv32imafc/ilp32f/libc.a(lib_a-strncpy.o)
                0x900104be                strncpy
 .text.__swbuf_r
                0x9001053a       0xf2 /opt/riscv/riscv64-unknown-elf/lib/rv32imafc/ilp32f/libc.a(lib_a-wbuf.o)
                0x9001053a                __swbuf_r
 .text._wcrtomb_r
                0x9001062c       0x48 /opt/riscv/riscv64-unknown-elf/lib/rv32imafc/ilp32f/libc.a(lib_a-wcrtomb.o)
                0x9001062c                _wcrtomb_r
 .text._fstat_r
                0x90010674       0x3e /opt/riscv/riscv64-unknown-elf/lib/rv32imafc/ilp32f/libc.a(lib_a-fstatr.o)
                0x90010674                _fstat_r
 .text._isatty_r
                0x900106b2       0x3a /opt/riscv/riscv64-unknown-elf/lib/rv32imafc/ilp32f/libc.a(lib_a-isattyr.o)
                0x900106b2                _isatty_r
                [!provide]                        PROVIDE (__TEXT_END__ = .)

.rodata         0x900106f0     0x42e4
                0x90010700                        . = ALIGN (0x100)
 *fill*         0x900106f0       0x10 
 *(.rodata)
 .rodata        0x90010700     0x1a38 ./src/startrek.o
 .rodata        0x90012138     0x1f03 ./src/startrek_doc.o
 *fill*         0x9001403b        0x5 
 .rodata        0x90014040       0x68 ./src/xprintf.o
 .rodata        0x900140a8       0x3c /opt/riscv/lib/gcc/riscv64-unknown-elf/12.2.0/rv32imafc/ilp32f/libgcc.a(divdf3.o)
 .rodata        0x900140e4      0x100 /opt/riscv/lib/gcc/riscv64-unknown-elf/12.2.0/rv32imafc/ilp32f/libgcc.a(_clz.o)
                0x900140e4                __clz_tab
 *(.rodata.*)
 .rodata.LED7SEG
                0x900141e4       0x10 ./src/gpio.o
 .rodata.xvfprintf
                0x900141f4       0xd0 ./src/xprintf.o
 .rodata._strtod_l.str1.4
                0x900142c4        0xf /opt/riscv/riscv64-unknown-elf/lib/rv32imafc/ilp32f/libc.a(lib_a-strtod.o)
                                 0x11 (size before relaxing)
 *fill*         0x900142d3        0x1 
 .rodata._strtod_l
                0x900142d4       0xd0 /opt/riscv/riscv64-unknown-elf/lib/rv32imafc/ilp32f/libc.a(lib_a-strtod.o)
 .rodata.fpinan.0
                0x900143a4       0x14 /opt/riscv/riscv64-unknown-elf/lib/rv32imafc/ilp32f/libc.a(lib_a-strtod.o)
 .rodata.fpi.1  0x900143b8       0x14 /opt/riscv/riscv64-unknown-elf/lib/rv32imafc/ilp32f/libc.a(lib_a-strtod.o)
 *fill*         0x900143cc        0x4 
 .rodata.tinytens
                0x900143d0       0x28 /opt/riscv/riscv64-unknown-elf/lib/rv32imafc/ilp32f/libc.a(lib_a-strtod.o)
 .rodata._ctype_
                0x900143f8      0x101 /opt/riscv/riscv64-unknown-elf/lib/rv32imafc/ilp32f/libc.a(lib_a-ctype_.o)
                0x900143f8                _ctype_
 *fill*         0x900144f9        0x3 
 .rodata.__gethex.str1.4
                0x900144fc       0x6c /opt/riscv/riscv64-unknown-elf/lib/rv32imafc/ilp32f/libc.a(lib_a-gdtoa-gethex.o)
 .rodata.__hexdig
                0x90014568      0x100 /opt/riscv/riscv64-unknown-elf/lib/rv32imafc/ilp32f/libc.a(lib_a-gdtoa-gethex.o)
                0x90014568                __hexdig
 .rodata.str1.4
                0x90014668        0x2 /opt/riscv/riscv64-unknown-elf/lib/rv32imafc/ilp32f/libc.a(lib_a-lnumeric.o)
                                  0x5 (size before relaxing)
 *fill*         0x9001466a        0x2 
 .rodata._C_numeric_locale
                0x9001466c        0xc /opt/riscv/riscv64-unknown-elf/lib/rv32imafc/ilp32f/libc.a(lib_a-lnumeric.o)
                0x9001466c                _C_numeric_locale
 .rodata._setlocale_r.str1.4
                0x90014678        0xa /opt/riscv/riscv64-unknown-elf/lib/rv32imafc/ilp32f/libc.a(lib_a-locale.o)
                                  0xd (size before relaxing)
 .rodata.str1.4
                0x90014682        0x2 /opt/riscv/riscv64-unknown-elf/lib/rv32imafc/ilp32f/libc.a(lib_a-locale.o)
 *fill*         0x90014682        0x2 
 .rodata.__multadd.str1.4
                0x90014684       0x51 /opt/riscv/riscv64-unknown-elf/lib/rv32imafc/ilp32f/libc.a(lib_a-mprec.o)
                                 0x65 (size before relaxing)
 *fill*         0x900146d5        0x3 
 .rodata.p05.0  0x900146d8        0xc /opt/riscv/riscv64-unknown-elf/lib/rv32imafc/ilp32f/libc.a(lib_a-mprec.o)
 *fill*         0x900146e4        0x4 
 .rodata.__mprec_bigtens
                0x900146e8       0x28 /opt/riscv/riscv64-unknown-elf/lib/rv32imafc/ilp32f/libc.a(lib_a-mprec.o)
                0x900146e8                __mprec_bigtens
 .rodata.__mprec_tens
                0x90014710       0xc8 /opt/riscv/riscv64-unknown-elf/lib/rv32imafc/ilp32f/libc.a(lib_a-mprec.o)
                0x90014710                __mprec_tens
 .rodata.__assert_func.str1.4
                0x900147d8       0x3f /opt/riscv/riscv64-unknown-elf/lib/rv32imafc/ilp32f/libc.a(lib_a-assert.o)
                                 0x43 (size before relaxing)
 *fill*         0x90014817        0x1 
 .rodata._vfiprintf_r.str1.4
                0x90014818       0x2f /opt/riscv/riscv64-unknown-elf/lib/rv32imafc/ilp32f/libc.a(lib_a-vfiprintf.o)
 *fill*         0x90014847        0x1 
 .rodata._vfiprintf_r
                0x90014848      0x16c /opt/riscv/riscv64-unknown-elf/lib/rv32imafc/ilp32f/libc.a(lib_a-vfiprintf.o)
 .rodata.zeroes.0
                0x900149b4       0x10 /opt/riscv/riscv64-unknown-elf/lib/rv32imafc/ilp32f/libc.a(lib_a-vfiprintf.o)
 .rodata.blanks.1
                0x900149c4       0x10 /opt/riscv/riscv64-unknown-elf/lib/rv32imafc/ilp32f/libc.a(lib_a-vfiprintf.o)
                0x900149d4                        . = ALIGN (0x4)
                0x900149d4                        PROVIDE (__ROM_INIT_BGN__ = .)

.data           0x88000000      0xa94 load address 0x900149d4
                0x88000000                        . = ALIGN (0x100)
                0x88000000                        PROVIDE (__RAM_INIT_BGN__ = .)
 *(.data)
 *(.data*)
 .data.c        0x88000000       0x78 ./src/startrek.o
                0x88000000                c
 .data.device_name.2
                0x88000078       0x24 ./src/startrek.o
 .data.quad_name.1
                0x8800009c       0x44 ./src/startrek.o
 .data.sect_name.0
                0x880000e0       0x14 ./src/startrek.o
 *fill*         0x880000f4        0x4 
 .data.impure_data
                0x880000f8      0x428 /opt/riscv/riscv64-unknown-elf/lib/rv32imafc/ilp32f/libc.a(lib_a-impure.o)
 .data.__global_locale
                0x88000520      0x16c /opt/riscv/riscv64-unknown-elf/lib/rv32imafc/ilp32f/libc.a(lib_a-locale.o)
                0x88000520                __global_locale
 .data.__malloc_av_
                0x8800068c      0x408 /opt/riscv/riscv64-unknown-elf/lib/rv32imafc/ilp32f/libc.a(lib_a-mallocr.o)
                0x8800068c                __malloc_av_

.srodata        0x88000a98      0x188 load address 0x90015468
                0x88001298                        PROVIDE (__GLOBAL_PTR__ = (. + 0x800))
 *(.srodata)
 *(.srodata*)
 .srodata.cst8  0x88000a98        0x8 /opt/riscv/riscv64-unknown-elf/lib/rv32imafc/ilp32f/libm.a(lib_a-w_pow.o)
 .srodata.cst8  0x88000aa0       0xf8 /opt/riscv/riscv64-unknown-elf/lib/rv32imafc/ilp32f/libm.a(lib_a-e_pow.o)
                                0x100 (size before relaxing)
 .srodata.cst8  0x88000b98       0x20 /opt/riscv/riscv64-unknown-elf/lib/rv32imafc/ilp32f/libm.a(lib_a-math_err.o)
                                 0x30 (size before relaxing)
 .srodata.cst8  0x88000bb8       0x30 /opt/riscv/riscv64-unknown-elf/lib/rv32imafc/ilp32f/libm.a(lib_a-s_scalbn.o)
 .srodata._global_impure_ptr
                0x88000be8        0x4 /opt/riscv/riscv64-unknown-elf/lib/rv32imafc/ilp32f/libc.a(lib_a-impure.o)
                0x88000be8                _global_impure_ptr
 *fill*         0x88000bec        0x4 
 .srodata.cst8  0x88000bf0       0x28 /opt/riscv/riscv64-unknown-elf/lib/rv32imafc/ilp32f/libc.a(lib_a-strtod.o)
                                 0x48 (size before relaxing)
 .srodata.cst8  0x88000c18        0x8 /opt/riscv/riscv64-unknown-elf/lib/rv32imafc/ilp32f/libc.a(lib_a-s_nan.o)

.sdata          0x88000c20       0x20 load address 0x900155f0
 *(.sdata)
 *(.sdata.*)
 .sdata._stdout_hook
                0x88000c20        0x4 ./src/libc-hooks.o
 .sdata._stdin_hook
                0x88000c24        0x4 ./src/libc-hooks.o
 .sdata.e0      0x88000c28        0x4 ./src/startrek.o
                0x88000c28                e0
 .sdata.p0      0x88000c2c        0x4 ./src/startrek.o
                0x88000c2c                p0
 .sdata._impure_ptr
                0x88000c30        0x4 /opt/riscv/riscv64-unknown-elf/lib/rv32imafc/ilp32f/libc.a(lib_a-impure.o)
                0x88000c30                _impure_ptr
 .sdata.numempty
                0x88000c34        0x2 /opt/riscv/riscv64-unknown-elf/lib/rv32imafc/ilp32f/libc.a(lib_a-lnumeric.o)
 *fill*         0x88000c36        0x2 
 .sdata.__malloc_sbrk_base
                0x88000c38        0x4 /opt/riscv/riscv64-unknown-elf/lib/rv32imafc/ilp32f/libc.a(lib_a-mallocr.o)
                0x88000c38                __malloc_sbrk_base
 .sdata.__malloc_trim_threshold
                0x88000c3c        0x4 /opt/riscv/riscv64-unknown-elf/lib/rv32imafc/ilp32f/libc.a(lib_a-mallocr.o)
                0x88000c3c                __malloc_trim_threshold
                0x88000c40                        PROVIDE (__RAM_INIT_END__ = .)

.sbss           0x88000c40       0xf8 load address 0x90015610
                0x88000c40                        PROVIDE (__BSS_BGN__ = .)
 *(.sbss)
 *(.sbss.*)
 .sbss.num.0    0x88000c40        0x4 ./src/interrupt.o
 .sbss.heap_sz  0x88000c44        0x4 ./src/libc-hooks.o
 .sbss.b3       0x88000c48        0x4 ./src/startrek.o
                0x88000c48                b3
 .sbss.b4       0x88000c4c        0x4 ./src/startrek.o
                0x88000c4c                b4
 .sbss.b5       0x88000c50        0x4 ./src/startrek.o
                0x88000c50                b5
 .sbss.b9       0x88000c54        0x4 ./src/startrek.o
                0x88000c54                b9
 .sbss.d0       0x88000c58        0x4 ./src/startrek.o
                0x88000c58                d0
 .sbss.d1       0x88000c5c        0x4 ./src/startrek.o
                0x88000c5c                d1
 .sbss.e        0x88000c60        0x4 ./src/startrek.o
                0x88000c60                e
 .sbss.g5       0x88000c64        0x4 ./src/startrek.o
                0x88000c64                g5
 .sbss.k3       0x88000c68        0x4 ./src/startrek.o
                0x88000c68                k3
 .sbss.k7       0x88000c6c        0x4 ./src/startrek.o
                0x88000c6c                k7
 .sbss.k9       0x88000c70        0x4 ./src/startrek.o
                0x88000c70                k9
 .sbss.n        0x88000c74        0x4 ./src/startrek.o
                0x88000c74                n
 .sbss.p        0x88000c78        0x4 ./src/startrek.o
                0x88000c78                p
 .sbss.q1       0x88000c7c        0x4 ./src/startrek.o
                0x88000c7c                q1
 .sbss.q2       0x88000c80        0x4 ./src/startrek.o
                0x88000c80                q2
 .sbss.r1       0x88000c84        0x4 ./src/startrek.o
                0x88000c84                r1
 .sbss.r2       0x88000c88        0x4 ./src/startrek.o
                0x88000c88                r2
 .sbss.s        0x88000c8c        0x4 ./src/startrek.o
                0x88000c8c                s
 .sbss.s3       0x88000c90        0x4 ./src/startrek.o
                0x88000c90                s3
 .sbss.s8       0x88000c94        0x4 ./src/startrek.o
                0x88000c94                s8
 .sbss.t0       0x88000c98        0x4 ./src/startrek.o
                0x88000c98                t0
 .sbss.t9       0x88000c9c        0x4 ./src/startrek.o
                0x88000c9c                t9
 .sbss.z3       0x88000ca0        0x4 ./src/startrek.o
                0x88000ca0                z3
 .sbss.z1       0x88000ca4        0x4 ./src/startrek.o
                0x88000ca4                z1
 .sbss.z2       0x88000ca8        0x4 ./src/startrek.o
                0x88000ca8                z2
 .sbss.z4       0x88000cac        0x4 ./src/startrek.o
                0x88000cac                z4
 .sbss.z5       0x88000cb0        0x4 ./src/startrek.o
                0x88000cb0                z5
 *fill*         0x88000cb4        0x4 
 .sbss.a        0x88000cb8        0x8 ./src/startrek.o
                0x88000cb8                a
 .sbss.c1       0x88000cc0        0x8 ./src/startrek.o
                0x88000cc0                c1
 .sbss.d4       0x88000cc8        0x8 ./src/startrek.o
                0x88000cc8                d4
 .sbss.s1       0x88000cd0        0x8 ./src/startrek.o
                0x88000cd0                s1
 .sbss.s2       0x88000cd8        0x8 ./src/startrek.o
                0x88000cd8                s2
 .sbss.t        0x88000ce0        0x8 ./src/startrek.o
                0x88000ce0                t
 .sbss.w1       0x88000ce8        0x8 ./src/startrek.o
                0x88000ce8                w1
 .sbss.x        0x88000cf0        0x8 ./src/startrek.o
                0x88000cf0                x
 .sbss.y        0x88000cf8        0x8 ./src/startrek.o
                0x88000cf8                y
 .sbss.x1       0x88000d00        0x8 ./src/startrek.o
                0x88000d00                x1
 .sbss.x2       0x88000d08        0x8 ./src/startrek.o
                0x88000d08                x2
 .sbss.sA       0x88000d10        0x4 ./src/startrek.o
                0x88000d10                sA
 .sbss.sC       0x88000d14        0x7 ./src/startrek.o
                0x88000d14                sC
 *fill*         0x88000d1b        0x1 
 .sbss.xfunc_output
                0x88000d1c        0x4 ./src/xprintf.o
                0x88000d1c                xfunc_output
 .sbss.strptr   0x88000d20        0x4 ./src/xprintf.o
 .sbss.xfunc_input
                0x88000d24        0x4 ./src/xprintf.o
                0x88000d24                xfunc_input
 .sbss.__malloc_max_total_mem
                0x88000d28        0x4 /opt/riscv/riscv64-unknown-elf/lib/rv32imafc/ilp32f/libc.a(lib_a-mallocr.o)
                0x88000d28                __malloc_max_total_mem
 .sbss.__malloc_max_sbrked_mem
                0x88000d2c        0x4 /opt/riscv/riscv64-unknown-elf/lib/rv32imafc/ilp32f/libc.a(lib_a-mallocr.o)
                0x88000d2c                __malloc_max_sbrked_mem
 .sbss.__malloc_top_pad
                0x88000d30        0x4 /opt/riscv/riscv64-unknown-elf/lib/rv32imafc/ilp32f/libc.a(lib_a-mallocr.o)
                0x88000d30                __malloc_top_pad
 .sbss.errno    0x88000d34        0x4 /opt/riscv/riscv64-unknown-elf/lib/rv32imafc/ilp32f/libc.a(lib_a-reent.o)
                0x88000d34                errno
 *(.scommon)

.bss            0x88000d38     0x24fc load address 0x90015610
 *(.bss)
 *(.bss.*)
 .bss.heap_base
                0x88000d38     0x2000 ./src/libc-hooks.o
 .bss.g         0x88002d38      0x144 ./src/startrek.o
                0x88002d38                g
 .bss.k         0x88002e7c       0x40 ./src/startrek.o
                0x88002e7c                k
 .bss.z         0x88002ebc      0x144 ./src/startrek.o
                0x88002ebc                z
 .bss.d         0x88003000       0x48 ./src/startrek.o
                0x88003000                d
 .bss.sQ        0x88003048       0xc2 ./src/startrek.o
                0x88003048                sQ
 *fill*         0x8800310a        0x2 
 .bss.sG2       0x8800310c       0xff ./src/startrek.o
                0x8800310c                sG2
 *fill*         0x8800320b        0x1 
 .bss.__malloc_current_mallinfo
                0x8800320c       0x28 /opt/riscv/riscv64-unknown-elf/lib/rv32imafc/ilp32f/libc.a(lib_a-mallocr.o)
                0x8800320c                __malloc_current_mallinfo
                0x88003234                        . = ALIGN (0x4)
                0x88003234                        PROVIDE (__BSS_END__ = .)

.stack          0x88004000     0x8000
                [!provide]                        PROVIDE (__STACK_START__ = .)
                0x8800c000                        . = (. + STACK_SIZE)
 *fill*         0x88004000     0x8000 
                0x8800c000                        PROVIDE (__STACK_TOP__ = .)
                [!provide]                        PROVIDE (__STACK_END__ = .)

/DISCARD/
 *(.eh_frame .eh_frame.*)
OUTPUT(mmRISC_StarTrek.elf elf32-littleriscv)

.debug_info     0x00000000     0x7365
 .debug_info    0x00000000      0x247 ./src/gpio.o
 .debug_info    0x00000247      0x711 ./src/interrupt.o
 .debug_info    0x00000958      0x5c2 ./src/libc-hooks.o
 .debug_info    0x00000f1a      0x104 ./src/main.o
 .debug_info    0x0000101e     0x15ed ./src/startrek.o
 .debug_info    0x0000260b       0xe3 ./src/startrek_doc.o
 .debug_info    0x000026ee       0xe3 ./src/system.o
 .debug_info    0x000027d1      0x28f ./src/uart.o
 .debug_info    0x00002a60      0x6aa ./src/xprintf.o
 .debug_info    0x0000310a      0x761 /opt/riscv/lib/gcc/riscv64-unknown-elf/12.2.0/rv32imafc/ilp32f/libgcc.a(_udivdi3.o)
 .debug_info    0x0000386b      0x7b4 /opt/riscv/lib/gcc/riscv64-unknown-elf/12.2.0/rv32imafc/ilp32f/libgcc.a(_umoddi3.o)
 .debug_info    0x0000401f      0x53f /opt/riscv/lib/gcc/riscv64-unknown-elf/12.2.0/rv32imafc/ilp32f/libgcc.a(adddf3.o)
 .debug_info    0x0000455e      0x6ce /opt/riscv/lib/gcc/riscv64-unknown-elf/12.2.0/rv32imafc/ilp32f/libgcc.a(divdf3.o)
 .debug_info    0x00004c2c      0x239 /opt/riscv/lib/gcc/riscv64-unknown-elf/12.2.0/rv32imafc/ilp32f/libgcc.a(eqdf2.o)
 .debug_info    0x00004e65      0x22a /opt/riscv/lib/gcc/riscv64-unknown-elf/12.2.0/rv32imafc/ilp32f/libgcc.a(gedf2.o)
 .debug_info    0x0000508f      0x22a /opt/riscv/lib/gcc/riscv64-unknown-elf/12.2.0/rv32imafc/ilp32f/libgcc.a(ledf2.o)
 .debug_info    0x000052b9      0x6e7 /opt/riscv/lib/gcc/riscv64-unknown-elf/12.2.0/rv32imafc/ilp32f/libgcc.a(muldf3.o)
 .debug_info    0x000059a0      0x53b /opt/riscv/lib/gcc/riscv64-unknown-elf/12.2.0/rv32imafc/ilp32f/libgcc.a(subdf3.o)
 .debug_info    0x00005edb      0x235 /opt/riscv/lib/gcc/riscv64-unknown-elf/12.2.0/rv32imafc/ilp32f/libgcc.a(unorddf2.o)
 .debug_info    0x00006110      0x1cb /opt/riscv/lib/gcc/riscv64-unknown-elf/12.2.0/rv32imafc/ilp32f/libgcc.a(fixdfsi.o)
 .debug_info    0x000062db      0x1b8 /opt/riscv/lib/gcc/riscv64-unknown-elf/12.2.0/rv32imafc/ilp32f/libgcc.a(fixunsdfsi.o)
 .debug_info    0x00006493      0x268 /opt/riscv/lib/gcc/riscv64-unknown-elf/12.2.0/rv32imafc/ilp32f/libgcc.a(floatsidf.o)
 .debug_info    0x000066fb      0x25d /opt/riscv/lib/gcc/riscv64-unknown-elf/12.2.0/rv32imafc/ilp32f/libgcc.a(floatunsidf.o)
 .debug_info    0x00006958      0x1dd /opt/riscv/lib/gcc/riscv64-unknown-elf/12.2.0/rv32imafc/ilp32f/libgcc.a(fixdfdi.o)
 .debug_info    0x00006b35      0x2d4 /opt/riscv/lib/gcc/riscv64-unknown-elf/12.2.0/rv32imafc/ilp32f/libgcc.a(floatdidf.o)
 .debug_info    0x00006e09      0x1a1 /opt/riscv/lib/gcc/riscv64-unknown-elf/12.2.0/rv32imafc/ilp32f/libgcc.a(_lshrdi3.o)
 .debug_info    0x00006faa      0x1a1 /opt/riscv/lib/gcc/riscv64-unknown-elf/12.2.0/rv32imafc/ilp32f/libgcc.a(_ashldi3.o)
 .debug_info    0x0000714b       0xd8 /opt/riscv/lib/gcc/riscv64-unknown-elf/12.2.0/rv32imafc/ilp32f/libgcc.a(_clz.o)
 .debug_info    0x00007223      0x142 /opt/riscv/lib/gcc/riscv64-unknown-elf/12.2.0/rv32imafc/ilp32f/libgcc.a(_clzsi2.o)

.debug_abbrev   0x00000000     0x27aa
 .debug_abbrev  0x00000000      0x124 ./src/gpio.o
 .debug_abbrev  0x00000124      0x213 ./src/interrupt.o
 .debug_abbrev  0x00000337      0x1d7 ./src/libc-hooks.o
 .debug_abbrev  0x0000050e       0xa7 ./src/main.o
 .debug_abbrev  0x000005b5      0x37a ./src/startrek.o
 .debug_abbrev  0x0000092f       0x94 ./src/startrek_doc.o
 .debug_abbrev  0x000009c3       0x82 ./src/system.o
 .debug_abbrev  0x00000a45      0x170 ./src/uart.o
 .debug_abbrev  0x00000bb5      0x216 ./src/xprintf.o
 .debug_abbrev  0x00000dcb      0x1a6 /opt/riscv/lib/gcc/riscv64-unknown-elf/12.2.0/rv32imafc/ilp32f/libgcc.a(_udivdi3.o)
 .debug_abbrev  0x00000f71      0x1aa /opt/riscv/lib/gcc/riscv64-unknown-elf/12.2.0/rv32imafc/ilp32f/libgcc.a(_umoddi3.o)
 .debug_abbrev  0x0000111b      0x17a /opt/riscv/lib/gcc/riscv64-unknown-elf/12.2.0/rv32imafc/ilp32f/libgcc.a(adddf3.o)
 .debug_abbrev  0x00001295      0x17a /opt/riscv/lib/gcc/riscv64-unknown-elf/12.2.0/rv32imafc/ilp32f/libgcc.a(divdf3.o)
 .debug_abbrev  0x0000140f      0x15a /opt/riscv/lib/gcc/riscv64-unknown-elf/12.2.0/rv32imafc/ilp32f/libgcc.a(eqdf2.o)
 .debug_abbrev  0x00001569      0x13e /opt/riscv/lib/gcc/riscv64-unknown-elf/12.2.0/rv32imafc/ilp32f/libgcc.a(gedf2.o)
 .debug_abbrev  0x000016a7      0x13e /opt/riscv/lib/gcc/riscv64-unknown-elf/12.2.0/rv32imafc/ilp32f/libgcc.a(ledf2.o)
 .debug_abbrev  0x000017e5      0x18c /opt/riscv/lib/gcc/riscv64-unknown-elf/12.2.0/rv32imafc/ilp32f/libgcc.a(muldf3.o)
 .debug_abbrev  0x00001971      0x17a /opt/riscv/lib/gcc/riscv64-unknown-elf/12.2.0/rv32imafc/ilp32f/libgcc.a(subdf3.o)
 .debug_abbrev  0x00001aeb      0x14b /opt/riscv/lib/gcc/riscv64-unknown-elf/12.2.0/rv32imafc/ilp32f/libgcc.a(unorddf2.o)
 .debug_abbrev  0x00001c36      0x143 /opt/riscv/lib/gcc/riscv64-unknown-elf/12.2.0/rv32imafc/ilp32f/libgcc.a(fixdfsi.o)
 .debug_abbrev  0x00001d79      0x13a /opt/riscv/lib/gcc/riscv64-unknown-elf/12.2.0/rv32imafc/ilp32f/libgcc.a(fixunsdfsi.o)
 .debug_abbrev  0x00001eb3      0x164 /opt/riscv/lib/gcc/riscv64-unknown-elf/12.2.0/rv32imafc/ilp32f/libgcc.a(floatsidf.o)
 .debug_abbrev  0x00002017      0x163 /opt/riscv/lib/gcc/riscv64-unknown-elf/12.2.0/rv32imafc/ilp32f/libgcc.a(floatunsidf.o)
 .debug_abbrev  0x0000217a      0x153 /opt/riscv/lib/gcc/riscv64-unknown-elf/12.2.0/rv32imafc/ilp32f/libgcc.a(fixdfdi.o)
 .debug_abbrev  0x000022cd      0x18b /opt/riscv/lib/gcc/riscv64-unknown-elf/12.2.0/rv32imafc/ilp32f/libgcc.a(floatdidf.o)
 .debug_abbrev  0x00002458      0x10c /opt/riscv/lib/gcc/riscv64-unknown-elf/12.2.0/rv32imafc/ilp32f/libgcc.a(_lshrdi3.o)
 .debug_abbrev  0x00002564      0x10c /opt/riscv/lib/gcc/riscv64-unknown-elf/12.2.0/rv32imafc/ilp32f/libgcc.a(_ashldi3.o)
 .debug_abbrev  0x00002670       0x70 /opt/riscv/lib/gcc/riscv64-unknown-elf/12.2.0/rv32imafc/ilp32f/libgcc.a(_clz.o)
 .debug_abbrev  0x000026e0       0xca /opt/riscv/lib/gcc/riscv64-unknown-elf/12.2.0/rv32imafc/ilp32f/libgcc.a(_clzsi2.o)

.debug_aranges  0x00000000      0x6a0
 .debug_aranges
                0x00000000       0x50 ./src/gpio.o
 .debug_aranges
                0x00000050       0x78 ./src/interrupt.o
 .debug_aranges
                0x000000c8       0x90 ./src/libc-hooks.o
 .debug_aranges
                0x00000158       0x20 ./src/main.o
 .debug_aranges
                0x00000178      0x188 ./src/startrek.o
 .debug_aranges
                0x00000300       0x20 ./src/startrek_doc.o
 .debug_aranges
                0x00000320       0x20 ./src/system.o
 .debug_aranges
                0x00000340       0x58 ./src/uart.o
 .debug_aranges
                0x00000398       0x90 ./src/xprintf.o
 .debug_aranges
                0x00000428       0x20 /opt/riscv/lib/gcc/riscv64-unknown-elf/12.2.0/rv32imafc/ilp32f/libgcc.a(_udivdi3.o)
 .debug_aranges
                0x00000448       0x20 /opt/riscv/lib/gcc/riscv64-unknown-elf/12.2.0/rv32imafc/ilp32f/libgcc.a(_umoddi3.o)
 .debug_aranges
                0x00000468       0x20 /opt/riscv/lib/gcc/riscv64-unknown-elf/12.2.0/rv32imafc/ilp32f/libgcc.a(adddf3.o)
 .debug_aranges
                0x00000488       0x20 /opt/riscv/lib/gcc/riscv64-unknown-elf/12.2.0/rv32imafc/ilp32f/libgcc.a(divdf3.o)
 .debug_aranges
                0x000004a8       0x20 /opt/riscv/lib/gcc/riscv64-unknown-elf/12.2.0/rv32imafc/ilp32f/libgcc.a(eqdf2.o)
 .debug_aranges
                0x000004c8       0x20 /opt/riscv/lib/gcc/riscv64-unknown-elf/12.2.0/rv32imafc/ilp32f/libgcc.a(gedf2.o)
 .debug_aranges
                0x000004e8       0x20 /opt/riscv/lib/gcc/riscv64-unknown-elf/12.2.0/rv32imafc/ilp32f/libgcc.a(ledf2.o)
 .debug_aranges
                0x00000508       0x20 /opt/riscv/lib/gcc/riscv64-unknown-elf/12.2.0/rv32imafc/ilp32f/libgcc.a(muldf3.o)
 .debug_aranges
                0x00000528       0x20 /opt/riscv/lib/gcc/riscv64-unknown-elf/12.2.0/rv32imafc/ilp32f/libgcc.a(subdf3.o)
 .debug_aranges
                0x00000548       0x20 /opt/riscv/lib/gcc/riscv64-unknown-elf/12.2.0/rv32imafc/ilp32f/libgcc.a(unorddf2.o)
 .debug_aranges
                0x00000568       0x20 /opt/riscv/lib/gcc/riscv64-unknown-elf/12.2.0/rv32imafc/ilp32f/libgcc.a(fixdfsi.o)
 .debug_aranges
                0x00000588       0x20 /opt/riscv/lib/gcc/riscv64-unknown-elf/12.2.0/rv32imafc/ilp32f/libgcc.a(fixunsdfsi.o)
 .debug_aranges
                0x000005a8       0x20 /opt/riscv/lib/gcc/riscv64-unknown-elf/12.2.0/rv32imafc/ilp32f/libgcc.a(floatsidf.o)
 .debug_aranges
                0x000005c8       0x20 /opt/riscv/lib/gcc/riscv64-unknown-elf/12.2.0/rv32imafc/ilp32f/libgcc.a(floatunsidf.o)
 .debug_aranges
                0x000005e8       0x20 /opt/riscv/lib/gcc/riscv64-unknown-elf/12.2.0/rv32imafc/ilp32f/libgcc.a(fixdfdi.o)
 .debug_aranges
                0x00000608       0x20 /opt/riscv/lib/gcc/riscv64-unknown-elf/12.2.0/rv32imafc/ilp32f/libgcc.a(floatdidf.o)
 .debug_aranges
                0x00000628       0x20 /opt/riscv/lib/gcc/riscv64-unknown-elf/12.2.0/rv32imafc/ilp32f/libgcc.a(_lshrdi3.o)
 .debug_aranges
                0x00000648       0x20 /opt/riscv/lib/gcc/riscv64-unknown-elf/12.2.0/rv32imafc/ilp32f/libgcc.a(_ashldi3.o)
 .debug_aranges
                0x00000668       0x18 /opt/riscv/lib/gcc/riscv64-unknown-elf/12.2.0/rv32imafc/ilp32f/libgcc.a(_clz.o)
 .debug_aranges
                0x00000680       0x20 /opt/riscv/lib/gcc/riscv64-unknown-elf/12.2.0/rv32imafc/ilp32f/libgcc.a(_clzsi2.o)

.debug_rnglists
                0x00000000     0x1497
 .debug_rnglists
                0x00000000       0x4c ./src/gpio.o
 .debug_rnglists
                0x0000004c       0x79 ./src/interrupt.o
 .debug_rnglists
                0x000000c5       0x94 ./src/libc-hooks.o
 .debug_rnglists
                0x00000159       0x16 ./src/main.o
 .debug_rnglists
                0x0000016f      0x1ab ./src/startrek.o
 .debug_rnglists
                0x0000031a       0x16 ./src/startrek_doc.o
 .debug_rnglists
                0x00000330       0x16 ./src/system.o
 .debug_rnglists
                0x00000346       0x55 ./src/uart.o
 .debug_rnglists
                0x0000039b       0x94 ./src/xprintf.o
 .debug_rnglists
                0x0000042f      0x111 /opt/riscv/lib/gcc/riscv64-unknown-elf/12.2.0/rv32imafc/ilp32f/libgcc.a(_udivdi3.o)
 .debug_rnglists
                0x00000540       0xac /opt/riscv/lib/gcc/riscv64-unknown-elf/12.2.0/rv32imafc/ilp32f/libgcc.a(_umoddi3.o)
 .debug_rnglists
                0x000005ec      0x384 /opt/riscv/lib/gcc/riscv64-unknown-elf/12.2.0/rv32imafc/ilp32f/libgcc.a(adddf3.o)
 .debug_rnglists
                0x00000970      0x12f /opt/riscv/lib/gcc/riscv64-unknown-elf/12.2.0/rv32imafc/ilp32f/libgcc.a(divdf3.o)
 .debug_rnglists
                0x00000a9f       0x60 /opt/riscv/lib/gcc/riscv64-unknown-elf/12.2.0/rv32imafc/ilp32f/libgcc.a(eqdf2.o)
 .debug_rnglists
                0x00000aff       0x72 /opt/riscv/lib/gcc/riscv64-unknown-elf/12.2.0/rv32imafc/ilp32f/libgcc.a(gedf2.o)
 .debug_rnglists
                0x00000b71       0x72 /opt/riscv/lib/gcc/riscv64-unknown-elf/12.2.0/rv32imafc/ilp32f/libgcc.a(ledf2.o)
 .debug_rnglists
                0x00000be3      0x228 /opt/riscv/lib/gcc/riscv64-unknown-elf/12.2.0/rv32imafc/ilp32f/libgcc.a(muldf3.o)
 .debug_rnglists
                0x00000e0b      0x41e /opt/riscv/lib/gcc/riscv64-unknown-elf/12.2.0/rv32imafc/ilp32f/libgcc.a(subdf3.o)
 .debug_rnglists
                0x00001229       0x3b /opt/riscv/lib/gcc/riscv64-unknown-elf/12.2.0/rv32imafc/ilp32f/libgcc.a(unorddf2.o)
 .debug_rnglists
                0x00001264       0x57 /opt/riscv/lib/gcc/riscv64-unknown-elf/12.2.0/rv32imafc/ilp32f/libgcc.a(fixdfsi.o)
 .debug_rnglists
                0x000012bb       0x1f /opt/riscv/lib/gcc/riscv64-unknown-elf/12.2.0/rv32imafc/ilp32f/libgcc.a(fixunsdfsi.o)
 .debug_rnglists
                0x000012da       0x61 /opt/riscv/lib/gcc/riscv64-unknown-elf/12.2.0/rv32imafc/ilp32f/libgcc.a(floatsidf.o)
 .debug_rnglists
                0x0000133b       0x6a /opt/riscv/lib/gcc/riscv64-unknown-elf/12.2.0/rv32imafc/ilp32f/libgcc.a(floatunsidf.o)
 .debug_rnglists
                0x000013a5       0x3b /opt/riscv/lib/gcc/riscv64-unknown-elf/12.2.0/rv32imafc/ilp32f/libgcc.a(fixdfdi.o)
 .debug_rnglists
                0x000013e0       0x8f /opt/riscv/lib/gcc/riscv64-unknown-elf/12.2.0/rv32imafc/ilp32f/libgcc.a(floatdidf.o)
 .debug_rnglists
                0x0000146f       0x28 /opt/riscv/lib/gcc/riscv64-unknown-elf/12.2.0/rv32imafc/ilp32f/libgcc.a(_clzsi2.o)

.debug_macro    0x00000000     0x3215
 .debug_macro   0x00000000      0x1d9 ./src/gpio.o
 .debug_macro   0x000001d9      0x77e ./src/gpio.o
 .debug_macro   0x00000957       0x22 ./src/gpio.o
 .debug_macro   0x00000979       0x8e ./src/gpio.o
 .debug_macro   0x00000a07       0x51 ./src/gpio.o
 .debug_macro   0x00000a58      0x103 ./src/gpio.o
 .debug_macro   0x00000b5b       0x6a ./src/gpio.o
 .debug_macro   0x00000bc5      0x1df ./src/gpio.o
 .debug_macro   0x00000da4       0x58 ./src/gpio.o
 .debug_macro   0x00000dfc       0x20 ./src/gpio.o
 .debug_macro   0x00000e1c       0x34 ./src/gpio.o
 .debug_macro   0x00000e50       0x34 ./src/gpio.o
 .debug_macro   0x00000e84       0x16 ./src/gpio.o
 .debug_macro   0x00000e9a       0x9e ./src/gpio.o
 .debug_macro   0x00000f38      0x341 ./src/gpio.o
 .debug_macro   0x00001279      0x10b ./src/gpio.o
 .debug_macro   0x00001384       0x10 ./src/gpio.o
 .debug_macro   0x00001394       0x16 ./src/gpio.o
 .debug_macro   0x000013aa       0x43 ./src/gpio.o
 .debug_macro   0x000013ed       0x34 ./src/gpio.o
 .debug_macro   0x00001421       0x10 ./src/gpio.o
 .debug_macro   0x00001431       0x52 ./src/gpio.o
 .debug_macro   0x00001483      0x182 ./src/gpio.o
 .debug_macro   0x00001605       0x10 ./src/gpio.o
 .debug_macro   0x00001615       0x1c ./src/gpio.o
 .debug_macro   0x00001631       0x52 ./src/gpio.o
 .debug_macro   0x00001683       0x22 ./src/gpio.o
 .debug_macro   0x000016a5       0x10 ./src/gpio.o
 .debug_macro   0x000016b5       0x52 ./src/gpio.o
 .debug_macro   0x00001707       0xd5 ./src/gpio.o
 .debug_macro   0x000017dc       0x1c ./src/gpio.o
 .debug_macro   0x000017f8       0x3d ./src/gpio.o
 .debug_macro   0x00001835       0x16 ./src/gpio.o
 .debug_macro   0x0000184b      0x16f ./src/gpio.o
 .debug_macro   0x000019ba       0x46 ./src/gpio.o
 .debug_macro   0x00001a00       0x1c ./src/gpio.o
 .debug_macro   0x00001a1c       0x94 ./src/gpio.o
 .debug_macro   0x00001ab0      0x1f8 ./src/interrupt.o
 .debug_macro   0x00001ca8       0x1c ./src/interrupt.o
 .debug_macro   0x00001cc4       0x28 ./src/interrupt.o
 .debug_macro   0x00001cec       0xc4 ./src/interrupt.o
 .debug_macro   0x00001db0      0x1d4 ./src/libc-hooks.o
 .debug_macro   0x00001f84       0x52 ./src/libc-hooks.o
 .debug_macro   0x00001fd6       0x94 ./src/libc-hooks.o
 .debug_macro   0x0000206a       0x57 ./src/libc-hooks.o
 .debug_macro   0x000020c1       0x16 ./src/libc-hooks.o
 .debug_macro   0x000020d7       0x35 ./src/libc-hooks.o
 .debug_macro   0x0000210c       0x10 ./src/libc-hooks.o
 .debug_macro   0x0000211c       0x10 ./src/libc-hooks.o
 .debug_macro   0x0000212c       0x35 ./src/libc-hooks.o
 .debug_macro   0x00002161      0x12c ./src/libc-hooks.o
 .debug_macro   0x0000228d      0x239 ./src/main.o
 .debug_macro   0x000024c6      0x189 ./src/main.o
 .debug_macro   0x0000264f      0x19b ./src/main.o
 .debug_macro   0x000027ea       0x1c ./src/main.o
 .debug_macro   0x00002806       0x16 ./src/main.o
 .debug_macro   0x0000281c       0x16 ./src/main.o
 .debug_macro   0x00002832       0x29 ./src/main.o
 .debug_macro   0x0000285b      0x282 ./src/startrek.o
 .debug_macro   0x00002add       0x16 ./src/startrek.o
 .debug_macro   0x00002af3      0x1d0 ./src/startrek_doc.o
 .debug_macro   0x00002cc3      0x1d9 ./src/system.o
 .debug_macro   0x00002e9c      0x1ef ./src/uart.o
 .debug_macro   0x0000308b      0x122 ./src/xprintf.o
 .debug_macro   0x000031ad       0x10 ./src/xprintf.o
 .debug_macro   0x000031bd       0x58 ./src/xprintf.o

.debug_line     0x00000000     0xe237
 .debug_line    0x00000000      0x3e8 ./src/gpio.o
 .debug_line    0x000003e8      0x9b2 ./src/interrupt.o
 .debug_line    0x00000d9a      0x433 ./src/libc-hooks.o
 .debug_line    0x000011cd      0x150 ./src/main.o
 .debug_line    0x0000131d     0x33cb ./src/startrek.o
 .debug_line    0x000046e8      0x11b ./src/startrek_doc.o
 .debug_line    0x00004803      0x160 ./src/system.o
 .debug_line    0x00004963      0x363 ./src/uart.o
 .debug_line    0x00004cc6     0x1615 ./src/xprintf.o
 .debug_line    0x000062db      0x713 /opt/riscv/lib/gcc/riscv64-unknown-elf/12.2.0/rv32imafc/ilp32f/libgcc.a(_udivdi3.o)
 .debug_line    0x000069ee      0x78d /opt/riscv/lib/gcc/riscv64-unknown-elf/12.2.0/rv32imafc/ilp32f/libgcc.a(_umoddi3.o)
 .debug_line    0x0000717b     0x16af /opt/riscv/lib/gcc/riscv64-unknown-elf/12.2.0/rv32imafc/ilp32f/libgcc.a(adddf3.o)
 .debug_line    0x0000882a     0x123f /opt/riscv/lib/gcc/riscv64-unknown-elf/12.2.0/rv32imafc/ilp32f/libgcc.a(divdf3.o)
 .debug_line    0x00009a69      0x271 /opt/riscv/lib/gcc/riscv64-unknown-elf/12.2.0/rv32imafc/ilp32f/libgcc.a(eqdf2.o)
 .debug_line    0x00009cda      0x35e /opt/riscv/lib/gcc/riscv64-unknown-elf/12.2.0/rv32imafc/ilp32f/libgcc.a(gedf2.o)
 .debug_line    0x0000a038      0x35e /opt/riscv/lib/gcc/riscv64-unknown-elf/12.2.0/rv32imafc/ilp32f/libgcc.a(ledf2.o)
 .debug_line    0x0000a396     0x109d /opt/riscv/lib/gcc/riscv64-unknown-elf/12.2.0/rv32imafc/ilp32f/libgcc.a(muldf3.o)
 .debug_line    0x0000b433     0x17c7 /opt/riscv/lib/gcc/riscv64-unknown-elf/12.2.0/rv32imafc/ilp32f/libgcc.a(subdf3.o)
 .debug_line    0x0000cbfa      0x20b /opt/riscv/lib/gcc/riscv64-unknown-elf/12.2.0/rv32imafc/ilp32f/libgcc.a(unorddf2.o)
 .debug_line    0x0000ce05      0x295 /opt/riscv/lib/gcc/riscv64-unknown-elf/12.2.0/rv32imafc/ilp32f/libgcc.a(fixdfsi.o)
 .debug_line    0x0000d09a      0x22b /opt/riscv/lib/gcc/riscv64-unknown-elf/12.2.0/rv32imafc/ilp32f/libgcc.a(fixunsdfsi.o)
 .debug_line    0x0000d2c5      0x223 /opt/riscv/lib/gcc/riscv64-unknown-elf/12.2.0/rv32imafc/ilp32f/libgcc.a(floatsidf.o)
 .debug_line    0x0000d4e8      0x241 /opt/riscv/lib/gcc/riscv64-unknown-elf/12.2.0/rv32imafc/ilp32f/libgcc.a(floatunsidf.o)
 .debug_line    0x0000d729      0x30f /opt/riscv/lib/gcc/riscv64-unknown-elf/12.2.0/rv32imafc/ilp32f/libgcc.a(fixdfdi.o)
 .debug_line    0x0000da38      0x4e7 /opt/riscv/lib/gcc/riscv64-unknown-elf/12.2.0/rv32imafc/ilp32f/libgcc.a(floatdidf.o)
 .debug_line    0x0000df1f      0x107 /opt/riscv/lib/gcc/riscv64-unknown-elf/12.2.0/rv32imafc/ilp32f/libgcc.a(_lshrdi3.o)
 .debug_line    0x0000e026      0x107 /opt/riscv/lib/gcc/riscv64-unknown-elf/12.2.0/rv32imafc/ilp32f/libgcc.a(_ashldi3.o)
 .debug_line    0x0000e12d       0x3f /opt/riscv/lib/gcc/riscv64-unknown-elf/12.2.0/rv32imafc/ilp32f/libgcc.a(_clz.o)
 .debug_line    0x0000e16c       0xcb /opt/riscv/lib/gcc/riscv64-unknown-elf/12.2.0/rv32imafc/ilp32f/libgcc.a(_clzsi2.o)

.debug_str      0x00000000     0x9664
 .debug_str     0x00000000     0x70bd ./src/gpio.o
                               0x72b9 (size before relaxing)
 .debug_str     0x000070bd      0x546 ./src/interrupt.o
                               0x77eb (size before relaxing)
 .debug_str     0x00007603      0x735 ./src/libc-hooks.o
                               0x6d36 (size before relaxing)
 .debug_str     0x00007d38      0x91e ./src/main.o
                               0x7f23 (size before relaxing)
 .debug_str     0x00008656      0x6b0 ./src/startrek.o
                               0x822d (size before relaxing)
 .debug_str     0x00008d06        0x6 ./src/startrek_doc.o
                               0x70a4 (size before relaxing)
 .debug_str     0x00008d0c        0x5 ./src/system.o
                               0x717b (size before relaxing)
 .debug_str     0x00008d11       0x6f ./src/uart.o
                               0x7436 (size before relaxing)
 .debug_str     0x00008d80      0x15b ./src/xprintf.o
                               0x5f29 (size before relaxing)
 .debug_str     0x00008edb      0x1a7 /opt/riscv/lib/gcc/riscv64-unknown-elf/12.2.0/rv32imafc/ilp32f/libgcc.a(_udivdi3.o)
                                0x257 (size before relaxing)
 .debug_str     0x00009082        0xa /opt/riscv/lib/gcc/riscv64-unknown-elf/12.2.0/rv32imafc/ilp32f/libgcc.a(_umoddi3.o)
                                0x257 (size before relaxing)
 .debug_str     0x0000908c      0x21c /opt/riscv/lib/gcc/riscv64-unknown-elf/12.2.0/rv32imafc/ilp32f/libgcc.a(adddf3.o)
                                0x2b1 (size before relaxing)
 .debug_str     0x000092a8      0x16b /opt/riscv/lib/gcc/riscv64-unknown-elf/12.2.0/rv32imafc/ilp32f/libgcc.a(divdf3.o)
                                0x373 (size before relaxing)
 .debug_str     0x00009413       0x27 /opt/riscv/lib/gcc/riscv64-unknown-elf/12.2.0/rv32imafc/ilp32f/libgcc.a(eqdf2.o)
                                0x1c3 (size before relaxing)
 .debug_str     0x0000943a       0x2c /opt/riscv/lib/gcc/riscv64-unknown-elf/12.2.0/rv32imafc/ilp32f/libgcc.a(gedf2.o)
                                0x1e7 (size before relaxing)
 .debug_str     0x00009466        0x8 /opt/riscv/lib/gcc/riscv64-unknown-elf/12.2.0/rv32imafc/ilp32f/libgcc.a(ledf2.o)
                                0x1e7 (size before relaxing)
 .debug_str     0x0000946e      0x12e /opt/riscv/lib/gcc/riscv64-unknown-elf/12.2.0/rv32imafc/ilp32f/libgcc.a(muldf3.o)
                                0x3cb (size before relaxing)
 .debug_str     0x0000959c        0x9 /opt/riscv/lib/gcc/riscv64-unknown-elf/12.2.0/rv32imafc/ilp32f/libgcc.a(subdf3.o)
                                0x2b1 (size before relaxing)
 .debug_str     0x000095a5        0xb /opt/riscv/lib/gcc/riscv64-unknown-elf/12.2.0/rv32imafc/ilp32f/libgcc.a(unorddf2.o)
                                0x1c6 (size before relaxing)
 .debug_str     0x000095b0       0x1d /opt/riscv/lib/gcc/riscv64-unknown-elf/12.2.0/rv32imafc/ilp32f/libgcc.a(fixdfsi.o)
                                0x1be (size before relaxing)
 .debug_str     0x000095cd        0xd /opt/riscv/lib/gcc/riscv64-unknown-elf/12.2.0/rv32imafc/ilp32f/libgcc.a(fixunsdfsi.o)
                                0x1ba (size before relaxing)
 .debug_str     0x000095da       0x39 /opt/riscv/lib/gcc/riscv64-unknown-elf/12.2.0/rv32imafc/ilp32f/libgcc.a(floatsidf.o)
                                0x25b (size before relaxing)
 .debug_str     0x00009613        0xe /opt/riscv/lib/gcc/riscv64-unknown-elf/12.2.0/rv32imafc/ilp32f/libgcc.a(floatunsidf.o)
                                0x256 (size before relaxing)
 .debug_str     0x00009621       0x14 /opt/riscv/lib/gcc/riscv64-unknown-elf/12.2.0/rv32imafc/ilp32f/libgcc.a(fixdfdi.o)
                                0x1c8 (size before relaxing)
 .debug_str     0x00009635       0x16 /opt/riscv/lib/gcc/riscv64-unknown-elf/12.2.0/rv32imafc/ilp32f/libgcc.a(floatdidf.o)
                                0x279 (size before relaxing)
 .debug_str     0x0000964b       0x19 /opt/riscv/lib/gcc/riscv64-unknown-elf/12.2.0/rv32imafc/ilp32f/libgcc.a(_lshrdi3.o)
                                0x1e1 (size before relaxing)
 .debug_str     0x00009664      0x1e1 /opt/riscv/lib/gcc/riscv64-unknown-elf/12.2.0/rv32imafc/ilp32f/libgcc.a(_ashldi3.o)
 .debug_str     0x00009664      0x1a4 /opt/riscv/lib/gcc/riscv64-unknown-elf/12.2.0/rv32imafc/ilp32f/libgcc.a(_clz.o)
 .debug_str     0x00009664      0x1c1 /opt/riscv/lib/gcc/riscv64-unknown-elf/12.2.0/rv32imafc/ilp32f/libgcc.a(_clzsi2.o)

.debug_line_str
                0x00000000      0x6a4
 .debug_line_str
                0x00000000      0x21b ./src/gpio.o
                                0x2cc (size before relaxing)
 .debug_line_str
                0x0000021b       0x35 ./src/interrupt.o
                                0x2fd (size before relaxing)
 .debug_line_str
                0x00000250       0x2c ./src/libc-hooks.o
                                0x2c7 (size before relaxing)
 .debug_line_str
                0x0000027c       0x32 ./src/main.o
                                0x312 (size before relaxing)
 .debug_line_str
                0x000002ae       0x25 ./src/startrek.o
                                0x331 (size before relaxing)
 .debug_line_str
                0x000002d3       0x16 ./src/startrek_doc.o
                                0x2dd (size before relaxing)
 .debug_line_str
                0x000002e9       0x10 ./src/system.o
                                0x2d1 (size before relaxing)
 .debug_line_str
                0x000002f9        0xe ./src/uart.o
                                0x2e2 (size before relaxing)
 .debug_line_str
                0x00000307       0x11 ./src/xprintf.o
                                0x24c (size before relaxing)
 .debug_line_str
                0x00000318       0xbf /opt/riscv/lib/gcc/riscv64-unknown-elf/12.2.0/rv32imafc/ilp32f/libgcc.a(_udivdi3.o)
                                0x146 (size before relaxing)
 .debug_line_str
                0x000003d7      0x146 /opt/riscv/lib/gcc/riscv64-unknown-elf/12.2.0/rv32imafc/ilp32f/libgcc.a(_umoddi3.o)
 .debug_line_str
                0x000003d7       0x5a /opt/riscv/lib/gcc/riscv64-unknown-elf/12.2.0/rv32imafc/ilp32f/libgcc.a(adddf3.o)
                                0x152 (size before relaxing)
 .debug_line_str
                0x00000431       0x37 /opt/riscv/lib/gcc/riscv64-unknown-elf/12.2.0/rv32imafc/ilp32f/libgcc.a(divdf3.o)
                                0x15c (size before relaxing)
 .debug_line_str
                0x00000468       0x3c /opt/riscv/lib/gcc/riscv64-unknown-elf/12.2.0/rv32imafc/ilp32f/libgcc.a(eqdf2.o)
                                0x15f (size before relaxing)
 .debug_line_str
                0x000004a4       0x2c /opt/riscv/lib/gcc/riscv64-unknown-elf/12.2.0/rv32imafc/ilp32f/libgcc.a(gedf2.o)
                                0x15f (size before relaxing)
 .debug_line_str
                0x000004d0       0x2c /opt/riscv/lib/gcc/riscv64-unknown-elf/12.2.0/rv32imafc/ilp32f/libgcc.a(ledf2.o)
                                0x15f (size before relaxing)
 .debug_line_str
                0x000004fc       0x2d /opt/riscv/lib/gcc/riscv64-unknown-elf/12.2.0/rv32imafc/ilp32f/libgcc.a(muldf3.o)
                                0x15c (size before relaxing)
 .debug_line_str
                0x00000529       0x2d /opt/riscv/lib/gcc/riscv64-unknown-elf/12.2.0/rv32imafc/ilp32f/libgcc.a(subdf3.o)
                                0x152 (size before relaxing)
 .debug_line_str
                0x00000556       0x2f /opt/riscv/lib/gcc/riscv64-unknown-elf/12.2.0/rv32imafc/ilp32f/libgcc.a(unorddf2.o)
                                0x168 (size before relaxing)
 .debug_line_str
                0x00000585       0x2e /opt/riscv/lib/gcc/riscv64-unknown-elf/12.2.0/rv32imafc/ilp32f/libgcc.a(fixdfsi.o)
                                0x15f (size before relaxing)
 .debug_line_str
                0x000005b3       0x31 /opt/riscv/lib/gcc/riscv64-unknown-elf/12.2.0/rv32imafc/ilp32f/libgcc.a(fixunsdfsi.o)
                                0x168 (size before relaxing)
 .debug_line_str
                0x000005e4       0x30 /opt/riscv/lib/gcc/riscv64-unknown-elf/12.2.0/rv32imafc/ilp32f/libgcc.a(floatsidf.o)
                                0x165 (size before relaxing)
 .debug_line_str
                0x00000614       0x32 /opt/riscv/lib/gcc/riscv64-unknown-elf/12.2.0/rv32imafc/ilp32f/libgcc.a(floatunsidf.o)
                                0x16b (size before relaxing)
 .debug_line_str
                0x00000646       0x2e /opt/riscv/lib/gcc/riscv64-unknown-elf/12.2.0/rv32imafc/ilp32f/libgcc.a(fixdfdi.o)
                                0x15f (size before relaxing)
 .debug_line_str
                0x00000674       0x30 /opt/riscv/lib/gcc/riscv64-unknown-elf/12.2.0/rv32imafc/ilp32f/libgcc.a(floatdidf.o)
                                0x165 (size before relaxing)
 .debug_line_str
                0x000006a4      0x146 /opt/riscv/lib/gcc/riscv64-unknown-elf/12.2.0/rv32imafc/ilp32f/libgcc.a(_lshrdi3.o)
 .debug_line_str
                0x000006a4      0x146 /opt/riscv/lib/gcc/riscv64-unknown-elf/12.2.0/rv32imafc/ilp32f/libgcc.a(_ashldi3.o)
 .debug_line_str
                0x000006a4      0x146 /opt/riscv/lib/gcc/riscv64-unknown-elf/12.2.0/rv32imafc/ilp32f/libgcc.a(_clz.o)
 .debug_line_str
                0x000006a4      0x146 /opt/riscv/lib/gcc/riscv64-unknown-elf/12.2.0/rv32imafc/ilp32f/libgcc.a(_clzsi2.o)

.comment        0x00000000       0x2d
 .comment       0x00000000       0x1b ./src/gpio.o
                                 0x1c (size before relaxing)
 .comment       0x0000001b       0x1c ./src/interrupt.o
 .comment       0x0000001b       0x1c ./src/libc-hooks.o
 .comment       0x0000001b       0x1c ./src/main.o
 .comment       0x0000001b       0x1c ./src/startrek.o
 .comment       0x0000001b       0x1c ./src/startrek_doc.o
 .comment       0x0000001b       0x1c ./src/system.o
 .comment       0x0000001b       0x1c ./src/uart.o
 .comment       0x0000001b       0x1c ./src/xprintf.o
 .comment       0x0000001b       0x12 /opt/riscv/riscv64-unknown-elf/lib/rv32imafc/ilp32f/libm.a(lib_a-w_pow.o)
                                 0x13 (size before relaxing)
 .comment       0x0000002d       0x13 /opt/riscv/riscv64-unknown-elf/lib/rv32imafc/ilp32f/libm.a(lib_a-w_sqrt.o)
 .comment       0x0000002d       0x13 /opt/riscv/riscv64-unknown-elf/lib/rv32imafc/ilp32f/libm.a(lib_a-e_pow.o)
 .comment       0x0000002d       0x13 /opt/riscv/riscv64-unknown-elf/lib/rv32imafc/ilp32f/libm.a(lib_a-e_sqrt.o)
 .comment       0x0000002d       0x13 /opt/riscv/riscv64-unknown-elf/lib/rv32imafc/ilp32f/libm.a(lib_a-math_err.o)
 .comment       0x0000002d       0x13 /opt/riscv/riscv64-unknown-elf/lib/rv32imafc/ilp32f/libm.a(lib_a-s_fabs.o)
 .comment       0x0000002d       0x13 /opt/riscv/riscv64-unknown-elf/lib/rv32imafc/ilp32f/libm.a(lib_a-s_finite.o)
 .comment       0x0000002d       0x13 /opt/riscv/riscv64-unknown-elf/lib/rv32imafc/ilp32f/libm.a(lib_a-s_scalbn.o)
 .comment       0x0000002d       0x13 /opt/riscv/riscv64-unknown-elf/lib/rv32imafc/ilp32f/libc.a(lib_a-atof.o)
 .comment       0x0000002d       0x13 /opt/riscv/riscv64-unknown-elf/lib/rv32imafc/ilp32f/libc.a(lib_a-atoi.o)
 .comment       0x0000002d       0x13 /opt/riscv/riscv64-unknown-elf/lib/rv32imafc/ilp32f/libc.a(lib_a-errno.o)
 .comment       0x0000002d       0x13 /opt/riscv/riscv64-unknown-elf/lib/rv32imafc/ilp32f/libc.a(lib_a-exit.o)
 .comment       0x0000002d       0x13 /opt/riscv/riscv64-unknown-elf/lib/rv32imafc/ilp32f/libc.a(lib_a-getchar.o)
 .comment       0x0000002d       0x13 /opt/riscv/riscv64-unknown-elf/lib/rv32imafc/ilp32f/libc.a(lib_a-impure.o)
 .comment       0x0000002d       0x13 /opt/riscv/riscv64-unknown-elf/lib/rv32imafc/ilp32f/libc.a(lib_a-rand.o)
 .comment       0x0000002d       0x13 /opt/riscv/riscv64-unknown-elf/lib/rv32imafc/ilp32f/libc.a(lib_a-strcat.o)
 .comment       0x0000002d       0x13 /opt/riscv/riscv64-unknown-elf/lib/rv32imafc/ilp32f/libc.a(lib_a-strcpy.o)
 .comment       0x0000002d       0x13 /opt/riscv/riscv64-unknown-elf/lib/rv32imafc/ilp32f/libc.a(lib_a-strlen.o)
 .comment       0x0000002d       0x13 /opt/riscv/riscv64-unknown-elf/lib/rv32imafc/ilp32f/libc.a(lib_a-strncmp.o)
 .comment       0x0000002d       0x13 /opt/riscv/riscv64-unknown-elf/lib/rv32imafc/ilp32f/libc.a(lib_a-strtod.o)
 .comment       0x0000002d       0x13 /opt/riscv/riscv64-unknown-elf/lib/rv32imafc/ilp32f/libc.a(lib_a-strtol.o)
 .comment       0x0000002d       0x13 /opt/riscv/riscv64-unknown-elf/lib/rv32imafc/ilp32f/libc.a(lib_a-__call_atexit.o)
 .comment       0x0000002d       0x13 /opt/riscv/riscv64-unknown-elf/lib/rv32imafc/ilp32f/libc.a(lib_a-ctype_.o)
 .comment       0x0000002d       0x13 /opt/riscv/riscv64-unknown-elf/lib/rv32imafc/ilp32f/libc.a(lib_a-gdtoa-gethex.o)
 .comment       0x0000002d       0x13 /opt/riscv/riscv64-unknown-elf/lib/rv32imafc/ilp32f/libc.a(lib_a-gdtoa-hexnan.o)
 .comment       0x0000002d       0x13 /opt/riscv/riscv64-unknown-elf/lib/rv32imafc/ilp32f/libc.a(lib_a-getc.o)
 .comment       0x0000002d       0x13 /opt/riscv/riscv64-unknown-elf/lib/rv32imafc/ilp32f/libc.a(lib_a-lnumeric.o)
 .comment       0x0000002d       0x13 /opt/riscv/riscv64-unknown-elf/lib/rv32imafc/ilp32f/libc.a(lib_a-locale.o)
 .comment       0x0000002d       0x13 /opt/riscv/riscv64-unknown-elf/lib/rv32imafc/ilp32f/libc.a(lib_a-mbtowc_r.o)
 .comment       0x0000002d       0x13 /opt/riscv/riscv64-unknown-elf/lib/rv32imafc/ilp32f/libc.a(lib_a-memcpy.o)
 .comment       0x0000002d       0x13 /opt/riscv/riscv64-unknown-elf/lib/rv32imafc/ilp32f/libc.a(lib_a-mprec.o)
 .comment       0x0000002d       0x13 /opt/riscv/riscv64-unknown-elf/lib/rv32imafc/ilp32f/libc.a(lib_a-rget.o)
 .comment       0x0000002d       0x13 /opt/riscv/riscv64-unknown-elf/lib/rv32imafc/ilp32f/libc.a(lib_a-s_nan.o)
 .comment       0x0000002d       0x13 /opt/riscv/riscv64-unknown-elf/lib/rv32imafc/ilp32f/libc.a(lib_a-wctomb_r.o)
 .comment       0x0000002d       0x13 /opt/riscv/riscv64-unknown-elf/lib/rv32imafc/ilp32f/libc.a(lib_a-assert.o)
 .comment       0x0000002d       0x13 /opt/riscv/riscv64-unknown-elf/lib/rv32imafc/ilp32f/libc.a(lib_a-callocr.o)
 .comment       0x0000002d       0x13 /opt/riscv/riscv64-unknown-elf/lib/rv32imafc/ilp32f/libc.a(lib_a-findfp.o)
 .comment       0x0000002d       0x13 /opt/riscv/riscv64-unknown-elf/lib/rv32imafc/ilp32f/libc.a(lib_a-fiprintf.o)
 .comment       0x0000002d       0x13 /opt/riscv/riscv64-unknown-elf/lib/rv32imafc/ilp32f/libc.a(lib_a-fwalk.o)
 .comment       0x0000002d       0x13 /opt/riscv/riscv64-unknown-elf/lib/rv32imafc/ilp32f/libc.a(lib_a-mallocr.o)
 .comment       0x0000002d       0x13 /opt/riscv/riscv64-unknown-elf/lib/rv32imafc/ilp32f/libc.a(lib_a-mlock.o)
 .comment       0x0000002d       0x13 /opt/riscv/riscv64-unknown-elf/lib/rv32imafc/ilp32f/libc.a(lib_a-refill.o)
 .comment       0x0000002d       0x13 /opt/riscv/riscv64-unknown-elf/lib/rv32imafc/ilp32f/libc.a(lib_a-sbrkr.o)
 .comment       0x0000002d       0x13 /opt/riscv/riscv64-unknown-elf/lib/rv32imafc/ilp32f/libc.a(lib_a-stdio.o)
 .comment       0x0000002d       0x13 /opt/riscv/riscv64-unknown-elf/lib/rv32imafc/ilp32f/libc.a(lib_a-vfiprintf.o)
 .comment       0x0000002d       0x13 /opt/riscv/riscv64-unknown-elf/lib/rv32imafc/ilp32f/libc.a(lib_a-writer.o)
 .comment       0x0000002d       0x13 /opt/riscv/riscv64-unknown-elf/lib/rv32imafc/ilp32f/libc.a(lib_a-wsetup.o)
 .comment       0x0000002d       0x13 /opt/riscv/riscv64-unknown-elf/lib/rv32imafc/ilp32f/libc.a(lib_a-abort.o)
 .comment       0x0000002d       0x13 /opt/riscv/riscv64-unknown-elf/lib/rv32imafc/ilp32f/libc.a(lib_a-closer.o)
 .comment       0x0000002d       0x13 /opt/riscv/riscv64-unknown-elf/lib/rv32imafc/ilp32f/libc.a(lib_a-fclose.o)
 .comment       0x0000002d       0x13 /opt/riscv/riscv64-unknown-elf/lib/rv32imafc/ilp32f/libc.a(lib_a-fflush.o)
 .comment       0x0000002d       0x13 /opt/riscv/riscv64-unknown-elf/lib/rv32imafc/ilp32f/libc.a(lib_a-fputwc.o)
 .comment       0x0000002d       0x13 /opt/riscv/riscv64-unknown-elf/lib/rv32imafc/ilp32f/libc.a(lib_a-freer.o)
 .comment       0x0000002d       0x13 /opt/riscv/riscv64-unknown-elf/lib/rv32imafc/ilp32f/libc.a(lib_a-fvwrite.o)
 .comment       0x0000002d       0x13 /opt/riscv/riscv64-unknown-elf/lib/rv32imafc/ilp32f/libc.a(lib_a-localeconv.o)
 .comment       0x0000002d       0x13 /opt/riscv/riscv64-unknown-elf/lib/rv32imafc/ilp32f/libc.a(lib_a-lseekr.o)
 .comment       0x0000002d       0x13 /opt/riscv/riscv64-unknown-elf/lib/rv32imafc/ilp32f/libc.a(lib_a-makebuf.o)
 .comment       0x0000002d       0x13 /opt/riscv/riscv64-unknown-elf/lib/rv32imafc/ilp32f/libc.a(lib_a-memchr.o)
 .comment       0x0000002d       0x13 /opt/riscv/riscv64-unknown-elf/lib/rv32imafc/ilp32f/libc.a(lib_a-memmove-stub.o)
 .comment       0x0000002d       0x13 /opt/riscv/riscv64-unknown-elf/lib/rv32imafc/ilp32f/libc.a(lib_a-readr.o)
 .comment       0x0000002d       0x13 /opt/riscv/riscv64-unknown-elf/lib/rv32imafc/ilp32f/libc.a(lib_a-reallocr.o)
 .comment       0x0000002d       0x13 /opt/riscv/riscv64-unknown-elf/lib/rv32imafc/ilp32f/libc.a(lib_a-reent.o)
 .comment       0x0000002d       0x13 /opt/riscv/riscv64-unknown-elf/lib/rv32imafc/ilp32f/libc.a(lib_a-signal.o)
 .comment       0x0000002d       0x13 /opt/riscv/riscv64-unknown-elf/lib/rv32imafc/ilp32f/libc.a(lib_a-signalr.o)
 .comment       0x0000002d       0x13 /opt/riscv/riscv64-unknown-elf/lib/rv32imafc/ilp32f/libc.a(lib_a-strncpy.o)
 .comment       0x0000002d       0x13 /opt/riscv/riscv64-unknown-elf/lib/rv32imafc/ilp32f/libc.a(lib_a-wbuf.o)
 .comment       0x0000002d       0x13 /opt/riscv/riscv64-unknown-elf/lib/rv32imafc/ilp32f/libc.a(lib_a-wcrtomb.o)
 .comment       0x0000002d       0x13 /opt/riscv/riscv64-unknown-elf/lib/rv32imafc/ilp32f/libc.a(lib_a-fstatr.o)
 .comment       0x0000002d       0x13 /opt/riscv/riscv64-unknown-elf/lib/rv32imafc/ilp32f/libc.a(lib_a-isattyr.o)
 .comment       0x0000002d       0x1c /opt/riscv/lib/gcc/riscv64-unknown-elf/12.2.0/rv32imafc/ilp32f/libgcc.a(_udivdi3.o)
 .comment       0x0000002d       0x1c /opt/riscv/lib/gcc/riscv64-unknown-elf/12.2.0/rv32imafc/ilp32f/libgcc.a(_umoddi3.o)
 .comment       0x0000002d       0x1c /opt/riscv/lib/gcc/riscv64-unknown-elf/12.2.0/rv32imafc/ilp32f/libgcc.a(adddf3.o)
 .comment       0x0000002d       0x1c /opt/riscv/lib/gcc/riscv64-unknown-elf/12.2.0/rv32imafc/ilp32f/libgcc.a(divdf3.o)
 .comment       0x0000002d       0x1c /opt/riscv/lib/gcc/riscv64-unknown-elf/12.2.0/rv32imafc/ilp32f/libgcc.a(eqdf2.o)
 .comment       0x0000002d       0x1c /opt/riscv/lib/gcc/riscv64-unknown-elf/12.2.0/rv32imafc/ilp32f/libgcc.a(gedf2.o)
 .comment       0x0000002d       0x1c /opt/riscv/lib/gcc/riscv64-unknown-elf/12.2.0/rv32imafc/ilp32f/libgcc.a(ledf2.o)
 .comment       0x0000002d       0x1c /opt/riscv/lib/gcc/riscv64-unknown-elf/12.2.0/rv32imafc/ilp32f/libgcc.a(muldf3.o)
 .comment       0x0000002d       0x1c /opt/riscv/lib/gcc/riscv64-unknown-elf/12.2.0/rv32imafc/ilp32f/libgcc.a(subdf3.o)
 .comment       0x0000002d       0x1c /opt/riscv/lib/gcc/riscv64-unknown-elf/12.2.0/rv32imafc/ilp32f/libgcc.a(unorddf2.o)
 .comment       0x0000002d       0x1c /opt/riscv/lib/gcc/riscv64-unknown-elf/12.2.0/rv32imafc/ilp32f/libgcc.a(fixdfsi.o)
 .comment       0x0000002d       0x1c /opt/riscv/lib/gcc/riscv64-unknown-elf/12.2.0/rv32imafc/ilp32f/libgcc.a(fixunsdfsi.o)
 .comment       0x0000002d       0x1c /opt/riscv/lib/gcc/riscv64-unknown-elf/12.2.0/rv32imafc/ilp32f/libgcc.a(floatsidf.o)
 .comment       0x0000002d       0x1c /opt/riscv/lib/gcc/riscv64-unknown-elf/12.2.0/rv32imafc/ilp32f/libgcc.a(floatunsidf.o)
 .comment       0x0000002d       0x1c /opt/riscv/lib/gcc/riscv64-unknown-elf/12.2.0/rv32imafc/ilp32f/libgcc.a(fixdfdi.o)
 .comment       0x0000002d       0x1c /opt/riscv/lib/gcc/riscv64-unknown-elf/12.2.0/rv32imafc/ilp32f/libgcc.a(floatdidf.o)
 .comment       0x0000002d       0x1c /opt/riscv/lib/gcc/riscv64-unknown-elf/12.2.0/rv32imafc/ilp32f/libgcc.a(_lshrdi3.o)
 .comment       0x0000002d       0x1c /opt/riscv/lib/gcc/riscv64-unknown-elf/12.2.0/rv32imafc/ilp32f/libgcc.a(_ashldi3.o)
 .comment       0x0000002d       0x1c /opt/riscv/lib/gcc/riscv64-unknown-elf/12.2.0/rv32imafc/ilp32f/libgcc.a(_clz.o)
 .comment       0x0000002d       0x1c /opt/riscv/lib/gcc/riscv64-unknown-elf/12.2.0/rv32imafc/ilp32f/libgcc.a(_clzsi2.o)

.riscv.attributes
                0x00000000       0x46
 .riscv.attributes
                0x00000000       0x42 ./src/gpio.o
 .riscv.attributes
                0x00000042       0x46 ./src/interrupt.o
 .riscv.attributes
                0x00000088       0x42 ./src/libc-hooks.o
 .riscv.attributes
                0x000000ca       0x42 ./src/main.o
 .riscv.attributes
                0x0000010c       0x46 ./src/startrek.o
 .riscv.attributes
                0x00000152       0x42 ./src/startrek_doc.o
 .riscv.attributes
                0x00000194       0x46 ./src/system.o
 .riscv.attributes
                0x000001da       0x42 ./src/uart.o
 .riscv.attributes
                0x0000021c       0x42 ./src/xprintf.o
 .riscv.attributes
                0x0000025e       0x42 /opt/riscv/riscv64-unknown-elf/lib/rv32imafc/ilp32f/libm.a(lib_a-w_pow.o)
 .riscv.attributes
                0x000002a0       0x42 /opt/riscv/riscv64-unknown-elf/lib/rv32imafc/ilp32f/libm.a(lib_a-w_sqrt.o)
 .riscv.attributes
                0x000002e2       0x42 /opt/riscv/riscv64-unknown-elf/lib/rv32imafc/ilp32f/libm.a(lib_a-e_pow.o)
 .riscv.attributes
                0x00000324       0x42 /opt/riscv/riscv64-unknown-elf/lib/rv32imafc/ilp32f/libm.a(lib_a-e_sqrt.o)
 .riscv.attributes
                0x00000366       0x42 /opt/riscv/riscv64-unknown-elf/lib/rv32imafc/ilp32f/libm.a(lib_a-math_err.o)
 .riscv.attributes
                0x000003a8       0x42 /opt/riscv/riscv64-unknown-elf/lib/rv32imafc/ilp32f/libm.a(lib_a-s_fabs.o)
 .riscv.attributes
                0x000003ea       0x42 /opt/riscv/riscv64-unknown-elf/lib/rv32imafc/ilp32f/libm.a(lib_a-s_finite.o)
 .riscv.attributes
                0x0000042c       0x42 /opt/riscv/riscv64-unknown-elf/lib/rv32imafc/ilp32f/libm.a(lib_a-s_scalbn.o)
 .riscv.attributes
                0x0000046e       0x42 /opt/riscv/riscv64-unknown-elf/lib/rv32imafc/ilp32f/libc.a(lib_a-atof.o)
 .riscv.attributes
                0x000004b0       0x42 /opt/riscv/riscv64-unknown-elf/lib/rv32imafc/ilp32f/libc.a(lib_a-atoi.o)
 .riscv.attributes
                0x000004f2       0x42 /opt/riscv/riscv64-unknown-elf/lib/rv32imafc/ilp32f/libc.a(lib_a-errno.o)
 .riscv.attributes
                0x00000534       0x42 /opt/riscv/riscv64-unknown-elf/lib/rv32imafc/ilp32f/libc.a(lib_a-exit.o)
 .riscv.attributes
                0x00000576       0x42 /opt/riscv/riscv64-unknown-elf/lib/rv32imafc/ilp32f/libc.a(lib_a-getchar.o)
 .riscv.attributes
                0x000005b8       0x42 /opt/riscv/riscv64-unknown-elf/lib/rv32imafc/ilp32f/libc.a(lib_a-impure.o)
 .riscv.attributes
                0x000005fa       0x42 /opt/riscv/riscv64-unknown-elf/lib/rv32imafc/ilp32f/libc.a(lib_a-rand.o)
 .riscv.attributes
                0x0000063c       0x42 /opt/riscv/riscv64-unknown-elf/lib/rv32imafc/ilp32f/libc.a(lib_a-strcat.o)
 .riscv.attributes
                0x0000067e       0x42 /opt/riscv/riscv64-unknown-elf/lib/rv32imafc/ilp32f/libc.a(lib_a-strcpy.o)
 .riscv.attributes
                0x000006c0       0x42 /opt/riscv/riscv64-unknown-elf/lib/rv32imafc/ilp32f/libc.a(lib_a-strlen.o)
 .riscv.attributes
                0x00000702       0x42 /opt/riscv/riscv64-unknown-elf/lib/rv32imafc/ilp32f/libc.a(lib_a-strncmp.o)
 .riscv.attributes
                0x00000744       0x42 /opt/riscv/riscv64-unknown-elf/lib/rv32imafc/ilp32f/libc.a(lib_a-strtod.o)
 .riscv.attributes
                0x00000786       0x42 /opt/riscv/riscv64-unknown-elf/lib/rv32imafc/ilp32f/libc.a(lib_a-strtol.o)
 .riscv.attributes
                0x000007c8       0x42 /opt/riscv/riscv64-unknown-elf/lib/rv32imafc/ilp32f/libc.a(lib_a-__call_atexit.o)
 .riscv.attributes
                0x0000080a       0x42 /opt/riscv/riscv64-unknown-elf/lib/rv32imafc/ilp32f/libc.a(lib_a-ctype_.o)
 .riscv.attributes
                0x0000084c       0x42 /opt/riscv/riscv64-unknown-elf/lib/rv32imafc/ilp32f/libc.a(lib_a-gdtoa-gethex.o)
 .riscv.attributes
                0x0000088e       0x42 /opt/riscv/riscv64-unknown-elf/lib/rv32imafc/ilp32f/libc.a(lib_a-gdtoa-hexnan.o)
 .riscv.attributes
                0x000008d0       0x42 /opt/riscv/riscv64-unknown-elf/lib/rv32imafc/ilp32f/libc.a(lib_a-getc.o)
 .riscv.attributes
                0x00000912       0x42 /opt/riscv/riscv64-unknown-elf/lib/rv32imafc/ilp32f/libc.a(lib_a-lnumeric.o)
 .riscv.attributes
                0x00000954       0x42 /opt/riscv/riscv64-unknown-elf/lib/rv32imafc/ilp32f/libc.a(lib_a-locale.o)
 .riscv.attributes
                0x00000996       0x42 /opt/riscv/riscv64-unknown-elf/lib/rv32imafc/ilp32f/libc.a(lib_a-mbtowc_r.o)
 .riscv.attributes
                0x000009d8       0x42 /opt/riscv/riscv64-unknown-elf/lib/rv32imafc/ilp32f/libc.a(lib_a-memcpy.o)
 .riscv.attributes
                0x00000a1a       0x42 /opt/riscv/riscv64-unknown-elf/lib/rv32imafc/ilp32f/libc.a(lib_a-mprec.o)
 .riscv.attributes
                0x00000a5c       0x42 /opt/riscv/riscv64-unknown-elf/lib/rv32imafc/ilp32f/libc.a(lib_a-rget.o)
 .riscv.attributes
                0x00000a9e       0x42 /opt/riscv/riscv64-unknown-elf/lib/rv32imafc/ilp32f/libc.a(lib_a-s_nan.o)
 .riscv.attributes
                0x00000ae0       0x42 /opt/riscv/riscv64-unknown-elf/lib/rv32imafc/ilp32f/libc.a(lib_a-wctomb_r.o)
 .riscv.attributes
                0x00000b22       0x42 /opt/riscv/riscv64-unknown-elf/lib/rv32imafc/ilp32f/libc.a(lib_a-assert.o)
 .riscv.attributes