Archive member included to satisfy reference by file (symbol)

/opt/riscv/lib/gcc/riscv64-unknown-elf/10.2.0/../../../../riscv64-unknown-elf/lib/rv32i/ilp32/libm.a(lib_a-w_pow.o)
                              ./src/startrek.o (pow)
/opt/riscv/lib/gcc/riscv64-unknown-elf/10.2.0/../../../../riscv64-unknown-elf/lib/rv32i/ilp32/libm.a(lib_a-w_sqrt.o)
                              ./src/startrek.o (sqrt)
/opt/riscv/lib/gcc/riscv64-unknown-elf/10.2.0/../../../../riscv64-unknown-elf/lib/rv32i/ilp32/libm.a(lib_a-e_pow.o)
                              /opt/riscv/lib/gcc/riscv64-unknown-elf/10.2.0/../../../../riscv64-unknown-elf/lib/rv32i/ilp32/libm.a(lib_a-w_pow.o) (__ieee754_pow)
/opt/riscv/lib/gcc/riscv64-unknown-elf/10.2.0/../../../../riscv64-unknown-elf/lib/rv32i/ilp32/libm.a(lib_a-e_sqrt.o)
                              /opt/riscv/lib/gcc/riscv64-unknown-elf/10.2.0/../../../../riscv64-unknown-elf/lib/rv32i/ilp32/libm.a(lib_a-w_sqrt.o) (__ieee754_sqrt)
/opt/riscv/lib/gcc/riscv64-unknown-elf/10.2.0/../../../../riscv64-unknown-elf/lib/rv32i/ilp32/libm.a(lib_a-math_err.o)
                              /opt/riscv/lib/gcc/riscv64-unknown-elf/10.2.0/../../../../riscv64-unknown-elf/lib/rv32i/ilp32/libm.a(lib_a-e_pow.o) (__math_uflow)
/opt/riscv/lib/gcc/riscv64-unknown-elf/10.2.0/../../../../riscv64-unknown-elf/lib/rv32i/ilp32/libm.a(lib_a-s_fabs.o)
                              /opt/riscv/lib/gcc/riscv64-unknown-elf/10.2.0/../../../../riscv64-unknown-elf/lib/rv32i/ilp32/libm.a(lib_a-e_pow.o) (fabs)
/opt/riscv/lib/gcc/riscv64-unknown-elf/10.2.0/../../../../riscv64-unknown-elf/lib/rv32i/ilp32/libm.a(lib_a-s_finite.o)
                              /opt/riscv/lib/gcc/riscv64-unknown-elf/10.2.0/../../../../riscv64-unknown-elf/lib/rv32i/ilp32/libm.a(lib_a-w_pow.o) (finite)
/opt/riscv/lib/gcc/riscv64-unknown-elf/10.2.0/../../../../riscv64-unknown-elf/lib/rv32i/ilp32/libm.a(lib_a-s_scalbn.o)
                              /opt/riscv/lib/gcc/riscv64-unknown-elf/10.2.0/../../../../riscv64-unknown-elf/lib/rv32i/ilp32/libm.a(lib_a-e_pow.o) (scalbn)
/opt/riscv/lib/gcc/riscv64-unknown-elf/10.2.0/../../../../riscv64-unknown-elf/lib/rv32i/ilp32/libc.a(lib_a-atof.o)
                              ./src/startrek.o (atof)
/opt/riscv/lib/gcc/riscv64-unknown-elf/10.2.0/../../../../riscv64-unknown-elf/lib/rv32i/ilp32/libc.a(lib_a-atoi.o)
                              ./src/startrek.o (atoi)
/opt/riscv/lib/gcc/riscv64-unknown-elf/10.2.0/../../../../riscv64-unknown-elf/lib/rv32i/ilp32/libc.a(lib_a-errno.o)
                              /opt/riscv/lib/gcc/riscv64-unknown-elf/10.2.0/../../../../riscv64-unknown-elf/lib/rv32i/ilp32/libm.a(lib_a-w_pow.o) (__errno)
/opt/riscv/lib/gcc/riscv64-unknown-elf/10.2.0/../../../../riscv64-unknown-elf/lib/rv32i/ilp32/libc.a(lib_a-exit.o)
                              ./src/startrek.o (exit)
/opt/riscv/lib/gcc/riscv64-unknown-elf/10.2.0/../../../../riscv64-unknown-elf/lib/rv32i/ilp32/libc.a(lib_a-getchar.o)
                              ./src/startrek.o (getchar)
/opt/riscv/lib/gcc/riscv64-unknown-elf/10.2.0/../../../../riscv64-unknown-elf/lib/rv32i/ilp32/libc.a(lib_a-getc.o)
                              /opt/riscv/lib/gcc/riscv64-unknown-elf/10.2.0/../../../../riscv64-unknown-elf/lib/rv32i/ilp32/libc.a(lib_a-getchar.o) (_getc_r)
/opt/riscv/lib/gcc/riscv64-unknown-elf/10.2.0/../../../../riscv64-unknown-elf/lib/rv32i/ilp32/libc.a(lib_a-impure.o)
                              /opt/riscv/lib/gcc/riscv64-unknown-elf/10.2.0/../../../../riscv64-unknown-elf/lib/rv32i/ilp32/libc.a(lib_a-exit.o) (_global_impure_ptr)
/opt/riscv/lib/gcc/riscv64-unknown-elf/10.2.0/../../../../riscv64-unknown-elf/lib/rv32i/ilp32/libc.a(lib_a-rand.o)
                              ./src/startrek.o (srand)
/opt/riscv/lib/gcc/riscv64-unknown-elf/10.2.0/../../../../riscv64-unknown-elf/lib/rv32i/ilp32/libc.a(lib_a-rget.o)
                              /opt/riscv/lib/gcc/riscv64-unknown-elf/10.2.0/../../../../riscv64-unknown-elf/lib/rv32i/ilp32/libc.a(lib_a-getc.o) (__srget_r)
/opt/riscv/lib/gcc/riscv64-unknown-elf/10.2.0/../../../../riscv64-unknown-elf/lib/rv32i/ilp32/libc.a(lib_a-strcat.o)
                              ./src/startrek.o (strcat)
/opt/riscv/lib/gcc/riscv64-unknown-elf/10.2.0/../../../../riscv64-unknown-elf/lib/rv32i/ilp32/libc.a(lib_a-strcpy.o)
                              ./src/startrek.o (strcpy)
/opt/riscv/lib/gcc/riscv64-unknown-elf/10.2.0/../../../../riscv64-unknown-elf/lib/rv32i/ilp32/libc.a(lib_a-strlen.o)
                              ./src/startrek.o (strlen)
/opt/riscv/lib/gcc/riscv64-unknown-elf/10.2.0/../../../../riscv64-unknown-elf/lib/rv32i/ilp32/libc.a(lib_a-strncmp.o)
                              ./src/startrek.o (strncmp)
/opt/riscv/lib/gcc/riscv64-unknown-elf/10.2.0/../../../../riscv64-unknown-elf/lib/rv32i/ilp32/libc.a(lib_a-strtod.o)
                              /opt/riscv/lib/gcc/riscv64-unknown-elf/10.2.0/../../../../riscv64-unknown-elf/lib/rv32i/ilp32/libc.a(lib_a-atof.o) (strtod)
[...]
Memory Configuration

Name             Origin             Length             Attributes
ROM              0x0000000090000000 0x0000000000020000 xr
RAM              0x0000000080000000 0x000000000000c000 rw
*default*        0x0000000000000000 0xffffffffffffffff

Linker script and memory map

LOAD ./src/gpio.o
LOAD ./src/interrupt.o
LOAD ./src/libc-hooks.o
LOAD ./src/main.o
LOAD ./src/startrek.o
LOAD ./src/startrek_doc.o
LOAD ./src/startup.o
LOAD ./src/system.o
LOAD ./src/uart.o
LOAD ./src/xprintf.o
LOAD /opt/riscv/lib/gcc/riscv64-unknown-elf/10.2.0/../../../../riscv64-unknown-elf/lib/rv32i/ilp32/libm.a
LOAD /opt/riscv/lib/gcc/riscv64-unknown-elf/10.2.0/../../../../riscv64-unknown-elf/lib/rv32i/ilp32/libc.a
LOAD /opt/riscv/lib/gcc/riscv64-unknown-elf/10.2.0/rv32i/ilp32/libgcc.a
                0x0000000000008000                STACK_SIZE = 0x8000

.vectors        0x0000000090000000       0x48
                0x0000000090000000                . = ALIGN (0x100)
 *(.vectors)
 .vectors       0x0000000090000000       0x44 ./src/startup.o
 FILL mask 0x00000000
                0x0000000090000044        0x4 LONG 0x0

.trap           0x0000000090000050      0x220
                0x0000000090000100                . = ALIGN (0x100)
 *fill*         0x0000000090000050       0xb0 
 *(.trap)
 .trap          0x0000000090000100      0x16c ./src/startup.o
 FILL mask 0x00000000
                0x000000009000026c        0x4 LONG 0x0

.startup        0x0000000090000270      0x11c
                0x0000000090000300                . = ALIGN (0x100)
 *fill*         0x0000000090000270       0x90 
 *(.startup*)
 .startup       0x0000000090000300       0x88 ./src/startup.o
                0x0000000090000300                _start
 *(.startup)
 FILL mask 0x00000000
                0x0000000090000388        0x4 LONG 0x0

.text           0x000000009000038c    0x16430
                0x0000000090000400                . = ALIGN (0x100)
 *fill*         0x000000009000038c       0x74 
                [!provide]                        PROVIDE (__TEXT_START__ = .)
 *(.text.main)
 .text.main     0x0000000090000400       0x30 ./src/main.o
                0x0000000090000400                main
 *(.text)
 .text          0x0000000090000430      0x18c /opt/riscv/lib/gcc/riscv64-unknown-elf/10.2.0/../../../../riscv64-unknown-elf/lib/rv32i/ilp32/libm.a(lib_a-w_pow.o)
                0x0000000090000430                pow
 .text          0x00000000900005bc       0xac /opt/riscv/lib/gcc/riscv64-unknown-elf/10.2.0/../../../../riscv64-unknown-elf/lib/rv32i/ilp32/libm.a(lib_a-w_sqrt.o)
                0x00000000900005bc                sqrt
 .text          0x0000000090000668     0x1060 /opt/riscv/lib/gcc/riscv64-unknown-elf/10.2.0/../../../../riscv64-unknown-elf/lib/rv32i/ilp32/libm.a(lib_a-e_pow.o)
                0x0000000090000668                __ieee754_pow
 .text          0x00000000900016c8      0x2a8 /opt/riscv/lib/gcc/riscv64-unknown-elf/10.2.0/../../../../riscv64-unknown-elf/lib/rv32i/ilp32/libm.a(lib_a-e_sqrt.o)
                0x00000000900016c8                __ieee754_sqrt
 .text          0x0000000090001970      0x2d4 /opt/riscv/lib/gcc/riscv64-unknown-elf/10.2.0/../../../../riscv64-unknown-elf/lib/rv32i/ilp32/libm.a(lib_a-math_err.o)
                0x0000000090001a0c                __math_uflow
                0x0000000090001a1c                __math_may_uflow
                0x0000000090001a2c                __math_oflow
                0x0000000090001a3c                __math_divzero
                0x0000000090001a90                __math_invalid
                0x0000000090001b24                __math_check_uflow
                0x0000000090001b88                __math_check_oflow
 .text          0x0000000090001c44        0xc /opt/riscv/lib/gcc/riscv64-unknown-elf/10.2.0/../../../../riscv64-unknown-elf/lib/rv32i/ilp32/libm.a(lib_a-s_fabs.o)
                0x0000000090001c44                fabs
 .text          0x0000000090001c50       0x18 /opt/riscv/lib/gcc/riscv64-unknown-elf/10.2.0/../../../../riscv64-unknown-elf/lib/rv32i/ilp32/libm.a(lib_a-s_finite.o)
                0x0000000090001c50                finite
 .text          0x0000000090001c68      0x1e4 /opt/riscv/lib/gcc/riscv64-unknown-elf/10.2.0/../../../../riscv64-unknown-elf/lib/rv32i/ilp32/libm.a(lib_a-s_scalbn.o)
                0x0000000090001c68                scalbn
 .text          0x0000000090001e4c        0x8 /opt/riscv/lib/gcc/riscv64-unknown-elf/10.2.0/../../../../riscv64-unknown-elf/lib/rv32i/ilp32/libc.a(lib_a-atof.o)
                0x0000000090001e4c                atof
 .text          0x0000000090001e54       0x18 /opt/riscv/lib/gcc/riscv64-unknown-elf/10.2.0/../../../../riscv64-unknown-elf/lib/rv32i/ilp32/libc.a(lib_a-atoi.o)
                0x0000000090001e54                atoi
                0x0000000090001e60                _atoi_r
 .text          0x0000000090001e6c        0xc /opt/riscv/lib/gcc/riscv64-unknown-elf/10.2.0/../../../../riscv64-unknown-elf/lib/rv32i/ilp32/libc.a(lib_a-errno.o)
                0x0000000090001e6c                __errno
 .text          0x0000000090001e78       0x34 /opt/riscv/lib/gcc/riscv64-unknown-elf/10.2.0/../../../../riscv64-unknown-elf/lib/rv32i/ilp32/libc.a(lib_a-exit.o)
                0x0000000090001e78                exit
 .text          0x0000000090001eac       0x18 /opt/riscv/lib/gcc/riscv64-unknown-elf/10.2.0/../../../../riscv64-unknown-elf/lib/rv32i/ilp32/libc.a(lib_a-getchar.o)
                0x0000000090001eac                _getchar_r
                0x0000000090001eb4                getchar
 .text          0x0000000090001ec4      0x10c /opt/riscv/lib/gcc/riscv64-unknown-elf/10.2.0/../../../../riscv64-unknown-elf/lib/rv32i/ilp32/libc.a(lib_a-getc.o)
                0x0000000090001ec4                _getc_r
                0x0000000090001f40                getc
 .text          0x0000000090001fd0       0x6c /opt/riscv/lib/gcc/riscv64-unknown-elf/10.2.0/../../../../riscv64-unknown-elf/lib/rv32i/ilp32/libc.a(lib_a-rand.o)
                0x0000000090001fd0                srand
                0x0000000090001fe4                rand
 .text          0x000000009000203c       0xf0 /opt/riscv/lib/gcc/riscv64-unknown-elf/10.2.0/../../../../riscv64-unknown-elf/lib/rv32i/ilp32/libc.a(lib_a-rget.o)
                0x000000009000203c                __srget_r
                0x00000000900020b0                __srget
 .text          0x000000009000212c       0x88 /opt/riscv/lib/gcc/riscv64-unknown-elf/10.2.0/../../../../riscv64-unknown-elf/lib/rv32i/ilp32/libc.a(lib_a-strcat.o)
                0x000000009000212c                strcat
 .text          0x00000000900021b4       0xb0 /opt/riscv/lib/gcc/riscv64-unknown-elf/10.2.0/../../../../riscv64-unknown-elf/lib/rv32i/ilp32/libc.a(lib_a-strcpy.o)
                0x00000000900021b4                strcpy
 .text          0x0000000090002264       0x8c /opt/riscv/lib/gcc/riscv64-unknown-elf/10.2.0/../../../../riscv64-unknown-elf/lib/rv32i/ilp32/libc.a(lib_a-strlen.o)
                0x0000000090002264                strlen
 .text          0x00000000900022f0       0xc8 /opt/riscv/lib/gcc/riscv64-unknown-elf/10.2.0/../../../../riscv64-unknown-elf/lib/rv32i/ilp32/libc.a(lib_a-strncmp.o)
                0x00000000900022f0                strncmp
 .text          0x00000000900023b8     0x1818 /opt/riscv/lib/gcc/riscv64-unknown-elf/10.2.0/../../../../riscv64-unknown-elf/lib/rv32i/ilp32/libc.a(lib_a-strtod.o)
                0x00000000900023b8                _strtod_l
                0x00000000900038bc                _strtod_r
                0x00000000900038c8                strtod_l
                0x00000000900038e4                strtod
                0x0000000090003904                strtof_l
                0x0000000090003a68                strtof
 .text          0x0000000090003bd0      0x31c /opt/riscv/lib/gcc/riscv64-unknown-elf/10.2.0/../../../../riscv64-unknown-elf/lib/rv32i/ilp32/libc.a(lib_a-strtol.o)
                0x0000000090003e14                _strtol_r
                0x0000000090003e4c                strtol_l
                0x0000000090003e9c                strtol
 .text          0x0000000090003eec      0x124 /opt/riscv/lib/gcc/riscv64-unknown-elf/10.2.0/../../../../riscv64-unknown-elf/lib/rv32i/ilp32/libc.a(lib_a-__call_atexit.o)
                0x0000000090003eec                __call_exitprocs
 .text          0x0000000090004010      0x3ac /opt/riscv/lib/gcc/riscv64-unknown-elf/10.2.0/../../../../riscv64-unknown-elf/lib/rv32i/ilp32/libc.a(lib_a-findfp.o)
                0x0000000090004018                _cleanup_r
                0x00000000900041b0                __sfmoreglue
                0x0000000090004228                __sfp
                0x0000000090004360                _cleanup
                0x0000000090004374                __sinit
                0x0000000090004384                __sfp_lock_acquire
                0x0000000090004388                __sfp_lock_release
                0x000000009000438c                __sinit_lock_acquire
                0x0000000090004390                __sinit_lock_release
                0x0000000090004394                __fp_lock_all
                0x00000000900043a8                __fp_unlock_all
 .text          0x00000000900043bc      0x158 /opt/riscv/lib/gcc/riscv64-unknown-elf/10.2.0/../../../../riscv64-unknown-elf/lib/rv32i/ilp32/libc.a(lib_a-fwalk.o)
                0x00000000900043bc                _fwalk
                0x0000000090004460                _fwalk_reent
 .text          0x0000000090004514      0x95c /opt/riscv/lib/gcc/riscv64-unknown-elf/10.2.0/../../../../riscv64-unknown-elf/lib/rv32i/ilp32/libc.a(lib_a-gdtoa-gethex.o)
                0x00000000900045f0                __gethex
 .text          0x0000000090004e70      0x2e0 /opt/riscv/lib/gcc/riscv64-unknown-elf/10.2.0/../../../../riscv64-unknown-elf/lib/rv32i/ilp32/libc.a(lib_a-gdtoa-hexnan.o)
                0x0000000090004e70                __match
                0x0000000090004eb4                __hexnan
 .text          0x0000000090005150      0x104 /opt/riscv/lib/gcc/riscv64-unknown-elf/10.2.0/../../../../riscv64-unknown-elf/lib/rv32i/ilp32/libc.a(lib_a-locale.o)
                0x0000000090005150                _setlocale_r
                0x00000000900051cc                __locale_mb_cur_max
                0x00000000900051d8                setlocale
 .text          0x0000000090005254      0x7b8 /opt/riscv/lib/gcc/riscv64-unknown-elf/10.2.0/../../../../riscv64-unknown-elf/lib/rv32i/ilp32/libc.a(lib_a-mallocr.o)
                0x0000000090005254                _malloc_r
 .text          0x0000000090005a0c       0x74 /opt/riscv/lib/gcc/riscv64-unknown-elf/10.2.0/../../../../riscv64-unknown-elf/lib/rv32i/ilp32/libc.a(lib_a-mbtowc_r.o)
                0x0000000090005a0c                _mbtowc_r
                0x0000000090005a18                __ascii_mbtowc
 .text          0x0000000090005a80      0x128 /opt/riscv/lib/gcc/riscv64-unknown-elf/10.2.0/../../../../riscv64-unknown-elf/lib/rv32i/ilp32/libc.a(lib_a-memcpy.o)
                0x0000000090005a80                memcpy
 .text          0x0000000090005ba8       0xdc /opt/riscv/lib/gcc/riscv64-unknown-elf/10.2.0/../../../../riscv64-unknown-elf/lib/rv32i/ilp32/libc.a(lib_a-memset.o)
                0x0000000090005ba8                memset
 .text          0x0000000090005c84        0x8 /opt/riscv/lib/gcc/riscv64-unknown-elf/10.2.0/../../../../riscv64-unknown-elf/lib/rv32i/ilp32/libc.a(lib_a-mlock.o)
                0x0000000090005c84                __malloc_lock
                0x0000000090005c88                __malloc_unlock
 .text          0x0000000090005c8c     0x12a8 /opt/riscv/lib/gcc/riscv64-unknown-elf/10.2.0/../../../../riscv64-unknown-elf/lib/rv32i/ilp32/libc.a(lib_a-mprec.o)
                0x0000000090005c8c                _Balloc
                0x0000000090005d34                _Bfree
                0x0000000090005d58                __multadd
                0x0000000090005ed0                __s2b
                0x0000000090006008                __hi0bits
                0x0000000090006080                __lo0bits
                0x0000000090006160                __i2b
                0x0000000090006210                __multiply
                0x00000000900064bc                __pow5mult
                0x0000000090006614                __lshift
                0x00000000900067a4                __mcmp
                0x00000000900067fc                __mdiff
                0x0000000090006a40                __ulp
                0x0000000090006aa0                __b2d
                0x0000000090006bb8                __d2b
                0x0000000090006d1c                __ratio
                0x0000000090006dc4                _mprec_log10
                0x0000000090006e68                __copybits
                0x0000000090006ed0                __any_on
 .text          0x0000000090006f34      0x228 /opt/riscv/lib/gcc/riscv64-unknown-elf/10.2.0/../../../../riscv64-unknown-elf/lib/rv32i/ilp32/libc.a(lib_a-refill.o)
                0x0000000090006f50                __srefill_r
 .text          0x000000009000715c       0x60 /opt/riscv/lib/gcc/riscv64-unknown-elf/10.2.0/../../../../riscv64-unknown-elf/lib/rv32i/ilp32/libc.a(lib_a-sbrkr.o)
                0x000000009000715c                _sbrk_r
 .text          0x00000000900071bc        0xc /opt/riscv/lib/gcc/riscv64-unknown-elf/10.2.0/../../../../riscv64-unknown-elf/lib/rv32i/ilp32/libc.a(lib_a-sf_nan.o)
                0x00000000900071bc                nanf
 .text          0x00000000900071c8       0x10 /opt/riscv/lib/gcc/riscv64-unknown-elf/10.2.0/../../../../riscv64-unknown-elf/lib/rv32i/ilp32/libc.a(lib_a-s_nan.o)
                0x00000000900071c8                nan
 .text          0x00000000900071d8      0x15c /opt/riscv/lib/gcc/riscv64-unknown-elf/10.2.0/../../../../riscv64-unknown-elf/lib/rv32i/ilp32/libc.a(lib_a-stdio.o)
                0x00000000900071d8                __sread
                0x0000000090007234                __seofread
                0x000000009000723c                __swrite
                0x00000000900072c4                __sseek
                0x000000009000732c                __sclose
 .text          0x0000000090007334      0x17c /opt/riscv/lib/gcc/riscv64-unknown-elf/10.2.0/../../../../riscv64-unknown-elf/lib/rv32i/ilp32/libc.a(lib_a-strcmp.o)
                0x0000000090007334                strcmp
 .text          0x00000000900074b0       0x3c /opt/riscv/lib/gcc/riscv64-unknown-elf/10.2.0/../../../../riscv64-unknown-elf/lib/rv32i/ilp32/libc.a(lib_a-wctomb_r.o)
                0x00000000900074b0                _wctomb_r
                0x00000000900074bc                __ascii_wctomb
 .text          0x00000000900074ec       0x6c /opt/riscv/lib/gcc/riscv64-unknown-elf/10.2.0/../../../../riscv64-unknown-elf/lib/rv32i/ilp32/libc.a(lib_a-writer.o)
                0x00000000900074ec                _write_r
 .text          0x0000000090007558       0x6c /opt/riscv/lib/gcc/riscv64-unknown-elf/10.2.0/../../../../riscv64-unknown-elf/lib/rv32i/ilp32/libc.a(lib_a-assert.o)
                0x0000000090007558                __assert_func
                0x00000000900075b0                __assert
 .text          0x00000000900075c4      0x18c /opt/riscv/lib/gcc/riscv64-unknown-elf/10.2.0/../../../../riscv64-unknown-elf/lib/rv32i/ilp32/libc.a(lib_a-callocr.o)
                0x00000000900075c4                _calloc_r
 .text          0x0000000090007750       0x60 /opt/riscv/lib/gcc/riscv64-unknown-elf/10.2.0/../../../../riscv64-unknown-elf/lib/rv32i/ilp32/libc.a(lib_a-closer.o)
                0x0000000090007750                _close_r
 .text          0x00000000900077b0      0x1a8 /opt/riscv/lib/gcc/riscv64-unknown-elf/10.2.0/../../../../riscv64-unknown-elf/lib/rv32i/ilp32/libc.a(lib_a-fclose.o)
                0x0000000090007870                _fclose_r
                0x00000000900078e0                fclose
 .text          0x0000000090007958      0x348 /opt/riscv/lib/gcc/riscv64-unknown-elf/10.2.0/../../../../riscv64-unknown-elf/lib/rv32i/ilp32/libc.a(lib_a-fflush.o)
                0x0000000090007958                __sflush_r
                0x0000000090007bbc                _fflush_r
                0x0000000090007c1c                fflush
 .text          0x0000000090007ca0       0x88 /opt/riscv/lib/gcc/riscv64-unknown-elf/10.2.0/../../../../riscv64-unknown-elf/lib/rv32i/ilp32/libc.a(lib_a-fiprintf.o)
                0x0000000090007ca0                _fiprintf_r
                0x0000000090007cd8                fiprintf
 .text          0x0000000090007d28      0x454 /opt/riscv/lib/gcc/riscv64-unknown-elf/10.2.0/../../../../riscv64-unknown-elf/lib/rv32i/ilp32/libc.a(lib_a-freer.o)
                0x0000000090007d28                _malloc_trim_r
                0x0000000090007e68                _free_r
 .text          0x000000009000817c       0x6c /opt/riscv/lib/gcc/riscv64-unknown-elf/10.2.0/../../../../riscv64-unknown-elf/lib/rv32i/ilp32/libc.a(lib_a-lseekr.o)
                0x000000009000817c                _lseek_r
 .text          0x00000000900081e8      0x260 /opt/riscv/lib/gcc/riscv64-unknown-elf/10.2.0/../../../../riscv64-unknown-elf/lib/rv32i/ilp32/libc.a(lib_a-makebuf.o)
                0x00000000900081e8                __smakebuf_r
                0x0000000090008378                __swhatbuf_r
 .text          0x0000000090008448       0x6c /opt/riscv/lib/gcc/riscv64-unknown-elf/10.2.0/../../../../riscv64-unknown-elf/lib/rv32i/ilp32/libc.a(lib_a-readr.o)
                0x0000000090008448                _read_r
 .text          0x00000000900084b4     0x1448 /opt/riscv/lib/gcc/riscv64-unknown-elf/10.2.0/../../../../riscv64-unknown-elf/lib/rv32i/ilp32/libc.a(lib_a-vfiprintf.o)
                0x00000000900085a8                __sprint_r
                0x00000000900085c0                _vfiprintf_r
                0x0000000090009820                vfiprintf
 .text          0x00000000900098fc      0x16c /opt/riscv/lib/gcc/riscv64-unknown-elf/10.2.0/../../../../riscv64-unknown-elf/lib/rv32i/ilp32/libc.a(lib_a-wsetup.o)
                0x00000000900098fc                __swsetup_r
 .text          0x0000000090009a68       0x18 /opt/riscv/lib/gcc/riscv64-unknown-elf/10.2.0/../../../../riscv64-unknown-elf/lib/rv32i/ilp32/libc.a(lib_a-abort.o)
                0x0000000090009a68                abort
 .text          0x0000000090009a80      0x1d8 /opt/riscv/lib/gcc/riscv64-unknown-elf/10.2.0/../../../../riscv64-unknown-elf/lib/rv32i/ilp32/libc.a(lib_a-fputwc.o)
                0x0000000090009a80                __fputwc
                0x0000000090009bac                _fputwc_r
                0x0000000090009bd8                fputwc
 .text          0x0000000090009c58       0x68 /opt/riscv/lib/gcc/riscv64-unknown-elf/10.2.0/../../../../riscv64-unknown-elf/lib/rv32i/ilp32/libc.a(lib_a-fstatr.o)
                0x0000000090009c58                _fstat_r
 .text          0x0000000090009cc0      0x4a4 /opt/riscv/lib/gcc/riscv64-unknown-elf/10.2.0/../../../../riscv64-unknown-elf/lib/rv32i/ilp32/libc.a(lib_a-fvwrite.o)
                0x0000000090009cc0                __sfvwrite_r
 .text          0x000000009000a164       0x60 /opt/riscv/lib/gcc/riscv64-unknown-elf/10.2.0/../../../../riscv64-unknown-elf/lib/rv32i/ilp32/libc.a(lib_a-isattyr.o)
                0x000000009000a164                _isatty_r
 .text          0x000000009000a1c4       0x20 /opt/riscv/lib/gcc/riscv64-unknown-elf/10.2.0/../../../../riscv64-unknown-elf/lib/rv32i/ilp32/libc.a(lib_a-localeconv.o)
                0x000000009000a1c4                __localeconv_l
                0x000000009000a1cc                _localeconv_r
                0x000000009000a1d8                localeconv
 .text          0x000000009000a1e4       0xc8 /opt/riscv/lib/gcc/riscv64-unknown-elf/10.2.0/../../../../riscv64-unknown-elf/lib/rv32i/ilp32/libc.a(lib_a-memchr.o)
                0x000000009000a1e4                memchr
 .text          0x000000009000a2ac      0x120 /opt/riscv/lib/gcc/riscv64-unknown-elf/10.2.0/../../../../riscv64-unknown-elf/lib/rv32i/ilp32/libc.a(lib_a-memmove-stub.o)
                0x000000009000a2ac                memmove
 .text          0x000000009000a3cc      0x578 /opt/riscv/lib/gcc/riscv64-unknown-elf/10.2.0/../../../../riscv64-unknown-elf/lib/rv32i/ilp32/libc.a(lib_a-reallocr.o)
                0x000000009000a3cc                _realloc_r
 .text          0x000000009000a944      0x590 /opt/riscv/lib/gcc/riscv64-unknown-elf/10.2.0/../../../../riscv64-unknown-elf/lib/rv32i/ilp32/libc.a(lib_a-signal.o)
                0x000000009000a944                _init_signal_r
                0x000000009000a9a0                _signal_r
                0x000000009000aa48                _raise_r
                0x000000009000ab24                __sigtramp_r
                0x000000009000ac04                raise
                0x000000009000ace0                signal
                0x000000009000ad94                _init_signal
                0x000000009000adf4                __sigtramp
 .text          0x000000009000aed4       0x6c /opt/riscv/lib/gcc/riscv64-unknown-elf/10.2.0/../../../../riscv64-unknown-elf/lib/rv32i/ilp32/libc.a(lib_a-signalr.o)
                0x000000009000aed4                _kill_r
                0x000000009000af3c                _getpid_r
 .text          0x000000009000af40       0xa8 /opt/riscv/lib/gcc/riscv64-unknown-elf/10.2.0/../../../../riscv64-unknown-elf/lib/rv32i/ilp32/libc.a(lib_a-strncpy.o)
                0x000000009000af40                strncpy
 .text          0x000000009000afe8      0x1a0 /opt/riscv/lib/gcc/riscv64-unknown-elf/10.2.0/../../../../riscv64-unknown-elf/lib/rv32i/ilp32/libc.a(lib_a-wbuf.o)
                0x000000009000afe8                __swbuf_r
                0x000000009000b170                __swbuf
 .text          0x000000009000b188      0x10c /opt/riscv/lib/gcc/riscv64-unknown-elf/10.2.0/../../../../riscv64-unknown-elf/lib/rv32i/ilp32/libc.a(lib_a-wcrtomb.o)
                0x000000009000b188                _wcrtomb_r
                0x000000009000b200                wcrtomb
 .text          0x000000009000b294      0x5d8 /opt/riscv/lib/gcc/riscv64-unknown-elf/10.2.0/rv32i/ilp32/libgcc.a(_udivdi3.o)
                0x000000009000b294                __udivdi3
 .text          0x000000009000b86c      0x4f0 /opt/riscv/lib/gcc/riscv64-unknown-elf/10.2.0/rv32i/ilp32/libgcc.a(_umoddi3.o)
                0x000000009000b86c                __umoddi3
 .text          0x000000009000bd5c      0x7d8 /opt/riscv/lib/gcc/riscv64-unknown-elf/10.2.0/rv32i/ilp32/libgcc.a(adddf3.o)
                0x000000009000bd5c                __adddf3
 .text          0x000000009000c534      0x7e0 /opt/riscv/lib/gcc/riscv64-unknown-elf/10.2.0/rv32i/ilp32/libgcc.a(divdf3.o)
                0x000000009000c534                __divdf3
 .text          0x000000009000cd14       0x8c /opt/riscv/lib/gcc/riscv64-unknown-elf/10.2.0/rv32i/ilp32/libgcc.a(eqdf2.o)
                0x000000009000cd14                __eqdf2
                0x000000009000cd14                __nedf2
 .text          0x000000009000cda0       0xe4 /opt/riscv/lib/gcc/riscv64-unknown-elf/10.2.0/rv32i/ilp32/libgcc.a(gedf2.o)
                0x000000009000cda0                __gtdf2
                0x000000009000cda0                __gedf2
 .text          0x000000009000ce84       0xe4 /opt/riscv/lib/gcc/riscv64-unknown-elf/10.2.0/rv32i/ilp32/libgcc.a(ledf2.o)
                0x000000009000ce84                __ltdf2
                0x000000009000ce84                __ledf2
 .text          0x000000009000cf68      0x688 /opt/riscv/lib/gcc/riscv64-unknown-elf/10.2.0/rv32i/ilp32/libgcc.a(muldf3.o)
                0x000000009000cf68                __muldf3
 .text          0x000000009000d5f0      0x7ec /opt/riscv/lib/gcc/riscv64-unknown-elf/10.2.0/rv32i/ilp32/libgcc.a(subdf3.o)
                0x000000009000d5f0                __subdf3
 .text          0x000000009000dddc       0x4c /opt/riscv/lib/gcc/riscv64-unknown-elf/10.2.0/rv32i/ilp32/libgcc.a(unorddf2.o)
                0x000000009000dddc                __unorddf2
 .text          0x000000009000de28       0x80 /opt/riscv/lib/gcc/riscv64-unknown-elf/10.2.0/rv32i/ilp32/libgcc.a(fixdfsi.o)
                0x000000009000de28                __fixdfsi
 .text          0x000000009000dea8       0x7c /opt/riscv/lib/gcc/riscv64-unknown-elf/10.2.0/rv32i/ilp32/libgcc.a(fixunsdfsi.o)
                0x000000009000dea8                __fixunsdfsi
 .text          0x000000009000df24       0xa8 /opt/riscv/lib/gcc/riscv64-unknown-elf/10.2.0/rv32i/ilp32/libgcc.a(floatsidf.o)
                0x000000009000df24                __floatsidf
 .text          0x000000009000dfcc       0x80 /opt/riscv/lib/gcc/riscv64-unknown-elf/10.2.0/rv32i/ilp32/libgcc.a(floatunsidf.o)
                0x000000009000dfcc                __floatunsidf
 .text          0x000000009000e04c       0xd8 /opt/riscv/lib/gcc/riscv64-unknown-elf/10.2.0/rv32i/ilp32/libgcc.a(fixdfdi.o)
                0x000000009000e04c                __fixdfdi
 .text          0x000000009000e124      0x204 /opt/riscv/lib/gcc/riscv64-unknown-elf/10.2.0/rv32i/ilp32/libgcc.a(floatdidf.o)
                0x000000009000e124                __floatdidf
 .text          0x000000009000e328       0xb4 /opt/riscv/lib/gcc/riscv64-unknown-elf/10.2.0/rv32i/ilp32/libgcc.a(lesf2.o)
                0x000000009000e328                __lesf2
                0x000000009000e328                __ltsf2
 .text          0x000000009000e3dc       0x44 /opt/riscv/lib/gcc/riscv64-unknown-elf/10.2.0/rv32i/ilp32/libgcc.a(unordsf2.o)
                0x000000009000e3dc                __unordsf2
 .text          0x000000009000e420      0x184 /opt/riscv/lib/gcc/riscv64-unknown-elf/10.2.0/rv32i/ilp32/libgcc.a(truncdfsf2.o)
                0x000000009000e420                __truncdfsf2
 .text          0x000000009000e5a4       0x24 /opt/riscv/lib/gcc/riscv64-unknown-elf/10.2.0/rv32i/ilp32/libgcc.a(muldi3.o)
                0x000000009000e5a4                __mulsi3
 .text          0x000000009000e5c8       0x90 /opt/riscv/lib/gcc/riscv64-unknown-elf/10.2.0/rv32i/ilp32/libgcc.a(multi3.o)
                0x000000009000e5c8                __muldi3
 .text          0x000000009000e658       0xb4 /opt/riscv/lib/gcc/riscv64-unknown-elf/10.2.0/rv32i/ilp32/libgcc.a(div.o)
                0x000000009000e658                __divsi3
                0x000000009000e660                __udivsi3
                0x000000009000e6a8                __umodsi3
                0x000000009000e6dc                __modsi3
 .text          0x000000009000e70c       0x38 /opt/riscv/lib/gcc/riscv64-unknown-elf/10.2.0/rv32i/ilp32/libgcc.a(_lshrdi3.o)
                0x000000009000e70c                __lshrdi3
 .text          0x000000009000e744       0x38 /opt/riscv/lib/gcc/riscv64-unknown-elf/10.2.0/rv32i/ilp32/libgcc.a(_ashldi3.o)
                0x000000009000e744                __ashldi3
 .text          0x000000009000e77c       0x4c /opt/riscv/lib/gcc/riscv64-unknown-elf/10.2.0/rv32i/ilp32/libgcc.a(_clzsi2.o)
                0x000000009000e77c                __clzsi2
 *(.text.*)
 .text.mem_wr32
                0x000000009000e7c8       0x30 ./src/gpio.o
 .text.mem_rd32
                0x000000009000e7f8       0x28 ./src/gpio.o
 .text.GPIO_Init
                0x000000009000e820       0x94 ./src/gpio.o
                0x000000009000e820                GPIO_Init
 .text.GPIO_SetSEG
                0x000000009000e8b4      0x1b4 ./src/gpio.o
                0x000000009000e8b4                GPIO_SetSEG
 .text.GPIO_SetLED
                0x000000009000ea68       0x7c ./src/gpio.o
                0x000000009000ea68                GPIO_SetLED
 .text.GPIO_GetKEY
                0x000000009000eae4       0x4c ./src/gpio.o
                0x000000009000eae4                GPIO_GetKEY
 .text.GPIO_GetSW10
                0x000000009000eb30       0x44 ./src/gpio.o
                0x000000009000eb30                GPIO_GetSW10
 .text.mem_wr32
                0x000000009000eb74       0x30 ./src/interrupt.o
 .text.mem_rd32
                0x000000009000eba4       0x28 ./src/interrupt.o
 .text.INT_Init
                0x000000009000ebcc       0x88 ./src/interrupt.o
                0x000000009000ebcc                INT_Init
 .text.INT_TIM_Handler
                0x000000009000ec54       0x9c ./src/interrupt.o
                0x000000009000ec54                INT_TIM_Handler
 .text.INT_EXT_Handler
                0x000000009000ecf0       0x28 ./src/interrupt.o
                0x000000009000ecf0                INT_EXT_Handler
 .text._sbrk    0x000000009000ed18       0x78 ./src/libc-hooks.o
                0x000000009000ed18                _sbrk
 .text._close   0x000000009000ed90       0x24 ./src/libc-hooks.o
                0x000000009000ed90                _close
 .text._stdout_hook_default
                0x000000009000edb4       0x24 ./src/libc-hooks.o
 .text._stdin_hook_default
                0x000000009000edd8       0x20 ./src/libc-hooks.o
 .text._read    0x000000009000edf8       0xc4 ./src/libc-hooks.o
                0x000000009000edf8                _read
 .text._write   0x000000009000eebc       0x9c ./src/libc-hooks.o
                0x000000009000eebc                _write
 .text._lseek   0x000000009000ef58       0x2c ./src/libc-hooks.o
                0x000000009000ef58                _lseek
 .text._exit    0x000000009000ef84       0x14 ./src/libc-hooks.o
                0x000000009000ef84                _exit
 .text._isatty  0x000000009000ef98       0x24 ./src/libc-hooks.o
                0x000000009000ef98                _isatty
 .text._kill    0x000000009000efbc       0x28 ./src/libc-hooks.o
                0x000000009000efbc                _kill
 .text._getpid  0x000000009000efe4       0x20 ./src/libc-hooks.o
                0x000000009000efe4                _getpid
 .text._fstat   0x000000009000f004       0x34 ./src/libc-hooks.o
                0x000000009000f004                _fstat
 .text.main_startrek
                0x000000009000f038       0x30 ./src/startrek.o
                0x000000009000f038                main_startrek
 .text.intro    0x000000009000f068      0x158 ./src/startrek.o
                0x000000009000f068                intro
 .text.new_game
                0x000000009000f1c0      0x2cc ./src/startrek.o
                0x000000009000f1c0                new_game
 .text.initialize
                0x000000009000f48c      0x56c ./src/startrek.o
                0x000000009000f48c                initialize
 .text.new_quadrant
                0x000000009000f9f8      0x68c ./src/startrek.o
                0x000000009000f9f8                new_quadrant
 .text.course_control
                0x0000000090010084      0x880 ./src/startrek.o
                0x0000000090010084                course_control
 .text.complete_maneuver
                0x0000000090010904      0x150 ./src/startrek.o
                0x0000000090010904                complete_maneuver
 .text.exceed_quadrant_limits
                0x0000000090010a54      0x57c ./src/startrek.o
                0x0000000090010a54                exceed_quadrant_limits
 .text.maneuver_energy
                0x0000000090010fd0       0x98 ./src/startrek.o
                0x0000000090010fd0                maneuver_energy
 .text.short_range_scan
                0x0000000090011068      0x54c ./src/startrek.o
                0x0000000090011068                short_range_scan
 .text.long_range_scan
                0x00000000900115b4      0x1d8 ./src/startrek.o
                0x00000000900115b4                long_range_scan
 .text.phaser_control
                0x000000009001178c      0x5f4 ./src/startrek.o
                0x000000009001178c                phaser_control
 .text.photon_torpedoes
                0x0000000090011d80      0x5c8 ./src/startrek.o
                0x0000000090011d80                photon_torpedoes
 .text.torpedo_hit
                0x0000000090012348      0x418 ./src/startrek.o
                0x0000000090012348                torpedo_hit
 .text.damage_control
                0x0000000090012760      0x378 ./src/startrek.o
                0x0000000090012760                damage_control
 .text.sheild_control
                0x0000000090012ad8      0x178 ./src/startrek.o
                0x0000000090012ad8                sheild_control
 .text.library_computer
                0x0000000090012c50      0x180 ./src/startrek.o
                0x0000000090012c50                library_computer
 .text.galactic_record
                0x0000000090012dd0      0x158 ./src/startrek.o
                0x0000000090012dd0                galactic_record
 .text.status_report
                0x0000000090012f28      0x18c ./src/startrek.o
                0x0000000090012f28                status_report
 .text.torpedo_data
                0x00000000900130b4      0x154 ./src/startrek.o
                0x00000000900130b4                torpedo_data
 .text.nav_data
                0x0000000090013208       0xc4 ./src/startrek.o
                0x0000000090013208                nav_data
 .text.dirdist_calc
                0x00000000900132cc      0x1d0 ./src/startrek.o
                0x00000000900132cc                dirdist_calc
 .text.galaxy_map
                0x000000009001349c      0x1cc ./src/startrek.o
                0x000000009001349c                galaxy_map
 .text.compute_vector
                0x0000000090013668      0x188 ./src/startrek.o
                0x0000000090013668                compute_vector
 .text.sub1     0x00000000900137f0      0x21c ./src/startrek.o
                0x00000000900137f0                sub1
 .text.sub2     0x0000000090013a0c      0x21c ./src/startrek.o
                0x0000000090013a0c                sub2
 .text.ship_destroyed
                0x0000000090013c28       0x40 ./src/startrek.o
                0x0000000090013c28                ship_destroyed
 .text.end_of_time
                0x0000000090013c68       0x54 ./src/startrek.o
                0x0000000090013c68                end_of_time
 .text.resign_commision
                0x0000000090013cbc       0x4c ./src/startrek.o
                0x0000000090013cbc                resign_commision
 .text.won_game
                0x0000000090013d08      0x18c ./src/startrek.o
                0x0000000090013d08                won_game
 .text.end_of_game
                0x0000000090013e94       0x94 ./src/startrek.o
                0x0000000090013e94                end_of_game
 .text.klingons_move
                0x0000000090013f28      0x114 ./src/startrek.o
                0x0000000090013f28                klingons_move
 .text.klingons_shoot
                0x000000009001403c      0x3dc ./src/startrek.o
                0x000000009001403c                klingons_shoot
 .text.repair_damage
                0x0000000090014418      0x48c ./src/startrek.o
                0x0000000090014418                repair_damage
 .text.find_empty_place
                0x00000000900148a4       0x8c ./src/startrek.o
                0x00000000900148a4                find_empty_place
 .text.insert_in_quadrant
                0x0000000090014930      0x150 ./src/startrek.o
                0x0000000090014930                insert_in_quadrant
 .text.get_device_name
                0x0000000090014a80       0x74 ./src/startrek.o
                0x0000000090014a80                get_device_name
 .text.string_compare
                0x0000000090014af4      0x168 ./src/startrek.o
                0x0000000090014af4                string_compare
 .text.quadrant_name
                0x0000000090014c5c      0x150 ./src/startrek.o
                0x0000000090014c5c                quadrant_name
 .text.function_d
                0x0000000090014dac      0x150 ./src/startrek.o
                0x0000000090014dac                function_d
 .text.function_r
                0x0000000090014efc       0x30 ./src/startrek.o
                0x0000000090014efc                function_r
 .text.mid_str  0x0000000090014f2c       0xac ./src/startrek.o
                0x0000000090014f2c                mid_str
 .text.cint     0x0000000090014fd8       0x64 ./src/startrek.o
                0x0000000090014fd8                cint
 .text.randomize
                0x000000009001503c       0x38 ./src/startrek.o
                0x000000009001503c                randomize
 .text.get_rand
                0x0000000090015074       0x44 ./src/startrek.o
                0x0000000090015074                get_rand
 .text.rnd      0x00000000900150b8       0x70 ./src/startrek.o
                0x00000000900150b8                rnd
 .text.show_document
                0x0000000090015128       0x38 ./src/startrek_doc.o
                0x0000000090015128                show_document
 .text.Get_System_Freq
                0x0000000090015160       0x54 ./src/system.o
                0x0000000090015160                Get_System_Freq
 .text.mem_wr8  0x00000000900151b4       0x34 ./src/uart.o
 .text.mem_rd8  0x00000000900151e8       0x2c ./src/uart.o
 .text.INT_UART_Handler
                0x0000000090015214       0xb8 ./src/uart.o
                0x0000000090015214                INT_UART_Handler
 .text.UART_Init
                0x00000000900152cc       0xa0 ./src/uart.o
                0x00000000900152cc                UART_Init
 .text.UART_TxD
                0x000000009001536c       0x58 ./src/uart.o
                0x000000009001536c                UART_TxD
 .text.UART_RxD
                0x00000000900153c4       0x4c ./src/uart.o
                0x00000000900153c4                UART_RxD
 .text.putchar  0x0000000090015410       0x50 ./src/uart.o
                0x0000000090015410                putchar
 .text.ilog10   0x0000000090015460      0x194 ./src/xprintf.o
 .text.i10x     0x00000000900155f4      0x150 ./src/xprintf.o
 .text.ftoa     0x0000000090015744      0x558 ./src/xprintf.o
 .text.xputc    0x0000000090015c9c       0x3c ./src/xprintf.o
                0x0000000090015c9c                xputc
 .text.xfputc   0x0000000090015cd8       0x8c ./src/xprintf.o
                0x0000000090015cd8                xfputc
 .text.xputs    0x0000000090015d64       0x3c ./src/xprintf.o
                0x0000000090015d64                xputs
 .text.xfputs   0x0000000090015da0       0x5c ./src/xprintf.o
                0x0000000090015da0                xfputs
 .text.xvfprintf
                0x0000000090015dfc      0x838 ./src/xprintf.o
 .text.xprintf  0x0000000090016634       0x74 ./src/xprintf.o
                0x0000000090016634                xprintf
 .text.xgets    0x00000000900166a8      0x114 ./src/xprintf.o
                0x00000000900166a8                xgets
                [!provide]                        PROVIDE (__TEXT_END__ = .)

.rodata         0x00000000900167c0     0x4398
                0x0000000090016800                . = ALIGN (0x100)
 *fill*         0x00000000900167c0       0x40 
 *(.rodata)
 .rodata        0x0000000090016800       0x14 ./src/main.o
 *fill*         0x0000000090016814        0x4 
 .rodata        0x0000000090016818     0x1a38 ./src/startrek.o
 .rodata        0x0000000090018250     0x1f03 ./src/startrek_doc.o
 *fill*         0x000000009001a153        0x5 
 .rodata        0x000000009001a158       0x68 ./src/xprintf.o
 .rodata        0x000000009001a1c0      0x120 /opt/riscv/lib/gcc/riscv64-unknown-elf/10.2.0/../../../../riscv64-unknown-elf/lib/rv32i/ilp32/libc.a(lib_a-strtod.o)
 .rodata        0x000000009001a2e0      0x101 /opt/riscv/lib/gcc/riscv64-unknown-elf/10.2.0/../../../../riscv64-unknown-elf/lib/rv32i/ilp32/libc.a(lib_a-ctype_.o)
                0x000000009001a2e0                _ctype_
 *fill*         0x000000009001a3e1        0x3 
 .rodata        0x000000009001a3e4      0x100 /opt/riscv/lib/gcc/riscv64-unknown-elf/10.2.0/../../../../riscv64-unknown-elf/lib/rv32i/ilp32/libc.a(lib_a-gdtoa-gethex.o)
                0x000000009001a3e4                __hexdig
 .rodata        0x000000009001a4e4        0xc /opt/riscv/lib/gcc/riscv64-unknown-elf/10.2.0/../../../../riscv64-unknown-elf/lib/rv32i/ilp32/libc.a(lib_a-lnumeric.o)
                0x000000009001a4e4                _C_numeric_locale
 .rodata        0x000000009001a4f0      0x128 /opt/riscv/lib/gcc/riscv64-unknown-elf/10.2.0/../../../../riscv64-unknown-elf/lib/rv32i/ilp32/libc.a(lib_a-mprec.o)
                0x000000009001a500                __mprec_tens
                0x000000009001a5c8                __mprec_tinytens
                0x000000009001a5f0                __mprec_bigtens
 .rodata        0x000000009001a618      0x18c /opt/riscv/lib/gcc/riscv64-unknown-elf/10.2.0/../../../../riscv64-unknown-elf/lib/rv32i/ilp32/libc.a(lib_a-vfiprintf.o)
 .rodata        0x000000009001a7a4       0x3c /opt/riscv/lib/gcc/riscv64-unknown-elf/10.2.0/rv32i/ilp32/libgcc.a(divdf3.o)
 .rodata        0x000000009001a7e0       0x3c /opt/riscv/lib/gcc/riscv64-unknown-elf/10.2.0/rv32i/ilp32/libgcc.a(muldf3.o)
 .rodata        0x000000009001a81c      0x100 /opt/riscv/lib/gcc/riscv64-unknown-elf/10.2.0/rv32i/ilp32/libgcc.a(_clz.o)
                0x000000009001a81c                __clz_tab
 *(.rodata.*)
 .rodata.LED7SEG
                0x000000009001a91c       0x10 ./src/gpio.o
 .rodata.xvfprintf
                0x000000009001a92c       0xd0 ./src/xprintf.o
 .rodata.str1.4
                0x000000009001a9fc        0xf /opt/riscv/lib/gcc/riscv64-unknown-elf/10.2.0/../../../../riscv64-unknown-elf/lib/rv32i/ilp32/libc.a(lib_a-strtod.o)
                                         0x11 (size before relaxing)
 *fill*         0x000000009001aa0b        0x1 
 .rodata.str1.4
                0x000000009001aa0c       0x72 /opt/riscv/lib/gcc/riscv64-unknown-elf/10.2.0/../../../../riscv64-unknown-elf/lib/rv32i/ilp32/libc.a(lib_a-gdtoa-gethex.o)
 *fill*         0x000000009001aa7e        0x2 
 .rodata.str1.4
                0x000000009001aa80        0x2 /opt/riscv/lib/gcc/riscv64-unknown-elf/10.2.0/../../../../riscv64-unknown-elf/lib/rv32i/ilp32/libc.a(lib_a-lnumeric.o)
                                          0x5 (size before relaxing)
 *fill*         0x000000009001aa82        0x2 
 .rodata.str1.4
                0x000000009001aa84        0xa /opt/riscv/lib/gcc/riscv64-unknown-elf/10.2.0/../../../../riscv64-unknown-elf/lib/rv32i/ilp32/libc.a(lib_a-locale.o)
                                         0x12 (size before relaxing)
 *fill*         0x000000009001aa8e        0x2 
 .rodata.str1.4
                0x000000009001aa90       0x57 /opt/riscv/lib/gcc/riscv64-unknown-elf/10.2.0/../../../../riscv64-unknown-elf/lib/rv32i/ilp32/libc.a(lib_a-mprec.o)
                                         0x6b (size before relaxing)
 *fill*         0x000000009001aae7        0x1 
 .rodata.str1.4
                0x000000009001aae8       0x3f /opt/riscv/lib/gcc/riscv64-unknown-elf/10.2.0/../../../../riscv64-unknown-elf/lib/rv32i/ilp32/libc.a(lib_a-assert.o)
                                         0x43 (size before relaxing)
 *fill*         0x000000009001ab27        0x1 
 .rodata.str1.4
                0x000000009001ab28       0x2f /opt/riscv/lib/gcc/riscv64-unknown-elf/10.2.0/../../../../riscv64-unknown-elf/lib/rv32i/ilp32/libc.a(lib_a-vfiprintf.o)
                0x000000009001ab58                . = ALIGN (0x4)
 *fill*         0x000000009001ab57        0x1 
                0x000000009001ab58                PROVIDE (__ROM_INIT_BGN__ = .)

.data           0x0000000080000000      0xa90 load address 0x000000009001ab58
                0x0000000080000000                . = ALIGN (0x100)
                0x0000000080000000                PROVIDE (__RAM_INIT_BGN__ = .)
 *(.data)
 .data          0x0000000080000000      0x428 /opt/riscv/lib/gcc/riscv64-unknown-elf/10.2.0/../../../../riscv64-unknown-elf/lib/rv32i/ilp32/libc.a(lib_a-impure.o)
 .data          0x0000000080000428      0x16c /opt/riscv/lib/gcc/riscv64-unknown-elf/10.2.0/../../../../riscv64-unknown-elf/lib/rv32i/ilp32/libc.a(lib_a-locale.o)
                0x0000000080000428                __global_locale
 .data          0x0000000080000594      0x408 /opt/riscv/lib/gcc/riscv64-unknown-elf/10.2.0/../../../../riscv64-unknown-elf/lib/rv32i/ilp32/libc.a(lib_a-mallocr.o)
                0x0000000080000594                __malloc_av_
 *(.data*)
 .data.c        0x000000008000099c       0x78 ./src/startrek.o
                0x000000008000099c                c
 .data.device_name.2
                0x0000000080000a14       0x24 ./src/startrek.o
 .data.quad_name.1
                0x0000000080000a38       0x44 ./src/startrek.o
 .data.sect_name.0
                0x0000000080000a7c       0x14 ./src/startrek.o

.srodata        0x0000000080000a90      0x1a8 load address 0x000000009001b5e8
                0x0000000080001290                PROVIDE (__GLOBAL_PTR__ = (. + 0x800))
 *(.srodata)
 .srodata       0x0000000080000a90        0x4 /opt/riscv/lib/gcc/riscv64-unknown-elf/10.2.0/../../../../riscv64-unknown-elf/lib/rv32i/ilp32/libc.a(lib_a-impure.o)
                0x0000000080000a90                _global_impure_ptr
 *(.srodata*)
 *fill*         0x0000000080000a94        0x4 
 .srodata.cst8  0x0000000080000a98        0x8 /opt/riscv/lib/gcc/riscv64-unknown-elf/10.2.0/../../../../riscv64-unknown-elf/lib/rv32i/ilp32/libm.a(lib_a-w_pow.o)
 .srodata.cst8  0x0000000080000aa0       0xf8 /opt/riscv/lib/gcc/riscv64-unknown-elf/10.2.0/../../../../riscv64-unknown-elf/lib/rv32i/ilp32/libm.a(lib_a-e_pow.o)
                                        0x100 (size before relaxing)
 .srodata.cst8  0x0000000080000b98       0x20 /opt/riscv/lib/gcc/riscv64-unknown-elf/10.2.0/../../../../riscv64-unknown-elf/lib/rv32i/ilp32/libm.a(lib_a-math_err.o)
                                         0x30 (size before relaxing)
 .srodata.cst8  0x0000000080000bb8       0x30 /opt/riscv/lib/gcc/riscv64-unknown-elf/10.2.0/../../../../riscv64-unknown-elf/lib/rv32i/ilp32/libm.a(lib_a-s_scalbn.o)
 .srodata.cst8  0x0000000080000be8        0x8 /opt/riscv/lib/gcc/riscv64-unknown-elf/10.2.0/../../../../riscv64-unknown-elf/lib/rv32i/ilp32/libc.a(lib_a-rand.o)
 .srodata.cst8  0x0000000080000bf0       0x28 /opt/riscv/lib/gcc/riscv64-unknown-elf/10.2.0/../../../../riscv64-unknown-elf/lib/rv32i/ilp32/libc.a(lib_a-strtod.o)
                                         0x48 (size before relaxing)
 .srodata.cst4  0x0000000080000c18        0x4 /opt/riscv/lib/gcc/riscv64-unknown-elf/10.2.0/../../../../riscv64-unknown-elf/lib/rv32i/ilp32/libc.a(lib_a-strtod.o)
 *fill*         0x0000000080000c1c        0x4 
 .srodata.cst8  0x0000000080000c20        0x8 /opt/riscv/lib/gcc/riscv64-unknown-elf/10.2.0/../../../../riscv64-unknown-elf/lib/rv32i/ilp32/libc.a(lib_a-mprec.o)
                                         0x10 (size before relaxing)
 .srodata.cst4  0x0000000080000c28        0x4 /opt/riscv/lib/gcc/riscv64-unknown-elf/10.2.0/../../../../riscv64-unknown-elf/lib/rv32i/ilp32/libc.a(lib_a-sf_nan.o)
 *fill*         0x0000000080000c2c        0x4 
 .srodata.cst8  0x0000000080000c30        0x8 /opt/riscv/lib/gcc/riscv64-unknown-elf/10.2.0/../../../../riscv64-unknown-elf/lib/rv32i/ilp32/libc.a(lib_a-s_nan.o)

.sdata          0x0000000080000c38       0x20 load address 0x000000009001b790
 *(.sdata)
 .sdata         0x0000000080000c38        0x4 /opt/riscv/lib/gcc/riscv64-unknown-elf/10.2.0/../../../../riscv64-unknown-elf/lib/rv32i/ilp32/libc.a(lib_a-impure.o)
                0x0000000080000c38                _impure_ptr
 .sdata         0x0000000080000c3c        0x2 /opt/riscv/lib/gcc/riscv64-unknown-elf/10.2.0/../../../../riscv64-unknown-elf/lib/rv32i/ilp32/libc.a(lib_a-lnumeric.o)
 *fill*         0x0000000080000c3e        0x2 
 .sdata         0x0000000080000c40        0x8 /opt/riscv/lib/gcc/riscv64-unknown-elf/10.2.0/../../../../riscv64-unknown-elf/lib/rv32i/ilp32/libc.a(lib_a-mallocr.o)
                0x0000000080000c40                __malloc_sbrk_base
                0x0000000080000c44                __malloc_trim_threshold
 *(.sdata.*)
 .sdata._stdout_hook
                0x0000000080000c48        0x4 ./src/libc-hooks.o
 .sdata._stdin_hook
                0x0000000080000c4c        0x4 ./src/libc-hooks.o
 .sdata.e0      0x0000000080000c50        0x4 ./src/startrek.o
                0x0000000080000c50                e0
 .sdata.p0      0x0000000080000c54        0x4 ./src/startrek.o
                0x0000000080000c54                p0
                0x0000000080000c58                PROVIDE (__RAM_INIT_END__ = .)

.sbss           0x0000000080000c58      0x104 load address 0x000000009001b7b0
                0x0000000080000c58                PROVIDE (__BSS_BGN__ = .)
 *(.sbss)
 .sbss          0x0000000080000c58        0xc /opt/riscv/lib/gcc/riscv64-unknown-elf/10.2.0/../../../../riscv64-unknown-elf/lib/rv32i/ilp32/libc.a(lib_a-mallocr.o)
                0x0000000080000c58                __malloc_max_total_mem
                0x0000000080000c5c                __malloc_max_sbrked_mem
                0x0000000080000c60                __malloc_top_pad
 .sbss          0x0000000080000c64        0x4 /opt/riscv/lib/gcc/riscv64-unknown-elf/10.2.0/../../../../riscv64-unknown-elf/lib/rv32i/ilp32/libc.a(lib_a-reent.o)
                0x0000000080000c64                errno
 *(.sbss.*)
 .sbss.num.0    0x0000000080000c68        0x4 ./src/interrupt.o
 .sbss.heap_sz  0x0000000080000c6c        0x4 ./src/libc-hooks.o
 .sbss.b3       0x0000000080000c70        0x4 ./src/startrek.o
                0x0000000080000c70                b3
 .sbss.b4       0x0000000080000c74        0x4 ./src/startrek.o
                0x0000000080000c74                b4
 .sbss.b5       0x0000000080000c78        0x4 ./src/startrek.o
                0x0000000080000c78                b5
 .sbss.b9       0x0000000080000c7c        0x4 ./src/startrek.o
                0x0000000080000c7c                b9
 .sbss.d0       0x0000000080000c80        0x4 ./src/startrek.o
                0x0000000080000c80                d0
 .sbss.d1       0x0000000080000c84        0x4 ./src/startrek.o
                0x0000000080000c84                d1
 .sbss.e        0x0000000080000c88        0x4 ./src/startrek.o
                0x0000000080000c88                e
 .sbss.g5       0x0000000080000c8c        0x4 ./src/startrek.o
                0x0000000080000c8c                g5
 .sbss.k3       0x0000000080000c90        0x4 ./src/startrek.o
                0x0000000080000c90                k3
 .sbss.k7       0x0000000080000c94        0x4 ./src/startrek.o
                0x0000000080000c94                k7
 .sbss.k9       0x0000000080000c98        0x4 ./src/startrek.o
                0x0000000080000c98                k9
 .sbss.n        0x0000000080000c9c        0x4 ./src/startrek.o
                0x0000000080000c9c                n
 .sbss.p        0x0000000080000ca0        0x4 ./src/startrek.o
                0x0000000080000ca0                p
 .sbss.q1       0x0000000080000ca4        0x4 ./src/startrek.o
                0x0000000080000ca4                q1
 .sbss.q2       0x0000000080000ca8        0x4 ./src/startrek.o
                0x0000000080000ca8                q2
 .sbss.r1       0x0000000080000cac        0x4 ./src/startrek.o
                0x0000000080000cac                r1
 .sbss.r2       0x0000000080000cb0        0x4 ./src/startrek.o
                0x0000000080000cb0                r2
 .sbss.s        0x0000000080000cb4        0x4 ./src/startrek.o
                0x0000000080000cb4                s
 .sbss.s3       0x0000000080000cb8        0x4 ./src/startrek.o
                0x0000000080000cb8                s3
 .sbss.s8       0x0000000080000cbc        0x4 ./src/startrek.o
                0x0000000080000cbc                s8
 .sbss.t0       0x0000000080000cc0        0x4 ./src/startrek.o
                0x0000000080000cc0                t0
 .sbss.t9       0x0000000080000cc4        0x4 ./src/startrek.o
                0x0000000080000cc4                t9
 .sbss.z3       0x0000000080000cc8        0x4 ./src/startrek.o
                0x0000000080000cc8                z3
 .sbss.z1       0x0000000080000ccc        0x4 ./src/startrek.o
                0x0000000080000ccc                z1
 .sbss.z2       0x0000000080000cd0        0x4 ./src/startrek.o
                0x0000000080000cd0                z2
 .sbss.z4       0x0000000080000cd4        0x4 ./src/startrek.o
                0x0000000080000cd4                z4
 .sbss.z5       0x0000000080000cd8        0x4 ./src/startrek.o
                0x0000000080000cd8                z5
 *fill*         0x0000000080000cdc        0x4 
 .sbss.a        0x0000000080000ce0        0x8 ./src/startrek.o
                0x0000000080000ce0                a
 .sbss.c1       0x0000000080000ce8        0x8 ./src/startrek.o
                0x0000000080000ce8                c1
 .sbss.d4       0x0000000080000cf0        0x8 ./src/startrek.o
                0x0000000080000cf0                d4
 .sbss.s1       0x0000000080000cf8        0x8 ./src/startrek.o
                0x0000000080000cf8                s1
 .sbss.s2       0x0000000080000d00        0x8 ./src/startrek.o
                0x0000000080000d00                s2
 .sbss.t        0x0000000080000d08        0x8 ./src/startrek.o
                0x0000000080000d08                t
 .sbss.w1       0x0000000080000d10        0x8 ./src/startrek.o
                0x0000000080000d10                w1
 .sbss.x        0x0000000080000d18        0x8 ./src/startrek.o
                0x0000000080000d18                x
 .sbss.y        0x0000000080000d20        0x8 ./src/startrek.o
                0x0000000080000d20                y
 .sbss.x1       0x0000000080000d28        0x8 ./src/startrek.o
                0x0000000080000d28                x1
 .sbss.x2       0x0000000080000d30        0x8 ./src/startrek.o
                0x0000000080000d30                x2
 .sbss.sA       0x0000000080000d38        0x4 ./src/startrek.o
                0x0000000080000d38                sA
 .sbss.sC       0x0000000080000d3c        0x7 ./src/startrek.o
                0x0000000080000d3c                sC
 *fill*         0x0000000080000d43        0x1 
 .sbss.data1.2  0x0000000080000d44        0x4 ./src/uart.o
 .sbss.data2.1  0x0000000080000d48        0x4 ./src/uart.o
 .sbss.data0.0  0x0000000080000d4c        0x4 ./src/uart.o
 .sbss.xfunc_output
                0x0000000080000d50        0x4 ./src/xprintf.o
                0x0000000080000d50                xfunc_output
 .sbss.strptr   0x0000000080000d54        0x4 ./src/xprintf.o
 .sbss.xfunc_input
                0x0000000080000d58        0x4 ./src/xprintf.o
                0x0000000080000d58                xfunc_input
 *(.scommon)

.bss            0x0000000080000d60     0x24fc load address 0x000000009001b7b0
 *(.bss)
 .bss           0x0000000080000d60       0x28 /opt/riscv/lib/gcc/riscv64-unknown-elf/10.2.0/../../../../riscv64-unknown-elf/lib/rv32i/ilp32/libc.a(lib_a-mallocr.o)
                0x0000000080000d60                __malloc_current_mallinfo
 *(.bss.*)
 .bss.heap_base
                0x0000000080000d88     0x2000 ./src/libc-hooks.o
 .bss.g         0x0000000080002d88      0x144 ./src/startrek.o
                0x0000000080002d88                g
 .bss.k         0x0000000080002ecc       0x40 ./src/startrek.o
                0x0000000080002ecc                k
 .bss.z         0x0000000080002f0c      0x144 ./src/startrek.o
                0x0000000080002f0c                z
 .bss.d         0x0000000080003050       0x48 ./src/startrek.o
                0x0000000080003050                d
 .bss.sQ        0x0000000080003098       0xc2 ./src/startrek.o
                0x0000000080003098                sQ
 *fill*         0x000000008000315a        0x2 
 .bss.sG2       0x000000008000315c       0xff ./src/startrek.o
                0x000000008000315c                sG2
                0x000000008000325c                . = ALIGN (0x4)
 *fill*         0x000000008000325b        0x1 
                0x000000008000325c                PROVIDE (__BSS_END__ = .)

.stack          0x0000000080004000     0x8000
                [!provide]                        PROVIDE (__STACK_START__ = .)
                0x000000008000c000                . = (. + STACK_SIZE)
 *fill*         0x0000000080004000     0x8000 
                0x000000008000c000                PROVIDE (__STACK_TOP__ = .)
                [!provide]                        PROVIDE (__STACK_END__ = .)

/DISCARD/
 *(.eh_frame .eh_frame.*)
OUTPUT(mmRISC_StarTrek.elf elf32-littleriscv)

.debug_info     0x0000000000000000     0x83fc
 .debug_info    0x0000000000000000      0x25d ./src/gpio.o
 .debug_info    0x000000000000025d      0x1f9 ./src/interrupt.o
 .debug_info    0x0000000000000456      0x5f9 ./src/libc-hooks.o
 .debug_info    0x0000000000000a4f      0x15b ./src/main.o
 .debug_info    0x0000000000000baa     0x15cc ./src/startrek.o
 .debug_info    0x0000000000002176       0xc7 ./src/startrek_doc.o
 .debug_info    0x000000000000223d       0xe4 ./src/system.o
 .debug_info    0x0000000000002321      0x27f ./src/uart.o
 .debug_info    0x00000000000025a0      0x6f1 ./src/xprintf.o
 .debug_info    0x0000000000002c91      0x9a6 /opt/riscv/lib/gcc/riscv64-unknown-elf/10.2.0/rv32i/ilp32/libgcc.a(_udivdi3.o)
 .debug_info    0x0000000000003637      0x9b6 /opt/riscv/lib/gcc/riscv64-unknown-elf/10.2.0/rv32i/ilp32/libgcc.a(_umoddi3.o)
 .debug_info    0x0000000000003fed      0x581 /opt/riscv/lib/gcc/riscv64-unknown-elf/10.2.0/rv32i/ilp32/libgcc.a(adddf3.o)
 .debug_info    0x000000000000456e      0x8f5 /opt/riscv/lib/gcc/riscv64-unknown-elf/10.2.0/rv32i/ilp32/libgcc.a(divdf3.o)
 .debug_info    0x0000000000004e63      0x255 /opt/riscv/lib/gcc/riscv64-unknown-elf/10.2.0/rv32i/ilp32/libgcc.a(eqdf2.o)
 .debug_info    0x00000000000050b8      0x253 /opt/riscv/lib/gcc/riscv64-unknown-elf/10.2.0/rv32i/ilp32/libgcc.a(gedf2.o)
 .debug_info    0x000000000000530b      0x253 /opt/riscv/lib/gcc/riscv64-unknown-elf/10.2.0/rv32i/ilp32/libgcc.a(ledf2.o)
 .debug_info    0x000000000000555e      0x9e6 /opt/riscv/lib/gcc/riscv64-unknown-elf/10.2.0/rv32i/ilp32/libgcc.a(muldf3.o)
 .debug_info    0x0000000000005f44      0x581 /opt/riscv/lib/gcc/riscv64-unknown-elf/10.2.0/rv32i/ilp32/libgcc.a(subdf3.o)
 .debug_info    0x00000000000064c5      0x256 /opt/riscv/lib/gcc/riscv64-unknown-elf/10.2.0/rv32i/ilp32/libgcc.a(unorddf2.o)
 .debug_info    0x000000000000671b      0x1e7 /opt/riscv/lib/gcc/riscv64-unknown-elf/10.2.0/rv32i/ilp32/libgcc.a(fixdfsi.o)
 .debug_info    0x0000000000006902      0x1d5 /opt/riscv/lib/gcc/riscv64-unknown-elf/10.2.0/rv32i/ilp32/libgcc.a(fixunsdfsi.o)
 .debug_info    0x0000000000006ad7      0x29b /opt/riscv/lib/gcc/riscv64-unknown-elf/10.2.0/rv32i/ilp32/libgcc.a(floatsidf.o)
 .debug_info    0x0000000000006d72      0x28e /opt/riscv/lib/gcc/riscv64-unknown-elf/10.2.0/rv32i/ilp32/libgcc.a(floatunsidf.o)
 .debug_info    0x0000000000007000      0x1f6 /opt/riscv/lib/gcc/riscv64-unknown-elf/10.2.0/rv32i/ilp32/libgcc.a(fixdfdi.o)
 .debug_info    0x00000000000071f6      0x305 /opt/riscv/lib/gcc/riscv64-unknown-elf/10.2.0/rv32i/ilp32/libgcc.a(floatdidf.o)
 .debug_info    0x00000000000074fb      0x22a /opt/riscv/lib/gcc/riscv64-unknown-elf/10.2.0/rv32i/ilp32/libgcc.a(lesf2.o)
 .debug_info    0x0000000000007725      0x220 /opt/riscv/lib/gcc/riscv64-unknown-elf/10.2.0/rv32i/ilp32/libgcc.a(unordsf2.o)
 .debug_info    0x0000000000007945      0x2a9 /opt/riscv/lib/gcc/riscv64-unknown-elf/10.2.0/rv32i/ilp32/libgcc.a(truncdfsf2.o)
 .debug_info    0x0000000000007bee       0x26 /opt/riscv/lib/gcc/riscv64-unknown-elf/10.2.0/rv32i/ilp32/libgcc.a(muldi3.o)
 .debug_info    0x0000000000007c14      0x24f /opt/riscv/lib/gcc/riscv64-unknown-elf/10.2.0/rv32i/ilp32/libgcc.a(multi3.o)
 .debug_info    0x0000000000007e63       0x26 /opt/riscv/lib/gcc/riscv64-unknown-elf/10.2.0/rv32i/ilp32/libgcc.a(div.o)
 .debug_info    0x0000000000007e89      0x1ac /opt/riscv/lib/gcc/riscv64-unknown-elf/10.2.0/rv32i/ilp32/libgcc.a(_lshrdi3.o)
 .debug_info    0x0000000000008035      0x1ac /opt/riscv/lib/gcc/riscv64-unknown-elf/10.2.0/rv32i/ilp32/libgcc.a(_ashldi3.o)
 .debug_info    0x00000000000081e1       0xd7 /opt/riscv/lib/gcc/riscv64-unknown-elf/10.2.0/rv32i/ilp32/libgcc.a(_clz.o)
 .debug_info    0x00000000000082b8      0x144 /opt/riscv/lib/gcc/riscv64-unknown-elf/10.2.0/rv32i/ilp32/libgcc.a(_clzsi2.o)

.debug_abbrev   0x0000000000000000     0x2ba0
 .debug_abbrev  0x0000000000000000      0x121 ./src/gpio.o
 .debug_abbrev  0x0000000000000121      0x124 ./src/interrupt.o
 .debug_abbrev  0x0000000000000245      0x1d4 ./src/libc-hooks.o
 .debug_abbrev  0x0000000000000419       0xc1 ./src/main.o
 .debug_abbrev  0x00000000000004da      0x2dc ./src/startrek.o
 .debug_abbrev  0x00000000000007b6       0x79 ./src/startrek_doc.o
 .debug_abbrev  0x000000000000082f       0x83 ./src/system.o
 .debug_abbrev  0x00000000000008b2      0x147 ./src/uart.o
 .debug_abbrev  0x00000000000009f9      0x1d8 ./src/xprintf.o
 .debug_abbrev  0x0000000000000bd1      0x1be /opt/riscv/lib/gcc/riscv64-unknown-elf/10.2.0/rv32i/ilp32/libgcc.a(_udivdi3.o)
 .debug_abbrev  0x0000000000000d8f      0x1d1 /opt/riscv/lib/gcc/riscv64-unknown-elf/10.2.0/rv32i/ilp32/libgcc.a(_umoddi3.o)
 .debug_abbrev  0x0000000000000f60      0x173 /opt/riscv/lib/gcc/riscv64-unknown-elf/10.2.0/rv32i/ilp32/libgcc.a(adddf3.o)
 .debug_abbrev  0x00000000000010d3      0x184 /opt/riscv/lib/gcc/riscv64-unknown-elf/10.2.0/rv32i/ilp32/libgcc.a(divdf3.o)
 .debug_abbrev  0x0000000000001257      0x14b /opt/riscv/lib/gcc/riscv64-unknown-elf/10.2.0/rv32i/ilp32/libgcc.a(eqdf2.o)
 .debug_abbrev  0x00000000000013a2      0x15e /opt/riscv/lib/gcc/riscv64-unknown-elf/10.2.0/rv32i/ilp32/libgcc.a(gedf2.o)
 .debug_abbrev  0x0000000000001500      0x15e /opt/riscv/lib/gcc/riscv64-unknown-elf/10.2.0/rv32i/ilp32/libgcc.a(ledf2.o)
 .debug_abbrev  0x000000000000165e      0x196 /opt/riscv/lib/gcc/riscv64-unknown-elf/10.2.0/rv32i/ilp32/libgcc.a(muldf3.o)
 .debug_abbrev  0x00000000000017f4      0x173 /opt/riscv/lib/gcc/riscv64-unknown-elf/10.2.0/rv32i/ilp32/libgcc.a(subdf3.o)
 .debug_abbrev  0x0000000000001967      0x14b /opt/riscv/lib/gcc/riscv64-unknown-elf/10.2.0/rv32i/ilp32/libgcc.a(unorddf2.o)
 .debug_abbrev  0x0000000000001ab2      0x15e /opt/riscv/lib/gcc/riscv64-unknown-elf/10.2.0/rv32i/ilp32/libgcc.a(fixdfsi.o)
 .debug_abbrev  0x0000000000001c10      0x15e /opt/riscv/lib/gcc/riscv64-unknown-elf/10.2.0/rv32i/ilp32/libgcc.a(fixunsdfsi.o)
 .debug_abbrev  0x0000000000001d6e      0x164 /opt/riscv/lib/gcc/riscv64-unknown-elf/10.2.0/rv32i/ilp32/libgcc.a(floatsidf.o)
 .debug_abbrev  0x0000000000001ed2      0x164 /opt/riscv/lib/gcc/riscv64-unknown-elf/10.2.0/rv32i/ilp32/libgcc.a(floatunsidf.o)
 .debug_abbrev  0x0000000000002036      0x165 /opt/riscv/lib/gcc/riscv64-unknown-elf/10.2.0/rv32i/ilp32/libgcc.a(fixdfdi.o)
 .debug_abbrev  0x000000000000219b      0x182 /opt/riscv/lib/gcc/riscv64-unknown-elf/10.2.0/rv32i/ilp32/libgcc.a(floatdidf.o)
 .debug_abbrev  0x000000000000231d      0x14d /opt/riscv/lib/gcc/riscv64-unknown-elf/10.2.0/rv32i/ilp32/libgcc.a(lesf2.o)
 .debug_abbrev  0x000000000000246a      0x145 /opt/riscv/lib/gcc/riscv64-unknown-elf/10.2.0/rv32i/ilp32/libgcc.a(unordsf2.o)
 .debug_abbrev  0x00000000000025af      0x14d /opt/riscv/lib/gcc/riscv64-unknown-elf/10.2.0/rv32i/ilp32/libgcc.a(truncdfsf2.o)
 .debug_abbrev  0x00000000000026fc       0x14 /opt/riscv/lib/gcc/riscv64-unknown-elf/10.2.0/rv32i/ilp32/libgcc.a(muldi3.o)
 .debug_abbrev  0x0000000000002710      0x112 /opt/riscv/lib/gcc/riscv64-unknown-elf/10.2.0/rv32i/ilp32/libgcc.a(multi3.o)
 .debug_abbrev  0x0000000000002822       0x14 /opt/riscv/lib/gcc/riscv64-unknown-elf/10.2.0/rv32i/ilp32/libgcc.a(div.o)
 .debug_abbrev  0x0000000000002836      0x118 /opt/riscv/lib/gcc/riscv64-unknown-elf/10.2.0/rv32i/ilp32/libgcc.a(_lshrdi3.o)
 .debug_abbrev  0x000000000000294e      0x118 /opt/riscv/lib/gcc/riscv64-unknown-elf/10.2.0/rv32i/ilp32/libgcc.a(_ashldi3.o)
 .debug_abbrev  0x0000000000002a66       0x70 /opt/riscv/lib/gcc/riscv64-unknown-elf/10.2.0/rv32i/ilp32/libgcc.a(_clz.o)
 .debug_abbrev  0x0000000000002ad6       0xca /opt/riscv/lib/gcc/riscv64-unknown-elf/10.2.0/rv32i/ilp32/libgcc.a(_clzsi2.o)

.debug_aranges  0x0000000000000000      0x728
 .debug_aranges
                0x0000000000000000       0x50 ./src/gpio.o
 .debug_aranges
                0x0000000000000050       0x40 ./src/interrupt.o
 .debug_aranges
                0x0000000000000090       0x90 ./src/libc-hooks.o
 .debug_aranges
                0x0000000000000120       0x20 ./src/main.o
 .debug_aranges
                0x0000000000000140      0x188 ./src/startrek.o
 .debug_aranges
                0x00000000000002c8       0x20 ./src/startrek_doc.o
 .debug_aranges
                0x00000000000002e8       0x20 ./src/system.o
 .debug_aranges
                0x0000000000000308       0x58 ./src/uart.o
 .debug_aranges
                0x0000000000000360       0x90 ./src/xprintf.o
 .debug_aranges
                0x00000000000003f0       0x20 /opt/riscv/lib/gcc/riscv64-unknown-elf/10.2.0/rv32i/ilp32/libgcc.a(_udivdi3.o)
 .debug_aranges
                0x0000000000000410       0x20 /opt/riscv/lib/gcc/riscv64-unknown-elf/10.2.0/rv32i/ilp32/libgcc.a(_umoddi3.o)
 .debug_aranges
                0x0000000000000430       0x20 /opt/riscv/lib/gcc/riscv64-unknown-elf/10.2.0/rv32i/ilp32/libgcc.a(adddf3.o)
 .debug_aranges
                0x0000000000000450       0x20 /opt/riscv/lib/gcc/riscv64-unknown-elf/10.2.0/rv32i/ilp32/libgcc.a(divdf3.o)
 .debug_aranges
                0x0000000000000470       0x20 /opt/riscv/lib/gcc/riscv64-unknown-elf/10.2.0/rv32i/ilp32/libgcc.a(eqdf2.o)
 .debug_aranges
                0x0000000000000490       0x20 /opt/riscv/lib/gcc/riscv64-unknown-elf/10.2.0/rv32i/ilp32/libgcc.a(gedf2.o)
 .debug_aranges
                0x00000000000004b0       0x20 /opt/riscv/lib/gcc/riscv64-unknown-elf/10.2.0/rv32i/ilp32/libgcc.a(ledf2.o)
 .debug_aranges
                0x00000000000004d0       0x20 /opt/riscv/lib/gcc/riscv64-unknown-elf/10.2.0/rv32i/ilp32/libgcc.a(muldf3.o)
 .debug_aranges
                0x00000000000004f0       0x20 /opt/riscv/lib/gcc/riscv64-unknown-elf/10.2.0/rv32i/ilp32/libgcc.a(subdf3.o)
 .debug_aranges
                0x0000000000000510       0x20 /opt/riscv/lib/gcc/riscv64-unknown-elf/10.2.0/rv32i/ilp32/libgcc.a(unorddf2.o)
 .debug_aranges
                0x0000000000000530       0x20 /opt/riscv/lib/gcc/riscv64-unknown-elf/10.2.0/rv32i/ilp32/libgcc.a(fixdfsi.o)
 .debug_aranges
                0x0000000000000550       0x20 /opt/riscv/lib/gcc/riscv64-unknown-elf/10.2.0/rv32i/ilp32/libgcc.a(fixunsdfsi.o)
 .debug_aranges
                0x0000000000000570       0x20 /opt/riscv/lib/gcc/riscv64-unknown-elf/10.2.0/rv32i/ilp32/libgcc.a(floatsidf.o)
 .debug_aranges
                0x0000000000000590       0x20 /opt/riscv/lib/gcc/riscv64-unknown-elf/10.2.0/rv32i/ilp32/libgcc.a(floatunsidf.o)
 .debug_aranges
                0x00000000000005b0       0x20 /opt/riscv/lib/gcc/riscv64-unknown-elf/10.2.0/rv32i/ilp32/libgcc.a(fixdfdi.o)
 .debug_aranges
                0x00000000000005d0       0x20 /opt/riscv/lib/gcc/riscv64-unknown-elf/10.2.0/rv32i/ilp32/libgcc.a(floatdidf.o)
 .debug_aranges
                0x00000000000005f0       0x20 /opt/riscv/lib/gcc/riscv64-unknown-elf/10.2.0/rv32i/ilp32/libgcc.a(lesf2.o)
 .debug_aranges
                0x0000000000000610       0x20 /opt/riscv/lib/gcc/riscv64-unknown-elf/10.2.0/rv32i/ilp32/libgcc.a(unordsf2.o)
 .debug_aranges
                0x0000000000000630       0x20 /opt/riscv/lib/gcc/riscv64-unknown-elf/10.2.0/rv32i/ilp32/libgcc.a(truncdfsf2.o)
 .debug_aranges
                0x0000000000000650       0x20 /opt/riscv/lib/gcc/riscv64-unknown-elf/10.2.0/rv32i/ilp32/libgcc.a(muldi3.o)
 .debug_aranges
                0x0000000000000670       0x20 /opt/riscv/lib/gcc/riscv64-unknown-elf/10.2.0/rv32i/ilp32/libgcc.a(multi3.o)
 .debug_aranges
                0x0000000000000690       0x20 /opt/riscv/lib/gcc/riscv64-unknown-elf/10.2.0/rv32i/ilp32/libgcc.a(div.o)
 .debug_aranges
                0x00000000000006b0       0x20 /opt/riscv/lib/gcc/riscv64-unknown-elf/10.2.0/rv32i/ilp32/libgcc.a(_lshrdi3.o)
 .debug_aranges
                0x00000000000006d0       0x20 /opt/riscv/lib/gcc/riscv64-unknown-elf/10.2.0/rv32i/ilp32/libgcc.a(_ashldi3.o)
 .debug_aranges
                0x00000000000006f0       0x18 /opt/riscv/lib/gcc/riscv64-unknown-elf/10.2.0/rv32i/ilp32/libgcc.a(_clz.o)
 .debug_aranges
                0x0000000000000708       0x20 /opt/riscv/lib/gcc/riscv64-unknown-elf/10.2.0/rv32i/ilp32/libgcc.a(_clzsi2.o)

.debug_ranges   0x0000000000000000     0x1160
 .debug_ranges  0x0000000000000000       0x40 ./src/gpio.o
 .debug_ranges  0x0000000000000040       0x30 ./src/interrupt.o
 .debug_ranges  0x0000000000000070       0x80 ./src/libc-hooks.o
 .debug_ranges  0x00000000000000f0       0x10 ./src/main.o
 .debug_ranges  0x0000000000000100      0x178 ./src/startrek.o
 .debug_ranges  0x0000000000000278       0x10 ./src/startrek_doc.o
 .debug_ranges  0x0000000000000288       0x10 ./src/system.o
 .debug_ranges  0x0000000000000298       0x48 ./src/uart.o
 .debug_ranges  0x00000000000002e0       0x80 ./src/xprintf.o
 .debug_ranges  0x0000000000000360      0x118 /opt/riscv/lib/gcc/riscv64-unknown-elf/10.2.0/rv32i/ilp32/libgcc.a(_udivdi3.o)
 .debug_ranges  0x0000000000000478       0xe8 /opt/riscv/lib/gcc/riscv64-unknown-elf/10.2.0/rv32i/ilp32/libgcc.a(_umoddi3.o)
 .debug_ranges  0x0000000000000560      0x248 /opt/riscv/lib/gcc/riscv64-unknown-elf/10.2.0/rv32i/ilp32/libgcc.a(adddf3.o)
 .debug_ranges  0x00000000000007a8      0x1a8 /opt/riscv/lib/gcc/riscv64-unknown-elf/10.2.0/rv32i/ilp32/libgcc.a(divdf3.o)
 .debug_ranges  0x0000000000000950       0x48 /opt/riscv/lib/gcc/riscv64-unknown-elf/10.2.0/rv32i/ilp32/libgcc.a(eqdf2.o)
 .debug_ranges  0x0000000000000998       0x50 /opt/riscv/lib/gcc/riscv64-unknown-elf/10.2.0/rv32i/ilp32/libgcc.a(gedf2.o)
 .debug_ranges  0x00000000000009e8       0x50 /opt/riscv/lib/gcc/riscv64-unknown-elf/10.2.0/rv32i/ilp32/libgcc.a(ledf2.o)
 .debug_ranges  0x0000000000000a38      0x228 /opt/riscv/lib/gcc/riscv64-unknown-elf/10.2.0/rv32i/ilp32/libgcc.a(muldf3.o)
 .debug_ranges  0x0000000000000c60      0x250 /opt/riscv/lib/gcc/riscv64-unknown-elf/10.2.0/rv32i/ilp32/libgcc.a(subdf3.o)
 .debug_ranges  0x0000000000000eb0       0x38 /opt/riscv/lib/gcc/riscv64-unknown-elf/10.2.0/rv32i/ilp32/libgcc.a(unorddf2.o)
 .debug_ranges  0x0000000000000ee8       0x18 /opt/riscv/lib/gcc/riscv64-unknown-elf/10.2.0/rv32i/ilp32/libgcc.a(fixdfsi.o)
 .debug_ranges  0x0000000000000f00       0x20 /opt/riscv/lib/gcc/riscv64-unknown-elf/10.2.0/rv32i/ilp32/libgcc.a(fixunsdfsi.o)
 .debug_ranges  0x0000000000000f20       0x68 /opt/riscv/lib/gcc/riscv64-unknown-elf/10.2.0/rv32i/ilp32/libgcc.a(floatsidf.o)
 .debug_ranges  0x0000000000000f88       0x70 /opt/riscv/lib/gcc/riscv64-unknown-elf/10.2.0/rv32i/ilp32/libgcc.a(floatunsidf.o)
 .debug_ranges  0x0000000000000ff8       0x18 /opt/riscv/lib/gcc/riscv64-unknown-elf/10.2.0/rv32i/ilp32/libgcc.a(fixdfdi.o)
 .debug_ranges  0x0000000000001010       0x68 /opt/riscv/lib/gcc/riscv64-unknown-elf/10.2.0/rv32i/ilp32/libgcc.a(floatdidf.o)
 .debug_ranges  0x0000000000001078       0x70 /opt/riscv/lib/gcc/riscv64-unknown-elf/10.2.0/rv32i/ilp32/libgcc.a(lesf2.o)
 .debug_ranges  0x00000000000010e8       0x20 /opt/riscv/lib/gcc/riscv64-unknown-elf/10.2.0/rv32i/ilp32/libgcc.a(unordsf2.o)
 .debug_ranges  0x0000000000001108       0x38 /opt/riscv/lib/gcc/riscv64-unknown-elf/10.2.0/rv32i/ilp32/libgcc.a(truncdfsf2.o)
 .debug_ranges  0x0000000000001140       0x20 /opt/riscv/lib/gcc/riscv64-unknown-elf/10.2.0/rv32i/ilp32/libgcc.a(_clzsi2.o)

.debug_macro    0x0000000000000000     0x30ae
 .debug_macro   0x0000000000000000      0x1d9 ./src/gpio.o
 .debug_macro   0x00000000000001d9      0x6d6 ./src/gpio.o
 .debug_macro   0x00000000000008af       0x22 ./src/gpio.o
 .debug_macro   0x00000000000008d1       0x8e ./src/gpio.o
 .debug_macro   0x000000000000095f       0x51 ./src/gpio.o
 .debug_macro   0x00000000000009b0      0x103 ./src/gpio.o
 .debug_macro   0x0000000000000ab3       0x6a ./src/gpio.o
 .debug_macro   0x0000000000000b1d      0x1df ./src/gpio.o
 .debug_macro   0x0000000000000cfc       0x58 ./src/gpio.o
 .debug_macro   0x0000000000000d54       0x19 ./src/gpio.o
 .debug_macro   0x0000000000000d6d       0x34 ./src/gpio.o
 .debug_macro   0x0000000000000da1       0x34 ./src/gpio.o
 .debug_macro   0x0000000000000dd5       0x16 ./src/gpio.o
 .debug_macro   0x0000000000000deb       0x97 ./src/gpio.o
 .debug_macro   0x0000000000000e82      0x341 ./src/gpio.o
 .debug_macro   0x00000000000011c3       0xfd ./src/gpio.o
 .debug_macro   0x00000000000012c0       0x10 ./src/gpio.o
 .debug_macro   0x00000000000012d0       0x16 ./src/gpio.o
 .debug_macro   0x00000000000012e6       0x43 ./src/gpio.o
 .debug_macro   0x0000000000001329       0x34 ./src/gpio.o
 .debug_macro   0x000000000000135d       0x10 ./src/gpio.o
 .debug_macro   0x000000000000136d       0x52 ./src/gpio.o
 .debug_macro   0x00000000000013bf      0x182 ./src/gpio.o
 .debug_macro   0x0000000000001541       0x10 ./src/gpio.o
 .debug_macro   0x0000000000001551       0x1c ./src/gpio.o
 .debug_macro   0x000000000000156d       0x52 ./src/gpio.o
 .debug_macro   0x00000000000015bf       0x22 ./src/gpio.o
 .debug_macro   0x00000000000015e1       0x10 ./src/gpio.o
 .debug_macro   0x00000000000015f1       0x52 ./src/gpio.o
 .debug_macro   0x0000000000001643       0xd5 ./src/gpio.o
 .debug_macro   0x0000000000001718       0x1c ./src/gpio.o
 .debug_macro   0x0000000000001734       0x3d ./src/gpio.o
 .debug_macro   0x0000000000001771       0x16 ./src/gpio.o
 .debug_macro   0x0000000000001787      0x16f ./src/gpio.o
 .debug_macro   0x00000000000018f6       0x46 ./src/gpio.o
 .debug_macro   0x000000000000193c       0x1c ./src/gpio.o
 .debug_macro   0x0000000000001958       0x94 ./src/gpio.o
 .debug_macro   0x00000000000019ec      0x1f4 ./src/interrupt.o
 .debug_macro   0x0000000000001be0       0x1c ./src/interrupt.o
 .debug_macro   0x0000000000001bfc       0x28 ./src/interrupt.o
 .debug_macro   0x0000000000001c24       0x3a ./src/interrupt.o
 .debug_macro   0x0000000000001c5e      0x1d4 ./src/libc-hooks.o
 .debug_macro   0x0000000000001e32       0x52 ./src/libc-hooks.o
 .debug_macro   0x0000000000001e84       0x94 ./src/libc-hooks.o
 .debug_macro   0x0000000000001f18       0x57 ./src/libc-hooks.o
 .debug_macro   0x0000000000001f6f       0x16 ./src/libc-hooks.o
 .debug_macro   0x0000000000001f85       0x35 ./src/libc-hooks.o
 .debug_macro   0x0000000000001fba       0x10 ./src/libc-hooks.o
 .debug_macro   0x0000000000001fca       0x10 ./src/libc-hooks.o
 .debug_macro   0x0000000000001fda       0x35 ./src/libc-hooks.o
 .debug_macro   0x000000000000200f      0x12c ./src/libc-hooks.o
 .debug_macro   0x000000000000213b      0x239 ./src/main.o
 .debug_macro   0x0000000000002374      0x174 ./src/main.o
 .debug_macro   0x00000000000024e8      0x19b ./src/main.o
 .debug_macro   0x0000000000002683       0x1c ./src/main.o
 .debug_macro   0x000000000000269f       0x16 ./src/main.o
 .debug_macro   0x00000000000026b5       0x16 ./src/main.o
 .debug_macro   0x00000000000026cb       0x29 ./src/main.o
 .debug_macro   0x00000000000026f4      0x282 ./src/startrek.o
 .debug_macro   0x0000000000002976       0x16 ./src/startrek.o
 .debug_macro   0x000000000000298c      0x1d0 ./src/startrek_doc.o
 .debug_macro   0x0000000000002b5c      0x1d9 ./src/system.o
 .debug_macro   0x0000000000002d35      0x1ef ./src/uart.o
 .debug_macro   0x0000000000002f24      0x122 ./src/xprintf.o
 .debug_macro   0x0000000000003046       0x10 ./src/xprintf.o
 .debug_macro   0x0000000000003056       0x58 ./src/xprintf.o

.debug_line     0x0000000000000000     0xe539
 .debug_line    0x0000000000000000      0x58b ./src/gpio.o
 .debug_line    0x000000000000058b      0x3ec ./src/interrupt.o
 .debug_line    0x0000000000000977      0x5c9 ./src/libc-hooks.o
 .debug_line    0x0000000000000f40      0x333 ./src/main.o
 .debug_line    0x0000000000001273     0x35d9 ./src/startrek.o
 .debug_line    0x000000000000484c      0x2c1 ./src/startrek_doc.o
 .debug_line    0x0000000000004b0d      0x304 ./src/system.o
 .debug_line    0x0000000000004e11      0x51e ./src/uart.o
 .debug_line    0x000000000000532f     0x171e ./src/xprintf.o
 .debug_line    0x0000000000006a4d      0x789 /opt/riscv/lib/gcc/riscv64-unknown-elf/10.2.0/rv32i/ilp32/libgcc.a(_udivdi3.o)
 .debug_line    0x00000000000071d6      0x7d1 /opt/riscv/lib/gcc/riscv64-unknown-elf/10.2.0/rv32i/ilp32/libgcc.a(_umoddi3.o)
 .debug_line    0x00000000000079a7     0x1013 /opt/riscv/lib/gcc/riscv64-unknown-elf/10.2.0/rv32i/ilp32/libgcc.a(adddf3.o)
 .debug_line    0x00000000000089ba     0x10aa /opt/riscv/lib/gcc/riscv64-unknown-elf/10.2.0/rv32i/ilp32/libgcc.a(divdf3.o)
 .debug_line    0x0000000000009a64      0x250 /opt/riscv/lib/gcc/riscv64-unknown-elf/10.2.0/rv32i/ilp32/libgcc.a(eqdf2.o)
 .debug_line    0x0000000000009cb4      0x2e5 /opt/riscv/lib/gcc/riscv64-unknown-elf/10.2.0/rv32i/ilp32/libgcc.a(gedf2.o)
 .debug_line    0x0000000000009f99      0x2e5 /opt/riscv/lib/gcc/riscv64-unknown-elf/10.2.0/rv32i/ilp32/libgcc.a(ledf2.o)
 .debug_line    0x000000000000a27e     0x1025 /opt/riscv/lib/gcc/riscv64-unknown-elf/10.2.0/rv32i/ilp32/libgcc.a(muldf3.o)
 .debug_line    0x000000000000b2a3     0x1078 /opt/riscv/lib/gcc/riscv64-unknown-elf/10.2.0/rv32i/ilp32/libgcc.a(subdf3.o)
 .debug_line    0x000000000000c31b      0x19b /opt/riscv/lib/gcc/riscv64-unknown-elf/10.2.0/rv32i/ilp32/libgcc.a(unorddf2.o)
 .debug_line    0x000000000000c4b6      0x214 /opt/riscv/lib/gcc/riscv64-unknown-elf/10.2.0/rv32i/ilp32/libgcc.a(fixdfsi.o)
 .debug_line    0x000000000000c6ca      0x1a5 /opt/riscv/lib/gcc/riscv64-unknown-elf/10.2.0/rv32i/ilp32/libgcc.a(fixunsdfsi.o)
 .debug_line    0x000000000000c86f      0x24e /opt/riscv/lib/gcc/riscv64-unknown-elf/10.2.0/rv32i/ilp32/libgcc.a(floatsidf.o)
 .debug_line    0x000000000000cabd      0x26e /opt/riscv/lib/gcc/riscv64-unknown-elf/10.2.0/rv32i/ilp32/libgcc.a(floatunsidf.o)
 .debug_line    0x000000000000cd2b      0x2a8 /opt/riscv/lib/gcc/riscv64-unknown-elf/10.2.0/rv32i/ilp32/libgcc.a(fixdfdi.o)
 .debug_line    0x000000000000cfd3      0x483 /opt/riscv/lib/gcc/riscv64-unknown-elf/10.2.0/rv32i/ilp32/libgcc.a(floatdidf.o)
 .debug_line    0x000000000000d456      0x2ed /opt/riscv/lib/gcc/riscv64-unknown-elf/10.2.0/rv32i/ilp32/libgcc.a(lesf2.o)
 .debug_line    0x000000000000d743      0x189 /opt/riscv/lib/gcc/riscv64-unknown-elf/10.2.0/rv32i/ilp32/libgcc.a(unordsf2.o)
 .debug_line    0x000000000000d8cc      0x459 /opt/riscv/lib/gcc/riscv64-unknown-elf/10.2.0/rv32i/ilp32/libgcc.a(truncdfsf2.o)
 .debug_line    0x000000000000dd25       0x98 /opt/riscv/lib/gcc/riscv64-unknown-elf/10.2.0/rv32i/ilp32/libgcc.a(muldi3.o)
 .debug_line    0x000000000000ddbd      0x276 /opt/riscv/lib/gcc/riscv64-unknown-elf/10.2.0/rv32i/ilp32/libgcc.a(multi3.o)
 .debug_line    0x000000000000e033      0x16e /opt/riscv/lib/gcc/riscv64-unknown-elf/10.2.0/rv32i/ilp32/libgcc.a(div.o)
 .debug_line    0x000000000000e1a1      0x12d /opt/riscv/lib/gcc/riscv64-unknown-elf/10.2.0/rv32i/ilp32/libgcc.a(_lshrdi3.o)
 .debug_line    0x000000000000e2ce      0x12d /opt/riscv/lib/gcc/riscv64-unknown-elf/10.2.0/rv32i/ilp32/libgcc.a(_ashldi3.o)
 .debug_line    0x000000000000e3fb       0x59 /opt/riscv/lib/gcc/riscv64-unknown-elf/10.2.0/rv32i/ilp32/libgcc.a(_clz.o)
 .debug_line    0x000000000000e454       0xe5 /opt/riscv/lib/gcc/riscv64-unknown-elf/10.2.0/rv32i/ilp32/libgcc.a(_clzsi2.o)

.debug_str      0x0000000000000000     0x96aa
 .debug_str     0x0000000000000000     0x6e39 ./src/gpio.o
                                       0x7035 (size before relaxing)
 .debug_str     0x0000000000006e39      0x222 ./src/interrupt.o
                                       0x71fe (size before relaxing)
 .debug_str     0x000000000000705b      0x750 ./src/libc-hooks.o
                                       0x6ab8 (size before relaxing)
 .debug_str     0x00000000000077ab      0x916 ./src/main.o
                                       0x7a96 (size before relaxing)
 .debug_str     0x00000000000080c1      0x684 ./src/startrek.o
                                       0x7f31 (size before relaxing)
 .debug_str     0x0000000000008745       0x24 ./src/startrek_doc.o
                                       0x6e22 (size before relaxing)
 .debug_str     0x0000000000008769       0x25 ./src/system.o
                                       0x6ef9 (size before relaxing)
 .debug_str     0x000000000000878e       0x8f ./src/uart.o
                                       0x7196 (size before relaxing)
 .debug_str     0x000000000000881d      0x178 ./src/xprintf.o
                                       0x5c8d (size before relaxing)
 .debug_str     0x0000000000008995      0x259 /opt/riscv/lib/gcc/riscv64-unknown-elf/10.2.0/rv32i/ilp32/libgcc.a(_udivdi3.o)
                                        0x30e (size before relaxing)
 .debug_str     0x0000000000008bee        0xa /opt/riscv/lib/gcc/riscv64-unknown-elf/10.2.0/rv32i/ilp32/libgcc.a(_umoddi3.o)
                                        0x30e (size before relaxing)
 .debug_str     0x0000000000008bf8      0x23d /opt/riscv/lib/gcc/riscv64-unknown-elf/10.2.0/rv32i/ilp32/libgcc.a(adddf3.o)
                                        0x340 (size before relaxing)
 .debug_str     0x0000000000008e35      0x19e /opt/riscv/lib/gcc/riscv64-unknown-elf/10.2.0/rv32i/ilp32/libgcc.a(divdf3.o)
                                        0x42b (size before relaxing)
 .debug_str     0x0000000000008fd3       0x59 /opt/riscv/lib/gcc/riscv64-unknown-elf/10.2.0/rv32i/ilp32/libgcc.a(eqdf2.o)
                                        0x251 (size before relaxing)
 .debug_str     0x000000000000902c       0x5e /opt/riscv/lib/gcc/riscv64-unknown-elf/10.2.0/rv32i/ilp32/libgcc.a(gedf2.o)
                                        0x275 (size before relaxing)
 .debug_str     0x000000000000908a       0x3a /opt/riscv/lib/gcc/riscv64-unknown-elf/10.2.0/rv32i/ilp32/libgcc.a(ledf2.o)
                                        0x275 (size before relaxing)
 .debug_str     0x00000000000090c4      0x161 /opt/riscv/lib/gcc/riscv64-unknown-elf/10.2.0/rv32i/ilp32/libgcc.a(muldf3.o)
                                        0x466 (size before relaxing)
 .debug_str     0x0000000000009225       0x3c /opt/riscv/lib/gcc/riscv64-unknown-elf/10.2.0/rv32i/ilp32/libgcc.a(subdf3.o)
                                        0x340 (size before relaxing)
 .debug_str     0x0000000000009261       0x40 /opt/riscv/lib/gcc/riscv64-unknown-elf/10.2.0/rv32i/ilp32/libgcc.a(unorddf2.o)
                                        0x257 (size before relaxing)
 .debug_str     0x00000000000092a1       0x51 /opt/riscv/lib/gcc/riscv64-unknown-elf/10.2.0/rv32i/ilp32/libgcc.a(fixdfsi.o)
                                        0x24e (size before relaxing)
 .debug_str     0x00000000000092f2       0x44 /opt/riscv/lib/gcc/riscv64-unknown-elf/10.2.0/rv32i/ilp32/libgcc.a(fixunsdfsi.o)
                                        0x24d (size before relaxing)
 .debug_str     0x0000000000009336       0x6f /opt/riscv/lib/gcc/riscv64-unknown-elf/10.2.0/rv32i/ilp32/libgcc.a(floatsidf.o)
                                        0x2ed (size before relaxing)
 .debug_str     0x00000000000093a5       0x46 /opt/riscv/lib/gcc/riscv64-unknown-elf/10.2.0/rv32i/ilp32/libgcc.a(floatunsidf.o)
                                        0x2ea (size before relaxing)
 .debug_str     0x00000000000093eb       0x48 /opt/riscv/lib/gcc/riscv64-unknown-elf/10.2.0/rv32i/ilp32/libgcc.a(fixdfdi.o)
                                        0x258 (size before relaxing)
 .debug_str     0x0000000000009433       0x4c /opt/riscv/lib/gcc/riscv64-unknown-elf/10.2.0/rv32i/ilp32/libgcc.a(floatdidf.o)
                                        0x30b (size before relaxing)
 .debug_str     0x000000000000947f       0x67 /opt/riscv/lib/gcc/riscv64-unknown-elf/10.2.0/rv32i/ilp32/libgcc.a(lesf2.o)
                                        0x259 (size before relaxing)
 .debug_str     0x00000000000094e6       0x40 /opt/riscv/lib/gcc/riscv64-unknown-elf/10.2.0/rv32i/ilp32/libgcc.a(unordsf2.o)
                                        0x23b (size before relaxing)
 .debug_str     0x0000000000009526       0x6c /opt/riscv/lib/gcc/riscv64-unknown-elf/10.2.0/rv32i/ilp32/libgcc.a(truncdfsf2.o)
                                        0x2d0 (size before relaxing)
 .debug_str     0x0000000000009592       0x44 /opt/riscv/lib/gcc/riscv64-unknown-elf/10.2.0/rv32i/ilp32/libgcc.a(muldi3.o)
                                         0xb2 (size before relaxing)
 .debug_str     0x00000000000095d6       0x86 /opt/riscv/lib/gcc/riscv64-unknown-elf/10.2.0/rv32i/ilp32/libgcc.a(multi3.o)
                                        0x2b2 (size before relaxing)
 .debug_str     0x000000000000965c       0x35 /opt/riscv/lib/gcc/riscv64-unknown-elf/10.2.0/rv32i/ilp32/libgcc.a(div.o)
                                         0xaf (size before relaxing)
 .debug_str     0x0000000000009691       0x19 /opt/riscv/lib/gcc/riscv64-unknown-elf/10.2.0/rv32i/ilp32/libgcc.a(_lshrdi3.o)
                                        0x269 (size before relaxing)
 .debug_str     0x00000000000096aa      0x269 /opt/riscv/lib/gcc/riscv64-unknown-elf/10.2.0/rv32i/ilp32/libgcc.a(_ashldi3.o)
 .debug_str     0x00000000000096aa      0x22c /opt/riscv/lib/gcc/riscv64-unknown-elf/10.2.0/rv32i/ilp32/libgcc.a(_clz.o)
 .debug_str     0x00000000000096aa      0x249 /opt/riscv/lib/gcc/riscv64-unknown-elf/10.2.0/rv32i/ilp32/libgcc.a(_clzsi2.o)

.comment        0x0000000000000000       0x12
 .comment       0x0000000000000000       0x12 ./src/gpio.o
                                         0x13 (size before relaxing)
 .comment       0x0000000000000012       0x13 ./src/interrupt.o
 .comment       0x0000000000000012       0x13 ./src/libc-hooks.o
 .comment       0x0000000000000012       0x13 ./src/main.o
 .comment       0x0000000000000012       0x13 ./src/startrek.o
 .comment       0x0000000000000012       0x13 ./src/startrek_doc.o
 .comment       0x0000000000000012       0x13 ./src/system.o
 .comment       0x0000000000000012       0x13 ./src/uart.o
 .comment       0x0000000000000012       0x13 ./src/xprintf.o
 .comment       0x0000000000000012       0x13 /opt/riscv/lib/gcc/riscv64-unknown-elf/10.2.0/../../../../riscv64-unknown-elf/lib/rv32i/ilp32/libm.a(lib_a-w_pow.o)
 .comment       0x0000000000000012       0x13 /opt/riscv/lib/gcc/riscv64-unknown-elf/10.2.0/../../../../riscv64-unknown-elf/lib/rv32i/ilp32/libm.a(lib_a-w_sqrt.o)
 .comment       0x0000000000000012       0x13 /opt/riscv/lib/gcc/riscv64-unknown-elf/10.2.0/../../../../riscv64-unknown-elf/lib/rv32i/ilp32/libm.a(lib_a-e_pow.o)
 .comment       0x0000000000000012       0x13 /opt/riscv/lib/gcc/riscv64-unknown-elf/10.2.0/../../../../riscv64-unknown-elf/lib/rv32i/ilp32/libm.a(lib_a-e_sqrt.o)
 .comment       0x0000000000000012       0x13 /opt/riscv/lib/gcc/riscv64-unknown-elf/10.2.0/../../../../riscv64-unknown-elf/lib/rv32i/ilp32/libm.a(lib_a-math_err.o)
 .comment       0x0000000000000012       0x13 /opt/riscv/lib/gcc/riscv64-unknown-elf/10.2.0/../../../../riscv64-unknown-elf/lib/rv32i/ilp32/libm.a(lib_a-s_fabs.o)
 .comment       0x0000000000000012       0x13 /opt/riscv/lib/gcc/riscv64-unknown-elf/10.2.0/../../../../riscv64-unknown-elf/lib/rv32i/ilp32/libm.a(lib_a-s_finite.o)
 .comment       0x0000000000000012       0x13 /opt/riscv/lib/gcc/riscv64-unknown-elf/10.2.0/../../../../riscv64-unknown-elf/lib/rv32i/ilp32/libm.a(lib_a-s_scalbn.o)
 .comment       0x0000000000000012       0x13 /opt/riscv/lib/gcc/riscv64-unknown-elf/10.2.0/../../../../riscv64-unknown-elf/lib/rv32i/ilp32/libc.a(lib_a-atof.o)
 .comment       0x0000000000000012       0x13 /opt/riscv/lib/gcc/riscv64-unknown-elf/10.2.0/../../../../riscv64-unknown-elf/lib/rv32i/ilp32/libc.a(lib_a-atoi.o)
 .comment       0x0000000000000012       0x13 /opt/riscv/lib/gcc/riscv64-unknown-elf/10.2.0/../../../../riscv64-unknown-elf/lib/rv32i/ilp32/libc.a(lib_a-errno.o)
 .comment       0x0000000000000012       0x13 /opt/riscv/lib/gcc/riscv64-unknown-elf/10.2.0/../../../../riscv64-unknown-elf/lib/rv32i/ilp32/libc.a(lib_a-exit.o)
 .comment       0x0000000000000012       0x13 /opt/riscv/lib/gcc/riscv64-unknown-elf/10.2.0/../../../../riscv64-unknown-elf/lib/rv32i/ilp32/libc.a(lib_a-getchar.o)
 .comment       0x0000000000000012       0x13 /opt/riscv/lib/gcc/riscv64-unknown-elf/10.2.0/../../../../riscv64-unknown-elf/lib/rv32i/ilp32/libc.a(lib_a-getc.o)
 .comment       0x0000000000000012       0x13 /opt/riscv/lib/gcc/riscv64-unknown-elf/10.2.0/../../../../riscv64-unknown-elf/lib/rv32i/ilp32/libc.a(lib_a-impure.o)
 .comment       0x0000000000000012       0x13 /opt/riscv/lib/gcc/riscv64-unknown-elf/10.2.0/../../../../riscv64-unknown-elf/lib/rv32i/ilp32/libc.a(lib_a-rand.o)
 .comment       0x0000000000000012       0x13 /opt/riscv/lib/gcc/riscv64-unknown-elf/10.2.0/../../../../riscv64-unknown-elf/lib/rv32i/ilp32/libc.a(lib_a-rget.o)
 .comment       0x0000000000000012       0x13 /opt/riscv/lib/gcc/riscv64-unknown-elf/10.2.0/../../../../riscv64-unknown-elf/lib/rv32i/ilp32/libc.a(lib_a-strcat.o)
 .comment       0x0000000000000012       0x13 /opt/riscv/lib/gcc/riscv64-unknown-elf/10.2.0/../../../../riscv64-unknown-elf/lib/rv32i/ilp32/libc.a(lib_a-strcpy.o)
 .comment       0x0000000000000012       0x13 /opt/riscv/lib/gcc/riscv64-unknown-elf/10.2.0/../../../../riscv64-unknown-elf/lib/rv32i/ilp32/libc.a(lib_a-strlen.o)
 .comment       0x0000000000000012       0x13 /opt/riscv/lib/gcc/riscv64-unknown-elf/10.2.0/../../../../riscv64-unknown-elf/lib/rv32i/ilp32/libc.a(lib_a-strncmp.o)
 .comment       0x0000000000000012       0x13 /opt/riscv/lib/gcc/riscv64-unknown-elf/10.2.0/../../../../riscv64-unknown-elf/lib/rv32i/ilp32/libc.a(lib_a-strtod.o)
 .comment       0x0000000000000012       0x13 /opt/riscv/lib/gcc/riscv64-unknown-elf/10.2.0/../../../../riscv64-unknown-elf/lib/rv32i/ilp32/libc.a(lib_a-strtol.o)
 .comment       0x0000000000000012       0x13 /opt/riscv/lib/gcc/riscv64-unknown-elf/10.2.0/../../../../riscv64-unknown-elf/lib/rv32i/ilp32/libc.a(lib_a-__call_atexit.o)
 .comment       0x0000000000000012       0x13 /opt/riscv/lib/gcc/riscv64-unknown-elf/10.2.0/../../../../riscv64-unknown-elf/lib/rv32i/ilp32/libc.a(lib_a-ctype_.o)
 .comment       0x0000000000000012       0x13 /opt/riscv/lib/gcc/riscv64-unknown-elf/10.2.0/../../../../riscv64-unknown-elf/lib/rv32i/ilp32/libc.a(lib_a-findfp.o)
 .comment       0x0000000000000012       0x13 /opt/riscv/lib/gcc/riscv64-unknown-elf/10.2.0/../../../../riscv64-unknown-elf/lib/rv32i/ilp32/libc.a(lib_a-fwalk.o)
 .comment       0x0000000000000012       0x13 /opt/riscv/lib/gcc/riscv64-unknown-elf/10.2.0/../../../../riscv64-unknown-elf/lib/rv32i/ilp32/libc.a(lib_a-gdtoa-gethex.o)
 .comment       0x0000000000000012       0x13 /opt/riscv/lib/gcc/riscv64-unknown-elf/10.2.0/../../../../riscv64-unknown-elf/lib/rv32i/ilp32/libc.a(lib_a-gdtoa-hexnan.o)
 .comment       0x0000000000000012       0x13 /opt/riscv/lib/gcc/riscv64-unknown-elf/10.2.0/../../../../riscv64-unknown-elf/lib/rv32i/ilp32/libc.a(lib_a-lnumeric.o)
 .comment       0x0000000000000012       0x13 /opt/riscv/lib/gcc/riscv64-unknown-elf/10.2.0/../../../../riscv64-unknown-elf/lib/rv32i/ilp32/libc.a(lib_a-locale.o)
 .comment       0x0000000000000012       0x13 /opt/riscv/lib/gcc/riscv64-unknown-elf/10.2.0/../../../../riscv64-unknown-elf/lib/rv32i/ilp32/libc.a(lib_a-mallocr.o)
 .comment       0x0000000000000012       0x13 /opt/riscv/lib/gcc/riscv64-unknown-elf/10.2.0/../../../../riscv64-unknown-elf/lib/rv32i/ilp32/libc.a(lib_a-mbtowc_r.o)
 .comment       0x0000000000000012       0x13 /opt/riscv/lib/gcc/riscv64-unknown-elf/10.2.0/../../../../riscv64-unknown-elf/lib/rv32i/ilp32/libc.a(lib_a-memcpy.o)
 .comment       0x0000000000000012       0x13 /opt/riscv/lib/gcc/riscv64-unknown-elf/10.2.0/../../../../riscv64-unknown-elf/lib/rv32i/ilp32/libc.a(lib_a-mlock.o)
 .comment       0x0000000000000012       0x13 /opt/riscv/lib/gcc/riscv64-unknown-elf/10.2.0/../../../../riscv64-unknown-elf/lib/rv32i/ilp32/libc.a(lib_a-mprec.o)
 .comment       0x0000000000000012       0x13 /opt/riscv/lib/gcc/riscv64-unknown-elf/10.2.0/../../../../riscv64-unknown-elf/lib/rv32i/ilp32/libc.a(lib_a-refill.o)
 .comment       0x0000000000000012       0x13 /opt/riscv/lib/gcc/riscv64-unknown-elf/10.2.0/../../../../riscv64-unknown-elf/lib/rv32i/ilp32/libc.a(lib_a-sbrkr.o)
 .comment       0x0000000000000012       0x13 /opt/riscv/lib/gcc/riscv64-unknown-elf/10.2.0/../../../../riscv64-unknown-elf/lib/rv32i/ilp32/libc.a(lib_a-sf_nan.o)
 .comment       0x0000000000000012       0x13 /opt/riscv/lib/gcc/riscv64-unknown-elf/10.2.0/../../../../riscv64-unknown-elf/lib/rv32i/ilp32/libc.a(lib_a-s_nan.o)
 .comment       0x0000000000000012       0x13 /opt/riscv/lib/gcc/riscv64-unknown-elf/10.2.0/../../../../riscv64-unknown-elf/lib/rv32i/ilp32/libc.a(lib_a-stdio.o)
 .comment       0x0000000000000012       0x13 /opt/riscv/lib/gcc/riscv64-unknown-elf/10.2.0/../../../../riscv64-unknown-elf/lib/rv32i/ilp32/libc.a(lib_a-wctomb_r.o)
 .comment       0x0000000000000012       0x13 /opt/riscv/lib/gcc/riscv64-unknown-elf/10.2.0/../../../../riscv64-unknown-elf/lib/rv32i/ilp32/libc.a(lib_a-writer.o)
 .comment       0x0000000000000012       0x13 /opt/riscv/lib/gcc/riscv64-unknown-elf/10.2.0/../../../../riscv64-unknown-elf/lib/rv32i/ilp32/libc.a(lib_a-assert.o)
 .comment       0x0000000000000012       0x13 /opt/riscv/lib/gcc/riscv64-unknown-elf/10.2.0/../../../../riscv64-unknown-elf/lib/rv32i/ilp32/libc.a(lib_a-callocr.o)
 .comment       0x0000000000000012       0x13 /opt/riscv/lib/gcc/riscv64-unknown-elf/10.2.0/../../../../riscv64-unknown-elf/lib/rv32i/ilp32/libc.a(lib_a-closer.o)
 .comment       0x0000000000000012       0x13 /opt/riscv/lib/gcc/riscv64-unknown-elf/10.2.0/../../../../riscv64-unknown-elf/lib/rv32i/ilp32/libc.a(lib_a-fclose.o)
 .comment       0x0000000000000012       0x13 /opt/riscv/lib/gcc/riscv64-unknown-elf/10.2.0/../../../../riscv64-unknown-elf/lib/rv32i/ilp32/libc.a(lib_a-fflush.o)
 .comment       0x0000000000000012       0x13 /opt/riscv/lib/gcc/riscv64-unknown-elf/10.2.0/../../../../riscv64-unknown-elf/lib/rv32i/ilp32/libc.a(lib_a-fiprintf.o)
 .comment       0x0000000000000012       0x13 /opt/riscv/lib/gcc/riscv64-unknown-elf/10.2.0/../../../../riscv64-unknown-elf/lib/rv32i/ilp32/libc.a(lib_a-freer.o)
 .comment       0x0000000000000012       0x13 /opt/riscv/lib/gcc/riscv64-unknown-elf/10.2.0/../../../../riscv64-unknown-elf/lib/rv32i/ilp32/libc.a(lib_a-lseekr.o)
 .comment       0x0000000000000012       0x13 /opt/riscv/lib/gcc/riscv64-unknown-elf/10.2.0/../../../../riscv64-unknown-elf/lib/rv32i/ilp32/libc.a(lib_a-makebuf.o)
 .comment       0x0000000000000012       0x13 /opt/riscv/lib/gcc/riscv64-unknown-elf/10.2.0/../../../../riscv64-unknown-elf/lib/rv32i/ilp32/libc.a(lib_a-readr.o)