Archive member included to satisfy reference by file (symbol)

/opt/riscv/lib/gcc/riscv64-unknown-elf/10.2.0/../../../../riscv64-unknown-elf/lib/rv32im/ilp32/libc.a(lib_a-atoi.o)
                              ./src/dhry_1.o (symbol from plugin) (atoi)
/opt/riscv/lib/gcc/riscv64-unknown-elf/10.2.0/../../../../riscv64-unknown-elf/lib/rv32im/ilp32/libc.a(lib_a-strtol.o)
                              /opt/riscv/lib/gcc/riscv64-unknown-elf/10.2.0/../../../../riscv64-unknown-elf/lib/rv32im/ilp32/libc.a(lib_a-atoi.o) (_strtol_r)
/opt/riscv/lib/gcc/riscv64-unknown-elf/10.2.0/../../../../riscv64-unknown-elf/lib/rv32im/ilp32/libc.a(lib_a-ctype_.o)
                              /opt/riscv/lib/gcc/riscv64-unknown-elf/10.2.0/../../../../riscv64-unknown-elf/lib/rv32im/ilp32/libc.a(lib_a-strtol.o) (_ctype_)
/opt/riscv/lib/gcc/riscv64-unknown-elf/10.2.0/../../../../riscv64-unknown-elf/lib/rv32im/ilp32/libc.a(lib_a-errno.o)
                              /opt/riscv/lib/gcc/riscv64-unknown-elf/10.2.0/../../../../riscv64-unknown-elf/lib/rv32im/ilp32/libc.a(lib_a-strtol.o) (__errno)
/opt/riscv/lib/gcc/riscv64-unknown-elf/10.2.0/../../../../riscv64-unknown-elf/lib/rv32im/ilp32/libc.a(lib_a-impure.o)
                              /opt/riscv/lib/gcc/riscv64-unknown-elf/10.2.0/../../../../riscv64-unknown-elf/lib/rv32im/ilp32/libc.a(lib_a-strtol.o) (_impure_ptr)
/opt/riscv/lib/gcc/riscv64-unknown-elf/10.2.0/../../../../riscv64-unknown-elf/lib/rv32im/ilp32/libc.a(lib_a-strcmp.o)
                              /tmp/mmRISC_Dhrystone.elf.yuBKWu.ltrans0.ltrans.o (strcmp)
/opt/riscv/lib/gcc/riscv64-unknown-elf/10.2.0/../../../../riscv64-unknown-elf/lib/rv32im/ilp32/libc.a(lib_a-strlen.o)
                              /tmp/mmRISC_Dhrystone.elf.yuBKWu.ltrans0.ltrans.o (strlen)
/opt/riscv/lib/gcc/riscv64-unknown-elf/10.2.0/rv32im/ilp32/libgcc.a(_divdi3.o)
                              /tmp/mmRISC_Dhrystone.elf.yuBKWu.ltrans0.ltrans.o (__divdi3)
/opt/riscv/lib/gcc/riscv64-unknown-elf/10.2.0/rv32im/ilp32/libgcc.a(_udivdi3.o)
                              /tmp/mmRISC_Dhrystone.elf.yuBKWu.ltrans0.ltrans.o (__udivdi3)
/opt/riscv/lib/gcc/riscv64-unknown-elf/10.2.0/rv32im/ilp32/libgcc.a(_umoddi3.o)
                              /tmp/mmRISC_Dhrystone.elf.yuBKWu.ltrans0.ltrans.o (__umoddi3)
/opt/riscv/lib/gcc/riscv64-unknown-elf/10.2.0/rv32im/ilp32/libgcc.a(adddf3.o)
                              /tmp/mmRISC_Dhrystone.elf.yuBKWu.ltrans0.ltrans.o (__adddf3)
/opt/riscv/lib/gcc/riscv64-unknown-elf/10.2.0/rv32im/ilp32/libgcc.a(divdf3.o)
                              /tmp/mmRISC_Dhrystone.elf.yuBKWu.ltrans0.ltrans.o (__divdf3)
/opt/riscv/lib/gcc/riscv64-unknown-elf/10.2.0/rv32im/ilp32/libgcc.a(eqdf2.o)
                              /tmp/mmRISC_Dhrystone.elf.yuBKWu.ltrans0.ltrans.o (__nedf2)
/opt/riscv/lib/gcc/riscv64-unknown-elf/10.2.0/rv32im/ilp32/libgcc.a(gedf2.o)
                              /tmp/mmRISC_Dhrystone.elf.yuBKWu.ltrans0.ltrans.o (__gedf2)
/opt/riscv/lib/gcc/riscv64-unknown-elf/10.2.0/rv32im/ilp32/libgcc.a(ledf2.o)
                              /tmp/mmRISC_Dhrystone.elf.yuBKWu.ltrans0.ltrans.o (__ledf2)
/opt/riscv/lib/gcc/riscv64-unknown-elf/10.2.0/rv32im/ilp32/libgcc.a(muldf3.o)
                              /tmp/mmRISC_Dhrystone.elf.yuBKWu.ltrans0.ltrans.o (__muldf3)
/opt/riscv/lib/gcc/riscv64-unknown-elf/10.2.0/rv32im/ilp32/libgcc.a(subdf3.o)
                              /tmp/mmRISC_Dhrystone.elf.yuBKWu.ltrans0.ltrans.o (__subdf3)
/opt/riscv/lib/gcc/riscv64-unknown-elf/10.2.0/rv32im/ilp32/libgcc.a(unorddf2.o)
                              /tmp/mmRISC_Dhrystone.elf.yuBKWu.ltrans0.ltrans.o (__unorddf2)
/opt/riscv/lib/gcc/riscv64-unknown-elf/10.2.0/rv32im/ilp32/libgcc.a(fixdfsi.o)
                              /tmp/mmRISC_Dhrystone.elf.yuBKWu.ltrans0.ltrans.o (__fixdfsi)
/opt/riscv/lib/gcc/riscv64-unknown-elf/10.2.0/rv32im/ilp32/libgcc.a(floatsidf.o)
                              /tmp/mmRISC_Dhrystone.elf.yuBKWu.ltrans0.ltrans.o (__floatsidf)
/opt/riscv/lib/gcc/riscv64-unknown-elf/10.2.0/rv32im/ilp32/libgcc.a(_clz.o)
                              /opt/riscv/lib/gcc/riscv64-unknown-elf/10.2.0/rv32im/ilp32/libgcc.a(_divdi3.o) (__clz_tab)
/opt/riscv/lib/gcc/riscv64-unknown-elf/10.2.0/rv32im/ilp32/libgcc.a(_clzsi2.o)
                              /opt/riscv/lib/gcc/riscv64-unknown-elf/10.2.0/rv32im/ilp32/libgcc.a(adddf3.o) (__clzsi2)

Discarded input sections

 .text          0x0000000000000000        0x0 /tmp/mmRISC_Dhrystone.elf.yuBKWu.ltrans0.ltrans.o
 .data          0x0000000000000000        0x0 /tmp/mmRISC_Dhrystone.elf.yuBKWu.ltrans0.ltrans.o
 .bss           0x0000000000000000        0x0 /tmp/mmRISC_Dhrystone.elf.yuBKWu.ltrans0.ltrans.o
 .text.UART_RxD
                0x0000000000000000       0x1a /tmp/mmRISC_Dhrystone.elf.yuBKWu.ltrans0.ltrans.o
 .text._exit    0x0000000000000000        0x2 /tmp/mmRISC_Dhrystone.elf.yuBKWu.ltrans0.ltrans.o
 .text.putchar  0x0000000000000000       0x38 /tmp/mmRISC_Dhrystone.elf.yuBKWu.ltrans0.ltrans.o
[...]
Memory Configuration

Name             Origin             Length             Attributes
ROM              0x0000000090000000 0x0000000000020000 xr
RAM              0x0000000088000000 0x000000000000c000 rw
*default*        0x0000000000000000 0xffffffffffffffff

Linker script and memory map

LOAD ./src/dhry_1.o
LOAD /tmp/mmRISC_Dhrystone.elf.yuBKWu.ltrans0.ltrans.o
LOAD /tmp/ccC1pKMv.debug.temp.o
LOAD /tmp/ccbw1TRw.debug.temp.o
LOAD /tmp/ccn8i5Gx.debug.temp.o
LOAD /tmp/ccuaz9Gx.debug.temp.o
LOAD /tmp/ccPhAd8u.debug.temp.o
LOAD /tmp/ccg87wTu.debug.temp.o
LOAD /tmp/cciuTRPt.debug.temp.o
LOAD /tmp/ccOvlXRv.debug.temp.o
LOAD /tmp/cciJB9jv.debug.temp.o
LOAD ./src/dhry_2.o
LOAD ./src/gpio.o
LOAD ./src/interrupt.o
LOAD ./src/libc-hooks.o
LOAD ./src/main.o
LOAD ./src/startup.o
LOAD ./src/system.o
LOAD ./src/uart.o
LOAD ./src/xprintf.o
LOAD /opt/riscv/lib/gcc/riscv64-unknown-elf/10.2.0/../../../../riscv64-unknown-elf/lib/rv32im/ilp32/libc.a
LOAD /opt/riscv/lib/gcc/riscv64-unknown-elf/10.2.0/rv32im/ilp32/libgcc.a
                0x0000000000004000                STACK_SIZE = 0x4000

.vectors        0x0000000090000000      0x148
                0x0000000090000000                . = ALIGN (0x100)
 *(.vectors)
 .vectors       0x0000000090000000      0x144 ./src/startup.o
 FILL mask 0x00000000
                0x0000000090000144        0x4 LONG 0x0

.trap           0x0000000090000150      0x1ec
                0x0000000090000200                . = ALIGN (0x100)
 *fill*         0x0000000090000150       0xb0 
 *(.trap)
 .trap          0x0000000090000200      0x138 ./src/startup.o
 FILL mask 0x00000000
                0x0000000090000338        0x4 LONG 0x0

.startup        0x000000009000033c      0x146
                0x0000000090000400                . = ALIGN (0x100)
 *fill*         0x000000009000033c       0xc4 
 *(.startup*)
 .startup       0x0000000090000400       0x7e ./src/startup.o
                0x0000000090000400                _start
 *(.startup)
 FILL mask 0x00000000
                0x000000009000047e        0x4 LONG 0x0

.text           0x0000000090000484     0x57f0
                0x0000000090000500                . = ALIGN (0x100)
 *fill*         0x0000000090000484       0x7c 
                [!provide]                        PROVIDE (__TEXT_START__ = .)
 *(.text.main)
 *(.text)
 .text          0x0000000090000500      0x17c /opt/riscv/lib/gcc/riscv64-unknown-elf/10.2.0/../../../../riscv64-unknown-elf/lib/rv32im/ilp32/libc.a(lib_a-strcmp.o)
                0x0000000090000500                strcmp
 .text          0x000000009000067c       0x8c /opt/riscv/lib/gcc/riscv64-unknown-elf/10.2.0/../../../../riscv64-unknown-elf/lib/rv32im/ilp32/libc.a(lib_a-strlen.o)
                0x000000009000067c                strlen
 .text          0x0000000090000708      0x434 /opt/riscv/lib/gcc/riscv64-unknown-elf/10.2.0/rv32im/ilp32/libgcc.a(_udivdi3.o)
                0x0000000090000708                __udivdi3
 .text          0x0000000090000b3c      0x404 /opt/riscv/lib/gcc/riscv64-unknown-elf/10.2.0/rv32im/ilp32/libgcc.a(_umoddi3.o)
                0x0000000090000b3c                __umoddi3
 .text          0x0000000090000f40      0x7d8 /opt/riscv/lib/gcc/riscv64-unknown-elf/10.2.0/rv32im/ilp32/libgcc.a(adddf3.o)
                0x0000000090000f40                __adddf3
 .text          0x0000000090001718      0x6e0 /opt/riscv/lib/gcc/riscv64-unknown-elf/10.2.0/rv32im/ilp32/libgcc.a(divdf3.o)
                0x0000000090001718                __divdf3
 .text          0x0000000090001df8       0x8c /opt/riscv/lib/gcc/riscv64-unknown-elf/10.2.0/rv32im/ilp32/libgcc.a(eqdf2.o)
                0x0000000090001df8                __eqdf2
                0x0000000090001df8                __nedf2
 .text          0x0000000090001e84       0xe4 /opt/riscv/lib/gcc/riscv64-unknown-elf/10.2.0/rv32im/ilp32/libgcc.a(gedf2.o)
                0x0000000090001e84                __gtdf2
                0x0000000090001e84                __gedf2
 .text          0x0000000090001f68       0xe4 /opt/riscv/lib/gcc/riscv64-unknown-elf/10.2.0/rv32im/ilp32/libgcc.a(ledf2.o)
                0x0000000090001f68                __ltdf2
                0x0000000090001f68                __ledf2
 .text          0x000000009000204c      0x5c8 /opt/riscv/lib/gcc/riscv64-unknown-elf/10.2.0/rv32im/ilp32/libgcc.a(muldf3.o)
                0x000000009000204c                __muldf3
 .text          0x0000000090002614      0x7ec /opt/riscv/lib/gcc/riscv64-unknown-elf/10.2.0/rv32im/ilp32/libgcc.a(subdf3.o)
                0x0000000090002614                __subdf3
 .text          0x0000000090002e00       0x4c /opt/riscv/lib/gcc/riscv64-unknown-elf/10.2.0/rv32im/ilp32/libgcc.a(unorddf2.o)
                0x0000000090002e00                __unorddf2
 .text          0x0000000090002e4c       0x80 /opt/riscv/lib/gcc/riscv64-unknown-elf/10.2.0/rv32im/ilp32/libgcc.a(fixdfsi.o)
                0x0000000090002e4c                __fixdfsi
 .text          0x0000000090002ecc       0xa8 /opt/riscv/lib/gcc/riscv64-unknown-elf/10.2.0/rv32im/ilp32/libgcc.a(floatsidf.o)
                0x0000000090002ecc                __floatsidf
 .text          0x0000000090002f74       0x4c /opt/riscv/lib/gcc/riscv64-unknown-elf/10.2.0/rv32im/ilp32/libgcc.a(_clzsi2.o)
                0x0000000090002f74                __clzsi2
 *(.text.*)
 .text.GPIO_SetSEG
                0x0000000090002fc0       0x9c /tmp/mmRISC_Dhrystone.elf.yuBKWu.ltrans0.ltrans.o
 .text.UART_TxD
                0x000000009000305c       0x16 /tmp/mmRISC_Dhrystone.elf.yuBKWu.ltrans0.ltrans.o
 .text.Get_System_Freq
                0x0000000090003072       0x20 /tmp/mmRISC_Dhrystone.elf.yuBKWu.ltrans0.ltrans.o
 .text.xfputc   0x0000000090003092       0x6e /tmp/mmRISC_Dhrystone.elf.yuBKWu.ltrans0.ltrans.o
 .text.xprintf  0x0000000090003100     0x2256 /tmp/mmRISC_Dhrystone.elf.yuBKWu.ltrans0.ltrans.o
 .text.INT_Timer_Handler
                0x0000000090005356       0x84 /tmp/mmRISC_Dhrystone.elf.yuBKWu.ltrans0.ltrans.o
                0x0000000090005356                INT_Timer_Handler
 .text.INT_IRQ_Handler
                0x00000000900053da       0xae /tmp/mmRISC_Dhrystone.elf.yuBKWu.ltrans0.ltrans.o
                0x00000000900053da                INT_IRQ_Handler
 .text.startup.main
                0x0000000090005488      0x7ec /tmp/mmRISC_Dhrystone.elf.yuBKWu.ltrans0.ltrans.o
                0x0000000090005488                main
                [!provide]                        PROVIDE (__TEXT_END__ = .)

.rodata         0x0000000090005c74      0x8a8
                0x0000000090005d00                . = ALIGN (0x100)
 *fill*         0x0000000090005c74       0x8c 
 *(.rodata)
 .rodata        0x0000000090005d00       0x3c /opt/riscv/lib/gcc/riscv64-unknown-elf/10.2.0/rv32im/ilp32/libgcc.a(divdf3.o)
 .rodata        0x0000000090005d3c       0x3c /opt/riscv/lib/gcc/riscv64-unknown-elf/10.2.0/rv32im/ilp32/libgcc.a(muldf3.o)
 .rodata        0x0000000090005d78      0x100 /opt/riscv/lib/gcc/riscv64-unknown-elf/10.2.0/rv32im/ilp32/libgcc.a(_clz.o)
                0x0000000090005d78                __clz_tab
 *(.rodata.*)
 .rodata.xprintf.str1.4
                0x0000000090005e78        0xb /tmp/mmRISC_Dhrystone.elf.yuBKWu.ltrans0.ltrans.o
                                          0xf (size before relaxing)
 *fill*         0x0000000090005e83        0x1 
 .rodata.xprintf
                0x0000000090005e84       0xd0 /tmp/mmRISC_Dhrystone.elf.yuBKWu.ltrans0.ltrans.o
 .rodata.main.str1.4
                0x0000000090005f54      0x5b5 /tmp/mmRISC_Dhrystone.elf.yuBKWu.ltrans0.ltrans.o
                                        0x5b9 (size before relaxing)
 *fill*         0x0000000090006509        0x3 
 .rodata.LED7SEG
                0x000000009000650c       0x10 /tmp/mmRISC_Dhrystone.elf.yuBKWu.ltrans0.ltrans.o
                0x000000009000651c                . = ALIGN (0x4)
                0x000000009000651c                PROVIDE (__ROM_INIT_BGN__ = .)

.data           0x0000000088000000        0x0 load address 0x000000009000651c
                0x0000000088000000                . = ALIGN (0x100)
                0x0000000088000000                PROVIDE (__RAM_INIT_BGN__ = .)
 *(.data)
 *(.data*)

.srodata        0x0000000088000000       0x30 load address 0x000000009000651c
                0x0000000088000800                PROVIDE (__GLOBAL_PTR__ = (. + 0x800))
 *(.srodata)
 *(.srodata*)
 .srodata.cst8  0x0000000088000000       0x30 /tmp/mmRISC_Dhrystone.elf.yuBKWu.ltrans0.ltrans.o

.sdata          0x0000000088000030        0x0 load address 0x000000009000654c
 *(.sdata)
 *(.sdata.*)
                0x0000000088000030                PROVIDE (__RAM_INIT_END__ = .)

.sbss           0x0000000088000030       0x40 load address 0x000000009000654c
                0x0000000088000030                PROVIDE (__BSS_BGN__ = .)
 *(.sbss)
 *(.sbss.*)
 .sbss.Begin_Time
                0x0000000088000030        0x4 /tmp/mmRISC_Dhrystone.elf.yuBKWu.ltrans0.ltrans.o
 .sbss.Bool_Glob
                0x0000000088000034        0x4 /tmp/mmRISC_Dhrystone.elf.yuBKWu.ltrans0.ltrans.o
 .sbss.Ch_1_Glob
                0x0000000088000038        0x1 /tmp/mmRISC_Dhrystone.elf.yuBKWu.ltrans0.ltrans.o
 .sbss.Ch_2_Glob
                0x0000000088000039        0x1 /tmp/mmRISC_Dhrystone.elf.yuBKWu.ltrans0.ltrans.o
 *fill*         0x000000008800003a        0x2 
 .sbss.Dhrystones_Per_Second
                0x000000008800003c        0x4 /tmp/mmRISC_Dhrystone.elf.yuBKWu.ltrans0.ltrans.o
 .sbss.End_Time
                0x0000000088000040        0x4 /tmp/mmRISC_Dhrystone.elf.yuBKWu.ltrans0.ltrans.o
 .sbss.Int_Glob
                0x0000000088000044        0x4 /tmp/mmRISC_Dhrystone.elf.yuBKWu.ltrans0.ltrans.o
 .sbss.Microseconds
                0x0000000088000048        0x4 /tmp/mmRISC_Dhrystone.elf.yuBKWu.ltrans0.ltrans.o
 .sbss.Next_Ptr_Glob
                0x000000008800004c        0x4 /tmp/mmRISC_Dhrystone.elf.yuBKWu.ltrans0.ltrans.o
 .sbss.Ptr_Glob
                0x0000000088000050        0x4 /tmp/mmRISC_Dhrystone.elf.yuBKWu.ltrans0.ltrans.o
 .sbss.Run_Index
                0x0000000088000054        0x4 /tmp/mmRISC_Dhrystone.elf.yuBKWu.ltrans0.ltrans.o
 .sbss.User_Time
                0x0000000088000058        0x4 /tmp/mmRISC_Dhrystone.elf.yuBKWu.ltrans0.ltrans.o
 .sbss.data0.0  0x000000008800005c        0x4 /tmp/mmRISC_Dhrystone.elf.yuBKWu.ltrans0.ltrans.o
 .sbss.data1.2  0x0000000088000060        0x4 /tmp/mmRISC_Dhrystone.elf.yuBKWu.ltrans0.ltrans.o
 .sbss.num.0    0x0000000088000064        0x4 /tmp/mmRISC_Dhrystone.elf.yuBKWu.ltrans0.ltrans.o
 .sbss.strptr   0x0000000088000068        0x4 /tmp/mmRISC_Dhrystone.elf.yuBKWu.ltrans0.ltrans.o
 .sbss.xfunc_output
                0x000000008800006c        0x4 /tmp/mmRISC_Dhrystone.elf.yuBKWu.ltrans0.ltrans.o
 *(.scommon)

.bss            0x0000000088000070     0x2838 load address 0x000000009000654c
 *(.bss)
 *(.bss.*)
 .bss.Arr_1_Glob
                0x0000000088000070       0xc8 /tmp/mmRISC_Dhrystone.elf.yuBKWu.ltrans0.ltrans.o
 .bss.Arr_2_Glob
                0x0000000088000138     0x2710 /tmp/mmRISC_Dhrystone.elf.yuBKWu.ltrans0.ltrans.o
 .bss.glob1.1   0x0000000088002848       0x30 /tmp/mmRISC_Dhrystone.elf.yuBKWu.ltrans0.ltrans.o
 .bss.glob2.0   0x0000000088002878       0x30 /tmp/mmRISC_Dhrystone.elf.yuBKWu.ltrans0.ltrans.o
                0x00000000880028a8                . = ALIGN (0x4)
                0x00000000880028a8                PROVIDE (__BSS_END__ = .)

.stack          0x0000000088008000     0x4000
                [!provide]                        PROVIDE (__STACK_START__ = .)
                0x000000008800c000                . = (. + STACK_SIZE)
 *fill*         0x0000000088008000     0x4000 
                0x000000008800c000                PROVIDE (__STACK_TOP__ = .)
                [!provide]                        PROVIDE (__STACK_END__ = .)

/DISCARD/
 *(.eh_frame .eh_frame.*)
OUTPUT(mmRISC_Dhrystone.elf elf32-littleriscv)

.debug_info     0x0000000000000000     0x78d4
 .debug_info    0x0000000000000000     0x269d /tmp/mmRISC_Dhrystone.elf.yuBKWu.ltrans0.ltrans.o
 .debug_info    0x000000000000269d      0x46f /tmp/ccC1pKMv.debug.temp.o
                0x000000000000269d                dhry_1.c.2114da05
 .debug_info    0x0000000000002b0c      0x28d /tmp/ccbw1TRw.debug.temp.o
                0x0000000000002b0c                dhry_2.c.dda29f0b
 .debug_info    0x0000000000002d99      0x1dc /tmp/ccn8i5Gx.debug.temp.o
                0x0000000000002d99                gpio.c.cd70ff7e
 .debug_info    0x0000000000002f75      0x1c4 /tmp/ccuaz9Gx.debug.temp.o
                0x0000000000002f75                interrupt.c.eec755aa
 .debug_info    0x0000000000003139      0x4f8 /tmp/ccPhAd8u.debug.temp.o
                0x0000000000003139                libc_hooks.c.5c330c55
 .debug_info    0x0000000000003631      0x143 /tmp/ccg87wTu.debug.temp.o
                0x0000000000003631                main.c.d6cedec6
 .debug_info    0x0000000000003774       0xc1 /tmp/cciuTRPt.debug.temp.o
                0x0000000000003774                system.c.e223f355
 .debug_info    0x0000000000003835      0x208 /tmp/ccOvlXRv.debug.temp.o
                0x0000000000003835                uart.c.0b39c272
 .debug_info    0x0000000000003a3d      0x559 /tmp/cciJB9jv.debug.temp.o
                0x0000000000003a3d                xprintf.c.3260c07e
 .debug_info    0x0000000000003f96      0x7b2 /opt/riscv/lib/gcc/riscv64-unknown-elf/10.2.0/rv32im/ilp32/libgcc.a(_udivdi3.o)
 .debug_info    0x0000000000004748      0x80c /opt/riscv/lib/gcc/riscv64-unknown-elf/10.2.0/rv32im/ilp32/libgcc.a(_umoddi3.o)
 .debug_info    0x0000000000004f54      0x581 /opt/riscv/lib/gcc/riscv64-unknown-elf/10.2.0/rv32im/ilp32/libgcc.a(adddf3.o)
 .debug_info    0x00000000000054d5      0x72a /opt/riscv/lib/gcc/riscv64-unknown-elf/10.2.0/rv32im/ilp32/libgcc.a(divdf3.o)
 .debug_info    0x0000000000005bff      0x255 /opt/riscv/lib/gcc/riscv64-unknown-elf/10.2.0/rv32im/ilp32/libgcc.a(eqdf2.o)
 .debug_info    0x0000000000005e54      0x253 /opt/riscv/lib/gcc/riscv64-unknown-elf/10.2.0/rv32im/ilp32/libgcc.a(gedf2.o)
 .debug_info    0x00000000000060a7      0x253 /opt/riscv/lib/gcc/riscv64-unknown-elf/10.2.0/rv32im/ilp32/libgcc.a(ledf2.o)
 .debug_info    0x00000000000062fa      0x766 /opt/riscv/lib/gcc/riscv64-unknown-elf/10.2.0/rv32im/ilp32/libgcc.a(muldf3.o)
 .debug_info    0x0000000000006a60      0x581 /opt/riscv/lib/gcc/riscv64-unknown-elf/10.2.0/rv32im/ilp32/libgcc.a(subdf3.o)
 .debug_info    0x0000000000006fe1      0x256 /opt/riscv/lib/gcc/riscv64-unknown-elf/10.2.0/rv32im/ilp32/libgcc.a(unorddf2.o)
 .debug_info    0x0000000000007237      0x1e7 /opt/riscv/lib/gcc/riscv64-unknown-elf/10.2.0/rv32im/ilp32/libgcc.a(fixdfsi.o)
 .debug_info    0x000000000000741e      0x29b /opt/riscv/lib/gcc/riscv64-unknown-elf/10.2.0/rv32im/ilp32/libgcc.a(floatsidf.o)
 .debug_info    0x00000000000076b9       0xd7 /opt/riscv/lib/gcc/riscv64-unknown-elf/10.2.0/rv32im/ilp32/libgcc.a(_clz.o)
 .debug_info    0x0000000000007790      0x144 /opt/riscv/lib/gcc/riscv64-unknown-elf/10.2.0/rv32im/ilp32/libgcc.a(_clzsi2.o)

.debug_abbrev   0x0000000000000000     0x1dbe
 .debug_abbrev  0x0000000000000000      0x1f6 /tmp/mmRISC_Dhrystone.elf.yuBKWu.ltrans0.ltrans.o
 .debug_abbrev  0x00000000000001f6      0x186 /tmp/ccC1pKMv.debug.temp.o
 .debug_abbrev  0x000000000000037c       0xc8 /tmp/ccbw1TRw.debug.temp.o
 .debug_abbrev  0x0000000000000444       0xe8 /tmp/ccn8i5Gx.debug.temp.o
 .debug_abbrev  0x000000000000052c       0xd0 /tmp/ccuaz9Gx.debug.temp.o
 .debug_abbrev  0x00000000000005fc      0x16b /tmp/ccPhAd8u.debug.temp.o
 .debug_abbrev  0x0000000000000767       0xba /tmp/ccg87wTu.debug.temp.o
 .debug_abbrev  0x0000000000000821       0x6e /tmp/cciuTRPt.debug.temp.o
 .debug_abbrev  0x000000000000088f      0x121 /tmp/ccOvlXRv.debug.temp.o
 .debug_abbrev  0x00000000000009b0      0x18c /tmp/cciJB9jv.debug.temp.o
 .debug_abbrev  0x0000000000000b3c      0x19d /opt/riscv/lib/gcc/riscv64-unknown-elf/10.2.0/rv32im/ilp32/libgcc.a(_udivdi3.o)
 .debug_abbrev  0x0000000000000cd9      0x1b9 /opt/riscv/lib/gcc/riscv64-unknown-elf/10.2.0/rv32im/ilp32/libgcc.a(_umoddi3.o)
 .debug_abbrev  0x0000000000000e92      0x173 /opt/riscv/lib/gcc/riscv64-unknown-elf/10.2.0/rv32im/ilp32/libgcc.a(adddf3.o)
 .debug_abbrev  0x0000000000001005      0x173 /opt/riscv/lib/gcc/riscv64-unknown-elf/10.2.0/rv32im/ilp32/libgcc.a(divdf3.o)
 .debug_abbrev  0x0000000000001178      0x14b /opt/riscv/lib/gcc/riscv64-unknown-elf/10.2.0/rv32im/ilp32/libgcc.a(eqdf2.o)
 .debug_abbrev  0x00000000000012c3      0x15e /opt/riscv/lib/gcc/riscv64-unknown-elf/10.2.0/rv32im/ilp32/libgcc.a(gedf2.o)
 .debug_abbrev  0x0000000000001421      0x15e /opt/riscv/lib/gcc/riscv64-unknown-elf/10.2.0/rv32im/ilp32/libgcc.a(ledf2.o)
 .debug_abbrev  0x000000000000157f      0x185 /opt/riscv/lib/gcc/riscv64-unknown-elf/10.2.0/rv32im/ilp32/libgcc.a(muldf3.o)
 .debug_abbrev  0x0000000000001704      0x173 /opt/riscv/lib/gcc/riscv64-unknown-elf/10.2.0/rv32im/ilp32/libgcc.a(subdf3.o)
 .debug_abbrev  0x0000000000001877      0x14b /opt/riscv/lib/gcc/riscv64-unknown-elf/10.2.0/rv32im/ilp32/libgcc.a(unorddf2.o)
 .debug_abbrev  0x00000000000019c2      0x15e /opt/riscv/lib/gcc/riscv64-unknown-elf/10.2.0/rv32im/ilp32/libgcc.a(fixdfsi.o)
 .debug_abbrev  0x0000000000001b20      0x164 /opt/riscv/lib/gcc/riscv64-unknown-elf/10.2.0/rv32im/ilp32/libgcc.a(floatsidf.o)
 .debug_abbrev  0x0000000000001c84       0x70 /opt/riscv/lib/gcc/riscv64-unknown-elf/10.2.0/rv32im/ilp32/libgcc.a(_clz.o)
 .debug_abbrev  0x0000000000001cf4       0xca /opt/riscv/lib/gcc/riscv64-unknown-elf/10.2.0/rv32im/ilp32/libgcc.a(_clzsi2.o)

.debug_loc      0x0000000000000000     0xad55
 .debug_loc     0x0000000000000000     0x4c81 /tmp/mmRISC_Dhrystone.elf.yuBKWu.ltrans0.ltrans.o
 .debug_loc     0x0000000000004c81      0xbcd /opt/riscv/lib/gcc/riscv64-unknown-elf/10.2.0/rv32im/ilp32/libgcc.a(_udivdi3.o)
 .debug_loc     0x000000000000584e      0x930 /opt/riscv/lib/gcc/riscv64-unknown-elf/10.2.0/rv32im/ilp32/libgcc.a(_umoddi3.o)
 .debug_loc     0x000000000000617e     0x11ec /opt/riscv/lib/gcc/riscv64-unknown-elf/10.2.0/rv32im/ilp32/libgcc.a(adddf3.o)
 .debug_loc     0x000000000000736a     0x1494 /opt/riscv/lib/gcc/riscv64-unknown-elf/10.2.0/rv32im/ilp32/libgcc.a(divdf3.o)
 .debug_loc     0x00000000000087fe       0xa4 /opt/riscv/lib/gcc/riscv64-unknown-elf/10.2.0/rv32im/ilp32/libgcc.a(eqdf2.o)
 .debug_loc     0x00000000000088a2      0x135 /opt/riscv/lib/gcc/riscv64-unknown-elf/10.2.0/rv32im/ilp32/libgcc.a(gedf2.o)
 .debug_loc     0x00000000000089d7      0x135 /opt/riscv/lib/gcc/riscv64-unknown-elf/10.2.0/rv32im/ilp32/libgcc.a(ledf2.o)
 .debug_loc     0x0000000000008b0c      0xd56 /opt/riscv/lib/gcc/riscv64-unknown-elf/10.2.0/rv32im/ilp32/libgcc.a(muldf3.o)
 .debug_loc     0x0000000000009862     0x114d /opt/riscv/lib/gcc/riscv64-unknown-elf/10.2.0/rv32im/ilp32/libgcc.a(subdf3.o)
 .debug_loc     0x000000000000a9af       0x61 /opt/riscv/lib/gcc/riscv64-unknown-elf/10.2.0/rv32im/ilp32/libgcc.a(unorddf2.o)
 .debug_loc     0x000000000000aa10      0x181 /opt/riscv/lib/gcc/riscv64-unknown-elf/10.2.0/rv32im/ilp32/libgcc.a(fixdfsi.o)
 .debug_loc     0x000000000000ab91      0x159 /opt/riscv/lib/gcc/riscv64-unknown-elf/10.2.0/rv32im/ilp32/libgcc.a(floatsidf.o)
 .debug_loc     0x000000000000acea       0x6b /opt/riscv/lib/gcc/riscv64-unknown-elf/10.2.0/rv32im/ilp32/libgcc.a(_clzsi2.o)

.debug_aranges  0x0000000000000000      0x228
 .debug_aranges
                0x0000000000000000       0x70 /tmp/mmRISC_Dhrystone.elf.yuBKWu.ltrans0.ltrans.o
 .debug_aranges
                0x0000000000000070       0x20 /opt/riscv/lib/gcc/riscv64-unknown-elf/10.2.0/rv32im/ilp32/libgcc.a(_udivdi3.o)
 .debug_aranges
                0x0000000000000090       0x20 /opt/riscv/lib/gcc/riscv64-unknown-elf/10.2.0/rv32im/ilp32/libgcc.a(_umoddi3.o)
 .debug_aranges
                0x00000000000000b0       0x20 /opt/riscv/lib/gcc/riscv64-unknown-elf/10.2.0/rv32im/ilp32/libgcc.a(adddf3.o)
 .debug_aranges
                0x00000000000000d0       0x20 /opt/riscv/lib/gcc/riscv64-unknown-elf/10.2.0/rv32im/ilp32/libgcc.a(divdf3.o)
 .debug_aranges
                0x00000000000000f0       0x20 /opt/riscv/lib/gcc/riscv64-unknown-elf/10.2.0/rv32im/ilp32/libgcc.a(eqdf2.o)
 .debug_aranges
                0x0000000000000110       0x20 /opt/riscv/lib/gcc/riscv64-unknown-elf/10.2.0/rv32im/ilp32/libgcc.a(gedf2.o)
 .debug_aranges
                0x0000000000000130       0x20 /opt/riscv/lib/gcc/riscv64-unknown-elf/10.2.0/rv32im/ilp32/libgcc.a(ledf2.o)
 .debug_aranges
                0x0000000000000150       0x20 /opt/riscv/lib/gcc/riscv64-unknown-elf/10.2.0/rv32im/ilp32/libgcc.a(muldf3.o)
 .debug_aranges
                0x0000000000000170       0x20 /opt/riscv/lib/gcc/riscv64-unknown-elf/10.2.0/rv32im/ilp32/libgcc.a(subdf3.o)
 .debug_aranges
                0x0000000000000190       0x20 /opt/riscv/lib/gcc/riscv64-unknown-elf/10.2.0/rv32im/ilp32/libgcc.a(unorddf2.o)
 .debug_aranges
                0x00000000000001b0       0x20 /opt/riscv/lib/gcc/riscv64-unknown-elf/10.2.0/rv32im/ilp32/libgcc.a(fixdfsi.o)
 .debug_aranges
                0x00000000000001d0       0x20 /opt/riscv/lib/gcc/riscv64-unknown-elf/10.2.0/rv32im/ilp32/libgcc.a(floatsidf.o)
 .debug_aranges
                0x00000000000001f0       0x18 /opt/riscv/lib/gcc/riscv64-unknown-elf/10.2.0/rv32im/ilp32/libgcc.a(_clz.o)
 .debug_aranges
                0x0000000000000208       0x20 /opt/riscv/lib/gcc/riscv64-unknown-elf/10.2.0/rv32im/ilp32/libgcc.a(_clzsi2.o)

.debug_ranges   0x0000000000000000     0x2e60
 .debug_ranges  0x0000000000000000     0x22c0 /tmp/mmRISC_Dhrystone.elf.yuBKWu.ltrans0.ltrans.o
 .debug_ranges  0x00000000000022c0       0xf8 /opt/riscv/lib/gcc/riscv64-unknown-elf/10.2.0/rv32im/ilp32/libgcc.a(_udivdi3.o)
 .debug_ranges  0x00000000000023b8       0xd8 /opt/riscv/lib/gcc/riscv64-unknown-elf/10.2.0/rv32im/ilp32/libgcc.a(_umoddi3.o)
 .debug_ranges  0x0000000000002490      0x248 /opt/riscv/lib/gcc/riscv64-unknown-elf/10.2.0/rv32im/ilp32/libgcc.a(adddf3.o)
 .debug_ranges  0x00000000000026d8      0x198 /opt/riscv/lib/gcc/riscv64-unknown-elf/10.2.0/rv32im/ilp32/libgcc.a(divdf3.o)
 .debug_ranges  0x0000000000002870       0x48 /opt/riscv/lib/gcc/riscv64-unknown-elf/10.2.0/rv32im/ilp32/libgcc.a(eqdf2.o)
 .debug_ranges  0x00000000000028b8       0x50 /opt/riscv/lib/gcc/riscv64-unknown-elf/10.2.0/rv32im/ilp32/libgcc.a(gedf2.o)
 .debug_ranges  0x0000000000002908       0x50 /opt/riscv/lib/gcc/riscv64-unknown-elf/10.2.0/rv32im/ilp32/libgcc.a(ledf2.o)
 .debug_ranges  0x0000000000002958      0x1e0 /opt/riscv/lib/gcc/riscv64-unknown-elf/10.2.0/rv32im/ilp32/libgcc.a(muldf3.o)
 .debug_ranges  0x0000000000002b38      0x250 /opt/riscv/lib/gcc/riscv64-unknown-elf/10.2.0/rv32im/ilp32/libgcc.a(subdf3.o)
 .debug_ranges  0x0000000000002d88       0x38 /opt/riscv/lib/gcc/riscv64-unknown-elf/10.2.0/rv32im/ilp32/libgcc.a(unorddf2.o)
 .debug_ranges  0x0000000000002dc0       0x18 /opt/riscv/lib/gcc/riscv64-unknown-elf/10.2.0/rv32im/ilp32/libgcc.a(fixdfsi.o)
 .debug_ranges  0x0000000000002dd8       0x68 /opt/riscv/lib/gcc/riscv64-unknown-elf/10.2.0/rv32im/ilp32/libgcc.a(floatsidf.o)
 .debug_ranges  0x0000000000002e40       0x20 /opt/riscv/lib/gcc/riscv64-unknown-elf/10.2.0/rv32im/ilp32/libgcc.a(_clzsi2.o)

.debug_line     0x0000000000000000     0xe752
 .debug_line    0x0000000000000000     0x7344 /tmp/mmRISC_Dhrystone.elf.yuBKWu.ltrans0.ltrans.o
 .debug_line    0x0000000000007344      0x2fc /tmp/ccC1pKMv.debug.temp.o
 .debug_line    0x0000000000007640      0x2d8 /tmp/ccbw1TRw.debug.temp.o
 .debug_line    0x0000000000007918      0x298 /tmp/ccn8i5Gx.debug.temp.o
 .debug_line    0x0000000000007bb0      0x2bf /tmp/ccuaz9Gx.debug.temp.o
 .debug_line    0x0000000000007e6f      0x281 /tmp/ccPhAd8u.debug.temp.o
 .debug_line    0x00000000000080f0      0x2f9 /tmp/ccg87wTu.debug.temp.o
 .debug_line    0x00000000000083e9      0x299 /tmp/cciuTRPt.debug.temp.o
 .debug_line    0x0000000000008682      0x2b7 /tmp/ccOvlXRv.debug.temp.o
 .debug_line    0x0000000000008939      0x1e8 /tmp/cciJB9jv.debug.temp.o
 .debug_line    0x0000000000008b21      0x74f /opt/riscv/lib/gcc/riscv64-unknown-elf/10.2.0/rv32im/ilp32/libgcc.a(_udivdi3.o)
 .debug_line    0x0000000000009270      0x7f3 /opt/riscv/lib/gcc/riscv64-unknown-elf/10.2.0/rv32im/ilp32/libgcc.a(_umoddi3.o)
 .debug_line    0x0000000000009a63     0x1013 /opt/riscv/lib/gcc/riscv64-unknown-elf/10.2.0/rv32im/ilp32/libgcc.a(adddf3.o)
 .debug_line    0x000000000000aa76      0xf6a /opt/riscv/lib/gcc/riscv64-unknown-elf/10.2.0/rv32im/ilp32/libgcc.a(divdf3.o)
 .debug_line    0x000000000000b9e0      0x250 /opt/riscv/lib/gcc/riscv64-unknown-elf/10.2.0/rv32im/ilp32/libgcc.a(eqdf2.o)
 .debug_line    0x000000000000bc30      0x2e5 /opt/riscv/lib/gcc/riscv64-unknown-elf/10.2.0/rv32im/ilp32/libgcc.a(gedf2.o)
 .debug_line    0x000000000000bf15      0x2e5 /opt/riscv/lib/gcc/riscv64-unknown-elf/10.2.0/rv32im/ilp32/libgcc.a(ledf2.o)
 .debug_line    0x000000000000c1fa      0xda5 /opt/riscv/lib/gcc/riscv64-unknown-elf/10.2.0/rv32im/ilp32/libgcc.a(muldf3.o)
 .debug_line    0x000000000000cf9f     0x1078 /opt/riscv/lib/gcc/riscv64-unknown-elf/10.2.0/rv32im/ilp32/libgcc.a(subdf3.o)
 .debug_line    0x000000000000e017      0x19b /opt/riscv/lib/gcc/riscv64-unknown-elf/10.2.0/rv32im/ilp32/libgcc.a(unorddf2.o)
 .debug_line    0x000000000000e1b2      0x214 /opt/riscv/lib/gcc/riscv64-unknown-elf/10.2.0/rv32im/ilp32/libgcc.a(fixdfsi.o)
 .debug_line    0x000000000000e3c6      0x24e /opt/riscv/lib/gcc/riscv64-unknown-elf/10.2.0/rv32im/ilp32/libgcc.a(floatsidf.o)
 .debug_line    0x000000000000e614       0x59 /opt/riscv/lib/gcc/riscv64-unknown-elf/10.2.0/rv32im/ilp32/libgcc.a(_clz.o)
 .debug_line    0x000000000000e66d       0xe5 /opt/riscv/lib/gcc/riscv64-unknown-elf/10.2.0/rv32im/ilp32/libgcc.a(_clzsi2.o)

.debug_str      0x0000000000000000     0x94e7
 .debug_str     0x0000000000000000      0x28d /tmp/mmRISC_Dhrystone.elf.yuBKWu.ltrans0.ltrans.o
                                        0x29a (size before relaxing)
 .debug_str     0x000000000000028d     0x7079 /tmp/ccC1pKMv.debug.temp.o
                                       0x72a3 (size before relaxing)
 .debug_str     0x0000000000007306      0x10c /tmp/ccbw1TRw.debug.temp.o
                                       0x70ca (size before relaxing)
 .debug_str     0x0000000000007412      0x238 /tmp/ccn8i5Gx.debug.temp.o
                                       0x7084 (size before relaxing)
 .debug_str     0x000000000000764a      0x3ba /tmp/ccuaz9Gx.debug.temp.o
                                       0x73e5 (size before relaxing)
 .debug_str     0x0000000000007a04      0x74b /tmp/ccPhAd8u.debug.temp.o
                                       0x6b31 (size before relaxing)
 .debug_str     0x000000000000814f       0x13 /tmp/ccg87wTu.debug.temp.o
                                       0x73cd (size before relaxing)
 .debug_str     0x0000000000008162       0x25 /tmp/cciuTRPt.debug.temp.o
                                       0x6f48 (size before relaxing)
 .debug_str     0x0000000000008187       0x8f /tmp/ccOvlXRv.debug.temp.o
                                       0x71e5 (size before relaxing)
 .debug_str     0x0000000000008216      0x983 /tmp/cciJB9jv.debug.temp.o
                                       0x5d06 (size before relaxing)
 .debug_str     0x0000000000008b99      0x22e /opt/riscv/lib/gcc/riscv64-unknown-elf/10.2.0/rv32im/ilp32/libgcc.a(_udivdi3.o)
                                        0x2e8 (size before relaxing)
 .debug_str     0x0000000000008dc7      0x2e8 /opt/riscv/lib/gcc/riscv64-unknown-elf/10.2.0/rv32im/ilp32/libgcc.a(_umoddi3.o)
 .debug_str     0x0000000000008dc7      0x240 /opt/riscv/lib/gcc/riscv64-unknown-elf/10.2.0/rv32im/ilp32/libgcc.a(adddf3.o)
                                        0x343 (size before relaxing)
 .debug_str     0x0000000000009007      0x195 /opt/riscv/lib/gcc/riscv64-unknown-elf/10.2.0/rv32im/ilp32/libgcc.a(divdf3.o)
                                        0x405 (size before relaxing)
 .debug_str     0x000000000000919c       0x59 /opt/riscv/lib/gcc/riscv64-unknown-elf/10.2.0/rv32im/ilp32/libgcc.a(eqdf2.o)
                                        0x254 (size before relaxing)
 .debug_str     0x00000000000091f5       0x56 /opt/riscv/lib/gcc/riscv64-unknown-elf/10.2.0/rv32im/ilp32/libgcc.a(gedf2.o)
                                        0x278 (size before relaxing)
 .debug_str     0x000000000000924b       0x32 /opt/riscv/lib/gcc/riscv64-unknown-elf/10.2.0/rv32im/ilp32/libgcc.a(ledf2.o)
                                        0x278 (size before relaxing)
 .debug_str     0x000000000000927d      0x158 /opt/riscv/lib/gcc/riscv64-unknown-elf/10.2.0/rv32im/ilp32/libgcc.a(muldf3.o)
                                        0x45d (size before relaxing)
 .debug_str     0x00000000000093d5       0x33 /opt/riscv/lib/gcc/riscv64-unknown-elf/10.2.0/rv32im/ilp32/libgcc.a(subdf3.o)
                                        0x343 (size before relaxing)
 .debug_str     0x0000000000009408       0x35 /opt/riscv/lib/gcc/riscv64-unknown-elf/10.2.0/rv32im/ilp32/libgcc.a(unorddf2.o)
                                        0x25a (size before relaxing)
 .debug_str     0x000000000000943d       0x47 /opt/riscv/lib/gcc/riscv64-unknown-elf/10.2.0/rv32im/ilp32/libgcc.a(fixdfsi.o)
                                        0x251 (size before relaxing)
 .debug_str     0x0000000000009484       0x63 /opt/riscv/lib/gcc/riscv64-unknown-elf/10.2.0/rv32im/ilp32/libgcc.a(floatsidf.o)
                                        0x2f0 (size before relaxing)
 .debug_str     0x00000000000094e7      0x22f /opt/riscv/lib/gcc/riscv64-unknown-elf/10.2.0/rv32im/ilp32/libgcc.a(_clz.o)
 .debug_str     0x00000000000094e7      0x24c /opt/riscv/lib/gcc/riscv64-unknown-elf/10.2.0/rv32im/ilp32/libgcc.a(_clzsi2.o)

.comment        0x0000000000000000       0x12
 .comment       0x0000000000000000       0x12 /tmp/mmRISC_Dhrystone.elf.yuBKWu.ltrans0.ltrans.o
                                         0x13 (size before relaxing)
 .comment       0x0000000000000012       0x13 /opt/riscv/lib/gcc/riscv64-unknown-elf/10.2.0/../../../../riscv64-unknown-elf/lib/rv32im/ilp32/libc.a(lib_a-strlen.o)
 .comment       0x0000000000000012       0x13 /opt/riscv/lib/gcc/riscv64-unknown-elf/10.2.0/rv32im/ilp32/libgcc.a(_udivdi3.o)
 .comment       0x0000000000000012       0x13 /opt/riscv/lib/gcc/riscv64-unknown-elf/10.2.0/rv32im/ilp32/libgcc.a(_umoddi3.o)
 .comment       0x0000000000000012       0x13 /opt/riscv/lib/gcc/riscv64-unknown-elf/10.2.0/rv32im/ilp32/libgcc.a(adddf3.o)
 .comment       0x0000000000000012       0x13 /opt/riscv/lib/gcc/riscv64-unknown-elf/10.2.0/rv32im/ilp32/libgcc.a(divdf3.o)
 .comment       0x0000000000000012       0x13 /opt/riscv/lib/gcc/riscv64-unknown-elf/10.2.0/rv32im/ilp32/libgcc.a(eqdf2.o)
 .comment       0x0000000000000012       0x13 /opt/riscv/lib/gcc/riscv64-unknown-elf/10.2.0/rv32im/ilp32/libgcc.a(gedf2.o)
 .comment       0x0000000000000012       0x13 /opt/riscv/lib/gcc/riscv64-unknown-elf/10.2.0/rv32im/ilp32/libgcc.a(ledf2.o)
 .comment       0x0000000000000012       0x13 /opt/riscv/lib/gcc/riscv64-unknown-elf/10.2.0/rv32im/ilp32/libgcc.a(muldf3.o)
 .comment       0x0000000000000012       0x13 /opt/riscv/lib/gcc/riscv64-unknown-elf/10.2.0/rv32im/ilp32/libgcc.a(subdf3.o)
 .comment       0x0000000000000012       0x13 /opt/riscv/lib/gcc/riscv64-unknown-elf/10.2.0/rv32im/ilp32/libgcc.a(unorddf2.o)
 .comment       0x0000000000000012       0x13 /opt/riscv/lib/gcc/riscv64-unknown-elf/10.2.0/rv32im/ilp32/libgcc.a(fixdfsi.o)
 .comment       0x0000000000000012       0x13 /opt/riscv/lib/gcc/riscv64-unknown-elf/10.2.0/rv32im/ilp32/libgcc.a(floatsidf.o)
 .comment       0x0000000000000012       0x13 /opt/riscv/lib/gcc/riscv64-unknown-elf/10.2.0/rv32im/ilp32/libgcc.a(_clz.o)
 .comment       0x0000000000000012       0x13 /opt/riscv/lib/gcc/riscv64-unknown-elf/10.2.0/rv32im/ilp32/libgcc.a(_clzsi2.o)

.riscv.attributes
                0x0000000000000000       0x2a
 .riscv.attributes
                0x0000000000000000       0x2a /tmp/mmRISC_Dhrystone.elf.yuBKWu.ltrans0.ltrans.o
 .riscv.attributes
                0x000000000000002a       0x1f /opt/riscv/lib/gcc/riscv64-unknown-elf/10.2.0/../../../../riscv64-unknown-elf/lib/rv32im/ilp32/libc.a(lib_a-strcmp.o)
 .riscv.attributes
                0x0000000000000049       0x21 /opt/riscv/lib/gcc/riscv64-unknown-elf/10.2.0/../../../../riscv64-unknown-elf/lib/rv32im/ilp32/libc.a(lib_a-strlen.o)
 .riscv.attributes
                0x000000000000006a       0x21 /opt/riscv/lib/gcc/riscv64-unknown-elf/10.2.0/rv32im/ilp32/libgcc.a(_udivdi3.o)
 .riscv.attributes
                0x000000000000008b       0x21 /opt/riscv/lib/gcc/riscv64-unknown-elf/10.2.0/rv32im/ilp32/libgcc.a(_umoddi3.o)
 .riscv.attributes
                0x00000000000000ac       0x21 /opt/riscv/lib/gcc/riscv64-unknown-elf/10.2.0/rv32im/ilp32/libgcc.a(adddf3.o)
 .riscv.attributes
                0x00000000000000cd       0x21 /opt/riscv/lib/gcc/riscv64-unknown-elf/10.2.0/rv32im/ilp32/libgcc.a(divdf3.o)
 .riscv.attributes
                0x00000000000000ee       0x21 /opt/riscv/lib/gcc/riscv64-unknown-elf/10.2.0/rv32im/ilp32/libgcc.a(eqdf2.o)
 .riscv.attributes
                0x000000000000010f       0x21 /opt/riscv/lib/gcc/riscv64-unknown-elf/10.2.0/rv32im/ilp32/libgcc.a(gedf2.o)
 .riscv.attributes
                0x0000000000000130       0x21 /opt/riscv/lib/gcc/riscv64-unknown-elf/10.2.0/rv32im/ilp32/libgcc.a(ledf2.o)
 .riscv.attributes
                0x0000000000000151       0x21 /opt/riscv/lib/gcc/riscv64-unknown-elf/10.2.0/rv32im/ilp32/libgcc.a(muldf3.o)
 .riscv.attributes
                0x0000000000000172       0x21 /opt/riscv/lib/gcc/riscv64-unknown-elf/10.2.0/rv32im/ilp32/libgcc.a(subdf3.o)
 .riscv.attributes
                0x0000000000000193       0x21 /opt/riscv/lib/gcc/riscv64-unknown-elf/10.2.0/rv32im/ilp32/libgcc.a(unorddf2.o)
 .riscv.attributes
                0x00000000000001b4       0x21 /opt/riscv/lib/gcc/riscv64-unknown-elf/10.2.0/rv32im/ilp32/libgcc.a(fixdfsi.o)
 .riscv.attributes
                0x00000000000001d5       0x21 /opt/riscv/lib/gcc/riscv64-unknown-elf/10.2.0/rv32im/ilp32/libgcc.a(floatsidf.o)
 .riscv.attributes
                0x00000000000001f6       0x21 /opt/riscv/lib/gcc/riscv64-unknown-elf/10.2.0/rv32im/ilp32/libgcc.a(_clz.o)
 .riscv.attributes
                0x0000000000000217       0x21 /opt/riscv/lib/gcc/riscv64-unknown-elf/10.2.0/rv32im/ilp32/libgcc.a(_clzsi2.o)

.debug_frame    0x0000000000000000      0x398
 .debug_frame   0x0000000000000000      0x16c /tmp/mmRISC_Dhrystone.elf.yuBKWu.ltrans0.ltrans.o
 .debug_frame   0x000000000000016c       0x44 /opt/riscv/lib/gcc/riscv64-unknown-elf/10.2.0/rv32im/ilp32/libgcc.a(adddf3.o)
 .debug_frame   0x00000000000001b0       0x58 /opt/riscv/lib/gcc/riscv64-unknown-elf/10.2.0/rv32im/ilp32/libgcc.a(divdf3.o)
 .debug_frame   0x0000000000000208       0x20 /opt/riscv/lib/gcc/riscv64-unknown-elf/10.2.0/rv32im/ilp32/libgcc.a(eqdf2.o)
 .debug_frame   0x0000000000000228       0x20 /opt/riscv/lib/gcc/riscv64-unknown-elf/10.2.0/rv32im/ilp32/libgcc.a(gedf2.o)
 .debug_frame   0x0000000000000248       0x20 /opt/riscv/lib/gcc/riscv64-unknown-elf/10.2.0/rv32im/ilp32/libgcc.a(ledf2.o)
 .debug_frame   0x0000000000000268       0x54 /opt/riscv/lib/gcc/riscv64-unknown-elf/10.2.0/rv32im/ilp32/libgcc.a(muldf3.o)
 .debug_frame   0x00000000000002bc       0x44 /opt/riscv/lib/gcc/riscv64-unknown-elf/10.2.0/rv32im/ilp32/libgcc.a(subdf3.o)
 .debug_frame   0x0000000000000300       0x20 /opt/riscv/lib/gcc/riscv64-unknown-elf/10.2.0/rv32im/ilp32/libgcc.a(unorddf2.o)
 .debug_frame   0x0000000000000320       0x20 /opt/riscv/lib/gcc/riscv64-unknown-elf/10.2.0/rv32im/ilp32/libgcc.a(fixdfsi.o)
 .debug_frame   0x0000000000000340       0x38 /opt/riscv/lib/gcc/riscv64-unknown-elf/10.2.0/rv32im/ilp32/libgcc.a(floatsidf.o)
 .debug_frame   0x0000000000000378       0x20 /opt/riscv/lib/gcc/riscv64-unknown-elf/10.2.0/rv32im/ilp32/libgcc.a(_clzsi2.o)

.debug_macro    0x0000000000000000     0x31df
 .debug_macro   0x0000000000000000      0x24a /tmp/ccC1pKMv.debug.temp.o
 .debug_macro   0x000000000000024a      0x6ee /tmp/ccC1pKMv.debug.temp.o
 .debug_macro   0x0000000000000938       0x22 /tmp/ccC1pKMv.debug.temp.o
 .debug_macro   0x000000000000095a       0x52 /tmp/ccC1pKMv.debug.temp.o
 .debug_macro   0x00000000000009ac       0x19 /tmp/ccC1pKMv.debug.temp.o
 .debug_macro   0x00000000000009c5       0x94 /tmp/ccC1pKMv.debug.temp.o
 .debug_macro   0x0000000000000a59       0x34 /tmp/ccC1pKMv.debug.temp.o
 .debug_macro   0x0000000000000a8d       0x34 /tmp/ccC1pKMv.debug.temp.o
 .debug_macro   0x0000000000000ac1       0x16 /tmp/ccC1pKMv.debug.temp.o
 .debug_macro   0x0000000000000ad7       0x57 /tmp/ccC1pKMv.debug.temp.o
 .debug_macro   0x0000000000000b2e       0x97 /tmp/ccC1pKMv.debug.temp.o
 .debug_macro   0x0000000000000bc5      0x341 /tmp/ccC1pKMv.debug.temp.o
 .debug_macro   0x0000000000000f06       0xfd /tmp/ccC1pKMv.debug.temp.o
 .debug_macro   0x0000000000001003       0x10 /tmp/ccC1pKMv.debug.temp.o
 .debug_macro   0x0000000000001013       0x16 /tmp/ccC1pKMv.debug.temp.o
 .debug_macro   0x0000000000001029       0x43 /tmp/ccC1pKMv.debug.temp.o
 .debug_macro   0x000000000000106c       0x34 /tmp/ccC1pKMv.debug.temp.o
 .debug_macro   0x00000000000010a0       0x10 /tmp/ccC1pKMv.debug.temp.o
 .debug_macro   0x00000000000010b0       0x52 /tmp/ccC1pKMv.debug.temp.o
 .debug_macro   0x0000000000001102      0x182 /tmp/ccC1pKMv.debug.temp.o
 .debug_macro   0x0000000000001284       0x10 /tmp/ccC1pKMv.debug.temp.o
 .debug_macro   0x0000000000001294       0x6a /tmp/ccC1pKMv.debug.temp.o
 .debug_macro   0x00000000000012fe       0x1c /tmp/ccC1pKMv.debug.temp.o
 .debug_macro   0x000000000000131a       0x52 /tmp/ccC1pKMv.debug.temp.o
 .debug_macro   0x000000000000136c       0x22 /tmp/ccC1pKMv.debug.temp.o
 .debug_macro   0x000000000000138e       0x10 /tmp/ccC1pKMv.debug.temp.o
 .debug_macro   0x000000000000139e       0x52 /tmp/ccC1pKMv.debug.temp.o
 .debug_macro   0x00000000000013f0       0xd5 /tmp/ccC1pKMv.debug.temp.o
 .debug_macro   0x00000000000014c5       0x1c /tmp/ccC1pKMv.debug.temp.o
 .debug_macro   0x00000000000014e1       0x3d /tmp/ccC1pKMv.debug.temp.o
 .debug_macro   0x000000000000151e       0x16 /tmp/ccC1pKMv.debug.temp.o
 .debug_macro   0x0000000000001534      0x16f /tmp/ccC1pKMv.debug.temp.o
 .debug_macro   0x00000000000016a3       0x16 /tmp/ccC1pKMv.debug.temp.o
 .debug_macro   0x00000000000016b9       0x35 /tmp/ccC1pKMv.debug.temp.o
 .debug_macro   0x00000000000016ee       0x16 /tmp/ccC1pKMv.debug.temp.o
 .debug_macro   0x0000000000001704       0x29 /tmp/ccC1pKMv.debug.temp.o
 .debug_macro   0x000000000000172d       0x16 /tmp/ccC1pKMv.debug.temp.o
 .debug_macro   0x0000000000001743      0x103 /tmp/ccC1pKMv.debug.temp.o
 .debug_macro   0x0000000000001846      0x1df /tmp/ccC1pKMv.debug.temp.o
 .debug_macro   0x0000000000001a25       0x46 /tmp/ccC1pKMv.debug.temp.o
 .debug_macro   0x0000000000001a6b       0x10 /tmp/ccC1pKMv.debug.temp.o
 .debug_macro   0x0000000000001a7b       0x58 /tmp/ccC1pKMv.debug.temp.o
 .debug_macro   0x0000000000001ad3      0x210 /tmp/ccbw1TRw.debug.temp.o
 .debug_macro   0x0000000000001ce3      0x174 /tmp/ccbw1TRw.debug.temp.o
 .debug_macro   0x0000000000001e57       0x10 /tmp/ccbw1TRw.debug.temp.o
 .debug_macro   0x0000000000001e67       0x1c /tmp/ccbw1TRw.debug.temp.o
 .debug_macro   0x0000000000001e83      0x1d9 /tmp/ccn8i5Gx.debug.temp.o
 .debug_macro   0x000000000000205c       0x8e /tmp/ccn8i5Gx.debug.temp.o
 .debug_macro   0x00000000000020ea       0x51 /tmp/ccn8i5Gx.debug.temp.o
 .debug_macro   0x000000000000213b       0x58 /tmp/ccn8i5Gx.debug.temp.o
 .debug_macro   0x0000000000002193       0x94 /tmp/ccn8i5Gx.debug.temp.o
 .debug_macro   0x0000000000002227      0x1f4 /tmp/ccuaz9Gx.debug.temp.o
 .debug_macro   0x000000000000241b       0x1c /tmp/ccuaz9Gx.debug.temp.o
 .debug_macro   0x0000000000002437       0x28 /tmp/ccuaz9Gx.debug.temp.o
 .debug_macro   0x000000000000245f       0xac /tmp/ccuaz9Gx.debug.temp.o
 .debug_macro   0x000000000000250b      0x1d4 /tmp/ccPhAd8u.debug.temp.o
 .debug_macro   0x00000000000026df       0x16 /tmp/ccPhAd8u.debug.temp.o
 .debug_macro   0x00000000000026f5       0x10 /tmp/ccPhAd8u.debug.temp.o
 .debug_macro   0x0000000000002705       0x10 /tmp/ccPhAd8u.debug.temp.o
 .debug_macro   0x0000000000002715       0x35 /tmp/ccPhAd8u.debug.temp.o
 .debug_macro   0x000000000000274a      0x12c /tmp/ccPhAd8u.debug.temp.o
 .debug_macro   0x0000000000002876      0x230 /tmp/ccg87wTu.debug.temp.o
 .debug_macro   0x0000000000002aa6       0x20 /tmp/ccg87wTu.debug.temp.o
 .debug_macro   0x0000000000002ac6       0x3c /tmp/ccg87wTu.debug.temp.o
 .debug_macro   0x0000000000002b02      0x1d9 /tmp/cciuTRPt.debug.temp.o
 .debug_macro   0x0000000000002cdb      0x1ef /tmp/ccOvlXRv.debug.temp.o
 .debug_macro   0x0000000000002eca      0x122 /tmp/cciJB9jv.debug.temp.o
 .debug_macro   0x0000000000002fec       0x58 /tmp/cciJB9jv.debug.temp.o
 .debug_macro   0x0000000000003044      0x19b /tmp/cciJB9jv.debug.temp.o
