Archive member included to satisfy reference by file (symbol)

/opt/riscv/riscv64-unknown-elf/lib/rv32imafc/ilp32f/libc.a(lib_a-memcpy.o)
                              ./src_kernel/src/queue.o (memcpy)
/opt/riscv/riscv64-unknown-elf/lib/rv32imafc/ilp32f/libc.a(lib_a-memset.o)
                              ./src_kernel/src/stream_buffer.o (memset)
/opt/riscv/riscv64-unknown-elf/lib/rv32imafc/ilp32f/libc.a(lib_a-strlen.o)
                              ./src_app/src/xprintf.o (strlen)
/opt/riscv/lib/gcc/riscv64-unknown-elf/12.2.0/rv32imafc/ilp32f/libgcc.a(_clzsi2.o)
                              ./src_kernel/src/tasks.o (__clzsi2)
/opt/riscv/lib/gcc/riscv64-unknown-elf/12.2.0/rv32imafc/ilp32f/libgcc.a(_udivdi3.o)
                              ./src_app/src/xprintf.o (__udivdi3)
/opt/riscv/lib/gcc/riscv64-unknown-elf/12.2.0/rv32imafc/ilp32f/libgcc.a(_umoddi3.o)
                              ./src_app/src/xprintf.o (__umoddi3)
/opt/riscv/lib/gcc/riscv64-unknown-elf/12.2.0/rv32imafc/ilp32f/libgcc.a(adddf3.o)
                              ./src_app/src/xprintf.o (__adddf3)
/opt/riscv/lib/gcc/riscv64-unknown-elf/12.2.0/rv32imafc/ilp32f/libgcc.a(divdf3.o)
                              ./src_app/src/xprintf.o (__divdf3)
/opt/riscv/lib/gcc/riscv64-unknown-elf/12.2.0/rv32imafc/ilp32f/libgcc.a(eqdf2.o)
                              ./src_app/src/xprintf.o (__nedf2)
/opt/riscv/lib/gcc/riscv64-unknown-elf/12.2.0/rv32imafc/ilp32f/libgcc.a(gedf2.o)
                              ./src_app/src/xprintf.o (__gedf2)
/opt/riscv/lib/gcc/riscv64-unknown-elf/12.2.0/rv32imafc/ilp32f/libgcc.a(ledf2.o)
                              ./src_app/src/xprintf.o (__ledf2)
/opt/riscv/lib/gcc/riscv64-unknown-elf/12.2.0/rv32imafc/ilp32f/libgcc.a(muldf3.o)
                              ./src_app/src/xprintf.o (__muldf3)
/opt/riscv/lib/gcc/riscv64-unknown-elf/12.2.0/rv32imafc/ilp32f/libgcc.a(subdf3.o)
                              ./src_app/src/xprintf.o (__subdf3)
/opt/riscv/lib/gcc/riscv64-unknown-elf/12.2.0/rv32imafc/ilp32f/libgcc.a(unorddf2.o)
                              ./src_app/src/xprintf.o (__unorddf2)
/opt/riscv/lib/gcc/riscv64-unknown-elf/12.2.0/rv32imafc/ilp32f/libgcc.a(fixdfsi.o)
                              ./src_app/src/xprintf.o (__fixdfsi)
/opt/riscv/lib/gcc/riscv64-unknown-elf/12.2.0/rv32imafc/ilp32f/libgcc.a(floatsidf.o)
                              ./src_app/src/xprintf.o (__floatsidf)
/opt/riscv/lib/gcc/riscv64-unknown-elf/12.2.0/rv32imafc/ilp32f/libgcc.a(_clz.o)
                              /opt/riscv/lib/gcc/riscv64-unknown-elf/12.2.0/rv32imafc/ilp32f/libgcc.a(_clzsi2.o) (__clz_tab)

Discarded input sections

 .group         0x00000000        0xc ./src_kernel/src/croutine.o
 .group         0x00000000        0xc ./src_kernel/src/croutine.o
 .group         0x00000000        0xc ./src_kernel/src/croutine.o
 .group         0x00000000        0xc ./src_kernel/src/croutine.o
 .group         0x00000000        0xc ./src_kernel/src/croutine.o
 .group         0x00000000        0xc ./src_kernel/src/croutine.o
 .group         0x00000000        0xc ./src_kernel/src/croutine.o
 .group         0x00000000        0xc ./src_kernel/src/croutine.o
 .group         0x00000000        0xc ./src_kernel/src/croutine.o
 .group         0x00000000        0xc ./src_kernel/src/croutine.o
 .group         0x00000000        0xc ./src_kernel/src/croutine.o
 .group         0x00000000        0xc ./src_kernel/src/croutine.o
 .group         0x00000000        0xc ./src_kernel/src/croutine.o
 .group         0x00000000        0xc ./src_kernel/src/croutine.o
 .group         0x00000000        0xc ./src_kernel/src/croutine.o
 .group         0x00000000        0xc ./src_kernel/src/croutine.o
 .group         0x00000000        0xc ./src_kernel/src/croutine.o
 .group         0x00000000        0xc ./src_kernel/src/croutine.o
 .text          0x00000000        0x0 ./src_kernel/src/croutine.o
 .data          0x00000000        0x0 ./src_kernel/src/croutine.o
 .bss           0x00000000        0x0 ./src_kernel/src/croutine.o
 .debug_info    0x00000000       0x77 ./src_kernel/src/croutine.o
 .debug_abbrev  0x00000000       0x28 ./src_kernel/src/croutine.o
 .debug_aranges
                0x00000000       0x18 ./src_kernel/src/croutine.o
 .debug_macro   0x00000000       0xde ./src_kernel/src/croutine.o
 .debug_macro   0x00000000      0x77e ./src_kernel/src/croutine.o
 .debug_macro   0x00000000      0x189 ./src_kernel/src/croutine.o
 .debug_macro   0x00000000       0x22 ./src_kernel/src/croutine.o
 .debug_macro   0x00000000       0x8e ./src_kernel/src/croutine.o
 .debug_macro   0x00000000       0x51 ./src_kernel/src/croutine.o
 .debug_macro   0x00000000      0x103 ./src_kernel/src/croutine.o
 .debug_macro   0x00000000       0x6a ./src_kernel/src/croutine.o
 .debug_macro   0x00000000      0x1df ./src_kernel/src/croutine.o
 .debug_macro   0x00000000      0x112 ./src_kernel/src/croutine.o
 .debug_macro   0x00000000      0x15a ./src_kernel/src/croutine.o
[...]
Memory Configuration

Name             Origin             Length             Attributes
ROM              0x90000000         0x00020000         xr
RAM              0x88000000         0x0000c000         rw
*default*        0x00000000         0xffffffff

Linker script and memory map

LOAD ./src_kernel/src/croutine.o
LOAD ./src_kernel/src/event_groups.o
LOAD ./src_kernel/src/heap_4.o
LOAD ./src_kernel/src/list.o
LOAD ./src_kernel/src/port.o
LOAD ./src_kernel/src/portASM.o
LOAD ./src_kernel/src/queue.o
LOAD ./src_kernel/src/riscv-virt.o
LOAD ./src_kernel/src/stream_buffer.o
LOAD ./src_kernel/src/tasks.o
LOAD ./src_kernel/src/timers.o
LOAD ./src_app/src/gpio.o
LOAD ./src_app/src/interrupt.o
LOAD ./src_app/src/libc-hooks.o
LOAD ./src_app/src/main.o
LOAD ./src_app/src/main_blinky.o
LOAD ./src_app/src/startup.o
LOAD ./src_app/src/system.o
LOAD ./src_app/src/uart.o
LOAD ./src_app/src/xprintf.o
LOAD /opt/riscv/riscv64-unknown-elf/lib/rv32imafc/ilp32f/libm.a
LOAD /opt/riscv/riscv64-unknown-elf/lib/rv32imafc/ilp32f/libc.a
LOAD /opt/riscv/lib/gcc/riscv64-unknown-elf/12.2.0/rv32imafc/ilp32f/libgcc.a
                0x00004000                        STACK_SIZE = 0x4000

.startup        0x90000000       0x70
                0x90000000                        . = ALIGN (0x100)
 *(.startup*)
 .startup       0x90000000       0x6c ./src_app/src/startup.o
                0x90000000                _start
 *(.startup)
 FILL mask 0x00000000
                0x9000006c        0x4 LONG 0x0

.text           0x90000100     0x7e7c
                0x90000100                        . = ALIGN (0x100)
                [!provide]                        PROVIDE (__TEXT_START__ = .)
 *(.text.main)
 .text.main     0x90000100       0x2a ./src_app/src/main.o
                0x90000100                main
 *(.text)
 *fill*         0x9000012a       0xd6 
 .text          0x90000200      0x42c ./src_kernel/src/portASM.o
                0x90000200                freertos_risc_v_trap_handler
                0x90000400                xPortStartFirstTask
                0x90000500                pxPortInitialiseStack
 .text          0x9000062c       0xa8 /opt/riscv/riscv64-unknown-elf/lib/rv32imafc/ilp32f/libc.a(lib_a-memset.o)
                0x9000062c                memset
 .text          0x900006d4       0x3c /opt/riscv/lib/gcc/riscv64-unknown-elf/12.2.0/rv32imafc/ilp32f/libgcc.a(_clzsi2.o)
                0x900006d4                __clzsi2
 .text          0x90000710      0x35e /opt/riscv/lib/gcc/riscv64-unknown-elf/12.2.0/rv32imafc/ilp32f/libgcc.a(_udivdi3.o)
                0x90000710                __udivdi3
 .text          0x90000a6e      0x328 /opt/riscv/lib/gcc/riscv64-unknown-elf/12.2.0/rv32imafc/ilp32f/libgcc.a(_umoddi3.o)
                0x90000a6e                __umoddi3
 .text          0x90000d96      0x978 /opt/riscv/lib/gcc/riscv64-unknown-elf/12.2.0/rv32imafc/ilp32f/libgcc.a(adddf3.o)
                0x90000d96                __adddf3
 .text          0x9000170e      0x676 /opt/riscv/lib/gcc/riscv64-unknown-elf/12.2.0/rv32imafc/ilp32f/libgcc.a(divdf3.o)
                0x9000170e                __divdf3
 .text          0x90001d84       0x96 /opt/riscv/lib/gcc/riscv64-unknown-elf/12.2.0/rv32imafc/ilp32f/libgcc.a(eqdf2.o)
                0x90001d84                __eqdf2
                0x90001d84                __nedf2
 .text          0x90001e1a       0xc8 /opt/riscv/lib/gcc/riscv64-unknown-elf/12.2.0/rv32imafc/ilp32f/libgcc.a(gedf2.o)
                0x90001e1a                __gtdf2
                0x90001e1a                __gedf2
 .text          0x90001ee2       0xc8 /opt/riscv/lib/gcc/riscv64-unknown-elf/12.2.0/rv32imafc/ilp32f/libgcc.a(ledf2.o)
                0x90001ee2                __ltdf2
                0x90001ee2                __ledf2
 .text          0x90001faa      0x5bc /opt/riscv/lib/gcc/riscv64-unknown-elf/12.2.0/rv32imafc/ilp32f/libgcc.a(muldf3.o)
                0x90001faa                __muldf3
 .text          0x90002566      0x980 /opt/riscv/lib/gcc/riscv64-unknown-elf/12.2.0/rv32imafc/ilp32f/libgcc.a(subdf3.o)
                0x90002566                __subdf3
 .text          0x90002ee6       0x62 /opt/riscv/lib/gcc/riscv64-unknown-elf/12.2.0/rv32imafc/ilp32f/libgcc.a(unorddf2.o)
                0x90002ee6                __unorddf2
 .text          0x90002f48       0xce /opt/riscv/lib/gcc/riscv64-unknown-elf/12.2.0/rv32imafc/ilp32f/libgcc.a(fixdfsi.o)
                0x90002f48                __fixdfsi
 .text          0x90003016       0x68 /opt/riscv/lib/gcc/riscv64-unknown-elf/12.2.0/rv32imafc/ilp32f/libgcc.a(floatsidf.o)
                0x90003016                __floatsidf
 *(.text.*)
 .text.pvPortMalloc
                0x9000307e      0x1d8 ./src_kernel/src/heap_4.o
                0x9000307e                pvPortMalloc
 .text.vPortFree
                0x90003256       0xaa ./src_kernel/src/heap_4.o
                0x90003256                vPortFree
 .text.prvHeapInit
                0x90003300      0x10e ./src_kernel/src/heap_4.o
 .text.prvInsertBlockIntoFreeList
                0x9000340e       0xf8 ./src_kernel/src/heap_4.o
 .text.vListInitialise
                0x90003506       0x4c ./src_kernel/src/list.o
                0x90003506                vListInitialise
 .text.vListInitialiseItem
                0x90003552       0x1a ./src_kernel/src/list.o
                0x90003552                vListInitialiseItem
 .text.vListInsert
                0x9000356c       0xa2 ./src_kernel/src/list.o
                0x9000356c                vListInsert
 .text.uxListRemove
                0x9000360e       0x70 ./src_kernel/src/list.o
                0x9000360e                uxListRemove
 .text.mem_wr32
                0x9000367e       0x20 ./src_kernel/src/port.o
 .text.vPortSetupTimerInterrupt
                0x9000369e      0x110 ./src_kernel/src/port.o
                0x9000369e                vPortSetupTimerInterrupt
 .text.xPortStartScheduler
                0x900037ae       0x24 ./src_kernel/src/port.o
                0x900037ae                xPortStartScheduler
 .text.xQueueGenericReset
                0x900037d2      0x104 ./src_kernel/src/queue.o
                0x900037d2                xQueueGenericReset
 .text.xQueueGenericCreate
                0x900038d6       0xac ./src_kernel/src/queue.o
                0x900038d6                xQueueGenericCreate
 .text.prvInitialiseNewQueue
                0x90003982       0x60 ./src_kernel/src/queue.o
 .text.prvInitialiseMutex
                0x900039e2       0x40 ./src_kernel/src/queue.o
 .text.xQueueCreateMutex
                0x90003a22       0x40 ./src_kernel/src/queue.o
                0x90003a22                xQueueCreateMutex
 .text.xQueueGenericSend
                0x90003a62      0x15c ./src_kernel/src/queue.o
                0x90003a62                xQueueGenericSend
 .text.xQueueGiveFromISR
                0x90003bbe       0xb4 ./src_kernel/src/queue.o
                0x90003bbe                xQueueGiveFromISR
 .text.xQueueReceive
                0x90003c72      0x152 ./src_kernel/src/queue.o
                0x90003c72                xQueueReceive
 .text.xQueueSemaphoreTake
                0x90003dc4      0x1a4 ./src_kernel/src/queue.o
                0x90003dc4                xQueueSemaphoreTake
 .text.prvGetDisinheritPriorityAfterTimeout
                0x90003f68       0x36 ./src_kernel/src/queue.o
 .text.prvCopyDataToQueue
                0x90003f9e      0x12a ./src_kernel/src/queue.o
 .text.prvCopyDataFromQueue
                0x900040c8       0x6a ./src_kernel/src/queue.o
 .text.prvUnlockQueue
                0x90004132       0xc4 ./src_kernel/src/queue.o
 .text.prvIsQueueEmpty
                0x900041f6       0x36 ./src_kernel/src/queue.o
 .text.prvIsQueueFull
                0x9000422c       0x3e ./src_kernel/src/queue.o
 .text.vQueueAddToRegistry
                0x9000426a       0xb6 ./src_kernel/src/queue.o
                0x9000426a                vQueueAddToRegistry
 .text.vQueueWaitForMessageRestricted
                0x90004320       0x8a ./src_kernel/src/queue.o
                0x90004320                vQueueWaitForMessageRestricted
 .text.xGetCoreID
                0x900043aa       0x1a ./src_kernel/src/riscv-virt.o
                0x900043aa                xGetCoreID
 .text.vSendString
                0x900043c4       0x1e ./src_kernel/src/riscv-virt.o
                0x900043c4                vSendString
 .text.xTaskCreate
                0x900043e2       0xac ./src_kernel/src/tasks.o
                0x900043e2                xTaskCreate
 .text.prvInitialiseNewTask
                0x9000448e      0x192 ./src_kernel/src/tasks.o
 .text.prvAddNewTaskToReadyList
                0x90004620      0x17a ./src_kernel/src/tasks.o
 .text.xTaskDelayUntil
                0x9000479a       0xc4 ./src_kernel/src/tasks.o
                0x9000479a                xTaskDelayUntil
 .text.vTaskStartScheduler
                0x9000485e       0x82 ./src_kernel/src/tasks.o
                0x9000485e                vTaskStartScheduler
 .text.vTaskSuspendAll
                0x900048e0       0x22 ./src_kernel/src/tasks.o
                0x900048e0                vTaskSuspendAll
 .text.xTaskResumeAll
                0x90004902      0x25a ./src_kernel/src/tasks.o
                0x90004902                xTaskResumeAll
 .text.xTaskGetTickCount
                0x90004b5c       0x1e ./src_kernel/src/tasks.o
                0x90004b5c                xTaskGetTickCount
 .text.pcTaskGetName
                0x90004b7a       0x32 ./src_kernel/src/tasks.o
                0x90004b7a                pcTaskGetName
 .text.xTaskIncrementTick
                0x90004bac      0x2da ./src_kernel/src/tasks.o
                0x90004bac                xTaskIncrementTick
 .text.vTaskSwitchContext
                0x90004e86      0x114 ./src_kernel/src/tasks.o
                0x90004e86                vTaskSwitchContext
 .text.vTaskPlaceOnEventList
                0x90004f9a       0x38 ./src_kernel/src/tasks.o
                0x90004f9a                vTaskPlaceOnEventList
 .text.vTaskPlaceOnEventListRestricted
                0x90004fd2       0xa0 ./src_kernel/src/tasks.o
                0x90004fd2                vTaskPlaceOnEventListRestricted
 .text.xTaskRemoveFromEventList
                0x90005072      0x232 ./src_kernel/src/tasks.o
                0x90005072                xTaskRemoveFromEventList
 .text.vTaskInternalSetTimeOutState
                0x900052a4       0x2e ./src_kernel/src/tasks.o
                0x900052a4                vTaskInternalSetTimeOutState
 .text.xTaskCheckForTimeOut
                0x900052d2       0xe2 ./src_kernel/src/tasks.o
                0x900052d2                xTaskCheckForTimeOut
 .text.vTaskMissedYield
                0x900053b4       0x18 ./src_kernel/src/tasks.o
                0x900053b4                vTaskMissedYield
 .text.prvIdleTask
                0x900053cc       0x10 ./src_kernel/src/tasks.o
 .text.prvInitialiseTaskLists
                0x900053dc       0xa4 ./src_kernel/src/tasks.o
 .text.prvCheckTasksWaitingTermination
                0x90005480       0x6e ./src_kernel/src/tasks.o
 .text.prvDeleteTCB
                0x900054ee       0x2a ./src_kernel/src/tasks.o
 .text.prvResetNextTaskUnblockTime
                0x90005518       0x3a ./src_kernel/src/tasks.o
 .text.xTaskGetCurrentTaskHandle
                0x90005552       0x1e ./src_kernel/src/tasks.o
                0x90005552                xTaskGetCurrentTaskHandle
 .text.xTaskPriorityInherit
                0x90005570      0x1b6 ./src_kernel/src/tasks.o
                0x90005570                xTaskPriorityInherit
 .text.xTaskPriorityDisinherit
                0x90005726      0x16a ./src_kernel/src/tasks.o
                0x90005726                xTaskPriorityDisinherit
 .text.vTaskPriorityDisinheritAfterTimeout
                0x90005890      0x1aa ./src_kernel/src/tasks.o
                0x90005890                vTaskPriorityDisinheritAfterTimeout
 .text.vTaskEnterCritical
                0x90005a3a       0x32 ./src_kernel/src/tasks.o
                0x90005a3a                vTaskEnterCritical
 .text.vTaskExitCritical
                0x90005a6c       0x42 ./src_kernel/src/tasks.o
                0x90005a6c                vTaskExitCritical
 .text.pvTaskIncrementMutexHeldCount
                0x90005aae       0x2e ./src_kernel/src/tasks.o
                0x90005aae                pvTaskIncrementMutexHeldCount
 .text.prvAddCurrentTaskToDelayedList
                0x90005adc      0x174 ./src_kernel/src/tasks.o
 .text.xTimerCreateTimerTask
                0x90005c50       0x4e ./src_kernel/src/timers.o
                0x90005c50                xTimerCreateTimerTask
 .text.prvReloadTimer
                0x90005c9e       0x5e ./src_kernel/src/timers.o
 .text.prvProcessExpiredTimer
                0x90005cfc       0x74 ./src_kernel/src/timers.o
 .text.prvTimerTask
                0x90005d70       0x28 ./src_kernel/src/timers.o
 .text.prvProcessTimerOrBlockTask
                0x90005d98       0xa0 ./src_kernel/src/timers.o
 .text.prvGetNextExpireTime
                0x90005e38       0x4c ./src_kernel/src/timers.o
 .text.prvSampleTimeNow
                0x90005e84       0x52 ./src_kernel/src/timers.o
 .text.prvInsertTimerInActiveList
                0x90005ed6       0xb4 ./src_kernel/src/timers.o
 .text.prvProcessReceivedCommands
                0x90005f8a      0x1b6 ./src_kernel/src/timers.o
 .text.prvSwitchTimerLists
                0x90006140       0x62 ./src_kernel/src/timers.o
 .text.prvCheckForValidListAndQueue
                0x900061a2       0x90 ./src_kernel/src/timers.o
 .text.mem_wr32
                0x90006232       0x20 ./src_app/src/gpio.o
 .text.mem_rd32
                0x90006252       0x18 ./src_app/src/gpio.o
 .text.GPIO_Init
                0x9000626a       0x64 ./src_app/src/gpio.o
                0x9000626a                GPIO_Init
 .text.GPIO_SetSEG
                0x900062ce      0x164 ./src_app/src/gpio.o
                0x900062ce                GPIO_SetSEG
 .text.GPIO_SetLED
                0x90006432       0x5e ./src_app/src/gpio.o
                0x90006432                GPIO_SetLED
 .text.INT_Init
                0x90006490       0x22 ./src_app/src/interrupt.o
                0x90006490                INT_Init
 .text.IRQ_Config
                0x900064b2      0x430 ./src_app/src/interrupt.o
                0x900064b2                IRQ_Config
 .text.vApplicationMallocFailedHook
                0x900068e2        0xc ./src_app/src/main.o
                0x900068e2                vApplicationMallocFailedHook
 .text.vApplicationStackOverflowHook
                0x900068ee       0x14 ./src_app/src/main.o
                0x900068ee                vApplicationStackOverflowHook
 .text.vApplicationTickHook
                0x90006902        0xe ./src_app/src/main.o
                0x90006902                vApplicationTickHook
 .text.Task_Queue_Tx
                0x90006910      0x100 ./src_app/src/main_blinky.o
 .text.Task_Queue_Rx
                0x90006a10      0x10c ./src_app/src/main_blinky.o
 .text.Task_IRQ
                0x90006b1c       0x5c ./src_app/src/main_blinky.o
 .text.main_blinky
                0x90006b78       0xd4 ./src_app/src/main_blinky.o
                0x90006b78                main_blinky
 .text.external_interrupt_handler
                0x90006c4c       0x3a ./src_app/src/main_blinky.o
                0x90006c4c                external_interrupt_handler
 .text.Get_System_Freq
                0x90006c86       0x42 ./src_app/src/system.o
                0x90006c86                Get_System_Freq
 .text.mem_wr8  0x90006cc8       0x24 ./src_app/src/uart.o
 .text.mem_rd8  0x90006cec       0x1e ./src_app/src/uart.o
 .text.INT_UART_Handler
                0x90006d0a       0xa8 ./src_app/src/uart.o
                0x90006d0a                INT_UART_Handler
 .text.INT_UART_Check
                0x90006db2       0x34 ./src_app/src/uart.o
                0x90006db2                INT_UART_Check
 .text.UART_Init
                0x90006de6       0x88 ./src_app/src/uart.o
                0x90006de6                UART_Init
 .text.UART_TxD
                0x90006e6e       0x36 ./src_app/src/uart.o
                0x90006e6e                UART_TxD
 .text.UART_RxD
                0x90006ea4       0x2c ./src_app/src/uart.o
                0x90006ea4                UART_RxD
 .text.ilog10   0x90006ed0      0x15a ./src_app/src/xprintf.o
 .text.i10x     0x9000702a      0x118 ./src_app/src/xprintf.o
 .text.ftoa     0x90007142      0x48a ./src_app/src/xprintf.o
 .text.xfputc   0x900075cc       0x68 ./src_app/src/xprintf.o
                0x900075cc                xfputc
 .text.xputs    0x90007634       0x26 ./src_app/src/xprintf.o
                0x90007634                xputs
 .text.xfputs   0x9000765a       0x40 ./src_app/src/xprintf.o
                0x9000765a                xfputs
 .text.xvfprintf
                0x9000769a      0x6e6 ./src_app/src/xprintf.o
 .text.xprintf  0x90007d80       0x52 ./src_app/src/xprintf.o
                0x90007d80                xprintf
 .text.memcpy   0x90007dd2      0x146 /opt/riscv/riscv64-unknown-elf/lib/rv32imafc/ilp32f/libc.a(lib_a-memcpy.o)
                0x90007dd2                memcpy
 .text.strlen   0x90007f18       0x64 /opt/riscv/riscv64-unknown-elf/lib/rv32imafc/ilp32f/libc.a(lib_a-strlen.o)
                0x90007f18                strlen
                [!provide]                        PROVIDE (__TEXT_END__ = .)

.rodata         0x90007f80      0x3b4
                0x90008000                        . = ALIGN (0x100)
 *fill*         0x90007f80       0x80 
 *(.rodata)
 .rodata        0x90008000        0x5 ./src_kernel/src/tasks.o
 *fill*         0x90008005        0x3 
 .rodata        0x90008008        0xd ./src_kernel/src/timers.o
 *fill*         0x90008015        0x3 
 .rodata        0x90008018       0x70 ./src_app/src/main_blinky.o
 .rodata        0x90008088       0x68 ./src_app/src/xprintf.o
 .rodata        0x900080f0       0x3c /opt/riscv/lib/gcc/riscv64-unknown-elf/12.2.0/rv32imafc/ilp32f/libgcc.a(divdf3.o)
 .rodata        0x9000812c      0x100 /opt/riscv/lib/gcc/riscv64-unknown-elf/12.2.0/rv32imafc/ilp32f/libgcc.a(_clz.o)
                0x9000812c                __clz_tab
 *(.rodata.*)
 .rodata.prvProcessReceivedCommands
                0x9000822c       0x28 ./src_kernel/src/timers.o
 .rodata.LED7SEG
                0x90008254       0x10 ./src_app/src/gpio.o
 .rodata.xvfprintf
                0x90008264       0xd0 ./src_app/src/xprintf.o
                0x90008334                        . = ALIGN (0x4)
                0x90008334                        PROVIDE (__ROM_INIT_BGN__ = .)

.data           0x88000000        0x0 load address 0x90008334
                0x88000000                        . = ALIGN (0x100)
                0x88000000                        PROVIDE (__RAM_INIT_BGN__ = .)
 *(.data)
 *(.data*)

.srodata        0x88000000        0x4 load address 0x90008334
                0x88000800                        PROVIDE (__GLOBAL_PTR__ = (. + 0x800))
 *(.srodata)
 *(.srodata*)
 .srodata.xISRStackTop
                0x88000000        0x4 ./src_kernel/src/port.o
                0x88000000                xISRStackTop

.sdata          0x88000004        0x8 load address 0x90008338
 *(.sdata)
 *(.sdata.*)
 .sdata.pullNextTime
                0x88000004        0x4 ./src_kernel/src/port.o
                0x88000004                pullNextTime
 .sdata.uxTopUsedPriority
                0x88000008        0x4 ./src_kernel/src/tasks.o
                0x88000008                uxTopUsedPriority
                0x8800000c                        PROVIDE (__RAM_INIT_END__ = .)

.sbss           0x88000010       0xa0 load address 0x90008340
                0x88000010                        PROVIDE (__BSS_BGN__ = .)
 *(.sbss)
 *(.sbss.*)
 .sbss.xStart   0x88000010        0x8 ./src_kernel/src/heap_4.o
 .sbss.pxEnd    0x88000018        0x4 ./src_kernel/src/heap_4.o
 .sbss.xFreeBytesRemaining
                0x8800001c        0x4 ./src_kernel/src/heap_4.o
 .sbss.xMinimumEverFreeBytesRemaining
                0x88000020        0x4 ./src_kernel/src/heap_4.o
 .sbss.xNumberOfSuccessfulAllocations
                0x88000024        0x4 ./src_kernel/src/heap_4.o
 .sbss.xNumberOfSuccessfulFrees
                0x88000028        0x4 ./src_kernel/src/heap_4.o
 .sbss.xBlockAllocatedBit
                0x8800002c        0x4 ./src_kernel/src/heap_4.o
 .sbss.ullNextTime
                0x88000030        0x8 ./src_kernel/src/port.o
                0x88000030                ullNextTime
 .sbss.pullMachineTimerCompareRegister
                0x88000038        0x4 ./src_kernel/src/port.o
                0x88000038                pullMachineTimerCompareRegister
 .sbss.pxCurrentTCB
                0x8800003c        0x4 ./src_kernel/src/tasks.o
                0x8800003c                pxCurrentTCB
 .sbss.pxDelayedTaskList
                0x88000040        0x4 ./src_kernel/src/tasks.o
 .sbss.pxOverflowDelayedTaskList
                0x88000044        0x4 ./src_kernel/src/tasks.o
 .sbss.uxDeletedTasksWaitingCleanUp
                0x88000048        0x4 ./src_kernel/src/tasks.o
 .sbss.uxCurrentNumberOfTasks
                0x8800004c        0x4 ./src_kernel/src/tasks.o
 .sbss.xTickCount
                0x88000050        0x4 ./src_kernel/src/tasks.o
 .sbss.uxTopReadyPriority
                0x88000054        0x4 ./src_kernel/src/tasks.o
 .sbss.xSchedulerRunning
                0x88000058        0x4 ./src_kernel/src/tasks.o
 .sbss.xPendedTicks
                0x8800005c        0x4 ./src_kernel/src/tasks.o
 .sbss.xYieldPending
                0x88000060        0x4 ./src_kernel/src/tasks.o
 .sbss.xNumOfOverflows
                0x88000064        0x4 ./src_kernel/src/tasks.o
 .sbss.uxTaskNumber
                0x88000068        0x4 ./src_kernel/src/tasks.o
 .sbss.xNextTaskUnblockTime
                0x8800006c        0x4 ./src_kernel/src/tasks.o
 .sbss.xIdleTaskHandle
                0x88000070        0x4 ./src_kernel/src/tasks.o
 .sbss.uxSchedulerSuspended
                0x88000074        0x4 ./src_kernel/src/tasks.o
 .sbss.pxCurrentTimerList
                0x88000078        0x4 ./src_kernel/src/timers.o
 .sbss.pxOverflowTimerList
                0x8800007c        0x4 ./src_kernel/src/timers.o
 .sbss.xTimerQueue
                0x88000080        0x4 ./src_kernel/src/timers.o
 .sbss.xTimerTaskHandle
                0x88000084        0x4 ./src_kernel/src/timers.o
 .sbss.xLastTime.0
                0x88000088        0x4 ./src_kernel/src/timers.o
 .sbss.xQueue   0x8800008c        0x4 ./src_app/src/main_blinky.o
 .sbss.xMutex   0x88000090        0x4 ./src_app/src/main_blinky.o
 .sbss.xSemaphore
                0x88000094        0x4 ./src_app/src/main_blinky.o
 .sbss.data1.2  0x88000098        0x4 ./src_app/src/uart.o
 .sbss.data2.1  0x8800009c        0x4 ./src_app/src/uart.o
 .sbss.data0.0  0x880000a0        0x4 ./src_app/src/uart.o
 .sbss.xfunc_output
                0x880000a4        0x4 ./src_app/src/xprintf.o
                0x880000a4                xfunc_output
 .sbss.strptr   0x880000a8        0x4 ./src_app/src/xprintf.o
 .sbss.xfunc_input
                0x880000ac        0x4 ./src_app/src/xprintf.o
                0x880000ac                xfunc_input
 *(.scommon)

.bss            0x880000b0     0x6158 load address 0x90008340
 *(.bss)
 *(.bss.*)
 .bss.ucHeap    0x880000b0     0x4000 ./src_kernel/src/heap_4.o
 .bss.xISRStack
                0x880040b0     0x2000 ./src_kernel/src/port.o
 .bss.xQueueRegistry
                0x880060b0       0x40 ./src_kernel/src/queue.o
                0x880060b0                xQueueRegistry
 .bss.pxReadyTasksLists
                0x880060f0       0x8c ./src_kernel/src/tasks.o
 .bss.xDelayedTaskList1
                0x8800617c       0x14 ./src_kernel/src/tasks.o
 .bss.xDelayedTaskList2
                0x88006190       0x14 ./src_kernel/src/tasks.o
 .bss.xPendingReadyList
                0x880061a4       0x14 ./src_kernel/src/tasks.o
 .bss.xTasksWaitingTermination
                0x880061b8       0x14 ./src_kernel/src/tasks.o
 .bss.xSuspendedTaskList
                0x880061cc       0x14 ./src_kernel/src/tasks.o
 .bss.xActiveTimerList1
                0x880061e0       0x14 ./src_kernel/src/timers.o
 .bss.xActiveTimerList2
                0x880061f4       0x14 ./src_kernel/src/timers.o
                0x88006208                        . = ALIGN (0x4)
                0x88006208                        PROVIDE (__BSS_END__ = .)

.stack          0x88008000     0x4000
                [!provide]                        PROVIDE (__STACK_START__ = .)
                0x8800c000                        . = (. + STACK_SIZE)
 *fill*         0x88008000     0x4000 
                0x8800c000                        PROVIDE (__STACK_TOP__ = .)
                [!provide]                        PROVIDE (__freertos_irq_stack_top = .)
                [!provide]                        PROVIDE (__STACK_END__ = .)

/DISCARD/
 *(.eh_frame .eh_frame.*)
OUTPUT(mmRISC_FreeRTOS.elf elf32-littleriscv)

.debug_info     0x00000000     0x94b2
 .debug_info    0x00000000      0x467 ./src_kernel/src/heap_4.o
 .debug_info    0x00000467      0x2af ./src_kernel/src/list.o
 .debug_info    0x00000716      0x268 ./src_kernel/src/port.o
 .debug_info    0x0000097e       0x25 ./src_kernel/src/portASM.o
 .debug_info    0x000009a3     0x11fb ./src_kernel/src/queue.o
 .debug_info    0x00001b9e       0xf7 ./src_kernel/src/riscv-virt.o
 .debug_info    0x00001c95     0x1c16 ./src_kernel/src/tasks.o
 .debug_info    0x000038ab      0xdbd ./src_kernel/src/timers.o
 .debug_info    0x00004668      0x247 ./src_app/src/gpio.o
 .debug_info    0x000048af      0x444 ./src_app/src/interrupt.o
 .debug_info    0x00004cf3      0x1c7 ./src_app/src/main.o
 .debug_info    0x00004eba      0x546 ./src_app/src/main_blinky.o
 .debug_info    0x00005400       0xe3 ./src_app/src/system.o
 .debug_info    0x000054e3      0x2d2 ./src_app/src/uart.o
 .debug_info    0x000057b5      0x6aa ./src_app/src/xprintf.o
 .debug_info    0x00005e5f      0x142 /opt/riscv/lib/gcc/riscv64-unknown-elf/12.2.0/rv32imafc/ilp32f/libgcc.a(_clzsi2.o)
 .debug_info    0x00005fa1      0x761 /opt/riscv/lib/gcc/riscv64-unknown-elf/12.2.0/rv32imafc/ilp32f/libgcc.a(_udivdi3.o)
 .debug_info    0x00006702      0x7b4 /opt/riscv/lib/gcc/riscv64-unknown-elf/12.2.0/rv32imafc/ilp32f/libgcc.a(_umoddi3.o)
 .debug_info    0x00006eb6      0x53f /opt/riscv/lib/gcc/riscv64-unknown-elf/12.2.0/rv32imafc/ilp32f/libgcc.a(adddf3.o)
 .debug_info    0x000073f5      0x6ce /opt/riscv/lib/gcc/riscv64-unknown-elf/12.2.0/rv32imafc/ilp32f/libgcc.a(divdf3.o)
 .debug_info    0x00007ac3      0x239 /opt/riscv/lib/gcc/riscv64-unknown-elf/12.2.0/rv32imafc/ilp32f/libgcc.a(eqdf2.o)
 .debug_info    0x00007cfc      0x22a /opt/riscv/lib/gcc/riscv64-unknown-elf/12.2.0/rv32imafc/ilp32f/libgcc.a(gedf2.o)
 .debug_info    0x00007f26      0x22a /opt/riscv/lib/gcc/riscv64-unknown-elf/12.2.0/rv32imafc/ilp32f/libgcc.a(ledf2.o)
 .debug_info    0x00008150      0x6e7 /opt/riscv/lib/gcc/riscv64-unknown-elf/12.2.0/rv32imafc/ilp32f/libgcc.a(muldf3.o)
 .debug_info    0x00008837      0x53b /opt/riscv/lib/gcc/riscv64-unknown-elf/12.2.0/rv32imafc/ilp32f/libgcc.a(subdf3.o)
 .debug_info    0x00008d72      0x235 /opt/riscv/lib/gcc/riscv64-unknown-elf/12.2.0/rv32imafc/ilp32f/libgcc.a(unorddf2.o)
 .debug_info    0x00008fa7      0x1cb /opt/riscv/lib/gcc/riscv64-unknown-elf/12.2.0/rv32imafc/ilp32f/libgcc.a(fixdfsi.o)
 .debug_info    0x00009172      0x268 /opt/riscv/lib/gcc/riscv64-unknown-elf/12.2.0/rv32imafc/ilp32f/libgcc.a(floatsidf.o)
 .debug_info    0x000093da       0xd8 /opt/riscv/lib/gcc/riscv64-unknown-elf/12.2.0/rv32imafc/ilp32f/libgcc.a(_clz.o)

.debug_abbrev   0x00000000     0x2886
 .debug_abbrev  0x00000000      0x1c2 ./src_kernel/src/heap_4.o
 .debug_abbrev  0x000001c2       0xf5 ./src_kernel/src/list.o
 .debug_abbrev  0x000002b7      0x12f ./src_kernel/src/port.o
 .debug_abbrev  0x000003e6       0x14 ./src_kernel/src/portASM.o
 .debug_abbrev  0x000003fa      0x2af ./src_kernel/src/queue.o
 .debug_abbrev  0x000006a9       0xc9 ./src_kernel/src/riscv-virt.o
 .debug_abbrev  0x00000772      0x311 ./src_kernel/src/tasks.o
 .debug_abbrev  0x00000a83      0x298 ./src_kernel/src/timers.o
 .debug_abbrev  0x00000d1b      0x124 ./src_app/src/gpio.o
 .debug_abbrev  0x00000e3f      0x10a ./src_app/src/interrupt.o
 .debug_abbrev  0x00000f49      0x11e ./src_app/src/main.o
 .debug_abbrev  0x00001067      0x1a5 ./src_app/src/main_blinky.o
 .debug_abbrev  0x0000120c       0x82 ./src_app/src/system.o
 .debug_abbrev  0x0000128e      0x196 ./src_app/src/uart.o
 .debug_abbrev  0x00001424      0x216 ./src_app/src/xprintf.o
 .debug_abbrev  0x0000163a       0xca /opt/riscv/lib/gcc/riscv64-unknown-elf/12.2.0/rv32imafc/ilp32f/libgcc.a(_clzsi2.o)
 .debug_abbrev  0x00001704      0x1a6 /opt/riscv/lib/gcc/riscv64-unknown-elf/12.2.0/rv32imafc/ilp32f/libgcc.a(_udivdi3.o)
 .debug_abbrev  0x000018aa      0x1aa /opt/riscv/lib/gcc/riscv64-unknown-elf/12.2.0/rv32imafc/ilp32f/libgcc.a(_umoddi3.o)
 .debug_abbrev  0x00001a54      0x17a /opt/riscv/lib/gcc/riscv64-unknown-elf/12.2.0/rv32imafc/ilp32f/libgcc.a(adddf3.o)
 .debug_abbrev  0x00001bce      0x17a /opt/riscv/lib/gcc/riscv64-unknown-elf/12.2.0/rv32imafc/ilp32f/libgcc.a(divdf3.o)
 .debug_abbrev  0x00001d48      0x15a /opt/riscv/lib/gcc/riscv64-unknown-elf/12.2.0/rv32imafc/ilp32f/libgcc.a(eqdf2.o)
 .debug_abbrev  0x00001ea2      0x13e /opt/riscv/lib/gcc/riscv64-unknown-elf/12.2.0/rv32imafc/ilp32f/libgcc.a(gedf2.o)
 .debug_abbrev  0x00001fe0      0x13e /opt/riscv/lib/gcc/riscv64-unknown-elf/12.2.0/rv32imafc/ilp32f/libgcc.a(ledf2.o)
 .debug_abbrev  0x0000211e      0x18c /opt/riscv/lib/gcc/riscv64-unknown-elf/12.2.0/rv32imafc/ilp32f/libgcc.a(muldf3.o)
 .debug_abbrev  0x000022aa      0x17a /opt/riscv/lib/gcc/riscv64-unknown-elf/12.2.0/rv32imafc/ilp32f/libgcc.a(subdf3.o)
 .debug_abbrev  0x00002424      0x14b /opt/riscv/lib/gcc/riscv64-unknown-elf/12.2.0/rv32imafc/ilp32f/libgcc.a(unorddf2.o)
 .debug_abbrev  0x0000256f      0x143 /opt/riscv/lib/gcc/riscv64-unknown-elf/12.2.0/rv32imafc/ilp32f/libgcc.a(fixdfsi.o)
 .debug_abbrev  0x000026b2      0x164 /opt/riscv/lib/gcc/riscv64-unknown-elf/12.2.0/rv32imafc/ilp32f/libgcc.a(floatsidf.o)
 .debug_abbrev  0x00002816       0x70 /opt/riscv/lib/gcc/riscv64-unknown-elf/12.2.0/rv32imafc/ilp32f/libgcc.a(_clz.o)

.debug_aranges  0x00000000      0x8f8
 .debug_aranges
                0x00000000       0x58 ./src_kernel/src/heap_4.o
 .debug_aranges
                0x00000058       0x40 ./src_kernel/src/list.o
 .debug_aranges
                0x00000098       0x38 ./src_kernel/src/port.o
 .debug_aranges
                0x000000d0       0x20 ./src_kernel/src/portASM.o
 .debug_aranges
                0x000000f0      0x128 ./src_kernel/src/queue.o
 .debug_aranges
                0x00000218       0x30 ./src_kernel/src/riscv-virt.o
 .debug_aranges
                0x00000248      0x1f0 ./src_kernel/src/tasks.o
 .debug_aranges
                0x00000438       0xe0 ./src_kernel/src/timers.o
 .debug_aranges
                0x00000518       0x50 ./src_app/src/gpio.o
 .debug_aranges
                0x00000568       0x40 ./src_app/src/interrupt.o
 .debug_aranges
                0x000005a8       0x48 ./src_app/src/main.o
 .debug_aranges
                0x000005f0       0x40 ./src_app/src/main_blinky.o
 .debug_aranges
                0x00000630       0x20 ./src_app/src/system.o
 .debug_aranges
                0x00000650       0x60 ./src_app/src/uart.o
 .debug_aranges
                0x000006b0       0x90 ./src_app/src/xprintf.o
 .debug_aranges
                0x00000740       0x20 /opt/riscv/lib/gcc/riscv64-unknown-elf/12.2.0/rv32imafc/ilp32f/libgcc.a(_clzsi2.o)
 .debug_aranges
                0x00000760       0x20 /opt/riscv/lib/gcc/riscv64-unknown-elf/12.2.0/rv32imafc/ilp32f/libgcc.a(_udivdi3.o)
 .debug_aranges
                0x00000780       0x20 /opt/riscv/lib/gcc/riscv64-unknown-elf/12.2.0/rv32imafc/ilp32f/libgcc.a(_umoddi3.o)
 .debug_aranges
                0x000007a0       0x20 /opt/riscv/lib/gcc/riscv64-unknown-elf/12.2.0/rv32imafc/ilp32f/libgcc.a(adddf3.o)
 .debug_aranges
                0x000007c0       0x20 /opt/riscv/lib/gcc/riscv64-unknown-elf/12.2.0/rv32imafc/ilp32f/libgcc.a(divdf3.o)
 .debug_aranges
                0x000007e0       0x20 /opt/riscv/lib/gcc/riscv64-unknown-elf/12.2.0/rv32imafc/ilp32f/libgcc.a(eqdf2.o)
 .debug_aranges
                0x00000800       0x20 /opt/riscv/lib/gcc/riscv64-unknown-elf/12.2.0/rv32imafc/ilp32f/libgcc.a(gedf2.o)
 .debug_aranges
                0x00000820       0x20 /opt/riscv/lib/gcc/riscv64-unknown-elf/12.2.0/rv32imafc/ilp32f/libgcc.a(ledf2.o)
 .debug_aranges
                0x00000840       0x20 /opt/riscv/lib/gcc/riscv64-unknown-elf/12.2.0/rv32imafc/ilp32f/libgcc.a(muldf3.o)
 .debug_aranges
                0x00000860       0x20 /opt/riscv/lib/gcc/riscv64-unknown-elf/12.2.0/rv32imafc/ilp32f/libgcc.a(subdf3.o)
 .debug_aranges
                0x00000880       0x20 /opt/riscv/lib/gcc/riscv64-unknown-elf/12.2.0/rv32imafc/ilp32f/libgcc.a(unorddf2.o)
 .debug_aranges
                0x000008a0       0x20 /opt/riscv/lib/gcc/riscv64-unknown-elf/12.2.0/rv32imafc/ilp32f/libgcc.a(fixdfsi.o)
 .debug_aranges
                0x000008c0       0x20 /opt/riscv/lib/gcc/riscv64-unknown-elf/12.2.0/rv32imafc/ilp32f/libgcc.a(floatsidf.o)
 .debug_aranges
                0x000008e0       0x18 /opt/riscv/lib/gcc/riscv64-unknown-elf/12.2.0/rv32imafc/ilp32f/libgcc.a(_clz.o)

.debug_rnglists
                0x00000000     0x1655
 .debug_rnglists
                0x00000000       0x55 ./src_kernel/src/heap_4.o
 .debug_rnglists
                0x00000055       0x3a ./src_kernel/src/list.o
 .debug_rnglists
                0x0000008f       0x31 ./src_kernel/src/port.o
 .debug_rnglists
                0x000000c0      0x13f ./src_kernel/src/queue.o
 .debug_rnglists
                0x000001ff       0x28 ./src_kernel/src/riscv-virt.o
 .debug_rnglists
                0x00000227      0x220 ./src_kernel/src/tasks.o
 .debug_rnglists
                0x00000447       0xee ./src_kernel/src/timers.o
 .debug_rnglists
                0x00000535       0x4c ./src_app/src/gpio.o
 .debug_rnglists
                0x00000581       0x3a ./src_app/src/interrupt.o
 .debug_rnglists
                0x000005bb       0x43 ./src_app/src/main.o
 .debug_rnglists
                0x000005fe       0x3a ./src_app/src/main_blinky.o
 .debug_rnglists
                0x00000638       0x16 ./src_app/src/system.o
 .debug_rnglists
                0x0000064e       0x5e ./src_app/src/uart.o
 .debug_rnglists
                0x000006ac       0x94 ./src_app/src/xprintf.o
 .debug_rnglists
                0x00000740       0x28 /opt/riscv/lib/gcc/riscv64-unknown-elf/12.2.0/rv32imafc/ilp32f/libgcc.a(_clzsi2.o)
 .debug_rnglists
                0x00000768      0x111 /opt/riscv/lib/gcc/riscv64-unknown-elf/12.2.0/rv32imafc/ilp32f/libgcc.a(_udivdi3.o)
 .debug_rnglists
                0x00000879       0xac /opt/riscv/lib/gcc/riscv64-unknown-elf/12.2.0/rv32imafc/ilp32f/libgcc.a(_umoddi3.o)
 .debug_rnglists
                0x00000925      0x384 /opt/riscv/lib/gcc/riscv64-unknown-elf/12.2.0/rv32imafc/ilp32f/libgcc.a(adddf3.o)
 .debug_rnglists
                0x00000ca9      0x12f /opt/riscv/lib/gcc/riscv64-unknown-elf/12.2.0/rv32imafc/ilp32f/libgcc.a(divdf3.o)
 .debug_rnglists
                0x00000dd8       0x60 /opt/riscv/lib/gcc/riscv64-unknown-elf/12.2.0/rv32imafc/ilp32f/libgcc.a(eqdf2.o)
 .debug_rnglists
                0x00000e38       0x72 /opt/riscv/lib/gcc/riscv64-unknown-elf/12.2.0/rv32imafc/ilp32f/libgcc.a(gedf2.o)
 .debug_rnglists
                0x00000eaa       0x72 /opt/riscv/lib/gcc/riscv64-unknown-elf/12.2.0/rv32imafc/ilp32f/libgcc.a(ledf2.o)
 .debug_rnglists
                0x00000f1c      0x228 /opt/riscv/lib/gcc/riscv64-unknown-elf/12.2.0/rv32imafc/ilp32f/libgcc.a(muldf3.o)
 .debug_rnglists
                0x00001144      0x41e /opt/riscv/lib/gcc/riscv64-unknown-elf/12.2.0/rv32imafc/ilp32f/libgcc.a(subdf3.o)
 .debug_rnglists
                0x00001562       0x3b /opt/riscv/lib/gcc/riscv64-unknown-elf/12.2.0/rv32imafc/ilp32f/libgcc.a(unorddf2.o)
 .debug_rnglists
                0x0000159d       0x57 /opt/riscv/lib/gcc/riscv64-unknown-elf/12.2.0/rv32imafc/ilp32f/libgcc.a(fixdfsi.o)
 .debug_rnglists
                0x000015f4       0x61 /opt/riscv/lib/gcc/riscv64-unknown-elf/12.2.0/rv32imafc/ilp32f/libgcc.a(floatsidf.o)

.debug_macro    0x00000000     0x281b
 .debug_macro   0x00000000      0x1a4 ./src_kernel/src/heap_4.o
 .debug_macro   0x000001a4      0x189 ./src_kernel/src/list.o
 .debug_macro   0x0000032d      0x291 ./src_kernel/src/port.o
 .debug_macro   0x000005be       0x10 ./src_kernel/src/port.o
 .debug_macro   0x000005ce       0x35 ./src_kernel/src/port.o
 .debug_macro   0x00000603       0x1c ./src_kernel/src/port.o
 .debug_macro   0x0000061f       0x10 ./src_kernel/src/port.o
 .debug_macro   0x0000062f       0x10 ./src_kernel/src/port.o
 .debug_macro   0x0000063f       0x1c ./src_kernel/src/port.o
 .debug_macro   0x0000065b       0x52 ./src_kernel/src/port.o
 .debug_macro   0x000006ad       0x22 ./src_kernel/src/port.o
 .debug_macro   0x000006cf       0x10 ./src_kernel/src/port.o
 .debug_macro   0x000006df       0x52 ./src_kernel/src/port.o
 .debug_macro   0x00000731       0xd5 ./src_kernel/src/port.o
 .debug_macro   0x00000806       0x1c ./src_kernel/src/port.o
 .debug_macro   0x00000822       0x3d ./src_kernel/src/port.o
 .debug_macro   0x0000085f       0x16 ./src_kernel/src/port.o
 .debug_macro   0x00000875      0x16f ./src_kernel/src/port.o
 .debug_macro   0x000009e4       0x46 ./src_kernel/src/port.o
 .debug_macro   0x00000a2a       0x10 ./src_kernel/src/port.o
 .debug_macro   0x00000a3a       0xbe ./src_kernel/src/port.o
 .debug_macro   0x00000af8      0x213 ./src_kernel/src/queue.o
 .debug_macro   0x00000d0b       0x16 ./src_kernel/src/queue.o
 .debug_macro   0x00000d21       0x80 ./src_kernel/src/queue.o
 .debug_macro   0x00000da1      0x198 ./src_kernel/src/riscv-virt.o
 .debug_macro   0x00000f39       0x22 ./src_kernel/src/riscv-virt.o
 .debug_macro   0x00000f5b       0x10 ./src_kernel/src/riscv-virt.o
 .debug_macro   0x00000f6b      0x270 ./src_kernel/src/tasks.o
 .debug_macro   0x000011db       0x10 ./src_kernel/src/tasks.o
 .debug_macro   0x000011eb      0x1d8 ./src_kernel/src/timers.o
 .debug_macro   0x000013c3       0x97 ./src_kernel/src/timers.o
 .debug_macro   0x0000145a      0x1e3 ./src_app/src/gpio.o
 .debug_macro   0x0000163d       0x16 ./src_app/src/gpio.o
 .debug_macro   0x00001653       0x9e ./src_app/src/gpio.o
 .debug_macro   0x000016f1      0x10b ./src_app/src/gpio.o
 .debug_macro   0x000017fc       0x8e ./src_app/src/gpio.o
 .debug_macro   0x0000188a      0x202 ./src_app/src/interrupt.o
 .debug_macro   0x00001a8c       0x1c ./src_app/src/interrupt.o
 .debug_macro   0x00001aa8       0x28 ./src_app/src/interrupt.o
 .debug_macro   0x00001ad0       0xc4 ./src_app/src/interrupt.o
 .debug_macro   0x00001b94      0x266 ./src_app/src/main.o
 .debug_macro   0x00001dfa      0x2af ./src_app/src/main_blinky.o
 .debug_macro   0x000020a9       0x7e ./src_app/src/main_blinky.o
 .debug_macro   0x00002127      0x1d9 ./src_app/src/system.o
 .debug_macro   0x00002300      0x206 ./src_app/src/uart.o
 .debug_macro   0x00002506      0x122 ./src_app/src/xprintf.o
 .debug_macro   0x00002628       0x58 ./src_app/src/xprintf.o
 .debug_macro   0x00002680      0x19b ./src_app/src/xprintf.o

.debug_line     0x00000000     0xf681
 .debug_line    0x00000000      0x739 ./src_kernel/src/heap_4.o
 .debug_line    0x00000739      0x311 ./src_kernel/src/list.o
 .debug_line    0x00000a4a      0x254 ./src_kernel/src/port.o
 .debug_line    0x00000c9e      0x49c ./src_kernel/src/portASM.o
 .debug_line    0x0000113a     0x16ae ./src_kernel/src/queue.o
 .debug_line    0x000027e8      0x158 ./src_kernel/src/riscv-virt.o
 .debug_line    0x00002940     0x2480 ./src_kernel/src/tasks.o
 .debug_line    0x00004dc0      0xb1b ./src_kernel/src/timers.o
 .debug_line    0x000058db      0x3ec ./src_app/src/gpio.o
 .debug_line    0x00005cc7      0x71c ./src_app/src/interrupt.o
 .debug_line    0x000063e3      0x230 ./src_app/src/main.o
 .debug_line    0x00006613      0x427 ./src_app/src/main_blinky.o
 .debug_line    0x00006a3a      0x164 ./src_app/src/system.o
 .debug_line    0x00006b9e      0x3de ./src_app/src/uart.o
 .debug_line    0x00006f7c     0x1619 ./src_app/src/xprintf.o
 .debug_line    0x00008595       0xcb /opt/riscv/lib/gcc/riscv64-unknown-elf/12.2.0/rv32imafc/ilp32f/libgcc.a(_clzsi2.o)
 .debug_line    0x00008660      0x713 /opt/riscv/lib/gcc/riscv64-unknown-elf/12.2.0/rv32imafc/ilp32f/libgcc.a(_udivdi3.o)
 .debug_line    0x00008d73      0x78d /opt/riscv/lib/gcc/riscv64-unknown-elf/12.2.0/rv32imafc/ilp32f/libgcc.a(_umoddi3.o)
 .debug_line    0x00009500     0x16af /opt/riscv/lib/gcc/riscv64-unknown-elf/12.2.0/rv32imafc/ilp32f/libgcc.a(adddf3.o)
 .debug_line    0x0000abaf     0x123f /opt/riscv/lib/gcc/riscv64-unknown-elf/12.2.0/rv32imafc/ilp32f/libgcc.a(divdf3.o)
 .debug_line    0x0000bdee      0x271 /opt/riscv/lib/gcc/riscv64-unknown-elf/12.2.0/rv32imafc/ilp32f/libgcc.a(eqdf2.o)
 .debug_line    0x0000c05f      0x35e /opt/riscv/lib/gcc/riscv64-unknown-elf/12.2.0/rv32imafc/ilp32f/libgcc.a(gedf2.o)
 .debug_line    0x0000c3bd      0x35e /opt/riscv/lib/gcc/riscv64-unknown-elf/12.2.0/rv32imafc/ilp32f/libgcc.a(ledf2.o)
 .debug_line    0x0000c71b     0x109d /opt/riscv/lib/gcc/riscv64-unknown-elf/12.2.0/rv32imafc/ilp32f/libgcc.a(muldf3.o)
 .debug_line    0x0000d7b8     0x17c7 /opt/riscv/lib/gcc/riscv64-unknown-elf/12.2.0/rv32imafc/ilp32f/libgcc.a(subdf3.o)
 .debug_line    0x0000ef7f      0x20b /opt/riscv/lib/gcc/riscv64-unknown-elf/12.2.0/rv32imafc/ilp32f/libgcc.a(unorddf2.o)
 .debug_line    0x0000f18a      0x295 /opt/riscv/lib/gcc/riscv64-unknown-elf/12.2.0/rv32imafc/ilp32f/libgcc.a(fixdfsi.o)
 .debug_line    0x0000f41f      0x223 /opt/riscv/lib/gcc/riscv64-unknown-elf/12.2.0/rv32imafc/ilp32f/libgcc.a(floatsidf.o)
 .debug_line    0x0000f642       0x3f /opt/riscv/lib/gcc/riscv64-unknown-elf/12.2.0/rv32imafc/ilp32f/libgcc.a(_clz.o)

.debug_str      0x00000000    0x1161c
 .debug_str     0x00000000     0xae84 ./src_kernel/src/heap_4.o
                               0xb0c8 (size before relaxing)
 .debug_str     0x0000ae84      0x10b ./src_kernel/src/list.o
                               0x9c02 (size before relaxing)
 .debug_str     0x0000af8f     0x157e ./src_kernel/src/port.o
                               0xc1a8 (size before relaxing)
 .debug_str     0x0000c50d       0x7d ./src_kernel/src/portASM.o
 .debug_str     0x0000c58a     0x10a7 ./src_kernel/src/queue.o
                               0xbfcc (size before relaxing)
 .debug_str     0x0000d631       0x91 ./src_kernel/src/riscv-virt.o
                               0x9045 (size before relaxing)
 .debug_str     0x0000d6c2     0x1b70 ./src_kernel/src/tasks.o
                               0xcccb (size before relaxing)
 .debug_str     0x0000f232      0x59d ./src_kernel/src/timers.o
                               0xc4d1 (size before relaxing)
 .debug_str     0x0000f7cf      0x202 ./src_app/src/gpio.o
                               0x728b (size before relaxing)
 .debug_str     0x0000f9d1      0x1fe ./src_app/src/interrupt.o
                               0x76aa (size before relaxing)
 .debug_str     0x0000fbcf       0x5c ./src_app/src/main.o
                               0xc2b0 (size before relaxing)
 .debug_str     0x0000fc2b      0x8ba ./src_app/src/main_blinky.o
                               0xd1a5 (size before relaxing)
 .debug_str     0x000104e5       0x15 ./src_app/src/system.o
                               0x714d (size before relaxing)
 .debug_str     0x000104fa       0x6d ./src_app/src/uart.o
                               0x7693 (size before relaxing)
 .debug_str     0x00010567      0x980 ./src_app/src/xprintf.o
                               0x5f25 (size before relaxing)
 .debug_str     0x00010ee7      0x118 /opt/riscv/lib/gcc/riscv64-unknown-elf/12.2.0/rv32imafc/ilp32f/libgcc.a(_clzsi2.o)
                                0x1c1 (size before relaxing)
 .debug_str     0x00010fff      0x157 /opt/riscv/lib/gcc/riscv64-unknown-elf/12.2.0/rv32imafc/ilp32f/libgcc.a(_udivdi3.o)
                                0x257 (size before relaxing)
 .debug_str     0x00011156        0xa /opt/riscv/lib/gcc/riscv64-unknown-elf/12.2.0/rv32imafc/ilp32f/libgcc.a(_umoddi3.o)
                                0x257 (size before relaxing)
 .debug_str     0x00011160      0x15e /opt/riscv/lib/gcc/riscv64-unknown-elf/12.2.0/rv32imafc/ilp32f/libgcc.a(adddf3.o)
                                0x2b1 (size before relaxing)
 .debug_str     0x000112be      0x16b /opt/riscv/lib/gcc/riscv64-unknown-elf/12.2.0/rv32imafc/ilp32f/libgcc.a(divdf3.o)
                                0x373 (size before relaxing)
 .debug_str     0x00011429       0x27 /opt/riscv/lib/gcc/riscv64-unknown-elf/12.2.0/rv32imafc/ilp32f/libgcc.a(eqdf2.o)
                                0x1c3 (size before relaxing)
 .debug_str     0x00011450       0x2c /opt/riscv/lib/gcc/riscv64-unknown-elf/12.2.0/rv32imafc/ilp32f/libgcc.a(gedf2.o)
                                0x1e7 (size before relaxing)
 .debug_str     0x0001147c        0x8 /opt/riscv/lib/gcc/riscv64-unknown-elf/12.2.0/rv32imafc/ilp32f/libgcc.a(ledf2.o)
                                0x1e7 (size before relaxing)
 .debug_str     0x00011484      0x12e /opt/riscv/lib/gcc/riscv64-unknown-elf/12.2.0/rv32imafc/ilp32f/libgcc.a(muldf3.o)
                                0x3cb (size before relaxing)
 .debug_str     0x000115b2        0x9 /opt/riscv/lib/gcc/riscv64-unknown-elf/12.2.0/rv32imafc/ilp32f/libgcc.a(subdf3.o)
                                0x2b1 (size before relaxing)
 .debug_str     0x000115bb        0xb /opt/riscv/lib/gcc/riscv64-unknown-elf/12.2.0/rv32imafc/ilp32f/libgcc.a(unorddf2.o)
                                0x1c6 (size before relaxing)
 .debug_str     0x000115c6       0x1d /opt/riscv/lib/gcc/riscv64-unknown-elf/12.2.0/rv32imafc/ilp32f/libgcc.a(fixdfsi.o)
                                0x1be (size before relaxing)
 .debug_str     0x000115e3       0x39 /opt/riscv/lib/gcc/riscv64-unknown-elf/12.2.0/rv32imafc/ilp32f/libgcc.a(floatsidf.o)
                                0x25b (size before relaxing)
 .debug_str     0x0001161c      0x1a4 /opt/riscv/lib/gcc/riscv64-unknown-elf/12.2.0/rv32imafc/ilp32f/libgcc.a(_clz.o)

.debug_line_str
                0x00000000      0x825
 .debug_line_str
                0x00000000      0x29e ./src_kernel/src/heap_4.o
                                0x330 (size before relaxing)
 .debug_line_str
                0x0000029e       0x19 ./src_kernel/src/list.o
                                0x323 (size before relaxing)
 .debug_line_str
                0x000002b7      0x10b ./src_kernel/src/port.o
                                0x436 (size before relaxing)
 .debug_line_str
                0x000003c2        0xa ./src_kernel/src/portASM.o
                                 0x6f (size before relaxing)
 .debug_line_str
                0x000003cc       0x22 ./src_kernel/src/queue.o
                                0x35b (size before relaxing)
 .debug_line_str
                0x000003ee       0x38 ./src_kernel/src/riscv-virt.o
                                0x3b5 (size before relaxing)
 .debug_line_str
                0x00000426       0x32 ./src_kernel/src/tasks.o
                                0x36b (size before relaxing)
 .debug_line_str
                0x00000458       0x1b ./src_kernel/src/timers.o
                                0x341 (size before relaxing)
 .debug_line_str
                0x00000473       0x2c ./src_app/src/gpio.o
                                0x335 (size before relaxing)
 .debug_line_str
                0x0000049f       0x31 ./src_app/src/interrupt.o
                                0x366 (size before relaxing)
 .debug_line_str
                0x000004d0       0x16 ./src_app/src/main.o
                                0x418 (size before relaxing)
 .debug_line_str
                0x000004e6       0x26 ./src_app/src/main_blinky.o
                                0x44b (size before relaxing)
 .debug_line_str
                0x0000050c       0x18 ./src_app/src/system.o
                                0x33a (size before relaxing)
 .debug_line_str
                0x00000524       0x16 ./src_app/src/uart.o
                                0x357 (size before relaxing)
 .debug_line_str
                0x0000053a       0x20 ./src_app/src/xprintf.o
                                0x2b5 (size before relaxing)
 .debug_line_str
                0x0000055a       0xbf /opt/riscv/lib/gcc/riscv64-unknown-elf/12.2.0/rv32imafc/ilp32f/libgcc.a(_clzsi2.o)
                                0x146 (size before relaxing)
 .debug_line_str
                0x00000619      0x146 /opt/riscv/lib/gcc/riscv64-unknown-elf/12.2.0/rv32imafc/ilp32f/libgcc.a(_udivdi3.o)
 .debug_line_str
                0x00000619      0x146 /opt/riscv/lib/gcc/riscv64-unknown-elf/12.2.0/rv32imafc/ilp32f/libgcc.a(_umoddi3.o)
 .debug_line_str
                0x00000619       0x5a /opt/riscv/lib/gcc/riscv64-unknown-elf/12.2.0/rv32imafc/ilp32f/libgcc.a(adddf3.o)
                                0x152 (size before relaxing)
 .debug_line_str
                0x00000673       0x37 /opt/riscv/lib/gcc/riscv64-unknown-elf/12.2.0/rv32imafc/ilp32f/libgcc.a(divdf3.o)
                                0x15c (size before relaxing)
 .debug_line_str
                0x000006aa       0x3c /opt/riscv/lib/gcc/riscv64-unknown-elf/12.2.0/rv32imafc/ilp32f/libgcc.a(eqdf2.o)
                                0x15f (size before relaxing)
 .debug_line_str
                0x000006e6       0x2c /opt/riscv/lib/gcc/riscv64-unknown-elf/12.2.0/rv32imafc/ilp32f/libgcc.a(gedf2.o)
                                0x15f (size before relaxing)
 .debug_line_str
                0x00000712       0x2c /opt/riscv/lib/gcc/riscv64-unknown-elf/12.2.0/rv32imafc/ilp32f/libgcc.a(ledf2.o)
                                0x15f (size before relaxing)
 .debug_line_str
                0x0000073e       0x2d /opt/riscv/lib/gcc/riscv64-unknown-elf/12.2.0/rv32imafc/ilp32f/libgcc.a(muldf3.o)
                                0x15c (size before relaxing)
 .debug_line_str
                0x0000076b       0x2d /opt/riscv/lib/gcc/riscv64-unknown-elf/12.2.0/rv32imafc/ilp32f/libgcc.a(subdf3.o)
                                0x152 (size before relaxing)
 .debug_line_str
                0x00000798       0x2f /opt/riscv/lib/gcc/riscv64-unknown-elf/12.2.0/rv32imafc/ilp32f/libgcc.a(unorddf2.o)
                                0x168 (size before relaxing)
 .debug_line_str
                0x000007c7       0x2e /opt/riscv/lib/gcc/riscv64-unknown-elf/12.2.0/rv32imafc/ilp32f/libgcc.a(fixdfsi.o)
                                0x15f (size before relaxing)
 .debug_line_str
                0x000007f5       0x30 /opt/riscv/lib/gcc/riscv64-unknown-elf/12.2.0/rv32imafc/ilp32f/libgcc.a(floatsidf.o)
                                0x165 (size before relaxing)
 .debug_line_str
                0x00000825      0x146 /opt/riscv/lib/gcc/riscv64-unknown-elf/12.2.0/rv32imafc/ilp32f/libgcc.a(_clz.o)

.comment        0x00000000       0x2d
 .comment       0x00000000       0x1b ./src_kernel/src/heap_4.o
                                 0x1c (size before relaxing)
 .comment       0x0000001b       0x1c ./src_kernel/src/list.o
 .comment       0x0000001b       0x1c ./src_kernel/src/port.o
 .comment       0x0000001b       0x1c ./src_kernel/src/queue.o
 .comment       0x0000001b       0x1c ./src_kernel/src/riscv-virt.o
 .comment       0x0000001b       0x1c ./src_kernel/src/tasks.o
 .comment       0x0000001b       0x1c ./src_kernel/src/timers.o
 .comment       0x0000001b       0x1c ./src_app/src/gpio.o
 .comment       0x0000001b       0x1c ./src_app/src/interrupt.o
 .comment       0x0000001b       0x1c ./src_app/src/main.o
 .comment       0x0000001b       0x1c ./src_app/src/main_blinky.o
 .comment       0x0000001b       0x1c ./src_app/src/system.o
 .comment       0x0000001b       0x1c ./src_app/src/uart.o
 .comment       0x0000001b       0x1c ./src_app/src/xprintf.o
 .comment       0x0000001b       0x12 /opt/riscv/riscv64-unknown-elf/lib/rv32imafc/ilp32f/libc.a(lib_a-memcpy.o)
                                 0x13 (size before relaxing)
 .comment       0x0000002d       0x13 /opt/riscv/riscv64-unknown-elf/lib/rv32imafc/ilp32f/libc.a(lib_a-strlen.o)
 .comment       0x0000002d       0x1c /opt/riscv/lib/gcc/riscv64-unknown-elf/12.2.0/rv32imafc/ilp32f/libgcc.a(_clzsi2.o)
 .comment       0x0000002d       0x1c /opt/riscv/lib/gcc/riscv64-unknown-elf/12.2.0/rv32imafc/ilp32f/libgcc.a(_udivdi3.o)
 .comment       0x0000002d       0x1c /opt/riscv/lib/gcc/riscv64-unknown-elf/12.2.0/rv32imafc/ilp32f/libgcc.a(_umoddi3.o)
 .comment       0x0000002d       0x1c /opt/riscv/lib/gcc/riscv64-unknown-elf/12.2.0/rv32imafc/ilp32f/libgcc.a(adddf3.o)
 .comment       0x0000002d       0x1c /opt/riscv/lib/gcc/riscv64-unknown-elf/12.2.0/rv32imafc/ilp32f/libgcc.a(divdf3.o)
 .comment       0x0000002d       0x1c /opt/riscv/lib/gcc/riscv64-unknown-elf/12.2.0/rv32imafc/ilp32f/libgcc.a(eqdf2.o)
 .comment       0x0000002d       0x1c /opt/riscv/lib/gcc/riscv64-unknown-elf/12.2.0/rv32imafc/ilp32f/libgcc.a(gedf2.o)
 .comment       0x0000002d       0x1c /opt/riscv/lib/gcc/riscv64-unknown-elf/12.2.0/rv32imafc/ilp32f/libgcc.a(ledf2.o)
 .comment       0x0000002d       0x1c /opt/riscv/lib/gcc/riscv64-unknown-elf/12.2.0/rv32imafc/ilp32f/libgcc.a(muldf3.o)
 .comment       0x0000002d       0x1c /opt/riscv/lib/gcc/riscv64-unknown-elf/12.2.0/rv32imafc/ilp32f/libgcc.a(subdf3.o)
 .comment       0x0000002d       0x1c /opt/riscv/lib/gcc/riscv64-unknown-elf/12.2.0/rv32imafc/ilp32f/libgcc.a(unorddf2.o)
 .comment       0x0000002d       0x1c /opt/riscv/lib/gcc/riscv64-unknown-elf/12.2.0/rv32imafc/ilp32f/libgcc.a(fixdfsi.o)
 .comment       0x0000002d       0x1c /opt/riscv/lib/gcc/riscv64-unknown-elf/12.2.0/rv32imafc/ilp32f/libgcc.a(floatsidf.o)
 .comment       0x0000002d       0x1c /opt/riscv/lib/gcc/riscv64-unknown-elf/12.2.0/rv32imafc/ilp32f/libgcc.a(_clz.o)

.riscv.attributes
                0x00000000       0x46
 .riscv.attributes
                0x00000000       0x42 ./src_kernel/src/heap_4.o
 .riscv.attributes
                0x00000042       0x42 ./src_kernel/src/list.o
 .riscv.attributes
                0x00000084       0x46 ./src_kernel/src/port.o
 .riscv.attributes
                0x000000ca       0x44 ./src_kernel/src/portASM.o
 .riscv.attributes
                0x0000010e       0x42 ./src_kernel/src/queue.o
 .riscv.attributes
                0x00000150       0x46 ./src_kernel/src/riscv-virt.o
 .riscv.attributes
                0x00000196       0x46 ./src_kernel/src/tasks.o
 .riscv.attributes
                0x000001dc       0x42 ./src_kernel/src/timers.o
 .riscv.attributes
                0x0000021e       0x42 ./src_app/src/gpio.o
 .riscv.attributes
                0x00000260       0x46 ./src_app/src/interrupt.o
 .riscv.attributes
                0x000002a6       0x46 ./src_app/src/main.o
 .riscv.attributes
                0x000002ec       0x42 ./src_app/src/main_blinky.o
 .riscv.attributes
                0x0000032e       0x46 ./src_app/src/system.o
 .riscv.attributes
                0x00000374       0x46 ./src_app/src/uart.o
 .riscv.attributes
                0x000003ba       0x42 ./src_app/src/xprintf.o
 .riscv.attributes
                0x000003fc       0x42 /opt/riscv/riscv64-unknown-elf/lib/rv32imafc/ilp32f/libc.a(lib_a-memcpy.o)
 .riscv.attributes
                0x0000043e       0x40 /opt/riscv/riscv64-unknown-elf/lib/rv32imafc/ilp32f/libc.a(lib_a-memset.o)
 .riscv.attributes
                0x0000047e       0x42 /opt/riscv/riscv64-unknown-elf/lib/rv32imafc/ilp32f/libc.a(lib_a-strlen.o)
 .riscv.attributes
                0x000004c0       0x42 /opt/riscv/lib/gcc/riscv64-unknown-elf/12.2.0/rv32imafc/ilp32f/libgcc.a(_clzsi2.o)
 .riscv.attributes
                0x00000502       0x42 /opt/riscv/lib/gcc/riscv64-unknown-elf/12.2.0/rv32imafc/ilp32f/libgcc.a(_udivdi3.o)
 .riscv.attributes
                0x00000544       0x42 /opt/riscv/lib/gcc/riscv64-unknown-elf/12.2.0/rv32imafc/ilp32f/libgcc.a(_umoddi3.o)
 .riscv.attributes
                0x00000586       0x46 /opt/riscv/lib/gcc/riscv64-unknown-elf/12.2.0/rv32imafc/ilp32f/libgcc.a(adddf3.o)
 .riscv.attributes
                0x000005cc       0x46 /opt/riscv/lib/gcc/riscv64-unknown-elf/12.2.0/rv32imafc/ilp32f/libgcc.a(divdf3.o)
 .riscv.attributes
                0x00000612       0x46 /opt/riscv/lib/gcc/riscv64-unknown-elf/12.2.0/rv32imafc/ilp32f/libgcc.a(eqdf2.o)
 .riscv.attributes
                0x00000658       0x46 /opt/riscv/lib/gcc/riscv64-unknown-elf/12.2.0/rv32imafc/ilp32f/libgcc.a(gedf2.o)
 .riscv.attributes
                0x0000069e       0x46 /opt/riscv/lib/gcc/riscv64-unknown-elf/12.2.0/rv32imafc/ilp32f/libgcc.a(ledf2.o)
 .riscv.attributes
                0x000006e4       0x46 /opt/riscv/lib/gcc/riscv64-unknown-elf/12.2.0/rv32imafc/ilp32f/libgcc.a(muldf3.o)
 .riscv.attributes
                0x0000072a       0x46 /opt/riscv/lib/gcc/riscv64-unknown-elf/12.2.0/rv32imafc/ilp32f/libgcc.a(subdf3.o)
 .riscv.attributes
                0x00000770       0x46 /opt/riscv/lib/gcc/riscv64-unknown-elf/12.2.0/rv32imafc/ilp32f/libgcc.a(unorddf2.o)
 .riscv.attributes
                0x000007b6       0x46 /opt/riscv/lib/gcc/riscv64-unknown-elf/12.2.0/rv32imafc/ilp32f/libgcc.a(fixdfsi.o)
 .riscv.attributes
                0x000007fc       0x42 /opt/riscv/lib/gcc/riscv64-unknown-elf/12.2.0/rv32imafc/ilp32f/libgcc.a(floatsidf.o)
 .riscv.attributes
                0x0000083e       0x42 /opt/riscv/lib/gcc/riscv64-unknown-elf/12.2.0/rv32imafc/ilp32f/libgcc.a(_clz.o)

.debug_frame    0x00000000     0x1f40
 .debug_frame   0x00000000      0x13c ./src_kernel/src/heap_4.o
 .debug_frame   0x0000013c       0xc4 ./src_kernel/src/list.o
 .debug_frame   0x00000200       0xb0 ./src_kernel/src/port.o
 .debug_frame   0x000002b0      0x548 ./src_kernel/src/queue.o
 .debug_frame   0x000007f8       0x78 ./src_kernel/src/riscv-virt.o
 .debug_frame   0x00000870      0x8e8 ./src_kernel/src/tasks.o
 .debug_frame   0x00001158      0x3d8 ./src_kernel/src/timers.o
 .debug_frame   0x00001530      0x120 ./src_app/src/gpio.o
 .debug_frame   0x00001650       0xdc ./src_app/src/interrupt.o
 .debug_frame   0x0000172c       0xdc ./src_app/src/main.o
 .debug_frame   0x00001808       0xbc ./src_app/src/main_blinky.o
 .debug_frame   0x000018c4       0x34 ./src_app/src/system.o
 .debug_frame   0x000018f8      0x16c ./src_app/src/uart.o
 .debug_frame   0x00001a64      0x2ac ./src_app/src/xprintf.o
 .debug_frame   0x00001d10       0x20 /opt/riscv/lib/gcc/riscv64-unknown-elf/12.2.0/rv32imafc/ilp32f/libgcc.a(_clzsi2.o)
 .debug_frame   0x00001d30       0x44 /opt/riscv/lib/gcc/riscv64-unknown-elf/12.2.0/rv32imafc/ilp32f/libgcc.a(adddf3.o)
 .debug_frame   0x00001d74       0x58 /opt/riscv/lib/gcc/riscv64-unknown-elf/12.2.0/rv32imafc/ilp32f/libgcc.a(divdf3.o)
 .debug_frame   0x00001dcc       0x20 /opt/riscv/lib/gcc/riscv64-unknown-elf/12.2.0/rv32imafc/ilp32f/libgcc.a(eqdf2.o)
 .debug_frame   0x00001dec       0x20 /opt/riscv/lib/gcc/riscv64-unknown-elf/12.2.0/rv32imafc/ilp32f/libgcc.a(gedf2.o)
 .debug_frame   0x00001e0c       0x20 /opt/riscv/lib/gcc/riscv64-unknown-elf/12.2.0/rv32imafc/ilp32f/libgcc.a(ledf2.o)
 .debug_frame   0x00001e2c       0x58 /opt/riscv/lib/gcc/riscv64-unknown-elf/12.2.0/rv32imafc/ilp32f/libgcc.a(muldf3.o)
 .debug_frame   0x00001e84       0x44 /opt/riscv/lib/gcc/riscv64-unknown-elf/12.2.0/rv32imafc/ilp32f/libgcc.a(subdf3.o)
 .debug_frame   0x00001ec8       0x20 /opt/riscv/lib/gcc/riscv64-unknown-elf/12.2.0/rv32imafc/ilp32f/libgcc.a(unorddf2.o)
 .debug_frame   0x00001ee8       0x20 /opt/riscv/lib/gcc/riscv64-unknown-elf/12.2.0/rv32imafc/ilp32f/libgcc.a(fixdfsi.o)
 .debug_frame   0x00001f08       0x38 /opt/riscv/lib/gcc/riscv64-unknown-elf/12.2.0/rv32imafc/ilp32f/libgcc.a(floatsidf.o)

.debug_loclists
                0x00000000     0x7a13
 .debug_loclists
                0x00000000       0x62 /opt/riscv/lib/gcc/riscv64-unknown-elf/12.2.0/rv32imafc/ilp32f/libgcc.a(_clzsi2.o)
 .debug_loclists
                0x00000062      0xa4c /opt/riscv/lib/gcc/riscv64-unknown-elf/12.2.0/rv32imafc/ilp32f/libgcc.a(_udivdi3.o)
 .debug_loclists
                0x00000aae      0x81d /opt/riscv/lib/gcc/riscv64-unknown-elf/12.2.0/rv32imafc/ilp32f/libgcc.a(_umoddi3.o)
 .debug_loclists
                0x000012cb     0x1cb8 /opt/riscv/lib/gcc/riscv64-unknown-elf/12.2.0/rv32imafc/ilp32f/libgcc.a(adddf3.o)
 .debug_loclists
                0x00002f83     0x1317 /opt/riscv/lib/gcc/riscv64-unknown-elf/12.2.0/rv32imafc/ilp32f/libgcc.a(divdf3.o)
 .debug_loclists
                0x0000429a      0x172 /opt/riscv/lib/gcc/riscv64-unknown-elf/12.2.0/rv32imafc/ilp32f/libgcc.a(eqdf2.o)
 .debug_loclists
                0x0000440c      0x306 /opt/riscv/lib/gcc/riscv64-unknown-elf/12.2.0/rv32imafc/ilp32f/libgcc.a(gedf2.o)
 .debug_loclists
                0x00004712      0x306 /opt/riscv/lib/gcc/riscv64-unknown-elf/12.2.0/rv32imafc/ilp32f/libgcc.a(ledf2.o)
 .debug_loclists
                0x00004a18      0xe83 /opt/riscv/lib/gcc/riscv64-unknown-elf/12.2.0/rv32imafc/ilp32f/libgcc.a(muldf3.o)
 .debug_loclists
                0x0000589b     0x1ca2 /opt/riscv/lib/gcc/riscv64-unknown-elf/12.2.0/rv32imafc/ilp32f/libgcc.a(subdf3.o)
 .debug_loclists
                0x0000753d      0x10f /opt/riscv/lib/gcc/riscv64-unknown-elf/12.2.0/rv32imafc/ilp32f/libgcc.a(unorddf2.o)
 .debug_loclists
                0x0000764c      0x293 /opt/riscv/lib/gcc/riscv64-unknown-elf/12.2.0/rv32imafc/ilp32f/libgcc.a(fixdfsi.o)
 .debug_loclists
                0x000078df      0x134 /opt/riscv/lib/gcc/riscv64-unknown-elf/12.2.0/rv32imafc/ilp32f/libgcc.a(floatsidf.o)
